10-19 13:32:34.420 D/StatusBar.NetworkController( 3756): UPDATE_STRENGTH -mPreSvcSate: 2, mCurSvcSate: 2
10-19 13:32:34.420 D/StatusBar.NetworkController( 3756): mKeepFakeState =false
10-19 13:32:34.420 D/StatusBar.NetworkController( 3756): UPDATE_STRENGTH - 4, 4
10-19 13:32:34.420 D/StatusBar.NetworkController( 3756): UPDATE_STRENGTH(IN_SVC) -no diff 4, 4
10-19 13:32:34.735 D/libgps  ( 3583): OnGpsExtensionMessage: message_id(1), data(0x9ca0c838), size(2432)
10-19 13:32:34.735 D/libgps  ( 3583): proxy__gps_sv_status_cb : called
10-19 13:32:35.735 D/libgps  ( 3583): OnGpsExtensionMessage: message_id(1), data(0x9ca0c838), size(2432)
10-19 13:32:35.735 D/libgps  ( 3583): proxy__gps_sv_status_cb : called
10-19 13:32:36.735 D/libgps  ( 3583): OnGpsExtensionMessage: message_id(1), data(0x9ca0c838), size(2432)
10-19 13:32:36.735 D/libgps  ( 3583): proxy__gps_sv_status_cb : called
10-19 13:32:37.740 D/libgps  ( 3583): OnGpsExtensionMessage: message_id(1), data(0x9ca0c838), size(2432)
10-19 13:32:37.740 D/libgps  ( 3583): proxy__gps_sv_status_cb : called
10-19 13:32:38.745 D/libgps  ( 3583): OnGpsExtensionMessage: message_id(1), data(0x9ca0c838), size(2432)
10-19 13:32:38.745 D/libgps  ( 3583): proxy__gps_sv_status_cb : called
10-19 13:32:39.375 D/KeyguardUpdateMonitor( 3756): received broadcast android.intent.action.BATTERY_CHANGED
10-19 13:32:39.375 D/KeyguardUpdateMonitor( 3756): handleBatteryUpdate
10-19 13:32:39.375 D/KeyguardFestivalEffect( 3756): onReceive: android.intent.action.BATTERY_CHANGED
10-19 13:32:39.385 I/BusinessExecutor( 4098): registered Task#33864 : PowerInfoEventSource$1
10-19 13:32:39.385 I/BusinessExecutor( 4098): Task#33864 : #run() called
10-19 13:32:39.385 I/BusinessExecutor( 4098): Task#33864 : #run() ended
10-19 13:32:39.390 D/ClientService( 4999): Battery State Change,  status: 2
10-19 13:32:39.390 D/ClientService( 4999): Battery State Change,  Plugged: 2
10-19 13:32:39.390 D/ClientService( 4999): Battery State Change,  level: 42
10-19 13:32:39.390 D/ClientService( 4999): Battery State Change,  scale: 100
10-19 13:32:39.745 D/libgps  ( 3583): OnGpsExtensionMessage: message_id(1), data(0x9ca0c838), size(2432)
10-19 13:32:39.745 D/libgps  ( 3583): proxy__gps_sv_status_cb : called
10-19 13:32:40.750 D/libgps  ( 3583): OnGpsExtensionMessage: message_id(1), data(0x9ca0c838), size(2432)
10-19 13:32:40.750 D/libgps  ( 3583): proxy__gps_sv_status_cb : called
10-19 13:32:41.750 D/libgps  ( 3583): OnGpsExtensionMessage: message_id(1), data(0x9ca0c838), size(2432)
10-19 13:32:41.750 D/libgps  ( 3583): proxy__gps_sv_status_cb : called
10-19 13:32:42.745 D/libgps  ( 3583): OnGpsExtensionMessage: message_id(1), data(0x9ca0c838), size(2432)
10-19 13:32:42.745 D/libgps  ( 3583): proxy__gps_sv_status_cb : called
10-19 13:32:43.745 D/libgps  ( 3583): OnGpsExtensionMessage: message_id(1), data(0x9ca0c838), size(2432)
10-19 13:32:43.745 D/libgps  ( 3583): proxy__gps_sv_status_cb : called
10-19 13:32:44.755 D/libgps  ( 3583): OnGpsExtensionMessage: message_id(1), data(0x9ca0c838), size(2432)
10-19 13:32:44.755 D/libgps  ( 3583): proxy__gps_sv_status_cb : called
10-19 13:32:45.755 D/libgps  ( 3583): OnGpsExtensionMessage: message_id(1), data(0x9ca0c838), size(2432)
10-19 13:32:45.755 D/libgps  ( 3583): proxy__gps_sv_status_cb : called
10-19 13:32:46.745 D/libgps  ( 3583): OnGpsExtensionMessage: message_id(1), data(0x9ca0c838), size(2432)
10-19 13:32:46.745 D/libgps  ( 3583): proxy__gps_sv_status_cb : called
10-19 13:32:47.750 D/libgps  ( 3583): OnGpsExtensionMessage: message_id(1), data(0x9ca0c838), size(2432)
10-19 13:32:47.750 D/libgps  ( 3583): proxy__gps_sv_status_cb : called
10-19 13:32:48.740 D/libgps  ( 3583): OnGpsExtensionMessage: message_id(1), data(0x9ca0c838), size(2432)
10-19 13:32:48.740 D/libgps  ( 3583): proxy__gps_sv_status_cb : called
10-19 13:32:49.485 D/KeyguardUpdateMonitor( 3756): received broadcast android.intent.action.BATTERY_CHANGED
10-19 13:32:49.485 D/KeyguardUpdateMonitor( 3756): handleBatteryUpdate
10-19 13:32:49.485 D/KeyguardFestivalEffect( 3756): onReceive: android.intent.action.BATTERY_CHANGED
10-19 13:32:49.495 I/BusinessExecutor( 4098): registered Task#33865 : PowerInfoEventSource$1
10-19 13:32:49.495 I/BusinessExecutor( 4098): Task#33865 : #run() called
10-19 13:32:49.495 I/BusinessExecutor( 4098): Task#33865 : #run() ended
10-19 13:32:49.500 D/ClientService( 4999): Battery State Change,  status: 2
10-19 13:32:49.500 D/ClientService( 4999): Battery State Change,  Plugged: 2
10-19 13:32:49.500 D/ClientService( 4999): Battery State Change,  level: 42
10-19 13:32:49.500 D/ClientService( 4999): Battery State Change,  scale: 100
10-19 13:32:49.740 D/libgps  ( 3583): OnGpsExtensionMessage: message_id(1), data(0x9ca0c838), size(2432)
10-19 13:32:49.740 D/libgps  ( 3583): proxy__gps_sv_status_cb : called
10-19 13:32:50.745 D/libgps  ( 3583): OnGpsExtensionMessage: message_id(1), data(0x9ca0c838), size(2432)
10-19 13:32:50.745 D/libgps  ( 3583): proxy__gps_sv_status_cb : called
10-19 13:32:51.740 D/libgps  ( 3583): OnGpsExtensionMessage: message_id(1), data(0x9ca0c838), size(2432)
10-19 13:32:51.740 D/libgps  ( 3583): proxy__gps_sv_status_cb : called
10-19 13:32:52.745 D/libgps  ( 3583): OnGpsExtensionMessage: message_id(1), data(0x9ca0c838), size(2432)
10-19 13:32:52.745 D/libgps  ( 3583): proxy__gps_sv_status_cb : called
10-19 13:32:53.745 D/libgps  ( 3583): OnGpsExtensionMessage: message_id(1), data(0x9ca0c838), size(2432)
10-19 13:32:53.745 D/libgps  ( 3583): proxy__gps_sv_status_cb : called
10-19 13:32:54.745 D/libgps  ( 3583): OnGpsExtensionMessage: message_id(1), data(0x9ca0c838), size(2432)
10-19 13:32:54.745 D/libgps  ( 3583): proxy__gps_sv_status_cb : called
10-19 13:32:55.745 D/libgps  ( 3583): OnGpsExtensionMessage: message_id(1), data(0x9ca0c838), size(2432)
10-19 13:32:55.745 D/libgps  ( 3583): proxy__gps_sv_status_cb : called
10-19 13:32:56.740 D/libgps  ( 3583): OnGpsExtensionMessage: message_id(1), data(0x9ca0c838), size(2432)
10-19 13:32:56.740 D/libgps  ( 3583): proxy__gps_sv_status_cb : called
10-19 13:32:57.745 D/libgps  ( 3583): OnGpsExtensionMessage: message_id(1), data(0x9ca0c838), size(2432)
10-19 13:32:57.745 D/libgps  ( 3583): proxy__gps_sv_status_cb : called
10-19 13:32:58.745 D/libgps  ( 3583): OnGpsExtensionMessage: message_id(1), data(0x9ca0c838), size(2432)
10-19 13:32:58.745 D/libgps  ( 3583): proxy__gps_sv_status_cb : called
10-19 13:32:59.575 D/KeyguardUpdateMonitor( 3756): received broadcast android.intent.action.BATTERY_CHANGED
10-19 13:32:59.575 D/KeyguardUpdateMonitor( 3756): handleBatteryUpdate
10-19 13:32:59.575 D/KeyguardFestivalEffect( 3756): onReceive: android.intent.action.BATTERY_CHANGED
10-19 13:32:59.585 I/BusinessExecutor( 4098): registered Task#33866 : PowerInfoEventSource$1
10-19 13:32:59.585 I/BusinessExecutor( 4098): Task#33866 : #run() called
10-19 13:32:59.585 I/BusinessExecutor( 4098): Task#33866 : #run() ended
10-19 13:32:59.590 D/ClientService( 4999): Battery State Change,  status: 2
10-19 13:32:59.590 D/ClientService( 4999): Battery State Change,  Plugged: 2
10-19 13:32:59.590 D/ClientService( 4999): Battery State Change,  level: 42
10-19 13:32:59.590 D/ClientService( 4999): Battery State Change,  scale: 100
10-19 13:32:59.755 D/libgps  ( 3583): OnGpsExtensionMessage: message_id(1), data(0x9ca0c838), size(2432)
10-19 13:32:59.760 D/libgps  ( 3583): proxy__gps_sv_status_cb : called
10-19 13:33:00.010 D/StatusBar.NetworkController( 3756): onSignalStrengthsChanged signalStrength=SignalStrength: 99 99 -120 -160 -120 -1 -1 63 -64 -6 220 15 2147483647 0x4 gsm|lte level=4
10-19 13:33:00.010 D/StatusBar.NetworkController( 3756): updateTelephonySignalStrength: hasService=true ss=SignalStrength: 99 99 -120 -160 -120 -1 -1 63 -64 -6 220 15 2147483647 0x4 gsm|lte
10-19 13:33:00.010 D/StatusBar.NetworkController( 3756): updateTelephonySignalStrength -mTransitionState : false
10-19 13:33:00.010 D/StatusBar.NetworkController( 3756): refreshViews connected={ data } level=4 combinedSignalIconId=0x7f0205fe/com.android.systemui:drawable/stat_sys_signal_4_auto_rotate mobileLabel=SKTelecom wifiLabel= emergencyOnly=false combinedLabel=SKTelecom mAirplaneMode=false mDataActivity=0 mPhoneSignalIconId=0x7f0205fe/com.android.systemui:drawable/stat_sys_signal_4_auto_rotate mQSPhoneSignalIconId=0x7f0201ac/com.android.systemui:drawable/ic_qs_signal_no_signal mDataDirectionIconId=0x7f020484/com.android.systemui:drawable/stat_sys_data_fully_connected_lte mDataSignalIconId=0x7f0205fe/com.android.systemui:drawable/stat_sys_signal_4_auto_rotate mDataTypeIconId=0x7f02046a/com.android.systemui:drawable/stat_sys_data_connected_lte mQSDataTypeIconId=0x7f0201ab/com.android.systemui:drawable/ic_qs_signal_lte mNoSimIconId=0x0/(null) mWifiIconId=0x0/(null) mQSWifiIconId=0x0/(null) mWifiActivityIconId=0x0/(null) mBluetoothTetherIconId=0x10808ee/android:drawable/stat_sys_tether_bluetooth
10-19 13:33:00.010 D/STATUSBAR-WifiQuickSettingButton( 3756): onWifiSignalChanged enabled=false enabledDesc:null
10-19 13:33:00.015 D/StatusBar.NetworkController( 3756): UPDATE_STRENGTH -mPreSvcSate: 2, mCurSvcSate: 2
10-19 13:33:00.015 D/StatusBar.NetworkController( 3756): mKeepFakeState =false
10-19 13:33:00.015 D/StatusBar.NetworkController( 3756): UPDATE_STRENGTH - 4, 4
10-19 13:33:00.015 D/StatusBar.NetworkController( 3756): UPDATE_STRENGTH(IN_SVC) -no diff 4, 4
10-19 13:33:00.015 D/KeyguardUpdateMonitor( 3756): received broadcast android.intent.action.TIME_TICK
10-19 13:33:00.015 D/KeyguardUpdateMonitor( 3756): handleTimeUpdate
10-19 13:33:00.070 D/DateView( 3756): regionalDateFormat = 3333. 11. 22. isRTLlanguage = false returnDateFormat = MMMM d일 E요일
10-19 13:33:00.070 D/DateView( 3756): regionalDateFormat = 3333. 11. 22. isRTLlanguage = false returnDateFormat = MMMM d일 E요일
10-19 13:33:00.075 D/KeyguardEffectViewController( 3756): onReceive action : android.intent.action.TIME_TICK
10-19 13:33:00.075 I/KeyguardEffectViewController( 3756): *** don't update sliding image ***
10-19 13:33:00.745 D/libgps  ( 3583): OnGpsExtensionMessage: message_id(1), data(0x9ca0c838), size(2432)
10-19 13:33:00.745 D/libgps  ( 3583): proxy__gps_sv_status_cb : called
10-19 13:33:01.745 D/libgps  ( 3583): OnGpsExtensionMessage: message_id(1), data(0x9ca0c838), size(2432)
10-19 13:33:01.745 D/libgps  ( 3583): proxy__gps_sv_status_cb : called
10-19 13:33:02.745 D/libgps  ( 3583): OnGpsExtensionMessage: message_id(1), data(0x9ca0c838), size(2432)
10-19 13:33:02.745 D/libgps  ( 3583): proxy__gps_sv_status_cb : called
10-19 13:33:03.745 D/libgps  ( 3583): OnGpsExtensionMessage: message_id(1), data(0x9ca0c838), size(2432)
10-19 13:33:03.745 D/libgps  ( 3583): proxy__gps_sv_status_cb : called
10-19 13:33:04.750 D/libgps  ( 3583): OnGpsExtensionMessage: message_id(1), data(0x9ca0c838), size(2432)
10-19 13:33:04.750 D/libgps  ( 3583): proxy__gps_sv_status_cb : called
10-19 13:33:05.745 D/libgps  ( 3583): OnGpsExtensionMessage: message_id(1), data(0x9ca0c838), size(2432)
10-19 13:33:05.750 D/libgps  ( 3583): proxy__gps_sv_status_cb : called
10-19 13:33:06.755 D/libgps  ( 3583): OnGpsExtensionMessage: message_id(1), data(0x9ca0c838), size(2432)
10-19 13:33:06.755 D/libgps  ( 3583): proxy__gps_sv_status_cb : called
10-19 13:33:07.745 D/libgps  ( 3583): OnGpsExtensionMessage: message_id(1), data(0x9ca0c838), size(2432)
10-19 13:33:07.745 D/libgps  ( 3583): proxy__gps_sv_status_cb : called
10-19 13:33:08.750 D/libgps  ( 3583): OnGpsExtensionMessage: message_id(1), data(0x9ca0c838), size(2432)
10-19 13:33:08.750 D/libgps  ( 3583): proxy__gps_sv_status_cb : called
10-19 13:33:09.685 D/KeyguardUpdateMonitor( 3756): received broadcast android.intent.action.BATTERY_CHANGED
10-19 13:33:09.690 D/KeyguardUpdateMonitor( 3756): handleBatteryUpdate
10-19 13:33:09.690 D/KeyguardFestivalEffect( 3756): onReceive: android.intent.action.BATTERY_CHANGED
10-19 13:33:09.710 I/BusinessExecutor( 4098): registered Task#33867 : PowerInfoEventSource$1
10-19 13:33:09.710 I/BusinessExecutor( 4098): Task#33867 : #run() called
10-19 13:33:09.710 I/BusinessExecutor( 4098): Task#33867 : #run() ended
10-19 13:33:09.725 D/ClientService( 4999): Battery State Change,  status: 2
10-19 13:33:09.725 D/ClientService( 4999): Battery State Change,  Plugged: 2
10-19 13:33:09.725 D/ClientService( 4999): Battery State Change,  level: 42
10-19 13:33:09.725 D/ClientService( 4999): Battery State Change,  scale: 100
10-19 13:33:09.745 D/libgps  ( 3583): OnGpsExtensionMessage: message_id(1), data(0x9ca0c838), size(2432)
10-19 13:33:09.745 D/libgps  ( 3583): proxy__gps_sv_status_cb : called
10-19 13:33:10.745 D/libgps  ( 3583): OnGpsExtensionMessage: message_id(1), data(0x9ca0c838), size(2432)
10-19 13:33:10.745 D/libgps  ( 3583): proxy__gps_sv_status_cb : called
10-19 13:33:11.745 D/libgps  ( 3583): OnGpsExtensionMessage: message_id(1), data(0x9ca0c838), size(2432)
10-19 13:33:11.745 D/libgps  ( 3583): proxy__gps_sv_status_cb : called
10-19 13:33:12.745 D/libgps  ( 3583): OnGpsExtensionMessage: message_id(1), data(0x9ca0c838), size(2432)
10-19 13:33:12.745 D/libgps  ( 3583): proxy__gps_sv_status_cb : called
10-19 13:33:13.735 D/libgps  ( 3583): OnGpsExtensionMessage: message_id(1), data(0x9ca0c838), size(2432)
10-19 13:33:13.735 D/libgps  ( 3583): proxy__gps_sv_status_cb : called
10-19 13:33:14.745 D/libgps  ( 3583): OnGpsExtensionMessage: message_id(1), data(0x9ca0c838), size(2432)
10-19 13:33:14.745 D/libgps  ( 3583): proxy__gps_sv_status_cb : called
10-19 13:33:15.745 D/libgps  ( 3583): OnGpsExtensionMessage: message_id(1), data(0x9ca0c838), size(2432)
10-19 13:33:15.745 D/libgps  ( 3583): proxy__gps_sv_status_cb : called
10-19 13:33:16.605 I/TLC_TIMA_PKM_measure_kernel( 3583): TIMA: response_id = 3
10-19 13:33:16.605 I/TLC_TIMA_PKM_measure_kernel( 3583): TIMA: response ret = 0, result_ondemand = MSG=Kernel Verification Success;
10-19 13:33:16.740 D/libgps  ( 3583): OnGpsExtensionMessage: message_id(1), data(0x9ca0c838), size(2432)
10-19 13:33:16.740 D/libgps  ( 3583): proxy__gps_sv_status_cb : called
10-19 13:33:17.750 D/libgps  ( 3583): OnGpsExtensionMessage: message_id(1), data(0x9ca0c838), size(2432)
10-19 13:33:17.750 D/libgps  ( 3583): proxy__gps_sv_status_cb : called
10-19 13:33:18.750 D/libgps  ( 3583): OnGpsExtensionMessage: message_id(1), data(0x9ca0c838), size(2432)
10-19 13:33:18.750 D/libgps  ( 3583): proxy__gps_sv_status_cb : called
10-19 13:33:19.740 D/libgps  ( 3583): OnGpsExtensionMessage: message_id(1), data(0x9ca0c838), size(2432)
10-19 13:33:19.740 D/libgps  ( 3583): proxy__gps_sv_status_cb : called
10-19 13:33:19.770 D/KeyguardUpdateMonitor( 3756): received broadcast android.intent.action.BATTERY_CHANGED
10-19 13:33:19.770 D/KeyguardUpdateMonitor( 3756): handleBatteryUpdate
10-19 13:33:19.770 D/KeyguardFestivalEffect( 3756): onReceive: android.intent.action.BATTERY_CHANGED
10-19 13:33:19.780 I/BusinessExecutor( 4098): registered Task#33868 : PowerInfoEventSource$1
10-19 13:33:19.780 I/BusinessExecutor( 4098): Task#33868 : #run() called
10-19 13:33:19.780 I/BusinessExecutor( 4098): Task#33868 : #run() ended
10-19 13:33:19.780 D/ClientService( 4999): Battery State Change,  status: 2
10-19 13:33:19.780 D/ClientService( 4999): Battery State Change,  Plugged: 2
10-19 13:33:19.780 D/ClientService( 4999): Battery State Change,  level: 42
10-19 13:33:19.780 D/ClientService( 4999): Battery State Change,  scale: 100
10-19 13:33:20.745 D/libgps  ( 3583): OnGpsExtensionMessage: message_id(1), data(0x9ca0c838), size(2432)
10-19 13:33:20.750 D/libgps  ( 3583): proxy__gps_sv_status_cb : called
10-19 13:33:21.745 D/libgps  ( 3583): OnGpsExtensionMessage: message_id(1), data(0x9ca0c838), size(2432)
10-19 13:33:21.745 D/libgps  ( 3583): proxy__gps_sv_status_cb : called
10-19 13:33:22.750 D/libgps  ( 3583): OnGpsExtensionMessage: message_id(1), data(0x9ca0c838), size(2432)
10-19 13:33:22.750 D/libgps  ( 3583): proxy__gps_sv_status_cb : called
10-19 13:33:23.740 D/libgps  ( 3583): OnGpsExtensionMessage: message_id(1), data(0x9ca0c838), size(2432)
10-19 13:33:23.740 D/libgps  ( 3583): proxy__gps_sv_status_cb : called
10-19 13:33:24.745 D/libgps  ( 3583): OnGpsExtensionMessage: message_id(1), data(0x9ca0c838), size(2432)
10-19 13:33:24.745 D/libgps  ( 3583): proxy__gps_sv_status_cb : called
10-19 13:33:25.610 D/StatusBar.NetworkController( 3756): onSignalStrengthsChanged signalStrength=SignalStrength: 99 99 -120 -160 -120 -1 -1 63 -67 -6 230 0 2147483647 0x4 gsm|lte level=4
10-19 13:33:25.610 D/StatusBar.NetworkController( 3756): updateTelephonySignalStrength: hasService=true ss=SignalStrength: 99 99 -120 -160 -120 -1 -1 63 -67 -6 230 0 2147483647 0x4 gsm|lte
10-19 13:33:25.610 D/StatusBar.NetworkController( 3756): updateTelephonySignalStrength -mTransitionState : false
10-19 13:33:25.615 D/StatusBar.NetworkController( 3756): refreshViews connected={ data } level=4 combinedSignalIconId=0x7f0205fe/com.android.systemui:drawable/stat_sys_signal_4_auto_rotate mobileLabel=SKTelecom wifiLabel= emergencyOnly=false combinedLabel=SKTelecom mAirplaneMode=false mDataActivity=0 mPhoneSignalIconId=0x7f0205fe/com.android.systemui:drawable/stat_sys_signal_4_auto_rotate mQSPhoneSignalIconId=0x7f0201ac/com.android.systemui:drawable/ic_qs_signal_no_signal mDataDirectionIconId=0x7f020484/com.android.systemui:drawable/stat_sys_data_fully_connected_lte mDataSignalIconId=0x7f0205fe/com.android.systemui:drawable/stat_sys_signal_4_auto_rotate mDataTypeIconId=0x7f02046a/com.android.systemui:drawable/stat_sys_data_connected_lte mQSDataTypeIconId=0x7f0201ab/com.android.systemui:drawable/ic_qs_signal_lte mNoSimIconId=0x0/(null) mWifiIconId=0x0/(null) mQSWifiIconId=0x0/(null) mWifiActivityIconId=0x0/(null) mBluetoothTetherIconId=0x10808ee/android:drawable/stat_sys_tether_bluetooth
10-19 13:33:25.615 D/STATUSBAR-WifiQuickSettingButton( 3756): onWifiSignalChanged enabled=false enabledDesc:null
10-19 13:33:25.620 D/StatusBar.NetworkController( 3756): UPDATE_STRENGTH -mPreSvcSate: 2, mCurSvcSate: 2
10-19 13:33:25.620 D/StatusBar.NetworkController( 3756): mKeepFakeState =false
10-19 13:33:25.620 D/StatusBar.NetworkController( 3756): UPDATE_STRENGTH - 4, 4
10-19 13:33:25.620 D/StatusBar.NetworkController( 3756): UPDATE_STRENGTH(IN_SVC) -no diff 4, 4
10-19 13:33:25.745 D/libgps  ( 3583): OnGpsExtensionMessage: message_id(1), data(0x9ca0c838), size(2432)
10-19 13:33:25.745 D/libgps  ( 3583): proxy__gps_sv_status_cb : called
10-19 13:33:26.750 D/libgps  ( 3583): OnGpsExtensionMessage: message_id(1), data(0x9ca0c838), size(2432)
10-19 13:33:26.750 D/libgps  ( 3583): proxy__gps_sv_status_cb : called
10-19 13:33:26.875 I/System.out( 4036): Broadcasting: Intent { act=android.intent.action.CELL_INFO_RES (has extras) }
10-19 13:33:27.750 D/libgps  ( 3583): OnGpsExtensionMessage: message_id(1), data(0x9ca0c838), size(2432)
10-19 13:33:27.750 D/libgps  ( 3583): proxy__gps_sv_status_cb : called
10-19 13:33:28.745 D/libgps  ( 3583): OnGpsExtensionMessage: message_id(1), data(0x9ca0c838), size(2432)
10-19 13:33:28.745 D/libgps  ( 3583): proxy__gps_sv_status_cb : called
10-19 13:33:29.750 D/libgps  ( 3583): OnGpsExtensionMessage: message_id(1), data(0x9ca0c838), size(2432)
10-19 13:33:29.750 D/libgps  ( 3583): proxy__gps_sv_status_cb : called
10-19 13:33:29.850 D/KeyguardUpdateMonitor( 3756): received broadcast android.intent.action.BATTERY_CHANGED
10-19 13:33:29.850 D/KeyguardUpdateMonitor( 3756): handleBatteryUpdate
10-19 13:33:29.855 D/KeyguardFestivalEffect( 3756): onReceive: android.intent.action.BATTERY_CHANGED
10-19 13:33:29.860 I/BusinessExecutor( 4098): registered Task#33869 : PowerInfoEventSource$1
10-19 13:33:29.860 I/BusinessExecutor( 4098): Task#33869 : #run() called
10-19 13:33:29.860 I/BusinessExecutor( 4098): Task#33869 : #run() ended
10-19 13:33:29.865 D/ClientService( 4999): Battery State Change,  status: 2
10-19 13:33:29.865 D/ClientService( 4999): Battery State Change,  Plugged: 2
10-19 13:33:29.865 D/ClientService( 4999): Battery State Change,  level: 42
10-19 13:33:29.865 D/ClientService( 4999): Battery State Change,  scale: 100
10-19 13:33:30.755 D/libgps  ( 3583): OnGpsExtensionMessage: message_id(1), data(0x9ca0c838), size(2432)
10-19 13:33:30.755 D/libgps  ( 3583): proxy__gps_sv_status_cb : called
10-19 13:33:31.755 D/libgps  ( 3583): OnGpsExtensionMessage: message_id(1), data(0x9ca0c838), size(2432)
10-19 13:33:31.755 D/libgps  ( 3583): proxy__gps_sv_status_cb : called
10-19 13:33:32.745 D/libgps  ( 3583): OnGpsExtensionMessage: message_id(1), data(0x9ca0c838), size(2432)
10-19 13:33:32.745 D/libgps  ( 3583): proxy__gps_sv_status_cb : called
10-19 13:33:33.745 D/libgps  ( 3583): OnGpsExtensionMessage: message_id(1), data(0x9ca0c838), size(2432)
10-19 13:33:33.745 D/libgps  ( 3583): proxy__gps_sv_status_cb : called
10-19 13:33:34.750 D/libgps  ( 3583): OnGpsExtensionMessage: message_id(1), data(0x9ca0c838), size(2432)
10-19 13:33:34.750 D/libgps  ( 3583): proxy__gps_sv_status_cb : called
10-19 13:33:35.745 D/libgps  ( 3583): OnGpsExtensionMessage: message_id(1), data(0x9ca0c838), size(2432)
10-19 13:33:35.745 D/libgps  ( 3583): proxy__gps_sv_status_cb : called
10-19 13:33:36.750 D/libgps  ( 3583): OnGpsExtensionMessage: message_id(1), data(0x9ca0c838), size(2432)
10-19 13:33:36.750 D/libgps  ( 3583): proxy__gps_sv_status_cb : called
10-19 13:33:37.740 D/libgps  ( 3583): OnGpsExtensionMessage: message_id(1), data(0x9ca0c838), size(2432)
10-19 13:33:37.740 D/libgps  ( 3583): proxy__gps_sv_status_cb : called
10-19 13:33:38.745 D/libgps  ( 3583): OnGpsExtensionMessage: message_id(1), data(0x9ca0c838), size(2432)
10-19 13:33:38.750 D/libgps  ( 3583): proxy__gps_sv_status_cb : called
10-19 13:33:39.745 D/libgps  ( 3583): OnGpsExtensionMessage: message_id(1), data(0x9ca0c838), size(2432)
10-19 13:33:39.750 D/libgps  ( 3583): proxy__gps_sv_status_cb : called
10-19 13:33:39.955 D/KeyguardUpdateMonitor( 3756): received broadcast android.intent.action.BATTERY_CHANGED
10-19 13:33:39.960 D/KeyguardUpdateMonitor( 3756): handleBatteryUpdate
10-19 13:33:39.960 D/KeyguardFestivalEffect( 3756): onReceive: android.intent.action.BATTERY_CHANGED
10-19 13:33:39.970 I/BusinessExecutor( 4098): registered Task#33870 : PowerInfoEventSource$1
10-19 13:33:39.970 I/BusinessExecutor( 4098): Task#33870 : #run() called
10-19 13:33:39.970 I/BusinessExecutor( 4098): Task#33870 : #run() ended
10-19 13:33:39.975 D/ClientService( 4999): Battery State Change,  status: 2
10-19 13:33:39.975 D/ClientService( 4999): Battery State Change,  Plugged: 2
10-19 13:33:39.975 D/ClientService( 4999): Battery State Change,  level: 42
10-19 13:33:39.975 D/ClientService( 4999): Battery State Change,  scale: 100
10-19 13:33:40.745 D/libgps  ( 3583): OnGpsExtensionMessage: message_id(1), data(0x9ca0c838), size(2432)
10-19 13:33:40.745 D/libgps  ( 3583): proxy__gps_sv_status_cb : called
10-19 13:33:41.745 D/libgps  ( 3583): OnGpsExtensionMessage: message_id(1), data(0x9ca0c838), size(2432)
10-19 13:33:41.745 D/libgps  ( 3583): proxy__gps_sv_status_cb : called
10-19 13:33:42.745 D/libgps  ( 3583): OnGpsExtensionMessage: message_id(1), data(0x9ca0c838), size(2432)
10-19 13:33:42.745 D/libgps  ( 3583): proxy__gps_sv_status_cb : called
10-19 13:33:43.745 D/libgps  ( 3583): OnGpsExtensionMessage: message_id(1), data(0x9ca0c838), size(2432)
10-19 13:33:43.745 D/libgps  ( 3583): proxy__gps_sv_status_cb : called
10-19 13:33:44.745 D/libgps  ( 3583): OnGpsExtensionMessage: message_id(1), data(0x9ca0c838), size(2432)
10-19 13:33:44.745 D/libgps  ( 3583): proxy__gps_sv_status_cb : called
10-19 13:33:45.750 D/libgps  ( 3583): OnGpsExtensionMessage: message_id(1), data(0x9ca0c838), size(2432)
10-19 13:33:45.750 D/libgps  ( 3583): proxy__gps_sv_status_cb : called
10-19 13:33:46.745 D/libgps  ( 3583): OnGpsExtensionMessage: message_id(1), data(0x9ca0c838), size(2432)
10-19 13:33:46.745 D/libgps  ( 3583): proxy__gps_sv_status_cb : called
10-19 13:33:47.750 D/libgps  ( 3583): OnGpsExtensionMessage: message_id(1), data(0x9ca0c838), size(2432)
10-19 13:33:47.750 D/libgps  ( 3583): proxy__gps_sv_status_cb : called
10-19 13:33:48.745 D/libgps  ( 3583): OnGpsExtensionMessage: message_id(1), data(0x9ca0c838), size(2432)
10-19 13:33:48.745 D/libgps  ( 3583): proxy__gps_sv_status_cb : called
10-19 13:33:49.750 D/libgps  ( 3583): OnGpsExtensionMessage: message_id(1), data(0x9ca0c838), size(2432)
10-19 13:33:49.755 D/libgps  ( 3583): proxy__gps_sv_status_cb : called
10-19 13:33:50.050 D/KeyguardUpdateMonitor( 3756): received broadcast android.intent.action.BATTERY_CHANGED
10-19 13:33:50.050 D/KeyguardUpdateMonitor( 3756): handleBatteryUpdate
10-19 13:33:50.050 D/KeyguardFestivalEffect( 3756): onReceive: android.intent.action.BATTERY_CHANGED
10-19 13:33:50.060 I/BusinessExecutor( 4098): registered Task#33871 : PowerInfoEventSource$1
10-19 13:33:50.060 I/BusinessExecutor( 4098): Task#33871 : #run() called
10-19 13:33:50.060 I/BusinessExecutor( 4098): Task#33871 : #run() ended
10-19 13:33:50.065 D/ClientService( 4999): Battery State Change,  status: 2
10-19 13:33:50.065 D/ClientService( 4999): Battery State Change,  Plugged: 2
10-19 13:33:50.065 D/ClientService( 4999): Battery State Change,  level: 42
10-19 13:33:50.065 D/ClientService( 4999): Battery State Change,  scale: 100
10-19 13:33:50.755 D/libgps  ( 3583): OnGpsExtensionMessage: message_id(1), data(0x9ca0c838), size(2432)
10-19 13:33:50.755 D/libgps  ( 3583): proxy__gps_sv_status_cb : called
10-19 13:33:51.210 D/StatusBar.NetworkController( 3756): onSignalStrengthsChanged signalStrength=SignalStrength: 99 99 -120 -160 -120 -1 -1 63 -63 -5 190 0 2147483647 0x4 gsm|lte level=4
10-19 13:33:51.210 D/StatusBar.NetworkController( 3756): updateTelephonySignalStrength: hasService=true ss=SignalStrength: 99 99 -120 -160 -120 -1 -1 63 -63 -5 190 0 2147483647 0x4 gsm|lte
10-19 13:33:51.210 D/StatusBar.NetworkController( 3756): updateTelephonySignalStrength -mTransitionState : false
10-19 13:33:51.210 D/StatusBar.NetworkController( 3756): refreshViews connected={ data } level=4 combinedSignalIconId=0x7f0205fe/com.android.systemui:drawable/stat_sys_signal_4_auto_rotate mobileLabel=SKTelecom wifiLabel= emergencyOnly=false combinedLabel=SKTelecom mAirplaneMode=false mDataActivity=0 mPhoneSignalIconId=0x7f0205fe/com.android.systemui:drawable/stat_sys_signal_4_auto_rotate mQSPhoneSignalIconId=0x7f0201ac/com.android.systemui:drawable/ic_qs_signal_no_signal mDataDirectionIconId=0x7f020484/com.android.systemui:drawable/stat_sys_data_fully_connected_lte mDataSignalIconId=0x7f0205fe/com.android.systemui:drawable/stat_sys_signal_4_auto_rotate mDataTypeIconId=0x7f02046a/com.android.systemui:drawable/stat_sys_data_connected_lte mQSDataTypeIconId=0x7f0201ab/com.android.systemui:drawable/ic_qs_signal_lte mNoSimIconId=0x0/(null) mWifiIconId=0x0/(null) mQSWifiIconId=0x0/(null) mWifiActivityIconId=0x0/(null) mBluetoothTetherIconId=0x10808ee/android:drawable/stat_sys_tether_bluetooth
10-19 13:33:51.210 D/STATUSBAR-WifiQuickSettingButton( 3756): onWifiSignalChanged enabled=false enabledDesc:null
10-19 13:33:51.215 D/StatusBar.NetworkController( 3756): UPDATE_STRENGTH -mPreSvcSate: 2, mCurSvcSate: 2
10-19 13:33:51.215 D/StatusBar.NetworkController( 3756): mKeepFakeState =false
10-19 13:33:51.215 D/StatusBar.NetworkController( 3756): UPDATE_STRENGTH - 4, 4
10-19 13:33:51.215 D/StatusBar.NetworkController( 3756): UPDATE_STRENGTH(IN_SVC) -no diff 4, 4
10-19 13:33:51.750 D/libgps  ( 3583): OnGpsExtensionMessage: message_id(1), data(0x9ca0c838), size(2432)
10-19 13:33:51.750 D/libgps  ( 3583): proxy__gps_sv_status_cb : called
10-19 13:33:52.750 D/libgps  ( 3583): OnGpsExtensionMessage: message_id(1), data(0x9ca0c838), size(2432)
10-19 13:33:52.750 D/libgps  ( 3583): proxy__gps_sv_status_cb : called
10-19 13:33:53.750 D/libgps  ( 3583): OnGpsExtensionMessage: message_id(1), data(0x9ca0c838), size(2432)
10-19 13:33:53.750 D/libgps  ( 3583): proxy__gps_sv_status_cb : called
10-19 13:33:54.755 D/libgps  ( 3583): OnGpsExtensionMessage: message_id(1), data(0x9ca0c838), size(2432)
10-19 13:33:54.755 D/libgps  ( 3583): proxy__gps_sv_status_cb : called
10-19 13:33:55.750 D/libgps  ( 3583): OnGpsExtensionMessage: message_id(1), data(0x9ca0c838), size(2432)
10-19 13:33:55.750 D/libgps  ( 3583): proxy__gps_sv_status_cb : called
10-19 13:33:56.750 D/libgps  ( 3583): OnGpsExtensionMessage: message_id(1), data(0x9ca0c838), size(2432)
10-19 13:33:56.750 D/libgps  ( 3583): proxy__gps_sv_status_cb : called
10-19 13:33:57.740 D/libgps  ( 3583): OnGpsExtensionMessage: message_id(1), data(0x9ca0c838), size(2432)
10-19 13:33:57.740 D/libgps  ( 3583): proxy__gps_sv_status_cb : called
10-19 13:33:58.740 D/libgps  ( 3583): OnGpsExtensionMessage: message_id(1), data(0x9ca0c838), size(2432)
10-19 13:33:58.740 D/libgps  ( 3583): proxy__gps_sv_status_cb : called
10-19 13:33:59.750 D/libgps  ( 3583): OnGpsExtensionMessage: message_id(1), data(0x9ca0c838), size(2432)
10-19 13:33:59.750 D/libgps  ( 3583): proxy__gps_sv_status_cb : called
10-19 13:34:00.015 D/KeyguardUpdateMonitor( 3756): received broadcast android.intent.action.TIME_TICK
10-19 13:34:00.015 D/KeyguardUpdateMonitor( 3756): handleTimeUpdate
10-19 13:34:00.090 D/DateView( 3756): regionalDateFormat = 3333. 11. 22. isRTLlanguage = false returnDateFormat = MMMM d일 E요일
10-19 13:34:00.095 D/DateView( 3756): regionalDateFormat = 3333. 11. 22. isRTLlanguage = false returnDateFormat = MMMM d일 E요일
10-19 13:34:00.095 D/KeyguardEffectViewController( 3756): onReceive action : android.intent.action.TIME_TICK
10-19 13:34:00.095 I/KeyguardEffectViewController( 3756): *** don't update sliding image ***
10-19 13:34:00.135 D/KeyguardUpdateMonitor( 3756): received broadcast android.intent.action.BATTERY_CHANGED
10-19 13:34:00.135 D/KeyguardUpdateMonitor( 3756): handleBatteryUpdate
10-19 13:34:00.135 D/KeyguardFestivalEffect( 3756): onReceive: android.intent.action.BATTERY_CHANGED
10-19 13:34:00.140 I/BusinessExecutor( 4098): registered Task#33872 : PowerInfoEventSource$1
10-19 13:34:00.140 I/BusinessExecutor( 4098): Task#33872 : #run() called
10-19 13:34:00.140 I/BusinessExecutor( 4098): Task#33872 : #run() ended
10-19 13:34:00.145 D/ClientService( 4999): Battery State Change,  status: 2
10-19 13:34:00.145 D/ClientService( 4999): Battery State Change,  Plugged: 2
10-19 13:34:00.145 D/ClientService( 4999): Battery State Change,  level: 42
10-19 13:34:00.145 D/ClientService( 4999): Battery State Change,  scale: 100
10-19 13:34:00.745 D/libgps  ( 3583): OnGpsExtensionMessage: message_id(1), data(0x9ca0c838), size(2432)
10-19 13:34:00.745 D/libgps  ( 3583): proxy__gps_sv_status_cb : called
10-19 13:34:01.745 D/libgps  ( 3583): OnGpsExtensionMessage: message_id(1), data(0x9ca0c838), size(2432)
10-19 13:34:01.745 D/libgps  ( 3583): proxy__gps_sv_status_cb : called
10-19 13:34:02.745 D/libgps  ( 3583): OnGpsExtensionMessage: message_id(1), data(0x9ca0c838), size(2432)
10-19 13:34:02.745 D/libgps  ( 3583): proxy__gps_sv_status_cb : called
10-19 13:34:03.745 D/libgps  ( 3583): OnGpsExtensionMessage: message_id(1), data(0x9ca0c838), size(2432)
10-19 13:34:03.745 D/libgps  ( 3583): proxy__gps_sv_status_cb : called
10-19 13:34:04.750 D/libgps  ( 3583): OnGpsExtensionMessage: message_id(1), data(0x9ca0c838), size(2432)
10-19 13:34:04.750 D/libgps  ( 3583): proxy__gps_sv_status_cb : called
10-19 13:34:05.740 D/libgps  ( 3583): OnGpsExtensionMessage: message_id(1), data(0x9ca0c838), size(2432)
10-19 13:34:05.740 D/libgps  ( 3583): proxy__gps_sv_status_cb : called
10-19 13:34:06.745 D/libgps  ( 3583): OnGpsExtensionMessage: message_id(1), data(0x9ca0c838), size(2432)
10-19 13:34:06.745 D/libgps  ( 3583): proxy__gps_sv_status_cb : called
10-19 13:34:07.755 D/libgps  ( 3583): OnGpsExtensionMessage: message_id(1), data(0x9ca0c838), size(2432)
10-19 13:34:07.755 D/libgps  ( 3583): proxy__gps_sv_status_cb : called
10-19 13:34:08.750 D/libgps  ( 3583): OnGpsExtensionMessage: message_id(1), data(0x9ca0c838), size(2432)
10-19 13:34:08.750 D/libgps  ( 3583): proxy__gps_sv_status_cb : called
10-19 13:34:09.745 D/libgps  ( 3583): OnGpsExtensionMessage: message_id(1), data(0x9ca0c838), size(2432)
10-19 13:34:09.745 D/libgps  ( 3583): proxy__gps_sv_status_cb : called
10-19 13:34:10.230 D/KeyguardUpdateMonitor( 3756): received broadcast android.intent.action.BATTERY_CHANGED
10-19 13:34:10.230 D/KeyguardUpdateMonitor( 3756): handleBatteryUpdate
10-19 13:34:10.230 D/KeyguardFestivalEffect( 3756): onReceive: android.intent.action.BATTERY_CHANGED
10-19 13:34:10.240 I/BusinessExecutor( 4098): registered Task#33873 : PowerInfoEventSource$1
10-19 13:34:10.240 I/BusinessExecutor( 4098): Task#33873 : #run() called
10-19 13:34:10.240 I/BusinessExecutor( 4098): Task#33873 : #run() ended
10-19 13:34:10.245 D/ClientService( 4999): Battery State Change,  status: 2
10-19 13:34:10.245 D/ClientService( 4999): Battery State Change,  Plugged: 2
10-19 13:34:10.250 D/ClientService( 4999): Battery State Change,  level: 42
10-19 13:34:10.250 D/ClientService( 4999): Battery State Change,  scale: 100
10-19 13:34:10.740 D/libgps  ( 3583): OnGpsExtensionMessage: message_id(1), data(0x9ca0c838), size(2432)
10-19 13:34:10.740 D/libgps  ( 3583): proxy__gps_sv_status_cb : called
10-19 13:34:11.740 D/libgps  ( 3583): OnGpsExtensionMessage: message_id(1), data(0x9ca0c838), size(2432)
10-19 13:34:11.740 D/libgps  ( 3583): proxy__gps_sv_status_cb : called
10-19 13:34:12.745 D/libgps  ( 3583): OnGpsExtensionMessage: message_id(1), data(0x9ca0c838), size(2432)
10-19 13:34:12.745 D/libgps  ( 3583): proxy__gps_sv_status_cb : called
10-19 13:34:13.745 D/libgps  ( 3583): OnGpsExtensionMessage: message_id(1), data(0x9ca0c838), size(2432)
10-19 13:34:13.745 D/libgps  ( 3583): proxy__gps_sv_status_cb : called
10-19 13:34:14.745 D/libgps  ( 3583): OnGpsExtensionMessage: message_id(1), data(0x9ca0c838), size(2432)
10-19 13:34:14.750 D/libgps  ( 3583): proxy__gps_sv_status_cb : called
10-19 13:34:15.745 D/libgps  ( 3583): OnGpsExtensionMessage: message_id(1), data(0x9ca0c838), size(2432)
10-19 13:34:15.745 D/libgps  ( 3583): proxy__gps_sv_status_cb : called
10-19 13:34:16.750 D/libgps  ( 3583): OnGpsExtensionMessage: message_id(1), data(0x9ca0c838), size(2432)
10-19 13:34:16.750 D/libgps  ( 3583): proxy__gps_sv_status_cb : called
10-19 13:34:16.810 D/StatusBar.NetworkController( 3756): onSignalStrengthsChanged signalStrength=SignalStrength: 99 99 -120 -160 -120 -1 -1 63 -62 -5 240 15 2147483647 0x4 gsm|lte level=4
10-19 13:34:16.810 D/StatusBar.NetworkController( 3756): updateTelephonySignalStrength: hasService=true ss=SignalStrength: 99 99 -120 -160 -120 -1 -1 63 -62 -5 240 15 2147483647 0x4 gsm|lte
10-19 13:34:16.810 D/StatusBar.NetworkController( 3756): updateTelephonySignalStrength -mTransitionState : false
10-19 13:34:16.810 D/StatusBar.NetworkController( 3756): refreshViews connected={ data } level=4 combinedSignalIconId=0x7f0205fe/com.android.systemui:drawable/stat_sys_signal_4_auto_rotate mobileLabel=SKTelecom wifiLabel= emergencyOnly=false combinedLabel=SKTelecom mAirplaneMode=false mDataActivity=0 mPhoneSignalIconId=0x7f0205fe/com.android.systemui:drawable/stat_sys_signal_4_auto_rotate mQSPhoneSignalIconId=0x7f0201ac/com.android.systemui:drawable/ic_qs_signal_no_signal mDataDirectionIconId=0x7f020484/com.android.systemui:drawable/stat_sys_data_fully_connected_lte mDataSignalIconId=0x7f0205fe/com.android.systemui:drawable/stat_sys_signal_4_auto_rotate mDataTypeIconId=0x7f02046a/com.android.systemui:drawable/stat_sys_data_connected_lte mQSDataTypeIconId=0x7f0201ab/com.android.systemui:drawable/ic_qs_signal_lte mNoSimIconId=0x0/(null) mWifiIconId=0x0/(null) mQSWifiIconId=0x0/(null) mWifiActivityIconId=0x0/(null) mBluetoothTetherIconId=0x10808ee/android:drawable/stat_sys_tether_bluetooth
10-19 13:34:16.810 D/STATUSBAR-WifiQuickSettingButton( 3756): onWifiSignalChanged enabled=false enabledDesc:null
10-19 13:34:16.810 D/StatusBar.NetworkController( 3756): UPDATE_STRENGTH -mPreSvcSate: 2, mCurSvcSate: 2
10-19 13:34:16.810 D/StatusBar.NetworkController( 3756): mKeepFakeState =false
10-19 13:34:16.810 D/StatusBar.NetworkController( 3756): UPDATE_STRENGTH - 4, 4
10-19 13:34:16.810 D/StatusBar.NetworkController( 3756): UPDATE_STRENGTH(IN_SVC) -no diff 4, 4
10-19 13:34:17.745 D/libgps  ( 3583): OnGpsExtensionMessage: message_id(1), data(0x9ca0c838), size(2432)
10-19 13:34:17.745 D/libgps  ( 3583): proxy__gps_sv_status_cb : called
10-19 13:34:18.745 D/libgps  ( 3583): OnGpsExtensionMessage: message_id(1), data(0x9ca0c838), size(2432)
10-19 13:34:18.745 D/libgps  ( 3583): proxy__gps_sv_status_cb : called
10-19 13:34:19.750 D/libgps  ( 3583): OnGpsExtensionMessage: message_id(1), data(0x9ca0c838), size(2432)
10-19 13:34:19.750 D/libgps  ( 3583): proxy__gps_sv_status_cb : called
10-19 13:34:20.325 D/KeyguardUpdateMonitor( 3756): received broadcast android.intent.action.BATTERY_CHANGED
10-19 13:34:20.325 D/KeyguardUpdateMonitor( 3756): handleBatteryUpdate
10-19 13:34:20.325 D/KeyguardFestivalEffect( 3756): onReceive: android.intent.action.BATTERY_CHANGED
10-19 13:34:20.335 I/BusinessExecutor( 4098): registered Task#33874 : PowerInfoEventSource$1
10-19 13:34:20.335 I/BusinessExecutor( 4098): Task#33874 : #run() called
10-19 13:34:20.335 I/BusinessExecutor( 4098): Task#33874 : #run() ended
10-19 13:34:20.340 D/ClientService( 4999): Battery State Change,  status: 2
10-19 13:34:20.340 D/ClientService( 4999): Battery State Change,  Plugged: 2
10-19 13:34:20.340 D/ClientService( 4999): Battery State Change,  level: 42
10-19 13:34:20.340 D/ClientService( 4999): Battery State Change,  scale: 100
10-19 13:34:20.740 D/libgps  ( 3583): OnGpsExtensionMessage: message_id(1), data(0x9ca0c838), size(2432)
10-19 13:34:20.740 D/libgps  ( 3583): proxy__gps_sv_status_cb : called
10-19 13:34:21.745 D/libgps  ( 3583): OnGpsExtensionMessage: message_id(1), data(0x9ca0c838), size(2432)
10-19 13:34:21.745 D/libgps  ( 3583): proxy__gps_sv_status_cb : called
10-19 13:34:22.750 D/libgps  ( 3583): OnGpsExtensionMessage: message_id(1), data(0x9ca0c838), size(2432)
10-19 13:34:22.750 D/libgps  ( 3583): proxy__gps_sv_status_cb : called
10-19 13:34:23.740 D/libgps  ( 3583): OnGpsExtensionMessage: message_id(1), data(0x9ca0c838), size(2432)
10-19 13:34:23.740 D/libgps  ( 3583): proxy__gps_sv_status_cb : called
10-19 13:34:24.730 D/libgps  ( 3583): OnGpsExtensionMessage: message_id(1), data(0x9ca0c838), size(2432)
10-19 13:34:24.730 D/libgps  ( 3583): proxy__gps_sv_status_cb : called
10-19 13:34:25.735 D/libgps  ( 3583): OnGpsExtensionMessage: message_id(1), data(0x9ca0c838), size(2432)
10-19 13:34:25.735 D/libgps  ( 3583): proxy__gps_sv_status_cb : called
10-19 13:34:26.735 D/libgps  ( 3583): OnGpsExtensionMessage: message_id(1), data(0x9ca0c838), size(2432)
10-19 13:34:26.740 D/libgps  ( 3583): proxy__gps_sv_status_cb : called
10-19 13:34:27.035 I/System.out( 4036): Broadcasting: Intent { act=android.intent.action.CELL_INFO_RES (has extras) }
10-19 13:34:27.740 D/libgps  ( 3583): OnGpsExtensionMessage: message_id(1), data(0x9ca0c838), size(2432)
10-19 13:34:27.740 D/libgps  ( 3583): proxy__gps_sv_status_cb : called
10-19 13:34:28.740 D/libgps  ( 3583): OnGpsExtensionMessage: message_id(1), data(0x9ca0c838), size(2432)
10-19 13:34:28.740 D/libgps  ( 3583): proxy__gps_sv_status_cb : called
10-19 13:34:29.725 D/libgps  ( 3583): OnGpsExtensionMessage: message_id(1), data(0x9ca0c838), size(2432)
10-19 13:34:29.730 D/libgps  ( 3583): proxy__gps_sv_status_cb : called
10-19 13:34:30.430 D/KeyguardUpdateMonitor( 3756): received broadcast android.intent.action.BATTERY_CHANGED
10-19 13:34:30.430 D/KeyguardUpdateMonitor( 3756): handleBatteryUpdate
10-19 13:34:30.430 D/KeyguardFestivalEffect( 3756): onReceive: android.intent.action.BATTERY_CHANGED
10-19 13:34:30.435 I/BusinessExecutor( 4098): registered Task#33875 : PowerInfoEventSource$1
10-19 13:34:30.435 I/BusinessExecutor( 4098): Task#33875 : #run() called
10-19 13:34:30.435 I/BusinessExecutor( 4098): Task#33875 : #run() ended
10-19 13:34:30.440 D/ClientService( 4999): Battery State Change,  status: 2
10-19 13:34:30.440 D/ClientService( 4999): Battery State Change,  Plugged: 2
10-19 13:34:30.440 D/ClientService( 4999): Battery State Change,  level: 42
10-19 13:34:30.440 D/ClientService( 4999): Battery State Change,  scale: 100
10-19 13:34:30.740 D/libgps  ( 3583): OnGpsExtensionMessage: message_id(1), data(0x9ca0c838), size(2432)
10-19 13:34:30.740 D/libgps  ( 3583): proxy__gps_sv_status_cb : called
10-19 13:34:31.740 D/libgps  ( 3583): OnGpsExtensionMessage: message_id(1), data(0x9ca0c838), size(2432)
10-19 13:34:31.740 D/libgps  ( 3583): proxy__gps_sv_status_cb : called
10-19 13:34:32.745 D/libgps  ( 3583): OnGpsExtensionMessage: message_id(1), data(0x9ca0c838), size(2432)
10-19 13:34:32.745 D/libgps  ( 3583): proxy__gps_sv_status_cb : called
10-19 13:34:33.755 D/libgps  ( 3583): OnGpsExtensionMessage: message_id(1), data(0x9ca0c838), size(2432)
10-19 13:34:33.755 D/libgps  ( 3583): proxy__gps_sv_status_cb : called
10-19 13:34:34.755 D/libgps  ( 3583): OnGpsExtensionMessage: message_id(1), data(0x9ca0c838), size(2432)
10-19 13:34:34.755 D/libgps  ( 3583): proxy__gps_sv_status_cb : called
10-19 13:34:35.745 D/libgps  ( 3583): OnGpsExtensionMessage: message_id(1), data(0x9ca0c838), size(2432)
10-19 13:34:35.745 D/libgps  ( 3583): proxy__gps_sv_status_cb : called
10-19 13:34:36.750 D/libgps  ( 3583): OnGpsExtensionMessage: message_id(1), data(0x9ca0c838), size(2432)
10-19 13:34:36.750 D/libgps  ( 3583): proxy__gps_sv_status_cb : called
10-19 13:34:37.750 D/libgps  ( 3583): OnGpsExtensionMessage: message_id(1), data(0x9ca0c838), size(2432)
10-19 13:34:37.750 D/libgps  ( 3583): proxy__gps_sv_status_cb : called
10-19 13:34:38.750 D/libgps  ( 3583): OnGpsExtensionMessage: message_id(1), data(0x9ca0c838), size(2432)
10-19 13:34:38.750 D/libgps  ( 3583): proxy__gps_sv_status_cb : called
10-19 13:34:39.755 D/libgps  ( 3583): OnGpsExtensionMessage: message_id(1), data(0x9ca0c838), size(2432)
10-19 13:34:39.755 D/libgps  ( 3583): proxy__gps_sv_status_cb : called
10-19 13:34:40.530 D/KeyguardUpdateMonitor( 3756): received broadcast android.intent.action.BATTERY_CHANGED
10-19 13:34:40.530 D/KeyguardUpdateMonitor( 3756): handleBatteryUpdate
10-19 13:34:40.530 D/KeyguardFestivalEffect( 3756): onReceive: android.intent.action.BATTERY_CHANGED
10-19 13:34:40.540 I/BusinessExecutor( 4098): registered Task#33876 : PowerInfoEventSource$1
10-19 13:34:40.540 I/BusinessExecutor( 4098): Task#33876 : #run() called
10-19 13:34:40.540 I/BusinessExecutor( 4098): Task#33876 : #run() ended
10-19 13:34:40.545 D/ClientService( 4999): Battery State Change,  status: 2
10-19 13:34:40.545 D/ClientService( 4999): Battery State Change,  Plugged: 2
10-19 13:34:40.545 D/ClientService( 4999): Battery State Change,  level: 42
10-19 13:34:40.545 D/ClientService( 4999): Battery State Change,  scale: 100
10-19 13:34:40.755 D/libgps  ( 3583): OnGpsExtensionMessage: message_id(1), data(0x9ca0c838), size(2432)
10-19 13:34:40.755 D/libgps  ( 3583): proxy__gps_sv_status_cb : called
10-19 13:34:41.750 D/libgps  ( 3583): OnGpsExtensionMessage: message_id(1), data(0x9ca0c838), size(2432)
10-19 13:34:41.750 D/libgps  ( 3583): proxy__gps_sv_status_cb : called
10-19 13:34:42.410 D/StatusBar.NetworkController( 3756): onSignalStrengthsChanged signalStrength=SignalStrength: 99 99 -120 -160 -120 -1 -1 63 -69 -5 130 14 2147483647 0x4 gsm|lte level=4
10-19 13:34:42.410 D/StatusBar.NetworkController( 3756): updateTelephonySignalStrength: hasService=true ss=SignalStrength: 99 99 -120 -160 -120 -1 -1 63 -69 -5 130 14 2147483647 0x4 gsm|lte
10-19 13:34:42.410 D/StatusBar.NetworkController( 3756): updateTelephonySignalStrength -mTransitionState : false
10-19 13:34:42.415 D/StatusBar.NetworkController( 3756): refreshViews connected={ data } level=4 combinedSignalIconId=0x7f0205fe/com.android.systemui:drawable/stat_sys_signal_4_auto_rotate mobileLabel=SKTelecom wifiLabel= emergencyOnly=false combinedLabel=SKTelecom mAirplaneMode=false mDataActivity=0 mPhoneSignalIconId=0x7f0205fe/com.android.systemui:drawable/stat_sys_signal_4_auto_rotate mQSPhoneSignalIconId=0x7f0201ac/com.android.systemui:drawable/ic_qs_signal_no_signal mDataDirectionIconId=0x7f020484/com.android.systemui:drawable/stat_sys_data_fully_connected_lte mDataSignalIconId=0x7f0205fe/com.android.systemui:drawable/stat_sys_signal_4_auto_rotate mDataTypeIconId=0x7f02046a/com.android.systemui:drawable/stat_sys_data_connected_lte mQSDataTypeIconId=0x7f0201ab/com.android.systemui:drawable/ic_qs_signal_lte mNoSimIconId=0x0/(null) mWifiIconId=0x0/(null) mQSWifiIconId=0x0/(null) mWifiActivityIconId=0x0/(null) mBluetoothTetherIconId=0x10808ee/android:drawable/stat_sys_tether_bluetooth
10-19 13:34:42.415 D/STATUSBAR-WifiQuickSettingButton( 3756): onWifiSignalChanged enabled=false enabledDesc:null
10-19 13:34:42.415 D/StatusBar.NetworkController( 3756): UPDATE_STRENGTH -mPreSvcSate: 2, mCurSvcSate: 2
10-19 13:34:42.415 D/StatusBar.NetworkController( 3756): mKeepFakeState =false
10-19 13:34:42.415 D/StatusBar.NetworkController( 3756): UPDATE_STRENGTH - 4, 4
10-19 13:34:42.415 D/StatusBar.NetworkController( 3756): UPDATE_STRENGTH(IN_SVC) -no diff 4, 4
10-19 13:34:42.745 D/libgps  ( 3583): OnGpsExtensionMessage: message_id(1), data(0x9ca0c838), size(2432)
10-19 13:34:42.745 D/libgps  ( 3583): proxy__gps_sv_status_cb : called
10-19 13:34:43.755 D/libgps  ( 3583): OnGpsExtensionMessage: message_id(1), data(0x9ca0c838), size(2432)
10-19 13:34:43.755 D/libgps  ( 3583): proxy__gps_sv_status_cb : called
10-19 13:34:44.745 D/libgps  ( 3583): OnGpsExtensionMessage: message_id(1), data(0x9ca0c838), size(2432)
10-19 13:34:44.745 D/libgps  ( 3583): proxy__gps_sv_status_cb : called
10-19 13:34:45.745 D/libgps  ( 3583): OnGpsExtensionMessage: message_id(1), data(0x9ca0c838), size(2432)
10-19 13:34:45.745 D/libgps  ( 3583): proxy__gps_sv_status_cb : called
10-19 13:34:46.750 D/libgps  ( 3583): OnGpsExtensionMessage: message_id(1), data(0x9ca0c838), size(2432)
10-19 13:34:46.750 D/libgps  ( 3583): proxy__gps_sv_status_cb : called
10-19 13:34:47.745 D/libgps  ( 3583): OnGpsExtensionMessage: message_id(1), data(0x9ca0c838), size(2432)
10-19 13:34:47.745 D/libgps  ( 3583): proxy__gps_sv_status_cb : called
10-19 13:34:48.745 D/libgps  ( 3583): OnGpsExtensionMessage: message_id(1), data(0x9ca0c838), size(2432)
10-19 13:34:48.745 D/libgps  ( 3583): proxy__gps_sv_status_cb : called
10-19 13:34:49.750 D/libgps  ( 3583): OnGpsExtensionMessage: message_id(1), data(0x9ca0c838), size(2432)
10-19 13:34:49.750 D/libgps  ( 3583): proxy__gps_sv_status_cb : called
10-19 13:34:50.635 D/KeyguardUpdateMonitor( 3756): received broadcast android.intent.action.BATTERY_CHANGED
10-19 13:34:50.635 D/KeyguardUpdateMonitor( 3756): handleBatteryUpdate
10-19 13:34:50.635 D/KeyguardFestivalEffect( 3756): onReceive: android.intent.action.BATTERY_CHANGED
10-19 13:34:50.645 I/BusinessExecutor( 4098): registered Task#33877 : PowerInfoEventSource$1
10-19 13:34:50.645 I/BusinessExecutor( 4098): Task#33877 : #run() called
10-19 13:34:50.645 I/BusinessExecutor( 4098): Task#33877 : #run() ended
10-19 13:34:50.645 D/ClientService( 4999): Battery State Change,  status: 2
10-19 13:34:50.645 D/ClientService( 4999): Battery State Change,  Plugged: 2
10-19 13:34:50.645 D/ClientService( 4999): Battery State Change,  level: 42
10-19 13:34:50.645 D/ClientService( 4999): Battery State Change,  scale: 100
10-19 13:34:50.740 D/libgps  ( 3583): OnGpsExtensionMessage: message_id(1), data(0x9ca0c838), size(2432)
10-19 13:34:50.740 D/libgps  ( 3583): proxy__gps_sv_status_cb : called
10-19 13:34:51.745 D/libgps  ( 3583): OnGpsExtensionMessage: message_id(1), data(0x9ca0c838), size(2432)
10-19 13:34:51.745 D/libgps  ( 3583): proxy__gps_sv_status_cb : called
10-19 13:34:52.745 D/libgps  ( 3583): OnGpsExtensionMessage: message_id(1), data(0x9ca0c838), size(2432)
10-19 13:34:52.745 D/libgps  ( 3583): proxy__gps_sv_status_cb : called
10-19 13:34:53.750 D/libgps  ( 3583): OnGpsExtensionMessage: message_id(1), data(0x9ca0c838), size(2432)
10-19 13:34:53.750 D/libgps  ( 3583): proxy__gps_sv_status_cb : called
10-19 13:34:54.745 D/libgps  ( 3583): OnGpsExtensionMessage: message_id(1), data(0x9ca0c838), size(2432)
10-19 13:34:54.745 D/libgps  ( 3583): proxy__gps_sv_status_cb : called
10-19 13:34:55.750 D/libgps  ( 3583): OnGpsExtensionMessage: message_id(1), data(0x9ca0c838), size(2432)
10-19 13:34:55.750 D/libgps  ( 3583): proxy__gps_sv_status_cb : called
10-19 13:34:56.745 D/libgps  ( 3583): OnGpsExtensionMessage: message_id(1), data(0x9ca0c838), size(2432)
10-19 13:34:56.745 D/libgps  ( 3583): proxy__gps_sv_status_cb : called
10-19 13:34:57.745 D/libgps  ( 3583): OnGpsExtensionMessage: message_id(1), data(0x9ca0c838), size(2432)
10-19 13:34:57.745 D/libgps  ( 3583): proxy__gps_sv_status_cb : called
10-19 13:34:58.750 D/libgps  ( 3583): OnGpsExtensionMessage: message_id(1), data(0x9ca0c838), size(2432)
10-19 13:34:58.750 D/libgps  ( 3583): proxy__gps_sv_status_cb : called
10-19 13:34:59.750 D/libgps  ( 3583): OnGpsExtensionMessage: message_id(1), data(0x9ca0c838), size(2432)
10-19 13:34:59.750 D/libgps  ( 3583): proxy__gps_sv_status_cb : called
10-19 13:35:00.035 D/KeyguardUpdateMonitor( 3756): received broadcast android.intent.action.TIME_TICK
10-19 13:35:00.035 D/KeyguardUpdateMonitor( 3756): handleTimeUpdate
10-19 13:35:00.090 D/DateView( 3756): regionalDateFormat = 3333. 11. 22. isRTLlanguage = false returnDateFormat = MMMM d일 E요일
