--------- beginning of main
10-19 13:15:27.310 D/NetworkStatsFactory( 3583): UpdateStatsForKnox
10-19 13:15:27.760 D/libgps  ( 3583): OnGpsExtensionMessage: message_id(1), data(0x9ca0c838), size(2432)
10-19 13:15:27.760 D/libgps  ( 3583): proxy__gps_sv_status_cb : called
10-19 13:15:27.760 D/GpsLocationProvider_ex( 3583): SV Count : 2 / TOP5 : 19 15 0 0 0 
10-19 13:15:28.755 D/libgps  ( 3583): OnGpsExtensionMessage: message_id(1), data(0x9ca0c838), size(2432)
10-19 13:15:28.755 D/libgps  ( 3583): proxy__gps_sv_status_cb : called
10-19 13:15:28.755 D/GpsLocationProvider_ex( 3583): SV Count : 2 / TOP5 : 20 15 0 0 0 
10-19 13:15:29.580 D/KeyguardUpdateMonitor( 3756): received broadcast android.intent.action.BATTERY_CHANGED
10-19 13:15:29.580 D/KeyguardUpdateMonitor( 3756): handleBatteryUpdate
10-19 13:15:29.580 D/KeyguardFestivalEffect( 3756): onReceive: android.intent.action.BATTERY_CHANGED
10-19 13:15:29.590 I/BusinessExecutor( 4098): registered Task#33761 : PowerInfoEventSource$1
10-19 13:15:29.590 I/BusinessExecutor( 4098): Task#33761 : #run() called
10-19 13:15:29.590 I/BusinessExecutor( 4098): Task#33761 : #run() ended
10-19 13:15:29.595 D/ClientService( 4999): Battery State Change,  status: 2
10-19 13:15:29.595 D/ClientService( 4999): Battery State Change,  Plugged: 2
10-19 13:15:29.595 D/ClientService( 4999): Battery State Change,  level: 43
10-19 13:15:29.595 D/ClientService( 4999): Battery State Change,  scale: 100
10-19 13:15:29.755 D/libgps  ( 3583): OnGpsExtensionMessage: message_id(1), data(0x9ca0c838), size(2432)
10-19 13:15:29.755 D/libgps  ( 3583): proxy__gps_sv_status_cb : called
10-19 13:15:29.755 D/GpsLocationProvider_ex( 3583): SV Count : 2 / TOP5 : 20 15 0 0 0 
10-19 13:15:30.755 D/libgps  ( 3583): OnGpsExtensionMessage: message_id(1), data(0x9ca0c838), size(2432)
10-19 13:15:30.755 D/libgps  ( 3583): proxy__gps_sv_status_cb : called
10-19 13:15:30.755 D/GpsLocationProvider_ex( 3583): SV Count : 2 / TOP5 : 20 16 0 0 0 
10-19 13:15:31.765 D/libgps  ( 3583): OnGpsExtensionMessage: message_id(1), data(0x9ca0c838), size(2432)
10-19 13:15:31.765 D/libgps  ( 3583): proxy__gps_sv_status_cb : called
10-19 13:15:31.765 D/GpsLocationProvider_ex( 3583): SV Count : 2 / TOP5 : 20 18 0 0 0 
10-19 13:15:32.760 D/libgps  ( 3583): OnGpsExtensionMessage: message_id(1), data(0x9ca0c838), size(2432)
10-19 13:15:32.760 D/libgps  ( 3583): proxy__gps_sv_status_cb : called
10-19 13:15:32.765 D/GpsLocationProvider_ex( 3583): SV Count : 2 / TOP5 : 20 18 0 0 0 
10-19 13:15:33.760 D/libgps  ( 3583): OnGpsExtensionMessage: message_id(1), data(0x9ca0c838), size(2432)
10-19 13:15:33.760 D/libgps  ( 3583): proxy__gps_sv_status_cb : called
10-19 13:15:33.760 D/GpsLocationProvider_ex( 3583): SV Count : 2 / TOP5 : 20 18 0 0 0 
10-19 13:15:34.755 D/libgps  ( 3583): OnGpsExtensionMessage: message_id(1), data(0x9ca0c838), size(2432)
10-19 13:15:34.755 D/libgps  ( 3583): proxy__gps_sv_status_cb : called
10-19 13:15:34.755 D/GpsLocationProvider_ex( 3583): SV Count : 2 / TOP5 : 20 18 0 0 0 
10-19 13:15:35.770 D/libgps  ( 3583): OnGpsExtensionMessage: message_id(1), data(0x9ca0c838), size(2432)
10-19 13:15:35.770 D/libgps  ( 3583): proxy__gps_sv_status_cb : called
10-19 13:15:35.770 D/GpsLocationProvider_ex( 3583): SV Count : 2 / TOP5 : 20 18 0 0 0 
10-19 13:15:36.765 D/libgps  ( 3583): OnGpsExtensionMessage: message_id(1), data(0x9ca0c838), size(2432)
10-19 13:15:36.765 D/libgps  ( 3583): proxy__gps_sv_status_cb : called
10-19 13:15:36.770 D/GpsLocationProvider_ex( 3583): SV Count : 2 / TOP5 : 20 17 0 0 0 
10-19 13:15:37.765 D/libgps  ( 3583): OnGpsExtensionMessage: message_id(1), data(0x9ca0c838), size(2432)
10-19 13:15:37.765 D/libgps  ( 3583): proxy__gps_sv_status_cb : called
10-19 13:15:37.770 D/GpsLocationProvider_ex( 3583): SV Count : 2 / TOP5 : 19 17 0 0 0 
10-19 13:15:38.755 D/libgps  ( 3583): OnGpsExtensionMessage: message_id(1), data(0x9ca0c838), size(2432)
10-19 13:15:38.755 D/libgps  ( 3583): proxy__gps_sv_status_cb : called
10-19 13:15:38.755 D/GpsLocationProvider_ex( 3583): SV Count : 2 / TOP5 : 19 17 0 0 0 
10-19 13:15:39.690 D/KeyguardUpdateMonitor( 3756): received broadcast android.intent.action.BATTERY_CHANGED
10-19 13:15:39.695 D/KeyguardUpdateMonitor( 3756): handleBatteryUpdate
10-19 13:15:39.695 D/KeyguardFestivalEffect( 3756): onReceive: android.intent.action.BATTERY_CHANGED
10-19 13:15:39.705 I/BusinessExecutor( 4098): registered Task#33762 : PowerInfoEventSource$1
10-19 13:15:39.705 I/BusinessExecutor( 4098): Task#33762 : #run() called
10-19 13:15:39.705 I/BusinessExecutor( 4098): Task#33762 : #run() ended
10-19 13:15:39.710 D/ClientService( 4999): Battery State Change,  status: 2
10-19 13:15:39.710 D/ClientService( 4999): Battery State Change,  Plugged: 2
10-19 13:15:39.710 D/ClientService( 4999): Battery State Change,  level: 43
10-19 13:15:39.710 D/ClientService( 4999): Battery State Change,  scale: 100
10-19 13:15:39.740 D/libgps  ( 3583): OnGpsExtensionMessage: message_id(1), data(0x9ca0c838), size(2432)
10-19 13:15:39.740 D/libgps  ( 3583): proxy__gps_sv_status_cb : called
10-19 13:15:39.745 D/GpsLocationProvider_ex( 3583): SV Count : 2 / TOP5 : 19 17 0 0 0 
10-19 13:15:40.760 D/libgps  ( 3583): OnGpsExtensionMessage: message_id(1), data(0x9ca0c838), size(2432)
10-19 13:15:40.760 D/libgps  ( 3583): proxy__gps_sv_status_cb : called
10-19 13:15:40.765 D/GpsLocationProvider_ex( 3583): SV Count : 2 / TOP5 : 19 17 0 0 0 
10-19 13:15:41.765 D/libgps  ( 3583): OnGpsExtensionMessage: message_id(1), data(0x9ca0c838), size(2432)
10-19 13:15:41.765 D/libgps  ( 3583): proxy__gps_sv_status_cb : called
10-19 13:15:41.765 D/GpsLocationProvider_ex( 3583): SV Count : 2 / TOP5 : 20 16 0 0 0 
10-19 13:15:42.755 D/libgps  ( 3583): OnGpsExtensionMessage: message_id(1), data(0x9ca0c838), size(2432)
10-19 13:15:42.755 D/libgps  ( 3583): proxy__gps_sv_status_cb : called
10-19 13:15:42.755 D/GpsLocationProvider_ex( 3583): SV Count : 2 / TOP5 : 20 16 0 0 0 
10-19 13:15:43.760 D/libgps  ( 3583): OnGpsExtensionMessage: message_id(1), data(0x9ca0c838), size(2432)
10-19 13:15:43.760 D/libgps  ( 3583): proxy__gps_sv_status_cb : called
10-19 13:15:43.760 D/GpsLocationProvider_ex( 3583): SV Count : 2 / TOP5 : 19 16 0 0 0 
10-19 13:15:44.760 D/libgps  ( 3583): OnGpsExtensionMessage: message_id(1), data(0x9ca0c838), size(2432)
10-19 13:15:44.760 D/libgps  ( 3583): proxy__gps_sv_status_cb : called
10-19 13:15:44.765 D/GpsLocationProvider_ex( 3583): SV Count : 2 / TOP5 : 19 16 0 0 0 
10-19 13:15:45.755 D/libgps  ( 3583): OnGpsExtensionMessage: message_id(1), data(0x9ca0c838), size(2432)
10-19 13:15:45.755 D/libgps  ( 3583): proxy__gps_sv_status_cb : called
10-19 13:15:45.755 D/GpsLocationProvider_ex( 3583): SV Count : 2 / TOP5 : 19 15 0 0 0 
10-19 13:15:46.740 D/libgps  ( 3583): OnGpsExtensionMessage: message_id(1), data(0x9ca0c838), size(2432)
10-19 13:15:46.740 D/libgps  ( 3583): proxy__gps_sv_status_cb : called
10-19 13:15:46.745 D/GpsLocationProvider_ex( 3583): SV Count : 2 / TOP5 : 19 15 0 0 0 
10-19 13:15:47.770 D/libgps  ( 3583): OnGpsExtensionMessage: message_id(1), data(0x9ca0c838), size(2432)
10-19 13:15:47.770 D/libgps  ( 3583): proxy__gps_sv_status_cb : called
10-19 13:15:47.775 D/GpsLocationProvider_ex( 3583): SV Count : 2 / TOP5 : 19 15 0 0 0 
10-19 13:15:48.755 D/libgps  ( 3583): OnGpsExtensionMessage: message_id(1), data(0x9ca0c838), size(2432)
10-19 13:15:48.755 D/libgps  ( 3583): proxy__gps_sv_status_cb : called
10-19 13:15:48.755 D/GpsLocationProvider_ex( 3583): SV Count : 2 / TOP5 : 19 14 0 0 0 
10-19 13:15:49.740 D/libgps  ( 3583): OnGpsExtensionMessage: message_id(1), data(0x9ca0c838), size(2432)
10-19 13:15:49.740 D/libgps  ( 3583): proxy__gps_sv_status_cb : called
10-19 13:15:49.745 D/GpsLocationProvider_ex( 3583): SV Count : 2 / TOP5 : 19 14 0 0 0 
10-19 13:15:49.775 D/KeyguardUpdateMonitor( 3756): received broadcast android.intent.action.BATTERY_CHANGED
10-19 13:15:49.775 D/KeyguardUpdateMonitor( 3756): handleBatteryUpdate
10-19 13:15:49.775 D/KeyguardFestivalEffect( 3756): onReceive: android.intent.action.BATTERY_CHANGED
10-19 13:15:49.785 I/BusinessExecutor( 4098): registered Task#33763 : PowerInfoEventSource$1
10-19 13:15:49.785 I/BusinessExecutor( 4098): Task#33763 : #run() called
10-19 13:15:49.785 I/BusinessExecutor( 4098): Task#33763 : #run() ended
10-19 13:15:49.790 D/ClientService( 4999): Battery State Change,  status: 2
10-19 13:15:49.790 D/ClientService( 4999): Battery State Change,  Plugged: 2
10-19 13:15:49.790 D/ClientService( 4999): Battery State Change,  level: 43
10-19 13:15:49.790 D/ClientService( 4999): Battery State Change,  scale: 100
10-19 13:15:50.760 D/libgps  ( 3583): OnGpsExtensionMessage: message_id(1), data(0x9ca0c838), size(2432)
10-19 13:15:50.760 D/libgps  ( 3583): proxy__gps_sv_status_cb : called
10-19 13:15:50.765 D/GpsLocationProvider_ex( 3583): SV Count : 2 / TOP5 : 19 14 0 0 0 
10-19 13:15:51.755 D/libgps  ( 3583): OnGpsExtensionMessage: message_id(1), data(0x9ca0c838), size(2432)
10-19 13:15:51.755 D/libgps  ( 3583): proxy__gps_sv_status_cb : called
10-19 13:15:51.755 D/GpsLocationProvider_ex( 3583): SV Count : 2 / TOP5 : 19 14 0 0 0 
10-19 13:15:52.760 D/libgps  ( 3583): OnGpsExtensionMessage: message_id(1), data(0x9ca0c838), size(2432)
10-19 13:15:52.760 D/libgps  ( 3583): proxy__gps_sv_status_cb : called
10-19 13:15:52.760 D/GpsLocationProvider_ex( 3583): SV Count : 2 / TOP5 : 19 14 0 0 0 
10-19 13:15:53.425 I/System.out( 4036): Broadcasting: Intent { act=android.intent.action.CELL_INFO_RES (has extras) }
10-19 13:15:53.760 D/libgps  ( 3583): OnGpsExtensionMessage: message_id(1), data(0x9ca0c838), size(2432)
10-19 13:15:53.760 D/libgps  ( 3583): proxy__gps_sv_status_cb : called
10-19 13:15:53.760 D/GpsLocationProvider_ex( 3583): SV Count : 2 / TOP5 : 19 13 0 0 0 
10-19 13:15:54.765 D/libgps  ( 3583): OnGpsExtensionMessage: message_id(1), data(0x9ca0c838), size(2432)
10-19 13:15:54.765 D/libgps  ( 3583): proxy__gps_sv_status_cb : called
10-19 13:15:54.765 D/GpsLocationProvider_ex( 3583): SV Count : 2 / TOP5 : 18 13 0 0 0 
10-19 13:15:55.755 D/libgps  ( 3583): OnGpsExtensionMessage: message_id(1), data(0x9ca0c838), size(2432)
10-19 13:15:55.755 D/libgps  ( 3583): proxy__gps_sv_status_cb : called
10-19 13:15:55.755 D/GpsLocationProvider_ex( 3583): SV Count : 2 / TOP5 : 18 13 0 0 0 
10-19 13:15:56.755 D/libgps  ( 3583): OnGpsExtensionMessage: message_id(1), data(0x9ca0c838), size(2432)
10-19 13:15:56.755 D/libgps  ( 3583): proxy__gps_sv_status_cb : called
10-19 13:15:56.760 D/GpsLocationProvider_ex( 3583): SV Count : 2 / TOP5 : 18 13 0 0 0 
10-19 13:15:57.750 D/libgps  ( 3583): OnGpsExtensionMessage: message_id(1), data(0x9ca0c838), size(2432)
10-19 13:15:57.750 D/libgps  ( 3583): proxy__gps_sv_status_cb : called
10-19 13:15:57.755 D/GpsLocationProvider_ex( 3583): SV Count : 2 / TOP5 : 18 13 0 0 0 
10-19 13:15:58.755 D/libgps  ( 3583): OnGpsExtensionMessage: message_id(1), data(0x9ca0c838), size(2432)
10-19 13:15:58.755 D/libgps  ( 3583): proxy__gps_sv_status_cb : called
10-19 13:15:58.755 D/GpsLocationProvider_ex( 3583): SV Count : 2 / TOP5 : 18 13 0 0 0 
10-19 13:15:59.755 D/libgps  ( 3583): OnGpsExtensionMessage: message_id(1), data(0x9ca0c838), size(2432)
10-19 13:15:59.755 D/libgps  ( 3583): proxy__gps_sv_status_cb : called
10-19 13:15:59.755 D/GpsLocationProvider_ex( 3583): SV Count : 2 / TOP5 : 18 13 0 0 0 
10-19 13:15:59.855 D/KeyguardUpdateMonitor( 3756): received broadcast android.intent.action.BATTERY_CHANGED
10-19 13:15:59.855 D/KeyguardUpdateMonitor( 3756): handleBatteryUpdate
10-19 13:15:59.855 D/KeyguardFestivalEffect( 3756): onReceive: android.intent.action.BATTERY_CHANGED
10-19 13:15:59.860 I/BusinessExecutor( 4098): registered Task#33764 : PowerInfoEventSource$1
10-19 13:15:59.865 I/BusinessExecutor( 4098): Task#33764 : #run() called
10-19 13:15:59.865 I/BusinessExecutor( 4098): Task#33764 : #run() ended
10-19 13:15:59.865 D/ClientService( 4999): Battery State Change,  status: 2
10-19 13:15:59.865 D/ClientService( 4999): Battery State Change,  Plugged: 2
10-19 13:15:59.865 D/ClientService( 4999): Battery State Change,  level: 43
10-19 13:15:59.865 D/ClientService( 4999): Battery State Change,  scale: 100
10-19 13:16:00.015 D/KeyguardUpdateMonitor( 3756): received broadcast android.intent.action.TIME_TICK
10-19 13:16:00.015 D/KeyguardUpdateMonitor( 3756): handleTimeUpdate
10-19 13:16:00.080 D/DateView( 3756): regionalDateFormat = 3333. 11. 22. isRTLlanguage = false returnDateFormat = MMMM d일 E요일
10-19 13:16:00.085 D/DateView( 3756): regionalDateFormat = 3333. 11. 22. isRTLlanguage = false returnDateFormat = MMMM d일 E요일
10-19 13:16:00.085 D/KeyguardEffectViewController( 3756): onReceive action : android.intent.action.TIME_TICK
10-19 13:16:00.085 I/KeyguardEffectViewController( 3756): *** don't update sliding image ***
10-19 13:16:00.755 D/libgps  ( 3583): OnGpsExtensionMessage: message_id(1), data(0x9ca0c838), size(2432)
10-19 13:16:00.755 D/libgps  ( 3583): proxy__gps_sv_status_cb : called
10-19 13:16:00.755 D/GpsLocationProvider_ex( 3583): SV Count : 2 / TOP5 : 18 13 0 0 0 
10-19 13:16:01.355 I/art     ( 4290): Explicit concurrent mark sweep GC freed 65788(2MB) AllocSpace objects, 3(300KB) LOS objects, 32% free, 33MB/49MB, paused 1.545ms total 76.600ms
10-19 13:16:01.755 D/libgps  ( 3583): OnGpsExtensionMessage: message_id(1), data(0x9ca0c838), size(2432)
10-19 13:16:01.755 D/libgps  ( 3583): proxy__gps_sv_status_cb : called
10-19 13:16:01.760 D/GpsLocationProvider_ex( 3583): SV Count : 2 / TOP5 : 18 12 0 0 0 
10-19 13:16:02.750 D/libgps  ( 3583): OnGpsExtensionMessage: message_id(1), data(0x9ca0c838), size(2432)
10-19 13:16:02.750 D/libgps  ( 3583): proxy__gps_sv_status_cb : called
10-19 13:16:02.750 D/GpsLocationProvider_ex( 3583): SV Count : 2 / TOP5 : 18 12 0 0 0 
10-19 13:16:03.745 D/libgps  ( 3583): OnGpsExtensionMessage: message_id(1), data(0x9ca0c838), size(2432)
10-19 13:16:03.745 D/libgps  ( 3583): proxy__gps_sv_status_cb : called
10-19 13:16:03.750 D/GpsLocationProvider_ex( 3583): SV Count : 2 / TOP5 : 18 12 0 0 0 
10-19 13:16:04.750 D/libgps  ( 3583): OnGpsExtensionMessage: message_id(1), data(0x9ca0c838), size(2432)
10-19 13:16:04.750 D/libgps  ( 3583): proxy__gps_sv_status_cb : called
10-19 13:16:04.750 D/GpsLocationProvider_ex( 3583): SV Count : 2 / TOP5 : 18 12 0 0 0 
10-19 13:16:05.745 D/libgps  ( 3583): OnGpsExtensionMessage: message_id(1), data(0x9ca0c838), size(2432)
10-19 13:16:05.745 D/libgps  ( 3583): proxy__gps_sv_status_cb : called
10-19 13:16:05.750 D/GpsLocationProvider_ex( 3583): SV Count : 2 / TOP5 : 18 12 0 0 0 
10-19 13:16:06.745 D/libgps  ( 3583): OnGpsExtensionMessage: message_id(1), data(0x9ca0c838), size(2432)
10-19 13:16:06.745 D/libgps  ( 3583): proxy__gps_sv_status_cb : called
10-19 13:16:06.745 D/GpsLocationProvider_ex( 3583): SV Count : 2 / TOP5 : 18 12 0 0 0 
10-19 13:16:07.755 D/libgps  ( 3583): OnGpsExtensionMessage: message_id(1), data(0x9ca0c838), size(2432)
10-19 13:16:07.755 D/libgps  ( 3583): proxy__gps_sv_status_cb : called
10-19 13:16:07.760 D/GpsLocationProvider_ex( 3583): SV Count : 2 / TOP5 : 18 12 0 0 0 
10-19 13:16:08.740 D/libgps  ( 3583): OnGpsExtensionMessage: message_id(1), data(0x9ca0c838), size(2432)
10-19 13:16:08.740 D/libgps  ( 3583): proxy__gps_sv_status_cb : called
10-19 13:16:08.745 D/GpsLocationProvider_ex( 3583): SV Count : 2 / TOP5 : 18 13 0 0 0 
10-19 13:16:09.740 D/libgps  ( 3583): OnGpsExtensionMessage: message_id(1), data(0x9ca0c838), size(2432)
10-19 13:16:09.740 D/libgps  ( 3583): proxy__gps_sv_status_cb : called
10-19 13:16:09.745 D/GpsLocationProvider_ex( 3583): SV Count : 2 / TOP5 : 19 13 0 0 0 
10-19 13:16:09.945 D/KeyguardUpdateMonitor( 3756): received broadcast android.intent.action.BATTERY_CHANGED
10-19 13:16:09.945 D/KeyguardUpdateMonitor( 3756): handleBatteryUpdate
10-19 13:16:09.950 D/KeyguardFestivalEffect( 3756): onReceive: android.intent.action.BATTERY_CHANGED
10-19 13:16:09.955 I/BusinessExecutor( 4098): registered Task#33765 : PowerInfoEventSource$1
10-19 13:16:09.955 I/BusinessExecutor( 4098): Task#33765 : #run() called
10-19 13:16:09.955 I/BusinessExecutor( 4098): Task#33765 : #run() ended
10-19 13:16:09.960 D/ClientService( 4999): Battery State Change,  status: 2
10-19 13:16:09.960 D/ClientService( 4999): Battery State Change,  Plugged: 2
10-19 13:16:09.960 D/ClientService( 4999): Battery State Change,  level: 43
10-19 13:16:09.960 D/ClientService( 4999): Battery State Change,  scale: 100
10-19 13:16:10.745 D/libgps  ( 3583): OnGpsExtensionMessage: message_id(1), data(0x9ca0c838), size(2432)
10-19 13:16:10.745 D/libgps  ( 3583): proxy__gps_sv_status_cb : called
10-19 13:16:10.745 D/GpsLocationProvider_ex( 3583): SV Count : 2 / TOP5 : 18 13 0 0 0 
10-19 13:16:11.745 D/libgps  ( 3583): OnGpsExtensionMessage: message_id(1), data(0x9ca0c838), size(2432)
10-19 13:16:11.745 D/libgps  ( 3583): proxy__gps_sv_status_cb : called
10-19 13:16:11.745 D/GpsLocationProvider_ex( 3583): SV Count : 2 / TOP5 : 18 13 0 0 0 
10-19 13:16:12.745 D/libgps  ( 3583): OnGpsExtensionMessage: message_id(1), data(0x9ca0c838), size(2432)
10-19 13:16:12.745 D/libgps  ( 3583): proxy__gps_sv_status_cb : called
10-19 13:16:12.745 D/GpsLocationProvider_ex( 3583): SV Count : 2 / TOP5 : 18 13 0 0 0 
10-19 13:16:13.745 D/libgps  ( 3583): OnGpsExtensionMessage: message_id(1), data(0x9ca0c838), size(2432)
10-19 13:16:13.745 D/libgps  ( 3583): proxy__gps_sv_status_cb : called
10-19 13:16:13.745 D/GpsLocationProvider_ex( 3583): SV Count : 2 / TOP5 : 17 13 0 0 0 
10-19 13:16:14.750 D/libgps  ( 3583): OnGpsExtensionMessage: message_id(1), data(0x9ca0c838), size(2432)
10-19 13:16:14.750 D/libgps  ( 3583): proxy__gps_sv_status_cb : called
10-19 13:16:14.750 D/GpsLocationProvider_ex( 3583): SV Count : 2 / TOP5 : 17 13 0 0 0 
10-19 13:16:15.750 D/libgps  ( 3583): OnGpsExtensionMessage: message_id(1), data(0x9ca0c838), size(2432)
10-19 13:16:15.750 D/libgps  ( 3583): proxy__gps_sv_status_cb : called
10-19 13:16:15.750 D/GpsLocationProvider_ex( 3583): SV Count : 2 / TOP5 : 16 13 0 0 0 
10-19 13:16:16.750 D/libgps  ( 3583): OnGpsExtensionMessage: message_id(1), data(0x9ca0c838), size(2432)
10-19 13:16:16.750 D/libgps  ( 3583): proxy__gps_sv_status_cb : called
10-19 13:16:16.750 D/GpsLocationProvider_ex( 3583): SV Count : 2 / TOP5 : 16 13 0 0 0 
10-19 13:16:17.750 D/libgps  ( 3583): OnGpsExtensionMessage: message_id(1), data(0x9ca0c838), size(2432)
10-19 13:16:17.750 D/libgps  ( 3583): proxy__gps_sv_status_cb : called
10-19 13:16:17.750 D/GpsLocationProvider_ex( 3583): SV Count : 2 / TOP5 : 15 14 0 0 0 
10-19 13:16:18.755 D/libgps  ( 3583): OnGpsExtensionMessage: message_id(1), data(0x9ca0c838), size(2432)
10-19 13:16:18.755 D/libgps  ( 3583): proxy__gps_sv_status_cb : called
10-19 13:16:18.760 D/GpsLocationProvider_ex( 3583): SV Count : 2 / TOP5 : 15 14 0 0 0 
10-19 13:16:19.755 D/libgps  ( 3583): OnGpsExtensionMessage: message_id(1), data(0x9ca0c838), size(2432)
10-19 13:16:19.755 D/libgps  ( 3583): proxy__gps_sv_status_cb : called
10-19 13:16:19.755 D/GpsLocationProvider_ex( 3583): SV Count : 2 / TOP5 : 15 14 0 0 0 
10-19 13:16:20.050 D/KeyguardUpdateMonitor( 3756): received broadcast android.intent.action.BATTERY_CHANGED
10-19 13:16:20.050 D/KeyguardUpdateMonitor( 3756): handleBatteryUpdate
10-19 13:16:20.050 D/KeyguardFestivalEffect( 3756): onReceive: android.intent.action.BATTERY_CHANGED
10-19 13:16:20.060 I/BusinessExecutor( 4098): registered Task#33766 : PowerInfoEventSource$1
10-19 13:16:20.060 I/BusinessExecutor( 4098): Task#33766 : #run() called
10-19 13:16:20.060 I/BusinessExecutor( 4098): Task#33766 : #run() ended
10-19 13:16:20.065 D/ClientService( 4999): Battery State Change,  status: 2
10-19 13:16:20.065 D/ClientService( 4999): Battery State Change,  Plugged: 2
10-19 13:16:20.065 D/ClientService( 4999): Battery State Change,  level: 43
10-19 13:16:20.065 D/ClientService( 4999): Battery State Change,  scale: 100
10-19 13:16:20.320 D/StatusBar.NetworkController( 3756): onSignalStrengthsChanged signalStrength=SignalStrength: 99 99 -120 -160 -120 -1 -1 63 -66 -5 230 15 2147483647 0x4 gsm|lte level=4
10-19 13:16:20.320 D/StatusBar.NetworkController( 3756): updateTelephonySignalStrength: hasService=true ss=SignalStrength: 99 99 -120 -160 -120 -1 -1 63 -66 -5 230 15 2147483647 0x4 gsm|lte
10-19 13:16:20.320 D/StatusBar.NetworkController( 3756): updateTelephonySignalStrength -mTransitionState : false
10-19 13:16:20.320 D/StatusBar.NetworkController( 3756): refreshViews connected={ data } level=4 combinedSignalIconId=0x7f0205fe/com.android.systemui:drawable/stat_sys_signal_4_auto_rotate mobileLabel=SKTelecom wifiLabel= emergencyOnly=false combinedLabel=SKTelecom mAirplaneMode=false mDataActivity=0 mPhoneSignalIconId=0x7f0205fe/com.android.systemui:drawable/stat_sys_signal_4_auto_rotate mQSPhoneSignalIconId=0x7f0201ac/com.android.systemui:drawable/ic_qs_signal_no_signal mDataDirectionIconId=0x7f020484/com.android.systemui:drawable/stat_sys_data_fully_connected_lte mDataSignalIconId=0x7f0205fe/com.android.systemui:drawable/stat_sys_signal_4_auto_rotate mDataTypeIconId=0x7f02046a/com.android.systemui:drawable/stat_sys_data_connected_lte mQSDataTypeIconId=0x7f0201ab/com.android.systemui:drawable/ic_qs_signal_lte mNoSimIconId=0x0/(null) mWifiIconId=0x0/(null) mQSWifiIconId=0x0/(null) mWifiActivityIconId=0x0/(null) mBluetoothTetherIconId=0x10808ee/android:drawable/stat_sys_tether_bluetooth
10-19 13:16:20.320 D/STATUSBAR-WifiQuickSettingButton( 3756): onWifiSignalChanged enabled=false enabledDesc:null
10-19 13:16:20.320 D/StatusBar.NetworkController( 3756): UPDATE_STRENGTH -mPreSvcSate: 2, mCurSvcSate: 2
10-19 13:16:20.320 D/StatusBar.NetworkController( 3756): mKeepFakeState =false
10-19 13:16:20.325 D/StatusBar.NetworkController( 3756): UPDATE_STRENGTH - 4, 4
10-19 13:16:20.325 D/StatusBar.NetworkController( 3756): UPDATE_STRENGTH(IN_SVC) -no diff 4, 4
10-19 13:16:20.760 D/libgps  ( 3583): OnGpsExtensionMessage: message_id(1), data(0x9ca0c838), size(2432)
10-19 13:16:20.760 D/libgps  ( 3583): proxy__gps_sv_status_cb : called
10-19 13:16:20.760 D/GpsLocationProvider_ex( 3583): SV Count : 2 / TOP5 : 15 14 0 0 0 
10-19 13:16:21.760 D/libgps  ( 3583): OnGpsExtensionMessage: message_id(1), data(0x9ca0c838), size(2432)
10-19 13:16:21.760 D/libgps  ( 3583): proxy__gps_sv_status_cb : called
10-19 13:16:21.760 D/GpsLocationProvider_ex( 3583): SV Count : 2 / TOP5 : 15 14 0 0 0 
10-19 13:16:22.765 D/libgps  ( 3583): OnGpsExtensionMessage: message_id(1), data(0x9ca0c838), size(2432)
10-19 13:16:22.765 D/libgps  ( 3583): proxy__gps_sv_status_cb : called
10-19 13:16:22.765 D/GpsLocationProvider_ex( 3583): SV Count : 2 / TOP5 : 15 14 0 0 0 
10-19 13:16:23.760 D/libgps  ( 3583): OnGpsExtensionMessage: message_id(1), data(0x9ca0c838), size(2432)
10-19 13:16:23.760 D/libgps  ( 3583): proxy__gps_sv_status_cb : called
10-19 13:16:23.765 D/GpsLocationProvider_ex( 3583): SV Count : 2 / TOP5 : 14 14 0 0 0 
10-19 13:16:24.770 D/libgps  ( 3583): OnGpsExtensionMessage: message_id(1), data(0x9ca0c838), size(2432)
10-19 13:16:24.770 D/libgps  ( 3583): proxy__gps_sv_status_cb : called
10-19 13:16:24.770 D/GpsLocationProvider_ex( 3583): SV Count : 2 / TOP5 : 14 14 0 0 0 
10-19 13:16:25.765 D/libgps  ( 3583): OnGpsExtensionMessage: message_id(1), data(0x9ca0c838), size(2432)
10-19 13:16:25.765 D/libgps  ( 3583): proxy__gps_sv_status_cb : called
10-19 13:16:25.770 D/GpsLocationProvider_ex( 3583): SV Count : 2 / TOP5 : 14 14 0 0 0 
10-19 13:16:26.760 D/libgps  ( 3583): OnGpsExtensionMessage: message_id(1), data(0x9ca0c838), size(2432)
10-19 13:16:26.760 D/libgps  ( 3583): proxy__gps_sv_status_cb : called
10-19 13:16:26.760 D/GpsLocationProvider_ex( 3583): SV Count : 2 / TOP5 : 14 13 0 0 0 
10-19 13:16:27.745 D/libgps  ( 3583): OnGpsExtensionMessage: message_id(1), data(0x9ca0c838), size(2432)
10-19 13:16:27.745 D/libgps  ( 3583): proxy__gps_sv_status_cb : called
10-19 13:16:27.750 D/GpsLocationProvider_ex( 3583): SV Count : 2 / TOP5 : 14 13 0 0 0 
10-19 13:16:28.755 D/libgps  ( 3583): OnGpsExtensionMessage: message_id(1), data(0x9ca0c838), size(2432)
10-19 13:16:28.755 D/libgps  ( 3583): proxy__gps_sv_status_cb : called
10-19 13:16:28.760 D/GpsLocationProvider_ex( 3583): SV Count : 2 / TOP5 : 14 13 0 0 0 
10-19 13:16:29.760 D/libgps  ( 3583): OnGpsExtensionMessage: message_id(1), data(0x9ca0c838), size(2432)
10-19 13:16:29.760 D/libgps  ( 3583): proxy__gps_sv_status_cb : called
10-19 13:16:29.765 D/GpsLocationProvider_ex( 3583): SV Count : 2 / TOP5 : 14 13 0 0 0 
10-19 13:16:30.150 D/KeyguardUpdateMonitor( 3756): received broadcast android.intent.action.BATTERY_CHANGED
10-19 13:16:30.150 D/KeyguardUpdateMonitor( 3756): handleBatteryUpdate
10-19 13:16:30.150 D/KeyguardFestivalEffect( 3756): onReceive: android.intent.action.BATTERY_CHANGED
10-19 13:16:30.160 I/BusinessExecutor( 4098): registered Task#33767 : PowerInfoEventSource$1
10-19 13:16:30.160 I/BusinessExecutor( 4098): Task#33767 : #run() called
10-19 13:16:30.160 I/BusinessExecutor( 4098): Task#33767 : #run() ended
10-19 13:16:30.165 D/ClientService( 4999): Battery State Change,  status: 2
10-19 13:16:30.165 D/ClientService( 4999): Battery State Change,  Plugged: 2
10-19 13:16:30.165 D/ClientService( 4999): Battery State Change,  level: 43
10-19 13:16:30.165 D/ClientService( 4999): Battery State Change,  scale: 100
10-19 13:16:30.765 D/libgps  ( 3583): OnGpsExtensionMessage: message_id(1), data(0x9ca0c838), size(2432)
10-19 13:16:30.765 D/libgps  ( 3583): proxy__gps_sv_status_cb : called
10-19 13:16:30.770 D/GpsLocationProvider_ex( 3583): SV Count : 2 / TOP5 : 14 13 0 0 0 
10-19 13:16:31.755 D/libgps  ( 3583): OnGpsExtensionMessage: message_id(1), data(0x9ca0c838), size(2432)
10-19 13:16:31.755 D/libgps  ( 3583): proxy__gps_sv_status_cb : called
10-19 13:16:31.755 D/GpsLocationProvider_ex( 3583): SV Count : 2 / TOP5 : 14 13 0 0 0 
10-19 13:16:32.760 D/libgps  ( 3583): OnGpsExtensionMessage: message_id(1), data(0x9ca0c838), size(2432)
10-19 13:16:32.760 D/libgps  ( 3583): proxy__gps_sv_status_cb : called
10-19 13:16:32.760 D/GpsLocationProvider_ex( 3583): SV Count : 2 / TOP5 : 14 14 0 0 0 
10-19 13:16:33.755 D/libgps  ( 3583): OnGpsExtensionMessage: message_id(1), data(0x9ca0c838), size(2432)
10-19 13:16:33.755 D/libgps  ( 3583): proxy__gps_sv_status_cb : called
10-19 13:16:33.755 D/GpsLocationProvider_ex( 3583): SV Count : 2 / TOP5 : 14 14 0 0 0 
10-19 13:16:34.755 D/libgps  ( 3583): OnGpsExtensionMessage: message_id(1), data(0x9ca0c838), size(2432)
10-19 13:16:34.755 D/libgps  ( 3583): proxy__gps_sv_status_cb : called
10-19 13:16:34.755 D/GpsLocationProvider_ex( 3583): SV Count : 2 / TOP5 : 14 14 0 0 0 
10-19 13:16:35.755 D/libgps  ( 3583): OnGpsExtensionMessage: message_id(1), data(0x9ca0c838), size(2432)
10-19 13:16:35.755 D/libgps  ( 3583): proxy__gps_sv_status_cb : called
10-19 13:16:35.760 D/GpsLocationProvider_ex( 3583): SV Count : 2 / TOP5 : 14 14 0 0 0 
10-19 13:16:36.755 D/libgps  ( 3583): OnGpsExtensionMessage: message_id(1), data(0x9ca0c838), size(2432)
10-19 13:16:36.755 D/libgps  ( 3583): proxy__gps_sv_status_cb : called
10-19 13:16:36.755 D/GpsLocationProvider_ex( 3583): SV Count : 2 / TOP5 : 14 14 0 0 0 
10-19 13:16:37.760 D/libgps  ( 3583): OnGpsExtensionMessage: message_id(1), data(0x9ca0c838), size(2432)
10-19 13:16:37.760 D/libgps  ( 3583): proxy__gps_sv_status_cb : called
10-19 13:16:37.760 D/GpsLocationProvider_ex( 3583): SV Count : 2 / TOP5 : 13 13 0 0 0 
10-19 13:16:38.765 D/libgps  ( 3583): OnGpsExtensionMessage: message_id(1), data(0x9ca0c838), size(2432)
10-19 13:16:38.765 D/libgps  ( 3583): proxy__gps_sv_status_cb : called
10-19 13:16:38.765 D/GpsLocationProvider_ex( 3583): SV Count : 2 / TOP5 : 13 13 0 0 0 
10-19 13:16:39.755 D/libgps  ( 3583): OnGpsExtensionMessage: message_id(1), data(0x9ca0c838), size(2432)
10-19 13:16:39.755 D/libgps  ( 3583): proxy__gps_sv_status_cb : called
10-19 13:16:39.755 D/GpsLocationProvider_ex( 3583): SV Count : 2 / TOP5 : 13 13 0 0 0 
10-19 13:16:40.245 D/KeyguardUpdateMonitor( 3756): received broadcast android.intent.action.BATTERY_CHANGED
10-19 13:16:40.245 D/KeyguardUpdateMonitor( 3756): handleBatteryUpdate
10-19 13:16:40.245 D/KeyguardFestivalEffect( 3756): onReceive: android.intent.action.BATTERY_CHANGED
10-19 13:16:40.255 I/BusinessExecutor( 4098): registered Task#33768 : PowerInfoEventSource$1
10-19 13:16:40.255 I/BusinessExecutor( 4098): Task#33768 : #run() called
10-19 13:16:40.255 I/BusinessExecutor( 4098): Task#33768 : #run() ended
10-19 13:16:40.260 D/ClientService( 4999): Battery State Change,  status: 2
10-19 13:16:40.260 D/ClientService( 4999): Battery State Change,  Plugged: 2
10-19 13:16:40.260 D/ClientService( 4999): Battery State Change,  level: 43
10-19 13:16:40.260 D/ClientService( 4999): Battery State Change,  scale: 100
10-19 13:16:40.750 D/libgps  ( 3583): OnGpsExtensionMessage: message_id(1), data(0x9ca0c838), size(2432)
10-19 13:16:40.750 D/libgps  ( 3583): proxy__gps_sv_status_cb : called
10-19 13:16:40.750 D/GpsLocationProvider_ex( 3583): SV Count : 2 / TOP5 : 13 13 0 0 0 
10-19 13:16:41.770 D/libgps  ( 3583): OnGpsExtensionMessage: message_id(1), data(0x9ca0c838), size(2432)
10-19 13:16:41.770 D/libgps  ( 3583): proxy__gps_sv_status_cb : called
10-19 13:16:41.770 D/GpsLocationProvider_ex( 3583): SV Count : 2 / TOP5 : 13 13 0 0 0 
10-19 13:16:42.760 D/libgps  ( 3583): OnGpsExtensionMessage: message_id(1), data(0x9ca0c838), size(2432)
10-19 13:16:42.760 D/libgps  ( 3583): proxy__gps_sv_status_cb : called
10-19 13:16:42.760 D/GpsLocationProvider_ex( 3583): SV Count : 2 / TOP5 : 13 12 0 0 0 
10-19 13:16:43.765 D/libgps  ( 3583): OnGpsExtensionMessage: message_id(1), data(0x9ca0c838), size(2432)
10-19 13:16:43.765 D/libgps  ( 3583): proxy__gps_sv_status_cb : called
10-19 13:16:43.770 D/GpsLocationProvider_ex( 3583): SV Count : 2 / TOP5 : 13 12 0 0 0 
10-19 13:16:44.755 D/libgps  ( 3583): OnGpsExtensionMessage: message_id(1), data(0x9ca0c838), size(2432)
10-19 13:16:44.755 D/libgps  ( 3583): proxy__gps_sv_status_cb : called
10-19 13:16:44.760 D/GpsLocationProvider_ex( 3583): SV Count : 2 / TOP5 : 12 12 0 0 0 
10-19 13:16:45.765 D/libgps  ( 3583): OnGpsExtensionMessage: message_id(1), data(0x9ca0c838), size(2432)
10-19 13:16:45.765 D/libgps  ( 3583): proxy__gps_sv_status_cb : called
10-19 13:16:45.765 D/GpsLocationProvider_ex( 3583): SV Count : 2 / TOP5 : 13 12 0 0 0 
10-19 13:16:45.920 D/StatusBar.NetworkController( 3756): onSignalStrengthsChanged signalStrength=SignalStrength: 99 99 -120 -160 -120 -1 -1 63 -64 -9 140 15 2147483647 0x4 gsm|lte level=4
10-19 13:16:45.920 D/StatusBar.NetworkController( 3756): updateTelephonySignalStrength: hasService=true ss=SignalStrength: 99 99 -120 -160 -120 -1 -1 63 -64 -9 140 15 2147483647 0x4 gsm|lte
10-19 13:16:45.920 D/StatusBar.NetworkController( 3756): updateTelephonySignalStrength -mTransitionState : false
10-19 13:16:45.920 D/StatusBar.NetworkController( 3756): refreshViews connected={ data } level=4 combinedSignalIconId=0x7f0205fe/com.android.systemui:drawable/stat_sys_signal_4_auto_rotate mobileLabel=SKTelecom wifiLabel= emergencyOnly=false combinedLabel=SKTelecom mAirplaneMode=false mDataActivity=0 mPhoneSignalIconId=0x7f0205fe/com.android.systemui:drawable/stat_sys_signal_4_auto_rotate mQSPhoneSignalIconId=0x7f0201ac/com.android.systemui:drawable/ic_qs_signal_no_signal mDataDirectionIconId=0x7f020484/com.android.systemui:drawable/stat_sys_data_fully_connected_lte mDataSignalIconId=0x7f0205fe/com.android.systemui:drawable/stat_sys_signal_4_auto_rotate mDataTypeIconId=0x7f02046a/com.android.systemui:drawable/stat_sys_data_connected_lte mQSDataTypeIconId=0x7f0201ab/com.android.systemui:drawable/ic_qs_signal_lte mNoSimIconId=0x0/(null) mWifiIconId=0x0/(null) mQSWifiIconId=0x0/(null) mWifiActivityIconId=0x0/(null) mBluetoothTetherIconId=0x10808ee/android:drawable/stat_sys_tether_bluetooth
10-19 13:16:45.920 D/STATUSBAR-WifiQuickSettingButton( 3756): onWifiSignalChanged enabled=false enabledDesc:null
10-19 13:16:45.920 D/StatusBar.NetworkController( 3756): UPDATE_STRENGTH -mPreSvcSate: 2, mCurSvcSate: 2
10-19 13:16:45.920 D/StatusBar.NetworkController( 3756): mKeepFakeState =false
10-19 13:16:45.920 D/StatusBar.NetworkController( 3756): UPDATE_STRENGTH - 4, 4
10-19 13:16:45.925 D/StatusBar.NetworkController( 3756): UPDATE_STRENGTH(IN_SVC) -no diff 4, 4
10-19 13:16:46.765 D/libgps  ( 3583): OnGpsExtensionMessage: message_id(1), data(0x9ca0c838), size(2432)
10-19 13:16:46.765 D/libgps  ( 3583): proxy__gps_sv_status_cb : called
10-19 13:16:46.765 D/GpsLocationProvider_ex( 3583): SV Count : 2 / TOP5 : 12 11 0 0 0 
10-19 13:16:47.755 D/libgps  ( 3583): OnGpsExtensionMessage: message_id(1), data(0x9ca0c838), size(2432)
10-19 13:16:47.755 D/libgps  ( 3583): proxy__gps_sv_status_cb : called
10-19 13:16:47.760 D/GpsLocationProvider_ex( 3583): SV Count : 2 / TOP5 : 12 11 0 0 0 
10-19 13:16:48.760 D/libgps  ( 3583): OnGpsExtensionMessage: message_id(1), data(0x9ca0c838), size(2432)
10-19 13:16:48.760 D/libgps  ( 3583): proxy__gps_sv_status_cb : called
10-19 13:16:48.765 D/GpsLocationProvider_ex( 3583): SV Count : 2 / TOP5 : 12 11 0 0 0 
10-19 13:16:49.760 D/libgps  ( 3583): OnGpsExtensionMessage: message_id(1), data(0x9ca0c838), size(2432)
10-19 13:16:49.760 D/libgps  ( 3583): proxy__gps_sv_status_cb : called
10-19 13:16:49.760 D/GpsLocationProvider_ex( 3583): SV Count : 2 / TOP5 : 12 11 0 0 0 
10-19 13:16:50.340 D/KeyguardUpdateMonitor( 3756): received broadcast android.intent.action.BATTERY_CHANGED
10-19 13:16:50.345 D/KeyguardUpdateMonitor( 3756): handleBatteryUpdate
10-19 13:16:50.345 D/KeyguardFestivalEffect( 3756): onReceive: android.intent.action.BATTERY_CHANGED
10-19 13:16:50.350 I/BusinessExecutor( 4098): registered Task#33769 : PowerInfoEventSource$1
10-19 13:16:50.350 I/BusinessExecutor( 4098): Task#33769 : #run() called
10-19 13:16:50.350 I/BusinessExecutor( 4098): Task#33769 : #run() ended
10-19 13:16:50.355 D/ClientService( 4999): Battery State Change,  status: 2
10-19 13:16:50.355 D/ClientService( 4999): Battery State Change,  Plugged: 2
10-19 13:16:50.355 D/ClientService( 4999): Battery State Change,  level: 43
10-19 13:16:50.355 D/ClientService( 4999): Battery State Change,  scale: 100
10-19 13:16:50.755 D/libgps  ( 3583): OnGpsExtensionMessage: message_id(1), data(0x9ca0c838), size(2432)
10-19 13:16:50.755 D/libgps  ( 3583): proxy__gps_sv_status_cb : called
10-19 13:16:50.755 D/GpsLocationProvider_ex( 3583): SV Count : 2 / TOP5 : 12 10 0 0 0 
10-19 13:16:51.755 D/libgps  ( 3583): OnGpsExtensionMessage: message_id(1), data(0x9ca0c838), size(2432)
10-19 13:16:51.755 D/libgps  ( 3583): proxy__gps_sv_status_cb : called
10-19 13:16:51.760 D/GpsLocationProvider_ex( 3583): SV Count : 2 / TOP5 : 12 10 0 0 0 
10-19 13:16:52.760 D/libgps  ( 3583): OnGpsExtensionMessage: message_id(1), data(0x9ca0c838), size(2432)
10-19 13:16:52.760 D/libgps  ( 3583): proxy__gps_sv_status_cb : called
10-19 13:16:52.765 D/GpsLocationProvider_ex( 3583): SV Count : 2 / TOP5 : 12 11 0 0 0 
10-19 13:16:53.585 I/System.out( 4036): Broadcasting: Intent { act=android.intent.action.CELL_INFO_RES (has extras) }
10-19 13:16:53.760 D/libgps  ( 3583): OnGpsExtensionMessage: message_id(1), data(0x9ca0c838), size(2432)
10-19 13:16:53.760 D/libgps  ( 3583): proxy__gps_sv_status_cb : called
10-19 13:16:53.760 D/GpsLocationProvider_ex( 3583): SV Count : 2 / TOP5 : 12 11 0 0 0 
10-19 13:16:54.765 D/libgps  ( 3583): OnGpsExtensionMessage: message_id(1), data(0x9ca0c838), size(2432)
10-19 13:16:54.765 D/libgps  ( 3583): proxy__gps_sv_status_cb : called
10-19 13:16:54.765 D/GpsLocationProvider_ex( 3583): SV Count : 2 / TOP5 : 11 11 0 0 0 
10-19 13:16:55.765 D/libgps  ( 3583): OnGpsExtensionMessage: message_id(1), data(0x9ca0c838), size(2432)
10-19 13:16:55.765 D/libgps  ( 3583): proxy__gps_sv_status_cb : called
10-19 13:16:55.765 D/GpsLocationProvider_ex( 3583): SV Count : 2 / TOP5 : 11 11 0 0 0 
10-19 13:16:56.760 D/libgps  ( 3583): OnGpsExtensionMessage: message_id(1), data(0x9ca0c838), size(2432)
10-19 13:16:56.760 D/libgps  ( 3583): proxy__gps_sv_status_cb : called
10-19 13:16:56.765 D/GpsLocationProvider_ex( 3583): SV Count : 2 / TOP5 : 11 10 0 0 0 
10-19 13:16:57.760 D/libgps  ( 3583): OnGpsExtensionMessage: message_id(1), data(0x9ca0c838), size(2432)
10-19 13:16:57.760 D/libgps  ( 3583): proxy__gps_sv_status_cb : called
10-19 13:16:57.760 D/GpsLocationProvider_ex( 3583): SV Count : 2 / TOP5 : 11 10 0 0 0 
10-19 13:16:58.760 D/libgps  ( 3583): OnGpsExtensionMessage: message_id(1), data(0x9ca0c838), size(2432)
10-19 13:16:58.760 D/libgps  ( 3583): proxy__gps_sv_status_cb : called
10-19 13:16:58.760 D/GpsLocationProvider_ex( 3583): SV Count : 2 / TOP5 : 10 10 0 0 0 
10-19 13:16:59.760 D/libgps  ( 3583): OnGpsExtensionMessage: message_id(1), data(0x9ca0c838), size(2432)
10-19 13:16:59.760 D/libgps  ( 3583): proxy__gps_sv_status_cb : called
10-19 13:16:59.760 D/GpsLocationProvider_ex( 3583): SV Count : 2 / TOP5 : 10 10 0 0 0 
10-19 13:17:00.010 D/KeyguardUpdateMonitor( 3756): received broadcast android.intent.action.TIME_TICK
10-19 13:17:00.010 D/KeyguardUpdateMonitor( 3756): handleTimeUpdate
10-19 13:17:00.095 D/DateView( 3756): regionalDateFormat = 3333. 11. 22. isRTLlanguage = false returnDateFormat = MMMM d일 E요일
10-19 13:17:00.100 D/DateView( 3756): regionalDateFormat = 3333. 11. 22. isRTLlanguage = false returnDateFormat = MMMM d일 E요일
10-19 13:17:00.105 D/KeyguardEffectViewController( 3756): onReceive action : android.intent.action.TIME_TICK
10-19 13:17:00.105 I/KeyguardEffectViewController( 3756): *** don't update sliding image ***
10-19 13:17:00.440 D/KeyguardUpdateMonitor( 3756): received broadcast android.intent.action.BATTERY_CHANGED
10-19 13:17:00.440 D/KeyguardUpdateMonitor( 3756): handleBatteryUpdate
10-19 13:17:00.440 D/KeyguardFestivalEffect( 3756): onReceive: android.intent.action.BATTERY_CHANGED
10-19 13:17:00.450 I/BusinessExecutor( 4098): registered Task#33770 : PowerInfoEventSource$1
10-19 13:17:00.450 I/BusinessExecutor( 4098): Task#33770 : #run() called
10-19 13:17:00.450 I/BusinessExecutor( 4098): Task#33770 : #run() ended
10-19 13:17:00.455 D/ClientService( 4999): Battery State Change,  status: 2
10-19 13:17:00.455 D/ClientService( 4999): Battery State Change,  Plugged: 2
10-19 13:17:00.455 D/ClientService( 4999): Battery State Change,  level: 43
10-19 13:17:00.455 D/ClientService( 4999): Battery State Change,  scale: 100
10-19 13:17:00.760 D/libgps  ( 3583): OnGpsExtensionMessage: message_id(1), data(0x9ca0c838), size(2432)
10-19 13:17:00.760 D/libgps  ( 3583): proxy__gps_sv_status_cb : called
10-19 13:17:00.765 D/GpsLocationProvider_ex( 3583): SV Count : 2 / TOP5 : 10 10 0 0 0 
10-19 13:17:01.745 D/libgps  ( 3583): OnGpsExtensionMessage: message_id(1), data(0x9ca0c838), size(2432)
10-19 13:17:01.745 D/libgps  ( 3583): proxy__gps_sv_status_cb : called
10-19 13:17:01.745 D/GpsLocationProvider_ex( 3583): SV Count : 2 / TOP5 : 10 10 0 0 0 
10-19 13:17:02.760 D/libgps  ( 3583): OnGpsExtensionMessage: message_id(1), data(0x9ca0c838), size(2432)
10-19 13:17:02.760 D/libgps  ( 3583): proxy__gps_sv_status_cb : called
10-19 13:17:02.760 D/GpsLocationProvider_ex( 3583): SV Count : 2 / TOP5 : 10 10 0 0 0 
10-19 13:17:03.760 D/libgps  ( 3583): OnGpsExtensionMessage: message_id(1), data(0x9ca0c838), size(2432)
10-19 13:17:03.760 D/libgps  ( 3583): proxy__gps_sv_status_cb : called
10-19 13:17:03.760 D/GpsLocationProvider_ex( 3583): SV Count : 2 / TOP5 : 11 10 0 0 0 
10-19 13:17:04.755 D/libgps  ( 3583): OnGpsExtensionMessage: message_id(1), data(0x9ca0c838), size(2432)
10-19 13:17:04.755 D/libgps  ( 3583): proxy__gps_sv_status_cb : called
10-19 13:17:04.755 D/GpsLocationProvider_ex( 3583): SV Count : 2 / TOP5 : 12 9 0 0 0 
10-19 13:17:05.770 D/libgps  ( 3583): OnGpsExtensionMessage: message_id(1), data(0x9ca0c838), size(2432)
10-19 13:17:05.770 D/libgps  ( 3583): proxy__gps_sv_status_cb : called
10-19 13:17:05.770 D/GpsLocationProvider_ex( 3583): SV Count : 2 / TOP5 : 12 9 0 0 0 
10-19 13:17:06.765 D/libgps  ( 3583): OnGpsExtensionMessage: message_id(1), data(0x9ca0c838), size(2432)
10-19 13:17:06.765 D/libgps  ( 3583): proxy__gps_sv_status_cb : called
10-19 13:17:06.765 D/GpsLocationProvider_ex( 3583): SV Count : 2 / TOP5 : 12 9 0 0 0 
10-19 13:17:07.765 D/libgps  ( 3583): OnGpsExtensionMessage: message_id(1), data(0x9ca0c838), size(2432)
10-19 13:17:07.765 D/libgps  ( 3583): proxy__gps_sv_status_cb : called
10-19 13:17:07.765 D/GpsLocationProvider_ex( 3583): SV Count : 2 / TOP5 : 12 9 0 0 0 
10-19 13:17:08.760 D/libgps  ( 3583): OnGpsExtensionMessage: message_id(1), data(0x9ca0c838), size(2432)
10-19 13:17:08.760 D/libgps  ( 3583): proxy__gps_sv_status_cb : called
10-19 13:17:08.760 D/GpsLocationProvider_ex( 3583): SV Count : 2 / TOP5 : 12 10 0 0 0 
10-19 13:17:09.760 D/libgps  ( 3583): OnGpsExtensionMessage: message_id(1), data(0x9ca0c838), size(2432)
10-19 13:17:09.760 D/libgps  ( 3583): proxy__gps_sv_status_cb : called
10-19 13:17:09.760 D/GpsLocationProvider_ex( 3583): SV Count : 2 / TOP5 : 11 10 0 0 0 
10-19 13:17:10.535 D/KeyguardUpdateMonitor( 3756): received broadcast android.intent.action.BATTERY_CHANGED
10-19 13:17:10.535 D/KeyguardUpdateMonitor( 3756): handleBatteryUpdate
10-19 13:17:10.535 D/KeyguardFestivalEffect( 3756): onReceive: android.intent.action.BATTERY_CHANGED
10-19 13:17:10.545 I/BusinessExecutor( 4098): registered Task#33771 : PowerInfoEventSource$1
10-19 13:17:10.545 I/BusinessExecutor( 4098): Task#33771 : #run() called
10-19 13:17:10.545 I/BusinessExecutor( 4098): Task#33771 : #run() ended
10-19 13:17:10.550 D/ClientService( 4999): Battery State Change,  status: 2
10-19 13:17:10.550 D/ClientService( 4999): Battery State Change,  Plugged: 2
10-19 13:17:10.550 D/ClientService( 4999): Battery State Change,  level: 43
10-19 13:17:10.550 D/ClientService( 4999): Battery State Change,  scale: 100
10-19 13:17:10.760 D/libgps  ( 3583): OnGpsExtensionMessage: message_id(1), data(0x9ca0c838), size(2432)
10-19 13:17:10.760 D/libgps  ( 3583): proxy__gps_sv_status_cb : called
10-19 13:17:10.765 D/GpsLocationProvider_ex( 3583): SV Count : 2 / TOP5 : 11 10 0 0 0 
10-19 13:17:11.755 D/libgps  ( 3583): OnGpsExtensionMessage: message_id(1), data(0x9ca0c838), size(2432)
10-19 13:17:11.755 D/libgps  ( 3583): proxy__gps_sv_status_cb : called
10-19 13:17:11.755 D/GpsLocationProvider_ex( 3583): SV Count : 2 / TOP5 : 11 10 0 0 0 
10-19 13:17:12.765 D/libgps  ( 3583): OnGpsExtensionMessage: message_id(1), data(0x9ca0c838), size(2432)
10-19 13:17:12.765 D/libgps  ( 3583): proxy__gps_sv_status_cb : called
10-19 13:17:12.765 D/GpsLocationProvider_ex( 3583): SV Count : 2 / TOP5 : 11 10 0 0 0 
10-19 13:17:13.760 D/libgps  ( 3583): OnGpsExtensionMessage: message_id(1), data(0x9ca0c838), size(2432)
10-19 13:17:13.760 D/libgps  ( 3583): proxy__gps_sv_status_cb : called
10-19 13:17:13.760 D/GpsLocationProvider_ex( 3583): SV Count : 2 / TOP5 : 11 10 0 0 0 
10-19 13:17:14.760 D/libgps  ( 3583): OnGpsExtensionMessage: message_id(1), data(0x9ca0c838), size(2432)
10-19 13:17:14.760 D/libgps  ( 3583): proxy__gps_sv_status_cb : called
10-19 13:17:14.765 D/GpsLocationProvider_ex( 3583): SV Count : 2 / TOP5 : 11 10 0 0 0 
10-19 13:17:15.755 D/libgps  ( 3583): OnGpsExtensionMessage: message_id(1), data(0x9ca0c838), size(2432)
10-19 13:17:15.755 D/libgps  ( 3583): proxy__gps_sv_status_cb : called
10-19 13:17:15.755 D/GpsLocationProvider_ex( 3583): SV Count : 2 / TOP5 : 11 10 0 0 0 
10-19 13:17:16.755 D/libgps  ( 3583): OnGpsExtensionMessage: message_id(1), data(0x9ca0c838), size(2432)
10-19 13:17:16.755 D/libgps  ( 3583): proxy__gps_sv_status_cb : called
10-19 13:17:16.760 D/GpsLocationProvider_ex( 3583): SV Count : 2 / TOP5 : 11 9 0 0 0 
10-19 13:17:17.760 D/libgps  ( 3583): OnGpsExtensionMessage: message_id(1), data(0x9ca0c838), size(2432)
10-19 13:17:17.765 D/libgps  ( 3583): proxy__gps_sv_status_cb : called
10-19 13:17:17.765 D/GpsLocationProvider_ex( 3583): SV Count : 1 / TOP5 : 11 11 0 0 0 
10-19 13:17:18.760 D/libgps  ( 3583): OnGpsExtensionMessage: message_id(1), data(0x9ca0c838), size(2432)
10-19 13:17:18.760 D/libgps  ( 3583): proxy__gps_sv_status_cb : called
10-19 13:17:18.760 D/GpsLocationProvider_ex( 3583): SV Count : 2 / TOP5 : 11 9 0 0 0 
10-19 13:17:19.755 D/libgps  ( 3583): OnGpsExtensionMessage: message_id(1), data(0x9ca0c838), size(2432)
10-19 13:17:19.755 D/libgps  ( 3583): proxy__gps_sv_status_cb : called
10-19 13:17:19.760 D/GpsLocationProvider_ex( 3583): SV Count : 2 / TOP5 : 12 12 0 0 0 
10-19 13:17:20.625 D/KeyguardUpdateMonitor( 3756): received broadcast android.intent.action.BATTERY_CHANGED
10-19 13:17:20.630 D/KeyguardUpdateMonitor( 3756): handleBatteryUpdate
10-19 13:17:20.630 D/KeyguardFestivalEffect( 3756): onReceive: android.intent.action.BATTERY_CHANGED
10-19 13:17:20.640 I/BusinessExecutor( 4098): registered Task#33772 : PowerInfoEventSource$1
10-19 13:17:20.640 I/BusinessExecutor( 4098): Task#33772 : #run() called
10-19 13:17:20.640 I/BusinessExecutor( 4098): Task#33772 : #run() ended
10-19 13:17:20.645 D/ClientService( 4999): Battery State Change,  status: 2
10-19 13:17:20.645 D/ClientService( 4999): Battery State Change,  Plugged: 2
10-19 13:17:20.645 D/ClientService( 4999): Battery State Change,  level: 43
10-19 13:17:20.645 D/ClientService( 4999): Battery State Change,  scale: 100
10-19 13:17:20.765 D/libgps  ( 3583): OnGpsExtensionMessage: message_id(1), data(0x9ca0c838), size(2432)
10-19 13:17:20.765 D/libgps  ( 3583): proxy__gps_sv_status_cb : called
10-19 13:17:20.770 D/GpsLocationProvider_ex( 3583): SV Count : 2 / TOP5 : 13 12 0 0 0 
10-19 13:17:21.765 D/libgps  ( 3583): OnGpsExtensionMessage: message_id(1), data(0x9ca0c838), size(2432)
10-19 13:17:21.765 D/libgps  ( 3583): proxy__gps_sv_status_cb : called
10-19 13:17:21.765 D/GpsLocationProvider_ex( 3583): SV Count : 2 / TOP5 : 14 12 0 0 0 
10-19 13:17:22.760 D/libgps  ( 3583): OnGpsExtensionMessage: message_id(1), data(0x9ca0c838), size(2432)
10-19 13:17:22.760 D/libgps  ( 3583): proxy__gps_sv_status_cb : called
10-19 13:17:22.760 D/GpsLocationProvider_ex( 3583): SV Count : 2 / TOP5 : 14 12 0 0 0 
10-19 13:17:23.760 D/libgps  ( 3583): OnGpsExtensionMessage: message_id(1), data(0x9ca0c838), size(2432)
10-19 13:17:23.760 D/libgps  ( 3583): proxy__gps_sv_status_cb : called
10-19 13:17:23.760 D/GpsLocationProvider_ex( 3583): SV Count : 2 / TOP5 : 15 12 0 0 0 
10-19 13:17:24.755 D/libgps  ( 3583): OnGpsExtensionMessage: message_id(1), data(0x9ca0c838), size(2432)
10-19 13:17:24.755 D/libgps  ( 3583): proxy__gps_sv_status_cb : called
10-19 13:17:24.755 D/GpsLocationProvider_ex( 3583): SV Count : 2 / TOP5 : 15 12 0 0 0 
10-19 13:17:25.755 D/libgps  ( 3583): OnGpsExtensionMessage: message_id(1), data(0x9ca0c838), size(2432)
10-19 13:17:25.755 D/libgps  ( 3583): proxy__gps_sv_status_cb : called
10-19 13:17:25.760 D/GpsLocationProvider_ex( 3583): SV Count : 2 / TOP5 : 16 12 0 0 0 
10-19 13:17:26.760 D/libgps  ( 3583): OnGpsExtensionMessage: message_id(1), data(0x9ca0c838), size(2432)
10-19 13:17:26.760 D/libgps  ( 3583): proxy__gps_sv_status_cb : called
10-19 13:17:26.760 D/GpsLocationProvider_ex( 3583): SV Count : 2 / TOP5 : 16 12 0 0 0 
10-19 13:17:27.765 D/libgps  ( 3583): OnGpsExtensionMessage: message_id(1), data(0x9ca0c838), size(2432)
10-19 13:17:27.765 D/libgps  ( 3583): proxy__gps_sv_status_cb : called
10-19 13:17:27.770 D/GpsLocationProvider_ex( 3583): SV Count : 2 / TOP5 : 16 12 0 0 0 
10-19 13:17:28.760 D/libgps  ( 3583): OnGpsExtensionMessage: message_id(1), data(0x9ca0c838), size(2432)
10-19 13:17:28.760 D/libgps  ( 3583): proxy__gps_sv_status_cb : called
10-19 13:17:28.760 D/GpsLocationProvider_ex( 3583): SV Count : 2 / TOP5 : 17 12 0 0 0 
10-19 13:17:29.765 D/libgps  ( 3583): OnGpsExtensionMessage: message_id(1), data(0x9ca0c838), size(2432)
10-19 13:17:29.765 D/libgps  ( 3583): proxy__gps_sv_status_cb : called
10-19 13:17:29.765 D/GpsLocationProvider_ex( 3583): SV Count : 2 / TOP5 : 17 11 0 0 0 
10-19 13:17:30.735 D/KeyguardUpdateMonitor( 3756): received broadcast android.intent.action.BATTERY_CHANGED
10-19 13:17:30.735 D/KeyguardUpdateMonitor( 3756): handleBatteryUpdate
10-19 13:17:30.735 D/KeyguardFestivalEffect( 3756): onReceive: android.intent.action.BATTERY_CHANGED
10-19 13:17:30.750 I/BusinessExecutor( 4098): registered Task#33773 : PowerInfoEventSource$1
10-19 13:17:30.750 I/BusinessExecutor( 4098): Task#33773 : #run() called
10-19 13:17:30.750 I/BusinessExecutor( 4098): Task#33773 : #run() ended
10-19 13:17:30.750 D/libgps  ( 3583): OnGpsExtensionMessage: message_id(1), data(0x9ca0c838), size(2432)
10-19 13:17:30.750 D/libgps  ( 3583): proxy__gps_sv_status_cb : called
10-19 13:17:30.750 D/ClientService( 4999): Battery State Change,  status: 2
10-19 13:17:30.750 D/ClientService( 4999): Battery State Change,  Plugged: 2
10-19 13:17:30.750 D/ClientService( 4999): Battery State Change,  level: 43
10-19 13:17:30.750 D/ClientService( 4999): Battery State Change,  scale: 100
10-19 13:17:30.755 D/GpsLocationProvider_ex( 3583): SV Count : 2 / TOP5 : 18 11 0 0 0 
10-19 13:17:31.760 D/libgps  ( 3583): OnGpsExtensionMessage: message_id(1), data(0x9ca0c838), size(2432)
10-19 13:17:31.760 D/libgps  ( 3583): proxy__gps_sv_status_cb : called
10-19 13:17:31.760 D/GpsLocationProvider_ex( 3583): SV Count : 2 / TOP5 : 18 11 0 0 0 
10-19 13:17:32.755 D/libgps  ( 3583): OnGpsExtensionMessage: message_id(1), data(0x9ca0c838), size(2432)
10-19 13:17:32.755 D/libgps  ( 3583): proxy__gps_sv_status_cb : called
