10-19 13:23:44.320 I/BusinessExecutor( 4098): registered Task#33810 : PowerInfoEventSource$1
10-19 13:23:44.320 I/BusinessExecutor( 4098): Task#33810 : #run() called
10-19 13:23:44.320 I/BusinessExecutor( 4098): Task#33810 : #run() ended
10-19 13:23:44.325 D/ClientService( 4999): Battery State Change,  status: 2
10-19 13:23:44.325 D/ClientService( 4999): Battery State Change,  Plugged: 2
10-19 13:23:44.325 D/ClientService( 4999): Battery State Change,  level: 43
10-19 13:23:44.325 D/ClientService( 4999): Battery State Change,  scale: 100
10-19 13:23:44.740 D/libgps  ( 3583): OnGpsExtensionMessage: message_id(1), data(0x9ca0c838), size(2432)
10-19 13:23:44.740 D/libgps  ( 3583): proxy__gps_sv_status_cb : called
10-19 13:23:45.755 D/libgps  ( 3583): OnGpsExtensionMessage: message_id(1), data(0x9ca0c838), size(2432)
10-19 13:23:45.755 D/libgps  ( 3583): proxy__gps_sv_status_cb : called
10-19 13:23:46.740 D/libgps  ( 3583): OnGpsExtensionMessage: message_id(1), data(0x9ca0c838), size(2432)
10-19 13:23:46.740 D/libgps  ( 3583): proxy__gps_sv_status_cb : called
10-19 13:23:47.740 D/libgps  ( 3583): OnGpsExtensionMessage: message_id(1), data(0x9ca0c838), size(2432)
10-19 13:23:47.740 D/libgps  ( 3583): proxy__gps_sv_status_cb : called
10-19 13:23:48.750 D/libgps  ( 3583): OnGpsExtensionMessage: message_id(1), data(0x9ca0c838), size(2432)
10-19 13:23:48.750 D/libgps  ( 3583): proxy__gps_sv_status_cb : called
10-19 13:23:49.740 D/libgps  ( 3583): OnGpsExtensionMessage: message_id(1), data(0x9ca0c838), size(2432)
10-19 13:23:49.740 D/libgps  ( 3583): proxy__gps_sv_status_cb : called
10-19 13:23:50.740 D/libgps  ( 3583): OnGpsExtensionMessage: message_id(1), data(0x9ca0c838), size(2432)
10-19 13:23:50.740 D/libgps  ( 3583): proxy__gps_sv_status_cb : called
10-19 13:23:51.745 D/libgps  ( 3583): OnGpsExtensionMessage: message_id(1), data(0x9ca0c838), size(2432)
10-19 13:23:51.745 D/libgps  ( 3583): proxy__gps_sv_status_cb : called
10-19 13:23:52.745 D/libgps  ( 3583): OnGpsExtensionMessage: message_id(1), data(0x9ca0c838), size(2432)
10-19 13:23:52.745 D/libgps  ( 3583): proxy__gps_sv_status_cb : called
10-19 13:23:53.740 D/libgps  ( 3583): OnGpsExtensionMessage: message_id(1), data(0x9ca0c838), size(2432)
10-19 13:23:53.740 D/libgps  ( 3583): proxy__gps_sv_status_cb : called
10-19 13:23:54.405 D/KeyguardUpdateMonitor( 3756): received broadcast android.intent.action.BATTERY_CHANGED
10-19 13:23:54.405 D/KeyguardUpdateMonitor( 3756): handleBatteryUpdate
10-19 13:23:54.410 D/KeyguardFestivalEffect( 3756): onReceive: android.intent.action.BATTERY_CHANGED
10-19 13:23:54.415 I/BusinessExecutor( 4098): registered Task#33811 : PowerInfoEventSource$1
10-19 13:23:54.420 I/BusinessExecutor( 4098): Task#33811 : #run() called
10-19 13:23:54.420 I/BusinessExecutor( 4098): Task#33811 : #run() ended
10-19 13:23:54.420 D/ClientService( 4999): Battery State Change,  status: 2
10-19 13:23:54.420 D/ClientService( 4999): Battery State Change,  Plugged: 2
10-19 13:23:54.420 D/ClientService( 4999): Battery State Change,  level: 43
10-19 13:23:54.420 D/ClientService( 4999): Battery State Change,  scale: 100
10-19 13:23:54.710 I/System.out( 4036): Broadcasting: Intent { act=android.intent.action.CELL_INFO_RES (has extras) }
10-19 13:23:54.755 D/libgps  ( 3583): OnGpsExtensionMessage: message_id(1), data(0x9ca0c838), size(2432)
10-19 13:23:54.755 D/libgps  ( 3583): proxy__gps_sv_status_cb : called
10-19 13:23:55.745 D/libgps  ( 3583): OnGpsExtensionMessage: message_id(1), data(0x9ca0c838), size(2432)
10-19 13:23:55.745 D/libgps  ( 3583): proxy__gps_sv_status_cb : called
10-19 13:23:56.740 D/libgps  ( 3583): OnGpsExtensionMessage: message_id(1), data(0x9ca0c838), size(2432)
10-19 13:23:56.740 D/libgps  ( 3583): proxy__gps_sv_status_cb : called
10-19 13:23:57.740 D/libgps  ( 3583): OnGpsExtensionMessage: message_id(1), data(0x9ca0c838), size(2432)
10-19 13:23:57.740 D/libgps  ( 3583): proxy__gps_sv_status_cb : called
10-19 13:23:58.745 D/libgps  ( 3583): OnGpsExtensionMessage: message_id(1), data(0x9ca0c838), size(2432)
10-19 13:23:58.745 D/libgps  ( 3583): proxy__gps_sv_status_cb : called
10-19 13:23:59.745 D/libgps  ( 3583): OnGpsExtensionMessage: message_id(1), data(0x9ca0c838), size(2432)
10-19 13:23:59.745 D/libgps  ( 3583): proxy__gps_sv_status_cb : called
10-19 13:24:00.010 D/KeyguardUpdateMonitor( 3756): received broadcast android.intent.action.TIME_TICK
10-19 13:24:00.010 D/KeyguardUpdateMonitor( 3756): handleTimeUpdate
10-19 13:24:00.095 D/DateView( 3756): regionalDateFormat = 3333. 11. 22. isRTLlanguage = false returnDateFormat = MMMM d일 E요일
10-19 13:24:00.100 D/DateView( 3756): regionalDateFormat = 3333. 11. 22. isRTLlanguage = false returnDateFormat = MMMM d일 E요일
10-19 13:24:00.100 D/KeyguardEffectViewController( 3756): onReceive action : android.intent.action.TIME_TICK
10-19 13:24:00.100 I/KeyguardEffectViewController( 3756): *** don't update sliding image ***
10-19 13:24:00.740 D/libgps  ( 3583): OnGpsExtensionMessage: message_id(1), data(0x9ca0c838), size(2432)
10-19 13:24:00.740 D/libgps  ( 3583): proxy__gps_sv_status_cb : called
10-19 13:24:01.730 D/libgps  ( 3583): OnGpsExtensionMessage: message_id(1), data(0x9ca0c838), size(2432)
10-19 13:24:01.730 D/libgps  ( 3583): proxy__gps_sv_status_cb : called
10-19 13:24:02.745 D/libgps  ( 3583): OnGpsExtensionMessage: message_id(1), data(0x9ca0c838), size(2432)
10-19 13:24:02.745 D/libgps  ( 3583): proxy__gps_sv_status_cb : called
10-19 13:24:03.740 D/libgps  ( 3583): OnGpsExtensionMessage: message_id(1), data(0x9ca0c838), size(2432)
10-19 13:24:03.740 D/libgps  ( 3583): proxy__gps_sv_status_cb : called
10-19 13:24:04.495 D/KeyguardUpdateMonitor( 3756): received broadcast android.intent.action.BATTERY_CHANGED
10-19 13:24:04.495 D/KeyguardFestivalEffect( 3756): onReceive: android.intent.action.BATTERY_CHANGED
10-19 13:24:04.495 D/KeyguardUpdateMonitor( 3756): handleBatteryUpdate
10-19 13:24:04.505 I/BusinessExecutor( 4098): Task#33812 : #run() called
10-19 13:24:04.505 I/BusinessExecutor( 4098): registered Task#33812 : PowerInfoEventSource$1
10-19 13:24:04.505 I/BusinessExecutor( 4098): Task#33812 : #run() ended
10-19 13:24:04.505 D/ClientService( 4999): Battery State Change,  status: 2
10-19 13:24:04.505 D/ClientService( 4999): Battery State Change,  Plugged: 2
10-19 13:24:04.505 D/ClientService( 4999): Battery State Change,  level: 43
10-19 13:24:04.505 D/ClientService( 4999): Battery State Change,  scale: 100
10-19 13:24:04.740 D/libgps  ( 3583): OnGpsExtensionMessage: message_id(1), data(0x9ca0c838), size(2432)
10-19 13:24:04.740 D/libgps  ( 3583): proxy__gps_sv_status_cb : called
10-19 13:24:05.740 D/libgps  ( 3583): OnGpsExtensionMessage: message_id(1), data(0x9ca0c838), size(2432)
10-19 13:24:05.740 D/libgps  ( 3583): proxy__gps_sv_status_cb : called
10-19 13:24:06.745 D/libgps  ( 3583): OnGpsExtensionMessage: message_id(1), data(0x9ca0c838), size(2432)
10-19 13:24:06.745 D/libgps  ( 3583): proxy__gps_sv_status_cb : called
10-19 13:24:07.740 D/libgps  ( 3583): OnGpsExtensionMessage: message_id(1), data(0x9ca0c838), size(2432)
10-19 13:24:07.740 D/libgps  ( 3583): proxy__gps_sv_status_cb : called
10-19 13:24:08.745 D/libgps  ( 3583): OnGpsExtensionMessage: message_id(1), data(0x9ca0c838), size(2432)
10-19 13:24:08.745 D/libgps  ( 3583): proxy__gps_sv_status_cb : called
10-19 13:24:09.750 D/libgps  ( 3583): OnGpsExtensionMessage: message_id(1), data(0x9ca0c838), size(2432)
10-19 13:24:09.755 D/libgps  ( 3583): proxy__gps_sv_status_cb : called
10-19 13:24:10.745 D/libgps  ( 3583): OnGpsExtensionMessage: message_id(1), data(0x9ca0c838), size(2432)
10-19 13:24:10.745 D/libgps  ( 3583): proxy__gps_sv_status_cb : called
10-19 13:24:11.750 D/libgps  ( 3583): OnGpsExtensionMessage: message_id(1), data(0x9ca0c838), size(2432)
10-19 13:24:11.750 D/libgps  ( 3583): proxy__gps_sv_status_cb : called
10-19 13:24:12.745 D/libgps  ( 3583): OnGpsExtensionMessage: message_id(1), data(0x9ca0c838), size(2432)
10-19 13:24:12.745 D/libgps  ( 3583): proxy__gps_sv_status_cb : called
10-19 13:24:13.740 D/libgps  ( 3583): OnGpsExtensionMessage: message_id(1), data(0x9ca0c838), size(2432)
10-19 13:24:13.740 D/libgps  ( 3583): proxy__gps_sv_status_cb : called
10-19 13:24:14.590 D/KeyguardUpdateMonitor( 3756): received broadcast android.intent.action.BATTERY_CHANGED
10-19 13:24:14.590 D/KeyguardUpdateMonitor( 3756): handleBatteryUpdate
10-19 13:24:14.595 D/KeyguardFestivalEffect( 3756): onReceive: android.intent.action.BATTERY_CHANGED
10-19 13:24:14.600 I/BusinessExecutor( 4098): registered Task#33813 : PowerInfoEventSource$1
10-19 13:24:14.600 I/BusinessExecutor( 4098): Task#33813 : #run() called
10-19 13:24:14.605 I/BusinessExecutor( 4098): Task#33813 : #run() ended
10-19 13:24:14.605 D/ClientService( 4999): Battery State Change,  status: 2
10-19 13:24:14.605 D/ClientService( 4999): Battery State Change,  Plugged: 2
10-19 13:24:14.605 D/ClientService( 4999): Battery State Change,  level: 43
10-19 13:24:14.605 D/ClientService( 4999): Battery State Change,  scale: 100
10-19 13:24:14.740 D/libgps  ( 3583): OnGpsExtensionMessage: message_id(1), data(0x9ca0c838), size(2432)
10-19 13:24:14.740 D/libgps  ( 3583): proxy__gps_sv_status_cb : called
10-19 13:24:15.740 D/libgps  ( 3583): OnGpsExtensionMessage: message_id(1), data(0x9ca0c838), size(2432)
10-19 13:24:15.740 D/libgps  ( 3583): proxy__gps_sv_status_cb : called
10-19 13:24:16.740 D/libgps  ( 3583): OnGpsExtensionMessage: message_id(1), data(0x9ca0c838), size(2432)
10-19 13:24:16.740 D/libgps  ( 3583): proxy__gps_sv_status_cb : called
10-19 13:24:17.745 D/libgps  ( 3583): OnGpsExtensionMessage: message_id(1), data(0x9ca0c838), size(2432)
10-19 13:24:17.745 D/libgps  ( 3583): proxy__gps_sv_status_cb : called
10-19 13:24:18.740 D/libgps  ( 3583): OnGpsExtensionMessage: message_id(1), data(0x9ca0c838), size(2432)
10-19 13:24:18.745 D/libgps  ( 3583): proxy__gps_sv_status_cb : called
10-19 13:24:19.740 D/libgps  ( 3583): OnGpsExtensionMessage: message_id(1), data(0x9ca0c838), size(2432)
10-19 13:24:19.740 D/libgps  ( 3583): proxy__gps_sv_status_cb : called
10-19 13:24:20.750 D/libgps  ( 3583): OnGpsExtensionMessage: message_id(1), data(0x9ca0c838), size(2432)
10-19 13:24:20.750 D/libgps  ( 3583): proxy__gps_sv_status_cb : called
10-19 13:24:21.735 D/libgps  ( 3583): OnGpsExtensionMessage: message_id(1), data(0x9ca0c838), size(2432)
10-19 13:24:21.735 D/libgps  ( 3583): proxy__gps_sv_status_cb : called
10-19 13:24:22.740 D/libgps  ( 3583): OnGpsExtensionMessage: message_id(1), data(0x9ca0c838), size(2432)
10-19 13:24:22.740 D/libgps  ( 3583): proxy__gps_sv_status_cb : called
10-19 13:24:23.745 D/libgps  ( 3583): OnGpsExtensionMessage: message_id(1), data(0x9ca0c838), size(2432)
10-19 13:24:23.745 D/libgps  ( 3583): proxy__gps_sv_status_cb : called
10-19 13:24:24.690 D/KeyguardUpdateMonitor( 3756): received broadcast android.intent.action.BATTERY_CHANGED
10-19 13:24:24.690 D/KeyguardUpdateMonitor( 3756): handleBatteryUpdate
10-19 13:24:24.690 D/KeyguardFestivalEffect( 3756): onReceive: android.intent.action.BATTERY_CHANGED
10-19 13:24:24.700 I/BusinessExecutor( 4098): registered Task#33814 : PowerInfoEventSource$1
10-19 13:24:24.700 I/BusinessExecutor( 4098): Task#33814 : #run() called
10-19 13:24:24.705 I/BusinessExecutor( 4098): Task#33814 : #run() ended
10-19 13:24:24.705 D/ClientService( 4999): Battery State Change,  status: 2
10-19 13:24:24.705 D/ClientService( 4999): Battery State Change,  Plugged: 2
10-19 13:24:24.705 D/ClientService( 4999): Battery State Change,  level: 43
10-19 13:24:24.705 D/ClientService( 4999): Battery State Change,  scale: 100
10-19 13:24:24.725 D/libgps  ( 3583): OnGpsExtensionMessage: message_id(1), data(0x9ca0c838), size(2432)
10-19 13:24:24.725 D/libgps  ( 3583): proxy__gps_sv_status_cb : called
10-19 13:24:25.445 D/StatusBar.NetworkController( 3756): onSignalStrengthsChanged signalStrength=SignalStrength: 99 99 -120 -160 -120 -1 -1 63 -66 -10 160 15 2147483647 0x4 gsm|lte level=4
10-19 13:24:25.450 D/StatusBar.NetworkController( 3756): updateTelephonySignalStrength: hasService=true ss=SignalStrength: 99 99 -120 -160 -120 -1 -1 63 -66 -10 160 15 2147483647 0x4 gsm|lte
10-19 13:24:25.450 D/StatusBar.NetworkController( 3756): updateTelephonySignalStrength -mTransitionState : false
10-19 13:24:25.450 D/StatusBar.NetworkController( 3756): refreshViews connected={ data } level=4 combinedSignalIconId=0x7f0205fe/com.android.systemui:drawable/stat_sys_signal_4_auto_rotate mobileLabel=SKTelecom wifiLabel= emergencyOnly=false combinedLabel=SKTelecom mAirplaneMode=false mDataActivity=0 mPhoneSignalIconId=0x7f0205fe/com.android.systemui:drawable/stat_sys_signal_4_auto_rotate mQSPhoneSignalIconId=0x7f0201ac/com.android.systemui:drawable/ic_qs_signal_no_signal mDataDirectionIconId=0x7f020484/com.android.systemui:drawable/stat_sys_data_fully_connected_lte mDataSignalIconId=0x7f0205fe/com.android.systemui:drawable/stat_sys_signal_4_auto_rotate mDataTypeIconId=0x7f02046a/com.android.systemui:drawable/stat_sys_data_connected_lte mQSDataTypeIconId=0x7f0201ab/com.android.systemui:drawable/ic_qs_signal_lte mNoSimIconId=0x0/(null) mWifiIconId=0x0/(null) mQSWifiIconId=0x0/(null) mWifiActivityIconId=0x0/(null) mBluetoothTetherIconId=0x10808ee/android:drawable/stat_sys_tether_bluetooth
10-19 13:24:25.450 D/STATUSBAR-WifiQuickSettingButton( 3756): onWifiSignalChanged enabled=false enabledDesc:null
10-19 13:24:25.455 D/StatusBar.NetworkController( 3756): UPDATE_STRENGTH -mPreSvcSate: 2, mCurSvcSate: 2
10-19 13:24:25.455 D/StatusBar.NetworkController( 3756): mKeepFakeState =false
10-19 13:24:25.455 D/StatusBar.NetworkController( 3756): UPDATE_STRENGTH - 4, 4
10-19 13:24:25.455 D/StatusBar.NetworkController( 3756): UPDATE_STRENGTH(IN_SVC) -no diff 4, 4
10-19 13:24:25.740 D/libgps  ( 3583): OnGpsExtensionMessage: message_id(1), data(0x9ca0c838), size(2432)
10-19 13:24:25.740 D/libgps  ( 3583): proxy__gps_sv_status_cb : called
10-19 13:24:26.745 D/libgps  ( 3583): OnGpsExtensionMessage: message_id(1), data(0x9ca0c838), size(2432)
10-19 13:24:26.745 D/libgps  ( 3583): proxy__gps_sv_status_cb : called
10-19 13:24:27.745 D/libgps  ( 3583): OnGpsExtensionMessage: message_id(1), data(0x9ca0c838), size(2432)
10-19 13:24:27.745 D/libgps  ( 3583): proxy__gps_sv_status_cb : called
10-19 13:24:28.745 D/libgps  ( 3583): OnGpsExtensionMessage: message_id(1), data(0x9ca0c838), size(2432)
10-19 13:24:28.745 D/libgps  ( 3583): proxy__gps_sv_status_cb : called
10-19 13:24:29.745 D/libgps  ( 3583): OnGpsExtensionMessage: message_id(1), data(0x9ca0c838), size(2432)
10-19 13:24:29.745 D/libgps  ( 3583): proxy__gps_sv_status_cb : called
10-19 13:24:30.740 D/libgps  ( 3583): OnGpsExtensionMessage: message_id(1), data(0x9ca0c838), size(2432)
10-19 13:24:30.740 D/libgps  ( 3583): proxy__gps_sv_status_cb : called
10-19 13:24:31.745 D/libgps  ( 3583): OnGpsExtensionMessage: message_id(1), data(0x9ca0c838), size(2432)
10-19 13:24:31.745 D/libgps  ( 3583): proxy__gps_sv_status_cb : called
10-19 13:24:32.740 D/libgps  ( 3583): OnGpsExtensionMessage: message_id(1), data(0x9ca0c838), size(2432)
10-19 13:24:32.740 D/libgps  ( 3583): proxy__gps_sv_status_cb : called
10-19 13:24:33.750 D/libgps  ( 3583): OnGpsExtensionMessage: message_id(1), data(0x9ca0c838), size(2432)
10-19 13:24:33.750 D/libgps  ( 3583): proxy__gps_sv_status_cb : called
10-19 13:24:34.735 D/libgps  ( 3583): OnGpsExtensionMessage: message_id(1), data(0x9ca0c838), size(2432)
10-19 13:24:34.735 D/libgps  ( 3583): proxy__gps_sv_status_cb : called
10-19 13:24:34.790 D/KeyguardUpdateMonitor( 3756): received broadcast android.intent.action.BATTERY_CHANGED
10-19 13:24:34.790 D/KeyguardUpdateMonitor( 3756): handleBatteryUpdate
10-19 13:24:34.790 D/KeyguardFestivalEffect( 3756): onReceive: android.intent.action.BATTERY_CHANGED
10-19 13:24:34.795 I/BusinessExecutor( 4098): registered Task#33815 : PowerInfoEventSource$1
10-19 13:24:34.800 I/BusinessExecutor( 4098): Task#33815 : #run() called
10-19 13:24:34.800 I/BusinessExecutor( 4098): Task#33815 : #run() ended
10-19 13:24:34.800 D/ClientService( 4999): Battery State Change,  status: 2
10-19 13:24:34.800 D/ClientService( 4999): Battery State Change,  Plugged: 2
10-19 13:24:34.800 D/ClientService( 4999): Battery State Change,  level: 43
10-19 13:24:34.800 D/ClientService( 4999): Battery State Change,  scale: 100
10-19 13:24:35.740 D/libgps  ( 3583): OnGpsExtensionMessage: message_id(1), data(0x9ca0c838), size(2432)
10-19 13:24:35.740 D/libgps  ( 3583): proxy__gps_sv_status_cb : called
10-19 13:24:36.745 D/libgps  ( 3583): OnGpsExtensionMessage: message_id(1), data(0x9ca0c838), size(2432)
10-19 13:24:36.745 D/libgps  ( 3583): proxy__gps_sv_status_cb : called
10-19 13:24:37.740 D/libgps  ( 3583): OnGpsExtensionMessage: message_id(1), data(0x9ca0c838), size(2432)
10-19 13:24:37.740 D/libgps  ( 3583): proxy__gps_sv_status_cb : called
10-19 13:24:38.735 D/libgps  ( 3583): OnGpsExtensionMessage: message_id(1), data(0x9ca0c838), size(2432)
10-19 13:24:38.735 D/libgps  ( 3583): proxy__gps_sv_status_cb : called
10-19 13:24:39.740 D/libgps  ( 3583): OnGpsExtensionMessage: message_id(1), data(0x9ca0c838), size(2432)
10-19 13:24:39.740 D/libgps  ( 3583): proxy__gps_sv_status_cb : called
10-19 13:24:40.745 D/libgps  ( 3583): OnGpsExtensionMessage: message_id(1), data(0x9ca0c838), size(2432)
10-19 13:24:40.745 D/libgps  ( 3583): proxy__gps_sv_status_cb : called
10-19 13:24:41.745 D/libgps  ( 3583): OnGpsExtensionMessage: message_id(1), data(0x9ca0c838), size(2432)
10-19 13:24:41.745 D/libgps  ( 3583): proxy__gps_sv_status_cb : called
10-19 13:24:42.735 D/libgps  ( 3583): OnGpsExtensionMessage: message_id(1), data(0x9ca0c838), size(2432)
10-19 13:24:42.735 D/libgps  ( 3583): proxy__gps_sv_status_cb : called
10-19 13:24:43.740 D/libgps  ( 3583): OnGpsExtensionMessage: message_id(1), data(0x9ca0c838), size(2432)
10-19 13:24:43.740 D/libgps  ( 3583): proxy__gps_sv_status_cb : called
10-19 13:24:44.740 D/libgps  ( 3583): OnGpsExtensionMessage: message_id(1), data(0x9ca0c838), size(2432)
10-19 13:24:44.740 D/libgps  ( 3583): proxy__gps_sv_status_cb : called
10-19 13:24:44.870 D/KeyguardUpdateMonitor( 3756): received broadcast android.intent.action.BATTERY_CHANGED
10-19 13:24:44.870 D/KeyguardUpdateMonitor( 3756): handleBatteryUpdate
10-19 13:24:44.870 D/KeyguardFestivalEffect( 3756): onReceive: android.intent.action.BATTERY_CHANGED
10-19 13:24:44.875 I/BusinessExecutor( 4098): registered Task#33816 : PowerInfoEventSource$1
10-19 13:24:44.875 I/BusinessExecutor( 4098): Task#33816 : #run() called
10-19 13:24:44.875 I/BusinessExecutor( 4098): Task#33816 : #run() ended
10-19 13:24:44.880 D/ClientService( 4999): Battery State Change,  status: 2
10-19 13:24:44.880 D/ClientService( 4999): Battery State Change,  Plugged: 2
10-19 13:24:44.880 D/ClientService( 4999): Battery State Change,  level: 43
10-19 13:24:44.880 D/ClientService( 4999): Battery State Change,  scale: 100
10-19 13:24:45.750 D/libgps  ( 3583): OnGpsExtensionMessage: message_id(1), data(0x9ca0c838), size(2432)
10-19 13:24:45.750 D/libgps  ( 3583): proxy__gps_sv_status_cb : called
10-19 13:24:46.740 D/libgps  ( 3583): OnGpsExtensionMessage: message_id(1), data(0x9ca0c838), size(2432)
10-19 13:24:46.740 D/libgps  ( 3583): proxy__gps_sv_status_cb : called
10-19 13:24:47.740 D/libgps  ( 3583): OnGpsExtensionMessage: message_id(1), data(0x9ca0c838), size(2432)
10-19 13:24:47.740 D/libgps  ( 3583): proxy__gps_sv_status_cb : called
10-19 13:24:48.745 D/libgps  ( 3583): OnGpsExtensionMessage: message_id(1), data(0x9ca0c838), size(2432)
10-19 13:24:48.745 D/libgps  ( 3583): proxy__gps_sv_status_cb : called
10-19 13:24:49.750 D/libgps  ( 3583): OnGpsExtensionMessage: message_id(1), data(0x9ca0c838), size(2432)
10-19 13:24:49.750 D/libgps  ( 3583): proxy__gps_sv_status_cb : called
10-19 13:24:50.740 D/libgps  ( 3583): OnGpsExtensionMessage: message_id(1), data(0x9ca0c838), size(2432)
10-19 13:24:50.740 D/libgps  ( 3583): proxy__gps_sv_status_cb : called
10-19 13:24:51.045 D/StatusBar.NetworkController( 3756): onSignalStrengthsChanged signalStrength=SignalStrength: 99 99 -120 -160 -120 -1 -1 63 -61 -12 140 15 2147483647 0x4 gsm|lte level=4
10-19 13:24:51.045 D/StatusBar.NetworkController( 3756): updateTelephonySignalStrength: hasService=true ss=SignalStrength: 99 99 -120 -160 -120 -1 -1 63 -61 -12 140 15 2147483647 0x4 gsm|lte
10-19 13:24:51.045 D/StatusBar.NetworkController( 3756): updateTelephonySignalStrength -mTransitionState : false
10-19 13:24:51.045 D/StatusBar.NetworkController( 3756): refreshViews connected={ data } level=4 combinedSignalIconId=0x7f0205fe/com.android.systemui:drawable/stat_sys_signal_4_auto_rotate mobileLabel=SKTelecom wifiLabel= emergencyOnly=false combinedLabel=SKTelecom mAirplaneMode=false mDataActivity=0 mPhoneSignalIconId=0x7f0205fe/com.android.systemui:drawable/stat_sys_signal_4_auto_rotate mQSPhoneSignalIconId=0x7f0201ac/com.android.systemui:drawable/ic_qs_signal_no_signal mDataDirectionIconId=0x7f020484/com.android.systemui:drawable/stat_sys_data_fully_connected_lte mDataSignalIconId=0x7f0205fe/com.android.systemui:drawable/stat_sys_signal_4_auto_rotate mDataTypeIconId=0x7f02046a/com.android.systemui:drawable/stat_sys_data_connected_lte mQSDataTypeIconId=0x7f0201ab/com.android.systemui:drawable/ic_qs_signal_lte mNoSimIconId=0x0/(null) mWifiIconId=0x0/(null) mQSWifiIconId=0x0/(null) mWifiActivityIconId=0x0/(null) mBluetoothTetherIconId=0x10808ee/android:drawable/stat_sys_tether_bluetooth
10-19 13:24:51.045 D/STATUSBAR-WifiQuickSettingButton( 3756): onWifiSignalChanged enabled=false enabledDesc:null
10-19 13:24:51.050 D/StatusBar.NetworkController( 3756): UPDATE_STRENGTH -mPreSvcSate: 2, mCurSvcSate: 2
10-19 13:24:51.050 D/StatusBar.NetworkController( 3756): mKeepFakeState =false
10-19 13:24:51.050 D/StatusBar.NetworkController( 3756): UPDATE_STRENGTH - 4, 4
10-19 13:24:51.050 D/StatusBar.NetworkController( 3756): UPDATE_STRENGTH(IN_SVC) -no diff 4, 4
10-19 13:24:51.745 D/libgps  ( 3583): OnGpsExtensionMessage: message_id(1), data(0x9ca0c838), size(2432)
10-19 13:24:51.745 D/libgps  ( 3583): proxy__gps_sv_status_cb : called
10-19 13:24:52.745 D/libgps  ( 3583): OnGpsExtensionMessage: message_id(1), data(0x9ca0c838), size(2432)
10-19 13:24:52.745 D/libgps  ( 3583): proxy__gps_sv_status_cb : called
10-19 13:24:53.740 D/libgps  ( 3583): OnGpsExtensionMessage: message_id(1), data(0x9ca0c838), size(2432)
10-19 13:24:53.740 D/libgps  ( 3583): proxy__gps_sv_status_cb : called
10-19 13:24:54.740 D/libgps  ( 3583): OnGpsExtensionMessage: message_id(1), data(0x9ca0c838), size(2432)
10-19 13:24:54.740 D/libgps  ( 3583): proxy__gps_sv_status_cb : called
10-19 13:24:54.870 I/System.out( 4036): Broadcasting: Intent { act=android.intent.action.CELL_INFO_RES (has extras) }
10-19 13:24:54.960 D/KeyguardUpdateMonitor( 3756): received broadcast android.intent.action.BATTERY_CHANGED
10-19 13:24:54.960 D/KeyguardUpdateMonitor( 3756): handleBatteryUpdate
10-19 13:24:54.960 D/KeyguardFestivalEffect( 3756): onReceive: android.intent.action.BATTERY_CHANGED
10-19 13:24:54.970 I/BusinessExecutor( 4098): registered Task#33817 : PowerInfoEventSource$1
10-19 13:24:54.970 I/BusinessExecutor( 4098): Task#33817 : #run() called
10-19 13:24:54.970 I/BusinessExecutor( 4098): Task#33817 : #run() ended
10-19 13:24:54.970 D/ClientService( 4999): Battery State Change,  status: 2
10-19 13:24:54.970 D/ClientService( 4999): Battery State Change,  Plugged: 2
10-19 13:24:54.970 D/ClientService( 4999): Battery State Change,  level: 43
10-19 13:24:54.970 D/ClientService( 4999): Battery State Change,  scale: 100
10-19 13:24:55.730 D/libgps  ( 3583): OnGpsExtensionMessage: message_id(1), data(0x9ca0c838), size(2432)
10-19 13:24:55.730 D/libgps  ( 3583): proxy__gps_sv_status_cb : called
10-19 13:24:56.730 D/libgps  ( 3583): OnGpsExtensionMessage: message_id(1), data(0x9ca0c838), size(2432)
10-19 13:24:56.730 D/libgps  ( 3583): proxy__gps_sv_status_cb : called
10-19 13:24:57.730 D/libgps  ( 3583): OnGpsExtensionMessage: message_id(1), data(0x9ca0c838), size(2432)
10-19 13:24:57.730 D/libgps  ( 3583): proxy__gps_sv_status_cb : called
10-19 13:24:58.735 D/libgps  ( 3583): OnGpsExtensionMessage: message_id(1), data(0x9ca0c838), size(2432)
10-19 13:24:58.735 D/libgps  ( 3583): proxy__gps_sv_status_cb : called
10-19 13:24:59.735 D/libgps  ( 3583): OnGpsExtensionMessage: message_id(1), data(0x9ca0c838), size(2432)
10-19 13:24:59.735 D/libgps  ( 3583): proxy__gps_sv_status_cb : called
10-19 13:25:00.015 D/KeyguardUpdateMonitor( 3756): received broadcast android.intent.action.TIME_TICK
10-19 13:25:00.015 D/KeyguardUpdateMonitor( 3756): handleTimeUpdate
10-19 13:25:00.060 D/DateView( 3756): regionalDateFormat = 3333. 11. 22. isRTLlanguage = false returnDateFormat = MMMM d일 E요일
10-19 13:25:00.065 D/DateView( 3756): regionalDateFormat = 3333. 11. 22. isRTLlanguage = false returnDateFormat = MMMM d일 E요일
10-19 13:25:00.070 D/KeyguardEffectViewController( 3756): onReceive action : android.intent.action.TIME_TICK
10-19 13:25:00.070 I/KeyguardEffectViewController( 3756): *** don't update sliding image ***
10-19 13:25:00.730 D/libgps  ( 3583): OnGpsExtensionMessage: message_id(1), data(0x9ca0c838), size(2432)
10-19 13:25:00.730 D/libgps  ( 3583): proxy__gps_sv_status_cb : called
10-19 13:25:01.735 D/libgps  ( 3583): OnGpsExtensionMessage: message_id(1), data(0x9ca0c838), size(2432)
10-19 13:25:01.735 D/libgps  ( 3583): proxy__gps_sv_status_cb : called
10-19 13:25:02.735 D/libgps  ( 3583): OnGpsExtensionMessage: message_id(1), data(0x9ca0c838), size(2432)
10-19 13:25:02.735 D/libgps  ( 3583): proxy__gps_sv_status_cb : called
10-19 13:25:03.740 D/libgps  ( 3583): OnGpsExtensionMessage: message_id(1), data(0x9ca0c838), size(2432)
10-19 13:25:03.740 D/libgps  ( 3583): proxy__gps_sv_status_cb : called
10-19 13:25:04.730 D/libgps  ( 3583): OnGpsExtensionMessage: message_id(1), data(0x9ca0c838), size(2432)
10-19 13:25:04.730 D/libgps  ( 3583): proxy__gps_sv_status_cb : called
10-19 13:25:05.055 D/KeyguardUpdateMonitor( 3756): received broadcast android.intent.action.BATTERY_CHANGED
10-19 13:25:05.055 D/KeyguardUpdateMonitor( 3756): handleBatteryUpdate
10-19 13:25:05.055 D/KeyguardFestivalEffect( 3756): onReceive: android.intent.action.BATTERY_CHANGED
10-19 13:25:05.060 I/BusinessExecutor( 4098): registered Task#33818 : PowerInfoEventSource$1
10-19 13:25:05.060 I/BusinessExecutor( 4098): Task#33818 : #run() called
10-19 13:25:05.060 I/BusinessExecutor( 4098): Task#33818 : #run() ended
10-19 13:25:05.060 D/ClientService( 4999): Battery State Change,  status: 2
10-19 13:25:05.060 D/ClientService( 4999): Battery State Change,  Plugged: 2
10-19 13:25:05.060 D/ClientService( 4999): Battery State Change,  level: 43
10-19 13:25:05.060 D/ClientService( 4999): Battery State Change,  scale: 100
10-19 13:25:05.735 D/libgps  ( 3583): OnGpsExtensionMessage: message_id(1), data(0x9ca0c838), size(2432)
10-19 13:25:05.735 D/libgps  ( 3583): proxy__gps_sv_status_cb : called
10-19 13:25:06.735 D/libgps  ( 3583): OnGpsExtensionMessage: message_id(1), data(0x9ca0c838), size(2432)
10-19 13:25:06.735 D/libgps  ( 3583): proxy__gps_sv_status_cb : called
10-19 13:25:07.735 D/libgps  ( 3583): OnGpsExtensionMessage: message_id(1), data(0x9ca0c838), size(2432)
10-19 13:25:07.735 D/libgps  ( 3583): proxy__gps_sv_status_cb : called
10-19 13:25:08.740 D/libgps  ( 3583): OnGpsExtensionMessage: message_id(1), data(0x9ca0c838), size(2432)
10-19 13:25:08.740 D/libgps  ( 3583): proxy__gps_sv_status_cb : called
10-19 13:25:09.740 D/libgps  ( 3583): OnGpsExtensionMessage: message_id(1), data(0x9ca0c838), size(2432)
10-19 13:25:09.740 D/libgps  ( 3583): proxy__gps_sv_status_cb : called
10-19 13:25:10.740 D/libgps  ( 3583): OnGpsExtensionMessage: message_id(1), data(0x9ca0c838), size(2432)
10-19 13:25:10.740 D/libgps  ( 3583): proxy__gps_sv_status_cb : called
10-19 13:25:11.745 D/libgps  ( 3583): OnGpsExtensionMessage: message_id(1), data(0x9ca0c838), size(2432)
10-19 13:25:11.745 D/libgps  ( 3583): proxy__gps_sv_status_cb : called
10-19 13:25:12.745 D/libgps  ( 3583): OnGpsExtensionMessage: message_id(1), data(0x9ca0c838), size(2432)
10-19 13:25:12.745 D/libgps  ( 3583): proxy__gps_sv_status_cb : called
10-19 13:25:13.735 D/libgps  ( 3583): OnGpsExtensionMessage: message_id(1), data(0x9ca0c838), size(2432)
10-19 13:25:13.735 D/libgps  ( 3583): proxy__gps_sv_status_cb : called
10-19 13:25:14.740 D/libgps  ( 3583): OnGpsExtensionMessage: message_id(1), data(0x9ca0c838), size(2432)
10-19 13:25:14.740 D/libgps  ( 3583): proxy__gps_sv_status_cb : called
10-19 13:25:15.160 D/KeyguardUpdateMonitor( 3756): received broadcast android.intent.action.BATTERY_CHANGED
10-19 13:25:15.160 D/KeyguardUpdateMonitor( 3756): handleBatteryUpdate
10-19 13:25:15.160 D/KeyguardFestivalEffect( 3756): onReceive: android.intent.action.BATTERY_CHANGED
10-19 13:25:15.170 I/BusinessExecutor( 4098): registered Task#33819 : PowerInfoEventSource$1
10-19 13:25:15.170 I/BusinessExecutor( 4098): Task#33819 : #run() called
10-19 13:25:15.170 I/BusinessExecutor( 4098): Task#33819 : #run() ended
10-19 13:25:15.175 D/ClientService( 4999): Battery State Change,  status: 2
10-19 13:25:15.175 D/ClientService( 4999): Battery State Change,  Plugged: 2
10-19 13:25:15.175 D/ClientService( 4999): Battery State Change,  level: 43
10-19 13:25:15.175 D/ClientService( 4999): Battery State Change,  scale: 100
10-19 13:25:15.735 D/libgps  ( 3583): OnGpsExtensionMessage: message_id(1), data(0x9ca0c838), size(2432)
10-19 13:25:15.735 D/libgps  ( 3583): proxy__gps_sv_status_cb : called
10-19 13:25:16.745 D/libgps  ( 3583): OnGpsExtensionMessage: message_id(1), data(0x9ca0c838), size(2432)
10-19 13:25:16.745 D/libgps  ( 3583): proxy__gps_sv_status_cb : called
10-19 13:25:17.740 D/libgps  ( 3583): OnGpsExtensionMessage: message_id(1), data(0x9ca0c838), size(2432)
10-19 13:25:17.740 D/libgps  ( 3583): proxy__gps_sv_status_cb : called
10-19 13:25:18.740 D/libgps  ( 3583): OnGpsExtensionMessage: message_id(1), data(0x9ca0c838), size(2432)
10-19 13:25:18.740 D/libgps  ( 3583): proxy__gps_sv_status_cb : called
10-19 13:25:19.745 D/libgps  ( 3583): OnGpsExtensionMessage: message_id(1), data(0x9ca0c838), size(2432)
10-19 13:25:19.745 D/libgps  ( 3583): proxy__gps_sv_status_cb : called
10-19 13:25:20.745 D/libgps  ( 3583): OnGpsExtensionMessage: message_id(1), data(0x9ca0c838), size(2432)
10-19 13:25:20.745 D/libgps  ( 3583): proxy__gps_sv_status_cb : called
10-19 13:25:21.740 D/libgps  ( 3583): OnGpsExtensionMessage: message_id(1), data(0x9ca0c838), size(2432)
10-19 13:25:21.740 D/libgps  ( 3583): proxy__gps_sv_status_cb : called
10-19 13:25:22.740 D/libgps  ( 3583): OnGpsExtensionMessage: message_id(1), data(0x9ca0c838), size(2432)
10-19 13:25:22.740 D/libgps  ( 3583): proxy__gps_sv_status_cb : called
10-19 13:25:23.745 D/libgps  ( 3583): OnGpsExtensionMessage: message_id(1), data(0x9ca0c838), size(2432)
10-19 13:25:23.745 D/libgps  ( 3583): proxy__gps_sv_status_cb : called
10-19 13:25:24.740 D/libgps  ( 3583): OnGpsExtensionMessage: message_id(1), data(0x9ca0c838), size(2432)
10-19 13:25:24.740 D/libgps  ( 3583): proxy__gps_sv_status_cb : called
10-19 13:25:25.270 D/KeyguardUpdateMonitor( 3756): received broadcast android.intent.action.BATTERY_CHANGED
10-19 13:25:25.270 D/KeyguardUpdateMonitor( 3756): handleBatteryUpdate
10-19 13:25:25.270 D/KeyguardFestivalEffect( 3756): onReceive: android.intent.action.BATTERY_CHANGED
10-19 13:25:25.280 I/BusinessExecutor( 4098): registered Task#33820 : PowerInfoEventSource$1
10-19 13:25:25.280 I/BusinessExecutor( 4098): Task#33820 : #run() called
10-19 13:25:25.280 I/BusinessExecutor( 4098): Task#33820 : #run() ended
10-19 13:25:25.285 D/ClientService( 4999): Battery State Change,  status: 2
10-19 13:25:25.285 D/ClientService( 4999): Battery State Change,  Plugged: 2
10-19 13:25:25.285 D/ClientService( 4999): Battery State Change,  level: 43
10-19 13:25:25.285 D/ClientService( 4999): Battery State Change,  scale: 100
10-19 13:25:25.725 D/libgps  ( 3583): OnGpsExtensionMessage: message_id(1), data(0x9ca0c838), size(2432)
10-19 13:25:25.725 D/libgps  ( 3583): proxy__gps_sv_status_cb : called
10-19 13:25:26.740 D/libgps  ( 3583): OnGpsExtensionMessage: message_id(1), data(0x9ca0c838), size(2432)
10-19 13:25:26.740 D/libgps  ( 3583): proxy__gps_sv_status_cb : called
10-19 13:25:27.745 D/libgps  ( 3583): OnGpsExtensionMessage: message_id(1), data(0x9ca0c838), size(2432)
10-19 13:25:27.745 D/libgps  ( 3583): proxy__gps_sv_status_cb : called
10-19 13:25:28.745 D/libgps  ( 3583): OnGpsExtensionMessage: message_id(1), data(0x9ca0c838), size(2432)
10-19 13:25:28.745 D/libgps  ( 3583): proxy__gps_sv_status_cb : called
10-19 13:25:29.745 D/libgps  ( 3583): OnGpsExtensionMessage: message_id(1), data(0x9ca0c838), size(2432)
10-19 13:25:29.745 D/libgps  ( 3583): proxy__gps_sv_status_cb : called
10-19 13:25:30.750 D/libgps  ( 3583): OnGpsExtensionMessage: message_id(1), data(0x9ca0c838), size(2432)
10-19 13:25:30.750 D/libgps  ( 3583): proxy__gps_sv_status_cb : called
10-19 13:25:31.745 D/libgps  ( 3583): OnGpsExtensionMessage: message_id(1), data(0x9ca0c838), size(2432)
10-19 13:25:31.745 D/libgps  ( 3583): proxy__gps_sv_status_cb : called
10-19 13:25:32.745 D/libgps  ( 3583): OnGpsExtensionMessage: message_id(1), data(0x9ca0c838), size(2432)
10-19 13:25:32.745 D/libgps  ( 3583): proxy__gps_sv_status_cb : called
10-19 13:25:33.740 D/libgps  ( 3583): OnGpsExtensionMessage: message_id(1), data(0x9ca0c838), size(2432)
10-19 13:25:33.740 D/libgps  ( 3583): proxy__gps_sv_status_cb : called
10-19 13:25:34.740 D/libgps  ( 3583): OnGpsExtensionMessage: message_id(1), data(0x9ca0c838), size(2432)
10-19 13:25:34.740 D/libgps  ( 3583): proxy__gps_sv_status_cb : called
10-19 13:25:35.370 D/KeyguardUpdateMonitor( 3756): received broadcast android.intent.action.BATTERY_CHANGED
10-19 13:25:35.370 D/KeyguardUpdateMonitor( 3756): handleBatteryUpdate
10-19 13:25:35.370 D/KeyguardFestivalEffect( 3756): onReceive: android.intent.action.BATTERY_CHANGED
10-19 13:25:35.380 I/BusinessExecutor( 4098): registered Task#33821 : PowerInfoEventSource$1
10-19 13:25:35.380 I/BusinessExecutor( 4098): Task#33821 : #run() called
10-19 13:25:35.380 I/BusinessExecutor( 4098): Task#33821 : #run() ended
10-19 13:25:35.380 D/ClientService( 4999): Battery State Change,  status: 2
10-19 13:25:35.380 D/ClientService( 4999): Battery State Change,  Plugged: 2
10-19 13:25:35.380 D/ClientService( 4999): Battery State Change,  level: 43
10-19 13:25:35.380 D/ClientService( 4999): Battery State Change,  scale: 100
10-19 13:25:35.740 D/libgps  ( 3583): OnGpsExtensionMessage: message_id(1), data(0x9ca0c838), size(2432)
10-19 13:25:35.740 D/libgps  ( 3583): proxy__gps_sv_status_cb : called
10-19 13:25:36.740 D/libgps  ( 3583): OnGpsExtensionMessage: message_id(1), data(0x9ca0c838), size(2432)
10-19 13:25:36.740 D/libgps  ( 3583): proxy__gps_sv_status_cb : called
10-19 13:25:37.745 D/libgps  ( 3583): OnGpsExtensionMessage: message_id(1), data(0x9ca0c838), size(2432)
10-19 13:25:37.745 D/libgps  ( 3583): proxy__gps_sv_status_cb : called
10-19 13:25:38.745 D/libgps  ( 3583): OnGpsExtensionMessage: message_id(1), data(0x9ca0c838), size(2432)
10-19 13:25:38.745 D/libgps  ( 3583): proxy__gps_sv_status_cb : called
10-19 13:25:39.745 D/libgps  ( 3583): OnGpsExtensionMessage: message_id(1), data(0x9ca0c838), size(2432)
10-19 13:25:39.745 D/libgps  ( 3583): proxy__gps_sv_status_cb : called
10-19 13:25:40.750 D/libgps  ( 3583): OnGpsExtensionMessage: message_id(1), data(0x9ca0c838), size(2432)
10-19 13:25:40.750 D/libgps  ( 3583): proxy__gps_sv_status_cb : called
10-19 13:25:41.745 D/libgps  ( 3583): OnGpsExtensionMessage: message_id(1), data(0x9ca0c838), size(2432)
10-19 13:25:41.745 D/libgps  ( 3583): proxy__gps_sv_status_cb : called
10-19 13:25:42.745 D/libgps  ( 3583): OnGpsExtensionMessage: message_id(1), data(0x9ca0c838), size(2432)
10-19 13:25:42.745 D/libgps  ( 3583): proxy__gps_sv_status_cb : called
10-19 13:25:43.745 D/libgps  ( 3583): OnGpsExtensionMessage: message_id(1), data(0x9ca0c838), size(2432)
10-19 13:25:43.745 D/libgps  ( 3583): proxy__gps_sv_status_cb : called
10-19 13:25:44.745 D/libgps  ( 3583): OnGpsExtensionMessage: message_id(1), data(0x9ca0c838), size(2432)
10-19 13:25:44.745 D/libgps  ( 3583): proxy__gps_sv_status_cb : called
10-19 13:25:45.470 D/KeyguardUpdateMonitor( 3756): received broadcast android.intent.action.BATTERY_CHANGED
10-19 13:25:45.470 D/KeyguardUpdateMonitor( 3756): handleBatteryUpdate
10-19 13:25:45.470 D/KeyguardFestivalEffect( 3756): onReceive: android.intent.action.BATTERY_CHANGED
10-19 13:25:45.480 I/BusinessExecutor( 4098): registered Task#33822 : PowerInfoEventSource$1
10-19 13:25:45.480 I/BusinessExecutor( 4098): Task#33822 : #run() called
10-19 13:25:45.480 I/BusinessExecutor( 4098): Task#33822 : #run() ended
10-19 13:25:45.485 D/ClientService( 4999): Battery State Change,  status: 2
10-19 13:25:45.485 D/ClientService( 4999): Battery State Change,  Plugged: 2
10-19 13:25:45.485 D/ClientService( 4999): Battery State Change,  level: 43
10-19 13:25:45.485 D/ClientService( 4999): Battery State Change,  scale: 100
10-19 13:25:45.745 D/libgps  ( 3583): OnGpsExtensionMessage: message_id(1), data(0x9ca0c838), size(2432)
10-19 13:25:45.745 D/libgps  ( 3583): proxy__gps_sv_status_cb : called
10-19 13:25:46.740 D/libgps  ( 3583): OnGpsExtensionMessage: message_id(1), data(0x9ca0c838), size(2432)
10-19 13:25:46.740 D/libgps  ( 3583): proxy__gps_sv_status_cb : called
10-19 13:25:47.740 D/libgps  ( 3583): OnGpsExtensionMessage: message_id(1), data(0x9ca0c838), size(2432)
10-19 13:25:47.740 D/libgps  ( 3583): proxy__gps_sv_status_cb : called
10-19 13:25:48.745 D/libgps  ( 3583): OnGpsExtensionMessage: message_id(1), data(0x9ca0c838), size(2432)
10-19 13:25:48.745 D/libgps  ( 3583): proxy__gps_sv_status_cb : called
10-19 13:25:49.740 D/libgps  ( 3583): OnGpsExtensionMessage: message_id(1), data(0x9ca0c838), size(2432)
10-19 13:25:49.740 D/libgps  ( 3583): proxy__gps_sv_status_cb : called
10-19 13:25:50.740 D/libgps  ( 3583): OnGpsExtensionMessage: message_id(1), data(0x9ca0c838), size(2432)
10-19 13:25:50.740 D/libgps  ( 3583): proxy__gps_sv_status_cb : called
10-19 13:25:51.740 D/libgps  ( 3583): OnGpsExtensionMessage: message_id(1), data(0x9ca0c838), size(2432)
10-19 13:25:51.740 D/libgps  ( 3583): proxy__gps_sv_status_cb : called
10-19 13:25:52.735 D/libgps  ( 3583): OnGpsExtensionMessage: message_id(1), data(0x9ca0c838), size(2432)
10-19 13:25:52.735 D/libgps  ( 3583): proxy__gps_sv_status_cb : called
10-19 13:25:53.740 D/libgps  ( 3583): OnGpsExtensionMessage: message_id(1), data(0x9ca0c838), size(2432)
10-19 13:25:53.740 D/libgps  ( 3583): proxy__gps_sv_status_cb : called
10-19 13:25:54.750 D/libgps  ( 3583): OnGpsExtensionMessage: message_id(1), data(0x9ca0c838), size(2432)
10-19 13:25:54.750 D/libgps  ( 3583): proxy__gps_sv_status_cb : called
10-19 13:25:55.030 I/System.out( 4036): Broadcasting: Intent { act=android.intent.action.CELL_INFO_RES (has extras) }
10-19 13:25:55.550 D/KeyguardUpdateMonitor( 3756): received broadcast android.intent.action.BATTERY_CHANGED
10-19 13:25:55.555 D/KeyguardUpdateMonitor( 3756): handleBatteryUpdate
10-19 13:25:55.555 D/KeyguardFestivalEffect( 3756): onReceive: android.intent.action.BATTERY_CHANGED
10-19 13:25:55.560 I/BusinessExecutor( 4098): registered Task#33823 : PowerInfoEventSource$1
10-19 13:25:55.560 I/BusinessExecutor( 4098): Task#33823 : #run() called
10-19 13:25:55.560 I/BusinessExecutor( 4098): Task#33823 : #run() ended
10-19 13:25:55.565 D/ClientService( 4999): Battery State Change,  status: 2
10-19 13:25:55.565 D/ClientService( 4999): Battery State Change,  Plugged: 2
10-19 13:25:55.565 D/ClientService( 4999): Battery State Change,  level: 43
10-19 13:25:55.565 D/ClientService( 4999): Battery State Change,  scale: 100
10-19 13:25:55.740 D/libgps  ( 3583): OnGpsExtensionMessage: message_id(1), data(0x9ca0c838), size(2432)
10-19 13:25:55.740 D/libgps  ( 3583): proxy__gps_sv_status_cb : called
10-19 13:25:56.745 D/libgps  ( 3583): OnGpsExtensionMessage: message_id(1), data(0x9ca0c838), size(2432)
10-19 13:25:56.745 D/libgps  ( 3583): proxy__gps_sv_status_cb : called
10-19 13:25:57.740 D/libgps  ( 3583): OnGpsExtensionMessage: message_id(1), data(0x9ca0c838), size(2432)
10-19 13:25:57.740 D/libgps  ( 3583): proxy__gps_sv_status_cb : called
10-19 13:25:58.740 D/libgps  ( 3583): OnGpsExtensionMessage: message_id(1), data(0x9ca0c838), size(2432)
10-19 13:25:58.740 D/libgps  ( 3583): proxy__gps_sv_status_cb : called
10-19 13:25:59.740 D/libgps  ( 3583): OnGpsExtensionMessage: message_id(1), data(0x9ca0c838), size(2432)
10-19 13:25:59.740 D/libgps  ( 3583): proxy__gps_sv_status_cb : called
10-19 13:26:00.005 D/KeyguardUpdateMonitor( 3756): received broadcast android.intent.action.TIME_TICK
10-19 13:26:00.005 D/KeyguardUpdateMonitor( 3756): handleTimeUpdate
10-19 13:26:00.070 D/DateView( 3756): regionalDateFormat = 3333. 11. 22. isRTLlanguage = false returnDateFormat = MMMM d일 E요일
10-19 13:26:00.075 D/DateView( 3756): regionalDateFormat = 3333. 11. 22. isRTLlanguage = false returnDateFormat = MMMM d일 E요일
10-19 13:26:00.080 D/KeyguardEffectViewController( 3756): onReceive action : android.intent.action.TIME_TICK
10-19 13:26:00.080 I/KeyguardEffectViewController( 3756): *** don't update sliding image ***
10-19 13:26:00.740 D/libgps  ( 3583): OnGpsExtensionMessage: message_id(1), data(0x9ca0c838), size(2432)
10-19 13:26:00.740 D/libgps  ( 3583): proxy__gps_sv_status_cb : called
10-19 13:26:01.745 D/libgps  ( 3583): OnGpsExtensionMessage: message_id(1), data(0x9ca0c838), size(2432)
10-19 13:26:01.745 D/libgps  ( 3583): proxy__gps_sv_status_cb : called
10-19 13:26:02.745 D/libgps  ( 3583): OnGpsExtensionMessage: message_id(1), data(0x9ca0c838), size(2432)
10-19 13:26:02.745 D/libgps  ( 3583): proxy__gps_sv_status_cb : called
10-19 13:26:03.745 D/libgps  ( 3583): OnGpsExtensionMessage: message_id(1), data(0x9ca0c838), size(2432)
10-19 13:26:03.745 D/libgps  ( 3583): proxy__gps_sv_status_cb : called
10-19 13:26:04.740 D/libgps  ( 3583): OnGpsExtensionMessage: message_id(1), data(0x9ca0c838), size(2432)
10-19 13:26:04.740 D/libgps  ( 3583): proxy__gps_sv_status_cb : called
10-19 13:26:05.655 D/KeyguardUpdateMonitor( 3756): received broadcast android.intent.action.BATTERY_CHANGED
10-19 13:26:05.655 D/KeyguardUpdateMonitor( 3756): handleBatteryUpdate
10-19 13:26:05.655 D/KeyguardFestivalEffect( 3756): onReceive: android.intent.action.BATTERY_CHANGED
10-19 13:26:05.665 I/BusinessExecutor( 4098): registered Task#33824 : PowerInfoEventSource$1
10-19 13:26:05.665 I/BusinessExecutor( 4098): Task#33824 : #run() called
10-19 13:26:05.665 I/BusinessExecutor( 4098): Task#33824 : #run() ended
10-19 13:26:05.670 D/ClientService( 4999): Battery State Change,  status: 2
10-19 13:26:05.670 D/ClientService( 4999): Battery State Change,  Plugged: 2
10-19 13:26:05.670 D/ClientService( 4999): Battery State Change,  level: 43
10-19 13:26:05.670 D/ClientService( 4999): Battery State Change,  scale: 100
10-19 13:26:05.750 D/libgps  ( 3583): OnGpsExtensionMessage: message_id(1), data(0x9ca0c838), size(2432)
10-19 13:26:05.750 D/libgps  ( 3583): proxy__gps_sv_status_cb : called
10-19 13:26:06.740 D/libgps  ( 3583): OnGpsExtensionMessage: message_id(1), data(0x9ca0c838), size(2432)
10-19 13:26:06.740 D/libgps  ( 3583): proxy__gps_sv_status_cb : called
10-19 13:26:07.745 D/libgps  ( 3583): OnGpsExtensionMessage: message_id(1), data(0x9ca0c838), size(2432)
10-19 13:26:07.745 D/libgps  ( 3583): proxy__gps_sv_status_cb : called
10-19 13:26:08.750 D/libgps  ( 3583): OnGpsExtensionMessage: message_id(1), data(0x9ca0c838), size(2432)
10-19 13:26:08.750 D/libgps  ( 3583): proxy__gps_sv_status_cb : called
10-19 13:26:09.745 D/libgps  ( 3583): OnGpsExtensionMessage: message_id(1), data(0x9ca0c838), size(2432)
10-19 13:26:09.745 D/libgps  ( 3583): proxy__gps_sv_status_cb : called
10-19 13:26:10.740 D/libgps  ( 3583): OnGpsExtensionMessage: message_id(1), data(0x9ca0c838), size(2432)
10-19 13:26:10.740 D/libgps  ( 3583): proxy__gps_sv_status_cb : called
10-19 13:26:11.745 D/libgps  ( 3583): OnGpsExtensionMessage: message_id(1), data(0x9ca0c838), size(2432)
10-19 13:26:11.745 D/libgps  ( 3583): proxy__gps_sv_status_cb : called
10-19 13:26:12.740 D/libgps  ( 3583): OnGpsExtensionMessage: message_id(1), data(0x9ca0c838), size(2432)
10-19 13:26:12.740 D/libgps  ( 3583): proxy__gps_sv_status_cb : called
10-19 13:26:13.750 D/libgps  ( 3583): OnGpsExtensionMessage: message_id(1), data(0x9ca0c838), size(2432)
10-19 13:26:13.750 D/libgps  ( 3583): proxy__gps_sv_status_cb : called
10-19 13:26:14.745 D/libgps  ( 3583): OnGpsExtensionMessage: message_id(1), data(0x9ca0c838), size(2432)
10-19 13:26:14.745 D/libgps  ( 3583): proxy__gps_sv_status_cb : called
10-19 13:26:15.730 D/libgps  ( 3583): OnGpsExtensionMessage: message_id(1), data(0x9ca0c838), size(2432)
10-19 13:26:15.730 D/libgps  ( 3583): proxy__gps_sv_status_cb : called
10-19 13:26:15.755 D/KeyguardUpdateMonitor( 3756): received broadcast android.intent.action.BATTERY_CHANGED
10-19 13:26:15.755 D/KeyguardUpdateMonitor( 3756): handleBatteryUpdate
10-19 13:26:15.755 D/KeyguardFestivalEffect( 3756): onReceive: android.intent.action.BATTERY_CHANGED
10-19 13:26:15.760 I/BusinessExecutor( 4098): registered Task#33825 : PowerInfoEventSource$1
10-19 13:26:15.760 I/BusinessExecutor( 4098): Task#33825 : #run() called
10-19 13:26:15.760 I/BusinessExecutor( 4098): Task#33825 : #run() ended
10-19 13:26:15.765 D/ClientService( 4999): Battery State Change,  status: 2
10-19 13:26:15.765 D/ClientService( 4999): Battery State Change,  Plugged: 2
10-19 13:26:15.765 D/ClientService( 4999): Battery State Change,  level: 43
10-19 13:26:15.765 D/ClientService( 4999): Battery State Change,  scale: 100
10-19 13:26:16.740 D/libgps  ( 3583): OnGpsExtensionMessage: message_id(1), data(0x9ca0c838), size(2432)
10-19 13:26:16.740 D/libgps  ( 3583): proxy__gps_sv_status_cb : called
10-19 13:26:17.745 D/libgps  ( 3583): OnGpsExtensionMessage: message_id(1), data(0x9ca0c838), size(2432)
10-19 13:26:17.745 D/libgps  ( 3583): proxy__gps_sv_status_cb : called
10-19 13:26:18.745 D/libgps  ( 3583): OnGpsExtensionMessage: message_id(1), data(0x9ca0c838), size(2432)
10-19 13:26:18.745 D/libgps  ( 3583): proxy__gps_sv_status_cb : called
10-19 13:26:19.745 D/libgps  ( 3583): OnGpsExtensionMessage: message_id(1), data(0x9ca0c838), size(2432)
10-19 13:26:19.750 D/libgps  ( 3583): proxy__gps_sv_status_cb : called
10-19 13:26:20.740 D/libgps  ( 3583): OnGpsExtensionMessage: message_id(1), data(0x9ca0c838), size(2432)
10-19 13:26:20.740 D/libgps  ( 3583): proxy__gps_sv_status_cb : called
10-19 13:26:21.745 D/libgps  ( 3583): OnGpsExtensionMessage: message_id(1), data(0x9ca0c838), size(2432)
10-19 13:26:21.745 D/libgps  ( 3583): proxy__gps_sv_status_cb : called
10-19 13:26:22.745 D/libgps  ( 3583): OnGpsExtensionMessage: message_id(1), data(0x9ca0c838), size(2432)
10-19 13:26:22.745 D/libgps  ( 3583): proxy__gps_sv_status_cb : called
10-19 13:26:23.745 D/libgps  ( 3583): OnGpsExtensionMessage: message_id(1), data(0x9ca0c838), size(2432)
10-19 13:26:23.745 D/libgps  ( 3583): proxy__gps_sv_status_cb : called
10-19 13:26:24.740 D/libgps  ( 3583): OnGpsExtensionMessage: message_id(1), data(0x9ca0c838), size(2432)
10-19 13:26:24.740 D/libgps  ( 3583): proxy__gps_sv_status_cb : called
10-19 13:26:25.750 D/libgps  ( 3583): OnGpsExtensionMessage: message_id(1), data(0x9ca0c838), size(2432)
10-19 13:26:25.750 D/libgps  ( 3583): proxy__gps_sv_status_cb : called
10-19 13:26:25.830 D/KeyguardUpdateMonitor( 3756): received broadcast android.intent.action.BATTERY_CHANGED
10-19 13:26:25.830 D/KeyguardUpdateMonitor( 3756): handleBatteryUpdate
10-19 13:26:25.830 D/KeyguardFestivalEffect( 3756): onReceive: android.intent.action.BATTERY_CHANGED
10-19 13:26:25.840 I/BusinessExecutor( 4098): registered Task#33826 : PowerInfoEventSource$1
10-19 13:26:25.840 I/BusinessExecutor( 4098): Task#33826 : #run() called
10-19 13:26:25.840 I/BusinessExecutor( 4098): Task#33826 : #run() ended
10-19 13:26:25.840 D/ClientService( 4999): Battery State Change,  status: 2
10-19 13:26:25.840 D/ClientService( 4999): Battery State Change,  Plugged: 2
10-19 13:26:25.840 D/ClientService( 4999): Battery State Change,  level: 43
10-19 13:26:25.840 D/ClientService( 4999): Battery State Change,  scale: 100
10-19 13:26:26.745 D/libgps  ( 3583): OnGpsExtensionMessage: message_id(1), data(0x9ca0c838), size(2432)
10-19 13:26:26.745 D/libgps  ( 3583): proxy__gps_sv_status_cb : called
10-19 13:26:27.750 D/libgps  ( 3583): OnGpsExtensionMessage: message_id(1), data(0x9ca0c838), size(2432)
10-19 13:26:27.750 D/libgps  ( 3583): proxy__gps_sv_status_cb : called
10-19 13:26:28.735 D/libgps  ( 3583): OnGpsExtensionMessage: message_id(1), data(0x9ca0c838), size(2432)
10-19 13:26:28.740 D/libgps  ( 3583): proxy__gps_sv_status_cb : called
10-19 13:26:29.740 D/libgps  ( 3583): OnGpsExtensionMessage: message_id(1), data(0x9ca0c838), size(2432)
10-19 13:26:29.740 D/libgps  ( 3583): proxy__gps_sv_status_cb : called
10-19 13:26:30.740 D/libgps  ( 3583): OnGpsExtensionMessage: message_id(1), data(0x9ca0c838), size(2432)
10-19 13:26:30.740 D/libgps  ( 3583): proxy__gps_sv_status_cb : called
10-19 13:26:31.750 D/libgps  ( 3583): OnGpsExtensionMessage: message_id(1), data(0x9ca0c838), size(2432)
10-19 13:26:31.750 D/libgps  ( 3583): proxy__gps_sv_status_cb : called
