10-19 13:17:32.755 D/GpsLocationProvider_ex( 3583): SV Count : 2 / TOP5 : 18 11 0 0 0 
10-19 13:17:33.280 D/StatusBar.NetworkController( 3756): onSignalStrengthsChanged signalStrength=SignalStrength: 99 99 -120 -160 -120 -1 -1 63 -66 -5 240 0 2147483647 0x4 gsm|lte level=4
10-19 13:17:33.280 D/StatusBar.NetworkController( 3756): updateTelephonySignalStrength: hasService=true ss=SignalStrength: 99 99 -120 -160 -120 -1 -1 63 -66 -5 240 0 2147483647 0x4 gsm|lte
10-19 13:17:33.280 D/StatusBar.NetworkController( 3756): updateTelephonySignalStrength -mTransitionState : false
10-19 13:17:33.280 D/StatusBar.NetworkController( 3756): refreshViews connected={ data } level=4 combinedSignalIconId=0x7f0205fe/com.android.systemui:drawable/stat_sys_signal_4_auto_rotate mobileLabel=SKTelecom wifiLabel= emergencyOnly=false combinedLabel=SKTelecom mAirplaneMode=false mDataActivity=0 mPhoneSignalIconId=0x7f0205fe/com.android.systemui:drawable/stat_sys_signal_4_auto_rotate mQSPhoneSignalIconId=0x7f0201ac/com.android.systemui:drawable/ic_qs_signal_no_signal mDataDirectionIconId=0x7f020484/com.android.systemui:drawable/stat_sys_data_fully_connected_lte mDataSignalIconId=0x7f0205fe/com.android.systemui:drawable/stat_sys_signal_4_auto_rotate mDataTypeIconId=0x7f02046a/com.android.systemui:drawable/stat_sys_data_connected_lte mQSDataTypeIconId=0x7f0201ab/com.android.systemui:drawable/ic_qs_signal_lte mNoSimIconId=0x0/(null) mWifiIconId=0x0/(null) mQSWifiIconId=0x0/(null) mWifiActivityIconId=0x0/(null) mBluetoothTetherIconId=0x10808ee/android:drawable/stat_sys_tether_bluetooth
10-19 13:17:33.280 D/STATUSBAR-WifiQuickSettingButton( 3756): onWifiSignalChanged enabled=false enabledDesc:null
10-19 13:17:33.285 D/StatusBar.NetworkController( 3756): UPDATE_STRENGTH -mPreSvcSate: 2, mCurSvcSate: 2
10-19 13:17:33.285 D/StatusBar.NetworkController( 3756): mKeepFakeState =false
10-19 13:17:33.285 D/StatusBar.NetworkController( 3756): UPDATE_STRENGTH - 4, 4
10-19 13:17:33.285 D/StatusBar.NetworkController( 3756): UPDATE_STRENGTH(IN_SVC) -no diff 4, 4
10-19 13:17:33.760 D/libgps  ( 3583): OnGpsExtensionMessage: message_id(1), data(0x9ca0c838), size(2432)
10-19 13:17:33.760 D/libgps  ( 3583): proxy__gps_sv_status_cb : called
10-19 13:17:33.760 D/GpsLocationProvider_ex( 3583): SV Count : 2 / TOP5 : 18 11 0 0 0 
10-19 13:17:34.765 D/libgps  ( 3583): OnGpsExtensionMessage: message_id(1), data(0x9ca0c838), size(2432)
10-19 13:17:34.765 D/libgps  ( 3583): proxy__gps_sv_status_cb : called
10-19 13:17:34.765 D/GpsLocationProvider_ex( 3583): SV Count : 2 / TOP5 : 18 11 0 0 0 
10-19 13:17:35.765 D/libgps  ( 3583): OnGpsExtensionMessage: message_id(1), data(0x9ca0c838), size(2432)
10-19 13:17:35.765 D/libgps  ( 3583): proxy__gps_sv_status_cb : called
10-19 13:17:35.765 D/GpsLocationProvider_ex( 3583): SV Count : 2 / TOP5 : 19 10 0 0 0 
10-19 13:17:36.760 D/libgps  ( 3583): OnGpsExtensionMessage: message_id(1), data(0x9ca0c838), size(2432)
10-19 13:17:36.760 D/libgps  ( 3583): proxy__gps_sv_status_cb : called
10-19 13:17:36.760 D/GpsLocationProvider_ex( 3583): SV Count : 2 / TOP5 : 19 10 0 0 0 
10-19 13:17:37.765 D/libgps  ( 3583): OnGpsExtensionMessage: message_id(1), data(0x9ca0c838), size(2432)
10-19 13:17:37.765 D/libgps  ( 3583): proxy__gps_sv_status_cb : called
10-19 13:17:37.765 D/GpsLocationProvider_ex( 3583): SV Count : 2 / TOP5 : 19 10 0 0 0 
10-19 13:17:38.765 D/libgps  ( 3583): OnGpsExtensionMessage: message_id(1), data(0x9ca0c838), size(2432)
10-19 13:17:38.765 D/libgps  ( 3583): proxy__gps_sv_status_cb : called
10-19 13:17:38.765 D/GpsLocationProvider_ex( 3583): SV Count : 2 / TOP5 : 19 10 0 0 0 
10-19 13:17:39.760 D/libgps  ( 3583): OnGpsExtensionMessage: message_id(1), data(0x9ca0c838), size(2432)
10-19 13:17:39.760 D/libgps  ( 3583): proxy__gps_sv_status_cb : called
10-19 13:17:39.760 D/GpsLocationProvider_ex( 3583): SV Count : 2 / TOP5 : 19 11 0 0 0 
10-19 13:17:40.750 D/libgps  ( 3583): OnGpsExtensionMessage: message_id(1), data(0x9ca0c838), size(2432)
10-19 13:17:40.750 D/libgps  ( 3583): proxy__gps_sv_status_cb : called
10-19 13:17:40.750 D/GpsLocationProvider_ex( 3583): SV Count : 2 / TOP5 : 20 11 0 0 0 
10-19 13:17:40.825 D/KeyguardUpdateMonitor( 3756): received broadcast android.intent.action.BATTERY_CHANGED
10-19 13:17:40.825 D/KeyguardUpdateMonitor( 3756): handleBatteryUpdate
10-19 13:17:40.825 D/KeyguardFestivalEffect( 3756): onReceive: android.intent.action.BATTERY_CHANGED
10-19 13:17:40.835 I/BusinessExecutor( 4098): registered Task#33774 : PowerInfoEventSource$1
10-19 13:17:40.835 I/BusinessExecutor( 4098): Task#33774 : #run() called
10-19 13:17:40.835 I/BusinessExecutor( 4098): Task#33774 : #run() ended
10-19 13:17:40.840 D/ClientService( 4999): Battery State Change,  status: 2
10-19 13:17:40.840 D/ClientService( 4999): Battery State Change,  Plugged: 2
10-19 13:17:40.840 D/ClientService( 4999): Battery State Change,  level: 43
10-19 13:17:40.840 D/ClientService( 4999): Battery State Change,  scale: 100
10-19 13:17:41.760 D/libgps  ( 3583): OnGpsExtensionMessage: message_id(1), data(0x9ca0c838), size(2432)
10-19 13:17:41.760 D/libgps  ( 3583): proxy__gps_sv_status_cb : called
10-19 13:17:41.760 D/GpsLocationProvider_ex( 3583): SV Count : 2 / TOP5 : 20 11 0 0 0 
10-19 13:17:42.765 D/libgps  ( 3583): OnGpsExtensionMessage: message_id(1), data(0x9ca0c838), size(2432)
10-19 13:17:42.765 D/libgps  ( 3583): proxy__gps_sv_status_cb : called
10-19 13:17:42.770 D/GpsLocationProvider_ex( 3583): SV Count : 2 / TOP5 : 20 12 0 0 0 
10-19 13:17:43.765 D/libgps  ( 3583): OnGpsExtensionMessage: message_id(1), data(0x9ca0c838), size(2432)
10-19 13:17:43.765 D/libgps  ( 3583): proxy__gps_sv_status_cb : called
10-19 13:17:43.765 D/GpsLocationProvider_ex( 3583): SV Count : 2 / TOP5 : 20 12 0 0 0 
10-19 13:17:44.750 D/libgps  ( 3583): OnGpsExtensionMessage: message_id(1), data(0x9ca0c838), size(2432)
10-19 13:17:44.750 D/libgps  ( 3583): proxy__gps_sv_status_cb : called
10-19 13:17:44.750 D/GpsLocationProvider_ex( 3583): SV Count : 2 / TOP5 : 20 12 0 0 0 
10-19 13:17:45.750 D/libgps  ( 3583): OnGpsExtensionMessage: message_id(1), data(0x9ca0c838), size(2432)
10-19 13:17:45.750 D/libgps  ( 3583): proxy__gps_sv_status_cb : called
10-19 13:17:45.750 D/GpsLocationProvider_ex( 3583): SV Count : 2 / TOP5 : 20 12 0 0 0 
10-19 13:17:46.755 D/libgps  ( 3583): OnGpsExtensionMessage: message_id(1), data(0x9ca0c838), size(2432)
10-19 13:17:46.755 D/libgps  ( 3583): proxy__gps_sv_status_cb : called
10-19 13:17:46.755 D/GpsLocationProvider_ex( 3583): SV Count : 2 / TOP5 : 19 12 0 0 0 
10-19 13:17:47.760 D/libgps  ( 3583): OnGpsExtensionMessage: message_id(1), data(0x9ca0c838), size(2432)
10-19 13:17:47.760 D/libgps  ( 3583): proxy__gps_sv_status_cb : called
10-19 13:17:47.765 D/GpsLocationProvider_ex( 3583): SV Count : 2 / TOP5 : 19 12 0 0 0 
10-19 13:17:48.765 D/libgps  ( 3583): OnGpsExtensionMessage: message_id(1), data(0x9ca0c838), size(2432)
10-19 13:17:48.765 D/libgps  ( 3583): proxy__gps_sv_status_cb : called
10-19 13:17:48.765 D/GpsLocationProvider_ex( 3583): SV Count : 2 / TOP5 : 19 13 0 0 0 
10-19 13:17:49.755 D/libgps  ( 3583): OnGpsExtensionMessage: message_id(1), data(0x9ca0c838), size(2432)
10-19 13:17:49.755 D/libgps  ( 3583): proxy__gps_sv_status_cb : called
10-19 13:17:49.755 D/GpsLocationProvider_ex( 3583): SV Count : 2 / TOP5 : 19 13 0 0 0 
10-19 13:17:50.750 D/libgps  ( 3583): OnGpsExtensionMessage: message_id(1), data(0x9ca0c838), size(2432)
10-19 13:17:50.750 D/libgps  ( 3583): proxy__gps_sv_status_cb : called
10-19 13:17:50.750 D/GpsLocationProvider_ex( 3583): SV Count : 2 / TOP5 : 19 13 0 0 0 
10-19 13:17:50.925 D/KeyguardUpdateMonitor( 3756): received broadcast android.intent.action.BATTERY_CHANGED
10-19 13:17:50.925 D/KeyguardUpdateMonitor( 3756): handleBatteryUpdate
10-19 13:17:50.925 D/KeyguardFestivalEffect( 3756): onReceive: android.intent.action.BATTERY_CHANGED
10-19 13:17:50.935 I/BusinessExecutor( 4098): registered Task#33775 : PowerInfoEventSource$1
10-19 13:17:50.935 I/BusinessExecutor( 4098): Task#33775 : #run() called
10-19 13:17:50.935 I/BusinessExecutor( 4098): Task#33775 : #run() ended
10-19 13:17:50.940 D/ClientService( 4999): Battery State Change,  status: 2
10-19 13:17:50.940 D/ClientService( 4999): Battery State Change,  Plugged: 2
10-19 13:17:50.940 D/ClientService( 4999): Battery State Change,  level: 43
10-19 13:17:50.940 D/ClientService( 4999): Battery State Change,  scale: 100
10-19 13:17:51.760 D/libgps  ( 3583): OnGpsExtensionMessage: message_id(1), data(0x9ca0c838), size(2432)
10-19 13:17:51.760 D/libgps  ( 3583): proxy__gps_sv_status_cb : called
10-19 13:17:51.760 D/GpsLocationProvider_ex( 3583): SV Count : 2 / TOP5 : 19 12 0 0 0 
10-19 13:17:52.755 D/libgps  ( 3583): OnGpsExtensionMessage: message_id(1), data(0x9ca0c838), size(2432)
10-19 13:17:52.755 D/libgps  ( 3583): proxy__gps_sv_status_cb : called
10-19 13:17:52.755 D/GpsLocationProvider_ex( 3583): SV Count : 2 / TOP5 : 19 12 0 0 0 
10-19 13:17:53.745 I/System.out( 4036): Broadcasting: Intent { act=android.intent.action.CELL_INFO_RES (has extras) }
10-19 13:17:53.765 D/libgps  ( 3583): OnGpsExtensionMessage: message_id(1), data(0x9ca0c838), size(2432)
10-19 13:17:53.765 D/libgps  ( 3583): proxy__gps_sv_status_cb : called
10-19 13:17:53.765 D/GpsLocationProvider_ex( 3583): SV Count : 2 / TOP5 : 19 12 0 0 0 
10-19 13:17:54.755 D/libgps  ( 3583): OnGpsExtensionMessage: message_id(1), data(0x9ca0c838), size(2432)
10-19 13:17:54.755 D/libgps  ( 3583): proxy__gps_sv_status_cb : called
10-19 13:17:54.755 D/GpsLocationProvider_ex( 3583): SV Count : 2 / TOP5 : 19 12 0 0 0 
10-19 13:17:55.755 D/libgps  ( 3583): OnGpsExtensionMessage: message_id(1), data(0x9ca0c838), size(2432)
10-19 13:17:55.755 D/libgps  ( 3583): proxy__gps_sv_status_cb : called
10-19 13:17:55.755 D/GpsLocationProvider_ex( 3583): SV Count : 2 / TOP5 : 19 11 0 0 0 
10-19 13:17:56.755 D/libgps  ( 3583): OnGpsExtensionMessage: message_id(1), data(0x9ca0c838), size(2432)
10-19 13:17:56.755 D/libgps  ( 3583): proxy__gps_sv_status_cb : called
10-19 13:17:56.755 D/GpsLocationProvider_ex( 3583): SV Count : 2 / TOP5 : 18 11 0 0 0 
10-19 13:17:57.750 D/libgps  ( 3583): OnGpsExtensionMessage: message_id(1), data(0x9ca0c838), size(2432)
10-19 13:17:57.750 D/libgps  ( 3583): proxy__gps_sv_status_cb : called
10-19 13:17:57.750 D/GpsLocationProvider_ex( 3583): SV Count : 2 / TOP5 : 18 10 0 0 0 
10-19 13:17:58.750 D/libgps  ( 3583): OnGpsExtensionMessage: message_id(1), data(0x9ca0c838), size(2432)
10-19 13:17:58.750 D/libgps  ( 3583): proxy__gps_sv_status_cb : called
10-19 13:17:58.755 D/GpsLocationProvider_ex( 3583): SV Count : 2 / TOP5 : 18 8 0 0 0 
10-19 13:17:58.880 D/StatusBar.NetworkController( 3756): onSignalStrengthsChanged signalStrength=SignalStrength: 99 99 -120 -160 -120 -1 -1 63 -64 -9 280 15 2147483647 0x4 gsm|lte level=4
10-19 13:17:58.880 D/StatusBar.NetworkController( 3756): updateTelephonySignalStrength: hasService=true ss=SignalStrength: 99 99 -120 -160 -120 -1 -1 63 -64 -9 280 15 2147483647 0x4 gsm|lte
10-19 13:17:58.880 D/StatusBar.NetworkController( 3756): updateTelephonySignalStrength -mTransitionState : false
10-19 13:17:58.880 D/StatusBar.NetworkController( 3756): refreshViews connected={ data } level=4 combinedSignalIconId=0x7f0205fe/com.android.systemui:drawable/stat_sys_signal_4_auto_rotate mobileLabel=SKTelecom wifiLabel= emergencyOnly=false combinedLabel=SKTelecom mAirplaneMode=false mDataActivity=0 mPhoneSignalIconId=0x7f0205fe/com.android.systemui:drawable/stat_sys_signal_4_auto_rotate mQSPhoneSignalIconId=0x7f0201ac/com.android.systemui:drawable/ic_qs_signal_no_signal mDataDirectionIconId=0x7f020484/com.android.systemui:drawable/stat_sys_data_fully_connected_lte mDataSignalIconId=0x7f0205fe/com.android.systemui:drawable/stat_sys_signal_4_auto_rotate mDataTypeIconId=0x7f02046a/com.android.systemui:drawable/stat_sys_data_connected_lte mQSDataTypeIconId=0x7f0201ab/com.android.systemui:drawable/ic_qs_signal_lte mNoSimIconId=0x0/(null) mWifiIconId=0x0/(null) mQSWifiIconId=0x0/(null) mWifiActivityIconId=0x0/(null) mBluetoothTetherIconId=0x10808ee/android:drawable/stat_sys_tether_bluetooth
10-19 13:17:58.880 D/STATUSBAR-WifiQuickSettingButton( 3756): onWifiSignalChanged enabled=false enabledDesc:null
10-19 13:17:58.885 D/StatusBar.NetworkController( 3756): UPDATE_STRENGTH -mPreSvcSate: 2, mCurSvcSate: 2
10-19 13:17:58.885 D/StatusBar.NetworkController( 3756): mKeepFakeState =false
10-19 13:17:58.885 D/StatusBar.NetworkController( 3756): UPDATE_STRENGTH - 4, 4
10-19 13:17:58.885 D/StatusBar.NetworkController( 3756): UPDATE_STRENGTH(IN_SVC) -no diff 4, 4
10-19 13:17:59.755 D/libgps  ( 3583): OnGpsExtensionMessage: message_id(1), data(0x9ca0c838), size(2432)
10-19 13:17:59.755 D/libgps  ( 3583): proxy__gps_sv_status_cb : called
10-19 13:17:59.755 D/GpsLocationProvider_ex( 3583): SV Count : 1 / TOP5 : 18 18 0 0 0 
10-19 13:18:00.015 D/KeyguardUpdateMonitor( 3756): received broadcast android.intent.action.TIME_TICK
10-19 13:18:00.020 D/KeyguardUpdateMonitor( 3756): handleTimeUpdate
10-19 13:18:00.070 D/DateView( 3756): regionalDateFormat = 3333. 11. 22. isRTLlanguage = false returnDateFormat = MMMM d일 E요일
10-19 13:18:00.075 D/DateView( 3756): regionalDateFormat = 3333. 11. 22. isRTLlanguage = false returnDateFormat = MMMM d일 E요일
10-19 13:18:00.080 D/KeyguardEffectViewController( 3756): onReceive action : android.intent.action.TIME_TICK
10-19 13:18:00.080 I/KeyguardEffectViewController( 3756): *** don't update sliding image ***
10-19 13:18:00.745 D/libgps  ( 3583): OnGpsExtensionMessage: message_id(1), data(0x9ca0c838), size(2432)
10-19 13:18:00.745 D/libgps  ( 3583): proxy__gps_sv_status_cb : called
10-19 13:18:00.745 D/GpsLocationProvider_ex( 3583): SV Count : 1 / TOP5 : 18 18 0 0 0 
10-19 13:18:01.040 D/KeyguardUpdateMonitor( 3756): received broadcast android.intent.action.BATTERY_CHANGED
10-19 13:18:01.040 D/KeyguardUpdateMonitor( 3756): handleBatteryUpdate
10-19 13:18:01.040 D/KeyguardFestivalEffect( 3756): onReceive: android.intent.action.BATTERY_CHANGED
10-19 13:18:01.060 I/BusinessExecutor( 4098): registered Task#33776 : PowerInfoEventSource$1
10-19 13:18:01.060 I/BusinessExecutor( 4098): Task#33776 : #run() called
10-19 13:18:01.065 I/BusinessExecutor( 4098): Task#33776 : #run() ended
10-19 13:18:01.070 D/ClientService( 4999): Battery State Change,  status: 2
10-19 13:18:01.070 D/ClientService( 4999): Battery State Change,  Plugged: 2
10-19 13:18:01.070 D/ClientService( 4999): Battery State Change,  level: 43
10-19 13:18:01.070 D/ClientService( 4999): Battery State Change,  scale: 100
10-19 13:18:01.750 D/libgps  ( 3583): OnGpsExtensionMessage: message_id(1), data(0x9ca0c838), size(2432)
10-19 13:18:01.750 D/libgps  ( 3583): proxy__gps_sv_status_cb : called
10-19 13:18:01.750 D/GpsLocationProvider_ex( 3583): SV Count : 1 / TOP5 : 18 17 0 0 0 
10-19 13:18:02.740 D/libgps  ( 3583): OnGpsExtensionMessage: message_id(1), data(0x9ca0c838), size(2432)
10-19 13:18:02.740 D/libgps  ( 3583): proxy__gps_sv_status_cb : called
10-19 13:18:02.740 D/GpsLocationProvider_ex( 3583): SV Count : 1 / TOP5 : 19 18 0 0 0 
10-19 13:18:03.215 D/NetworkStatsFactory( 3583): UpdateStatsForKnox
10-19 13:18:03.740 D/libgps  ( 3583): OnGpsExtensionMessage: message_id(1), data(0x9ca0c838), size(2432)
10-19 13:18:03.740 D/libgps  ( 3583): proxy__gps_sv_status_cb : called
10-19 13:18:03.740 D/GpsLocationProvider_ex( 3583): SV Count : 1 / TOP5 : 18 18 0 0 0 
10-19 13:18:04.745 D/libgps  ( 3583): OnGpsExtensionMessage: message_id(1), data(0x9ca0c838), size(2432)
10-19 13:18:04.745 D/libgps  ( 3583): proxy__gps_sv_status_cb : called
10-19 13:18:04.745 D/GpsLocationProvider_ex( 3583): SV Count : 1 / TOP5 : 18 18 0 0 0 
10-19 13:18:05.745 D/libgps  ( 3583): OnGpsExtensionMessage: message_id(1), data(0x9ca0c838), size(2432)
10-19 13:18:05.745 D/libgps  ( 3583): proxy__gps_sv_status_cb : called
10-19 13:18:05.750 D/GpsLocationProvider_ex( 3583): SV Count : 1 / TOP5 : 19 18 0 0 0 
10-19 13:18:06.740 D/libgps  ( 3583): OnGpsExtensionMessage: message_id(1), data(0x9ca0c838), size(2432)
10-19 13:18:06.740 D/libgps  ( 3583): proxy__gps_sv_status_cb : called
10-19 13:18:06.740 D/GpsLocationProvider_ex( 3583): SV Count : 1 / TOP5 : 19 18 0 0 0 
10-19 13:18:07.740 D/libgps  ( 3583): OnGpsExtensionMessage: message_id(1), data(0x9ca0c838), size(2432)
10-19 13:18:07.740 D/libgps  ( 3583): proxy__gps_sv_status_cb : called
10-19 13:18:07.745 D/GpsLocationProvider_ex( 3583): SV Count : 1 / TOP5 : 19 18 0 0 0 
10-19 13:18:08.750 D/libgps  ( 3583): OnGpsExtensionMessage: message_id(1), data(0x9ca0c838), size(2432)
10-19 13:18:08.750 D/libgps  ( 3583): proxy__gps_sv_status_cb : called
10-19 13:18:08.750 D/GpsLocationProvider_ex( 3583): SV Count : 1 / TOP5 : 19 18 0 0 0 
10-19 13:18:09.755 D/libgps  ( 3583): OnGpsExtensionMessage: message_id(1), data(0x9ca0c838), size(2432)
10-19 13:18:09.755 D/libgps  ( 3583): proxy__gps_sv_status_cb : called
10-19 13:18:09.755 D/GpsLocationProvider_ex( 3583): SV Count : 1 / TOP5 : 19 18 0 0 0 
10-19 13:18:10.750 D/libgps  ( 3583): OnGpsExtensionMessage: message_id(1), data(0x9ca0c838), size(2432)
10-19 13:18:10.750 D/libgps  ( 3583): proxy__gps_sv_status_cb : called
10-19 13:18:10.750 D/GpsLocationProvider_ex( 3583): SV Count : 1 / TOP5 : 19 18 0 0 0 
10-19 13:18:11.120 D/KeyguardUpdateMonitor( 3756): received broadcast android.intent.action.BATTERY_CHANGED
10-19 13:18:11.120 D/KeyguardUpdateMonitor( 3756): handleBatteryUpdate
10-19 13:18:11.120 D/KeyguardFestivalEffect( 3756): onReceive: android.intent.action.BATTERY_CHANGED
10-19 13:18:11.130 I/BusinessExecutor( 4098): registered Task#33777 : PowerInfoEventSource$1
10-19 13:18:11.130 I/BusinessExecutor( 4098): Task#33777 : #run() called
10-19 13:18:11.130 I/BusinessExecutor( 4098): Task#33777 : #run() ended
10-19 13:18:11.135 D/ClientService( 4999): Battery State Change,  status: 2
10-19 13:18:11.135 D/ClientService( 4999): Battery State Change,  Plugged: 2
10-19 13:18:11.135 D/ClientService( 4999): Battery State Change,  level: 43
10-19 13:18:11.135 D/ClientService( 4999): Battery State Change,  scale: 100
10-19 13:18:11.755 D/libgps  ( 3583): OnGpsExtensionMessage: message_id(1), data(0x9ca0c838), size(2432)
10-19 13:18:11.755 D/libgps  ( 3583): proxy__gps_sv_status_cb : called
10-19 13:18:11.760 D/GpsLocationProvider_ex( 3583): SV Count : 1 / TOP5 : 19 18 0 0 0 
10-19 13:18:12.760 D/libgps  ( 3583): OnGpsExtensionMessage: message_id(1), data(0x9ca0c838), size(2432)
10-19 13:18:12.760 D/libgps  ( 3583): proxy__gps_sv_status_cb : called
10-19 13:18:12.760 D/GpsLocationProvider_ex( 3583): SV Count : 1 / TOP5 : 19 18 0 0 0 
10-19 13:18:13.765 D/libgps  ( 3583): OnGpsExtensionMessage: message_id(1), data(0x9ca0c838), size(2432)
10-19 13:18:13.765 D/libgps  ( 3583): proxy__gps_sv_status_cb : called
10-19 13:18:13.765 D/GpsLocationProvider_ex( 3583): SV Count : 1 / TOP5 : 18 18 0 0 0 
10-19 13:18:14.155 I/TLC_TIMA_PKM_measure_kernel( 3583): TIMA: response_id = 3
10-19 13:18:14.155 I/TLC_TIMA_PKM_measure_kernel( 3583): TIMA: response ret = 0, result_ondemand = MSG=Kernel Verification Success;
10-19 13:18:14.755 D/libgps  ( 3583): OnGpsExtensionMessage: message_id(1), data(0x9ca0c838), size(2432)
10-19 13:18:14.755 D/libgps  ( 3583): proxy__gps_sv_status_cb : called
10-19 13:18:14.755 D/GpsLocationProvider_ex( 3583): SV Count : 1 / TOP5 : 18 18 0 0 0 
10-19 13:18:15.745 D/libgps  ( 3583): OnGpsExtensionMessage: message_id(1), data(0x9ca0c838), size(2432)
10-19 13:18:15.745 D/libgps  ( 3583): proxy__gps_sv_status_cb : called
10-19 13:18:15.745 D/GpsLocationProvider_ex( 3583): SV Count : 1 / TOP5 : 18 18 0 0 0 
10-19 13:18:16.760 D/libgps  ( 3583): OnGpsExtensionMessage: message_id(1), data(0x9ca0c838), size(2432)
10-19 13:18:16.760 D/libgps  ( 3583): proxy__gps_sv_status_cb : called
10-19 13:18:16.765 D/GpsLocationProvider_ex( 3583): SV Count : 1 / TOP5 : 18 18 0 0 0 
10-19 13:18:17.750 D/libgps  ( 3583): OnGpsExtensionMessage: message_id(1), data(0x9ca0c838), size(2432)
10-19 13:18:17.750 D/libgps  ( 3583): proxy__gps_sv_status_cb : called
10-19 13:18:17.750 D/GpsLocationProvider_ex( 3583): SV Count : 1 / TOP5 : 18 18 0 0 0 
10-19 13:18:18.735 D/libgps  ( 3583): OnGpsExtensionMessage: message_id(1), data(0x9ca0c838), size(2432)
10-19 13:18:18.735 D/libgps  ( 3583): proxy__gps_sv_status_cb : called
10-19 13:18:18.740 D/GpsLocationProvider_ex( 3583): SV Count : 1 / TOP5 : 18 17 0 0 0 
10-19 13:18:19.765 D/libgps  ( 3583): OnGpsExtensionMessage: message_id(1), data(0x9ca0c838), size(2432)
10-19 13:18:19.765 D/libgps  ( 3583): proxy__gps_sv_status_cb : called
10-19 13:18:19.765 D/GpsLocationProvider_ex( 3583): SV Count : 1 / TOP5 : 18 17 0 0 0 
10-19 13:18:20.760 D/libgps  ( 3583): OnGpsExtensionMessage: message_id(1), data(0x9ca0c838), size(2432)
10-19 13:18:20.760 D/libgps  ( 3583): proxy__gps_sv_status_cb : called
10-19 13:18:20.765 D/GpsLocationProvider_ex( 3583): SV Count : 1 / TOP5 : 18 17 0 0 0 
10-19 13:18:21.220 D/KeyguardUpdateMonitor( 3756): received broadcast android.intent.action.BATTERY_CHANGED
10-19 13:18:21.220 D/KeyguardUpdateMonitor( 3756): handleBatteryUpdate
10-19 13:18:21.220 D/KeyguardFestivalEffect( 3756): onReceive: android.intent.action.BATTERY_CHANGED
10-19 13:18:21.230 I/BusinessExecutor( 4098): registered Task#33778 : PowerInfoEventSource$1
10-19 13:18:21.230 I/BusinessExecutor( 4098): Task#33778 : #run() called
10-19 13:18:21.230 I/BusinessExecutor( 4098): Task#33778 : #run() ended
10-19 13:18:21.235 D/ClientService( 4999): Battery State Change,  status: 2
10-19 13:18:21.235 D/ClientService( 4999): Battery State Change,  Plugged: 2
10-19 13:18:21.235 D/ClientService( 4999): Battery State Change,  level: 43
10-19 13:18:21.235 D/ClientService( 4999): Battery State Change,  scale: 100
10-19 13:18:21.750 D/libgps  ( 3583): OnGpsExtensionMessage: message_id(1), data(0x9ca0c838), size(2432)
10-19 13:18:21.755 D/libgps  ( 3583): proxy__gps_sv_status_cb : called
10-19 13:18:21.755 D/GpsLocationProvider_ex( 3583): SV Count : 1 / TOP5 : 18 17 0 0 0 
10-19 13:18:22.760 D/libgps  ( 3583): OnGpsExtensionMessage: message_id(1), data(0x9ca0c838), size(2432)
10-19 13:18:22.760 D/libgps  ( 3583): proxy__gps_sv_status_cb : called
10-19 13:18:22.765 D/GpsLocationProvider_ex( 3583): SV Count : 1 / TOP5 : 18 17 0 0 0 
10-19 13:18:23.745 D/libgps  ( 3583): OnGpsExtensionMessage: message_id(1), data(0x9ca0c838), size(2432)
10-19 13:18:23.745 D/libgps  ( 3583): proxy__gps_sv_status_cb : called
10-19 13:18:23.745 D/GpsLocationProvider_ex( 3583): SV Count : 1 / TOP5 : 18 17 0 0 0 
10-19 13:18:24.480 D/StatusBar.NetworkController( 3756): onSignalStrengthsChanged signalStrength=SignalStrength: 99 99 -120 -160 -120 -1 -1 63 -70 -7 170 12 2147483647 0x4 gsm|lte level=4
10-19 13:18:24.480 D/StatusBar.NetworkController( 3756): updateTelephonySignalStrength: hasService=true ss=SignalStrength: 99 99 -120 -160 -120 -1 -1 63 -70 -7 170 12 2147483647 0x4 gsm|lte
10-19 13:18:24.480 D/StatusBar.NetworkController( 3756): updateTelephonySignalStrength -mTransitionState : false
10-19 13:18:24.485 D/StatusBar.NetworkController( 3756): refreshViews connected={ data } level=4 combinedSignalIconId=0x7f0205fe/com.android.systemui:drawable/stat_sys_signal_4_auto_rotate mobileLabel=SKTelecom wifiLabel= emergencyOnly=false combinedLabel=SKTelecom mAirplaneMode=false mDataActivity=0 mPhoneSignalIconId=0x7f0205fe/com.android.systemui:drawable/stat_sys_signal_4_auto_rotate mQSPhoneSignalIconId=0x7f0201ac/com.android.systemui:drawable/ic_qs_signal_no_signal mDataDirectionIconId=0x7f020484/com.android.systemui:drawable/stat_sys_data_fully_connected_lte mDataSignalIconId=0x7f0205fe/com.android.systemui:drawable/stat_sys_signal_4_auto_rotate mDataTypeIconId=0x7f02046a/com.android.systemui:drawable/stat_sys_data_connected_lte mQSDataTypeIconId=0x7f0201ab/com.android.systemui:drawable/ic_qs_signal_lte mNoSimIconId=0x0/(null) mWifiIconId=0x0/(null) mQSWifiIconId=0x0/(null) mWifiActivityIconId=0x0/(null) mBluetoothTetherIconId=0x10808ee/android:drawable/stat_sys_tether_bluetooth
10-19 13:18:24.485 D/STATUSBAR-WifiQuickSettingButton( 3756): onWifiSignalChanged enabled=false enabledDesc:null
10-19 13:18:24.485 D/StatusBar.NetworkController( 3756): UPDATE_STRENGTH -mPreSvcSate: 2, mCurSvcSate: 2
10-19 13:18:24.485 D/StatusBar.NetworkController( 3756): mKeepFakeState =false
10-19 13:18:24.485 D/StatusBar.NetworkController( 3756): UPDATE_STRENGTH - 4, 4
10-19 13:18:24.485 D/StatusBar.NetworkController( 3756): UPDATE_STRENGTH(IN_SVC) -no diff 4, 4
10-19 13:18:24.750 D/libgps  ( 3583): OnGpsExtensionMessage: message_id(1), data(0x9ca0c838), size(2432)
10-19 13:18:24.750 D/libgps  ( 3583): proxy__gps_sv_status_cb : called
10-19 13:18:24.750 D/GpsLocationProvider_ex( 3583): SV Count : 1 / TOP5 : 18 17 0 0 0 
10-19 13:18:25.745 D/libgps  ( 3583): OnGpsExtensionMessage: message_id(1), data(0x9ca0c838), size(2432)
10-19 13:18:25.745 D/libgps  ( 3583): proxy__gps_sv_status_cb : called
10-19 13:18:25.750 D/GpsLocationProvider_ex( 3583): SV Count : 1 / TOP5 : 18 17 0 0 0 
10-19 13:18:26.760 D/libgps  ( 3583): OnGpsExtensionMessage: message_id(1), data(0x9ca0c838), size(2432)
10-19 13:18:26.760 D/libgps  ( 3583): proxy__gps_sv_status_cb : called
10-19 13:18:26.765 D/GpsLocationProvider_ex( 3583): SV Count : 1 / TOP5 : 18 18 0 0 0 
10-19 13:18:27.755 D/libgps  ( 3583): OnGpsExtensionMessage: message_id(1), data(0x9ca0c838), size(2432)
10-19 13:18:27.755 D/libgps  ( 3583): proxy__gps_sv_status_cb : called
10-19 13:18:27.755 D/GpsLocationProvider_ex( 3583): SV Count : 1 / TOP5 : 19 18 0 0 0 
10-19 13:18:28.755 D/libgps  ( 3583): OnGpsExtensionMessage: message_id(1), data(0x9ca0c838), size(2432)
10-19 13:18:28.755 D/libgps  ( 3583): proxy__gps_sv_status_cb : called
10-19 13:18:28.755 D/GpsLocationProvider_ex( 3583): SV Count : 1 / TOP5 : 19 18 0 0 0 
10-19 13:18:29.750 D/libgps  ( 3583): OnGpsExtensionMessage: message_id(1), data(0x9ca0c838), size(2432)
10-19 13:18:29.750 D/libgps  ( 3583): proxy__gps_sv_status_cb : called
10-19 13:18:29.750 D/GpsLocationProvider_ex( 3583): SV Count : 1 / TOP5 : 20 18 0 0 0 
10-19 13:18:30.745 D/libgps  ( 3583): OnGpsExtensionMessage: message_id(1), data(0x9ca0c838), size(2432)
10-19 13:18:30.745 D/libgps  ( 3583): proxy__gps_sv_status_cb : called
10-19 13:18:30.750 D/GpsLocationProvider_ex( 3583): SV Count : 1 / TOP5 : 20 18 0 0 0 
10-19 13:18:31.315 D/KeyguardUpdateMonitor( 3756): received broadcast android.intent.action.BATTERY_CHANGED
10-19 13:18:31.315 D/KeyguardUpdateMonitor( 3756): handleBatteryUpdate
10-19 13:18:31.320 D/KeyguardFestivalEffect( 3756): onReceive: android.intent.action.BATTERY_CHANGED
10-19 13:18:31.330 I/BusinessExecutor( 4098): registered Task#33779 : PowerInfoEventSource$1
10-19 13:18:31.330 I/BusinessExecutor( 4098): Task#33779 : #run() called
10-19 13:18:31.330 I/BusinessExecutor( 4098): Task#33779 : #run() ended
10-19 13:18:31.335 D/ClientService( 4999): Battery State Change,  status: 2
10-19 13:18:31.335 D/ClientService( 4999): Battery State Change,  Plugged: 2
10-19 13:18:31.335 D/ClientService( 4999): Battery State Change,  level: 43
10-19 13:18:31.335 D/ClientService( 4999): Battery State Change,  scale: 100
10-19 13:18:31.755 D/libgps  ( 3583): OnGpsExtensionMessage: message_id(1), data(0x9ca0c838), size(2432)
10-19 13:18:31.755 D/libgps  ( 3583): proxy__gps_sv_status_cb : called
10-19 13:18:31.760 D/GpsLocationProvider_ex( 3583): SV Count : 1 / TOP5 : 20 18 0 0 0 
10-19 13:18:32.755 D/libgps  ( 3583): OnGpsExtensionMessage: message_id(1), data(0x9ca0c838), size(2432)
10-19 13:18:32.755 D/libgps  ( 3583): proxy__gps_sv_status_cb : called
10-19 13:18:32.760 D/GpsLocationProvider_ex( 3583): SV Count : 1 / TOP5 : 20 18 0 0 0 
10-19 13:18:33.755 D/libgps  ( 3583): OnGpsExtensionMessage: message_id(1), data(0x9ca0c838), size(2432)
10-19 13:18:33.755 D/libgps  ( 3583): proxy__gps_sv_status_cb : called
10-19 13:18:33.760 D/GpsLocationProvider_ex( 3583): SV Count : 1 / TOP5 : 20 18 0 0 0 
10-19 13:18:34.750 D/libgps  ( 3583): OnGpsExtensionMessage: message_id(1), data(0x9ca0c838), size(2432)
10-19 13:18:34.750 D/libgps  ( 3583): proxy__gps_sv_status_cb : called
10-19 13:18:34.750 D/GpsLocationProvider_ex( 3583): SV Count : 1 / TOP5 : 19 18 0 0 0 
10-19 13:18:35.750 D/libgps  ( 3583): OnGpsExtensionMessage: message_id(1), data(0x9ca0c838), size(2432)
10-19 13:18:35.750 D/libgps  ( 3583): proxy__gps_sv_status_cb : called
10-19 13:18:35.755 D/GpsLocationProvider_ex( 3583): SV Count : 1 / TOP5 : 19 18 0 0 0 
10-19 13:18:36.755 D/libgps  ( 3583): OnGpsExtensionMessage: message_id(1), data(0x9ca0c838), size(2432)
10-19 13:18:36.755 D/libgps  ( 3583): proxy__gps_sv_status_cb : called
10-19 13:18:36.760 D/GpsLocationProvider_ex( 3583): SV Count : 1 / TOP5 : 19 18 0 0 0 
10-19 13:18:37.750 D/libgps  ( 3583): OnGpsExtensionMessage: message_id(1), data(0x9ca0c838), size(2432)
10-19 13:18:37.750 D/libgps  ( 3583): proxy__gps_sv_status_cb : called
10-19 13:18:37.750 D/GpsLocationProvider_ex( 3583): SV Count : 1 / TOP5 : 19 18 0 0 0 
10-19 13:18:38.750 D/libgps  ( 3583): OnGpsExtensionMessage: message_id(1), data(0x9ca0c838), size(2432)
10-19 13:18:38.750 D/libgps  ( 3583): proxy__gps_sv_status_cb : called
10-19 13:18:38.750 D/GpsLocationProvider_ex( 3583): SV Count : 1 / TOP5 : 20 18 0 0 0 
10-19 13:18:39.755 D/libgps  ( 3583): OnGpsExtensionMessage: message_id(1), data(0x9ca0c838), size(2432)
10-19 13:18:39.755 D/libgps  ( 3583): proxy__gps_sv_status_cb : called
10-19 13:18:39.755 D/GpsLocationProvider_ex( 3583): SV Count : 1 / TOP5 : 21 18 0 0 0 
10-19 13:18:40.755 D/libgps  ( 3583): OnGpsExtensionMessage: message_id(1), data(0x9ca0c838), size(2432)
10-19 13:18:40.755 D/libgps  ( 3583): proxy__gps_sv_status_cb : called
10-19 13:18:40.755 D/GpsLocationProvider_ex( 3583): SV Count : 1 / TOP5 : 21 18 0 0 0 
10-19 13:18:41.415 D/KeyguardUpdateMonitor( 3756): received broadcast android.intent.action.BATTERY_CHANGED
10-19 13:18:41.415 D/KeyguardUpdateMonitor( 3756): handleBatteryUpdate
10-19 13:18:41.415 D/KeyguardFestivalEffect( 3756): onReceive: android.intent.action.BATTERY_CHANGED
10-19 13:18:41.425 I/BusinessExecutor( 4098): registered Task#33780 : PowerInfoEventSource$1
10-19 13:18:41.425 I/BusinessExecutor( 4098): Task#33780 : #run() called
10-19 13:18:41.425 I/BusinessExecutor( 4098): Task#33780 : #run() ended
10-19 13:18:41.430 D/ClientService( 4999): Battery State Change,  status: 2
10-19 13:18:41.430 D/ClientService( 4999): Battery State Change,  Plugged: 2
10-19 13:18:41.430 D/ClientService( 4999): Battery State Change,  level: 43
10-19 13:18:41.430 D/ClientService( 4999): Battery State Change,  scale: 100
10-19 13:18:41.740 D/libgps  ( 3583): OnGpsExtensionMessage: message_id(1), data(0x9ca0c838), size(2432)
10-19 13:18:41.740 D/libgps  ( 3583): proxy__gps_sv_status_cb : called
10-19 13:18:41.745 D/GpsLocationProvider_ex( 3583): SV Count : 1 / TOP5 : 20 18 0 0 0 
10-19 13:18:42.745 D/libgps  ( 3583): OnGpsExtensionMessage: message_id(1), data(0x9ca0c838), size(2432)
10-19 13:18:42.750 D/libgps  ( 3583): proxy__gps_sv_status_cb : called
10-19 13:18:42.750 D/GpsLocationProvider_ex( 3583): SV Count : 1 / TOP5 : 20 18 0 0 0 
10-19 13:18:43.755 D/libgps  ( 3583): OnGpsExtensionMessage: message_id(1), data(0x9ca0c838), size(2432)
10-19 13:18:43.755 D/libgps  ( 3583): proxy__gps_sv_status_cb : called
10-19 13:18:43.760 D/GpsLocationProvider_ex( 3583): SV Count : 1 / TOP5 : 20 18 0 0 0 
10-19 13:18:44.755 D/libgps  ( 3583): OnGpsExtensionMessage: message_id(1), data(0x9ca0c838), size(2432)
10-19 13:18:44.755 D/libgps  ( 3583): proxy__gps_sv_status_cb : called
10-19 13:18:44.755 D/GpsLocationProvider_ex( 3583): SV Count : 1 / TOP5 : 20 18 0 0 0 
10-19 13:18:45.755 D/libgps  ( 3583): OnGpsExtensionMessage: message_id(1), data(0x9ca0c838), size(2432)
10-19 13:18:45.755 D/libgps  ( 3583): proxy__gps_sv_status_cb : called
10-19 13:18:45.755 D/GpsLocationProvider_ex( 3583): SV Count : 1 / TOP5 : 20 18 0 0 0 
10-19 13:18:46.740 D/libgps  ( 3583): OnGpsExtensionMessage: message_id(1), data(0x9ca0c838), size(2432)
10-19 13:18:46.740 D/libgps  ( 3583): proxy__gps_sv_status_cb : called
10-19 13:18:46.740 D/GpsLocationProvider_ex( 3583): SV Count : 1 / TOP5 : 19 18 0 0 0 
10-19 13:18:47.750 D/libgps  ( 3583): OnGpsExtensionMessage: message_id(1), data(0x9ca0c838), size(2432)
10-19 13:18:47.750 D/libgps  ( 3583): proxy__gps_sv_status_cb : called
10-19 13:18:47.750 D/GpsLocationProvider_ex( 3583): SV Count : 1 / TOP5 : 19 18 0 0 0 
10-19 13:18:48.750 D/libgps  ( 3583): OnGpsExtensionMessage: message_id(1), data(0x9ca0c838), size(2432)
10-19 13:18:48.750 D/libgps  ( 3583): proxy__gps_sv_status_cb : called
10-19 13:18:48.750 D/GpsLocationProvider_ex( 3583): SV Count : 1 / TOP5 : 19 18 0 0 0 
10-19 13:18:49.760 D/libgps  ( 3583): OnGpsExtensionMessage: message_id(1), data(0x9ca0c838), size(2432)
10-19 13:18:49.765 D/libgps  ( 3583): proxy__gps_sv_status_cb : called
10-19 13:18:49.765 D/GpsLocationProvider_ex( 3583): SV Count : 1 / TOP5 : 19 18 0 0 0 
10-19 13:18:50.080 D/StatusBar.NetworkController( 3756): onSignalStrengthsChanged signalStrength=SignalStrength: 99 99 -120 -160 -120 -1 -1 63 -70 -8 190 15 2147483647 0x4 gsm|lte level=4
10-19 13:18:50.080 D/StatusBar.NetworkController( 3756): updateTelephonySignalStrength: hasService=true ss=SignalStrength: 99 99 -120 -160 -120 -1 -1 63 -70 -8 190 15 2147483647 0x4 gsm|lte
10-19 13:18:50.080 D/StatusBar.NetworkController( 3756): updateTelephonySignalStrength -mTransitionState : false
10-19 13:18:50.085 D/StatusBar.NetworkController( 3756): refreshViews connected={ data } level=4 combinedSignalIconId=0x7f0205fe/com.android.systemui:drawable/stat_sys_signal_4_auto_rotate mobileLabel=SKTelecom wifiLabel= emergencyOnly=false combinedLabel=SKTelecom mAirplaneMode=false mDataActivity=0 mPhoneSignalIconId=0x7f0205fe/com.android.systemui:drawable/stat_sys_signal_4_auto_rotate mQSPhoneSignalIconId=0x7f0201ac/com.android.systemui:drawable/ic_qs_signal_no_signal mDataDirectionIconId=0x7f020484/com.android.systemui:drawable/stat_sys_data_fully_connected_lte mDataSignalIconId=0x7f0205fe/com.android.systemui:drawable/stat_sys_signal_4_auto_rotate mDataTypeIconId=0x7f02046a/com.android.systemui:drawable/stat_sys_data_connected_lte mQSDataTypeIconId=0x7f0201ab/com.android.systemui:drawable/ic_qs_signal_lte mNoSimIconId=0x0/(null) mWifiIconId=0x0/(null) mQSWifiIconId=0x0/(null) mWifiActivityIconId=0x0/(null) mBluetoothTetherIconId=0x10808ee/android:drawable/stat_sys_tether_bluetooth
10-19 13:18:50.085 D/STATUSBAR-WifiQuickSettingButton( 3756): onWifiSignalChanged enabled=false enabledDesc:null
10-19 13:18:50.085 D/StatusBar.NetworkController( 3756): UPDATE_STRENGTH -mPreSvcSate: 2, mCurSvcSate: 2
10-19 13:18:50.085 D/StatusBar.NetworkController( 3756): mKeepFakeState =false
10-19 13:18:50.090 D/StatusBar.NetworkController( 3756): UPDATE_STRENGTH - 4, 4
10-19 13:18:50.090 D/StatusBar.NetworkController( 3756): UPDATE_STRENGTH(IN_SVC) -no diff 4, 4
10-19 13:18:50.755 D/libgps  ( 3583): OnGpsExtensionMessage: message_id(1), data(0x9ca0c838), size(2432)
10-19 13:18:50.755 D/libgps  ( 3583): proxy__gps_sv_status_cb : called
10-19 13:18:50.755 D/GpsLocationProvider_ex( 3583): SV Count : 1 / TOP5 : 19 18 0 0 0 
10-19 13:18:51.510 D/KeyguardUpdateMonitor( 3756): received broadcast android.intent.action.BATTERY_CHANGED
10-19 13:18:51.510 D/KeyguardUpdateMonitor( 3756): handleBatteryUpdate
10-19 13:18:51.510 D/KeyguardFestivalEffect( 3756): onReceive: android.intent.action.BATTERY_CHANGED
10-19 13:18:51.520 I/BusinessExecutor( 4098): registered Task#33781 : PowerInfoEventSource$1
10-19 13:18:51.520 I/BusinessExecutor( 4098): Task#33781 : #run() called
10-19 13:18:51.520 I/BusinessExecutor( 4098): Task#33781 : #run() ended
10-19 13:18:51.525 D/ClientService( 4999): Battery State Change,  status: 2
10-19 13:18:51.525 D/ClientService( 4999): Battery State Change,  Plugged: 2
10-19 13:18:51.525 D/ClientService( 4999): Battery State Change,  level: 43
10-19 13:18:51.525 D/ClientService( 4999): Battery State Change,  scale: 100
10-19 13:18:51.755 D/libgps  ( 3583): OnGpsExtensionMessage: message_id(1), data(0x9ca0c838), size(2432)
10-19 13:18:51.755 D/libgps  ( 3583): proxy__gps_sv_status_cb : called
10-19 13:18:51.760 D/GpsLocationProvider_ex( 3583): SV Count : 1 / TOP5 : 19 18 0 0 0 
10-19 13:18:52.750 D/libgps  ( 3583): OnGpsExtensionMessage: message_id(1), data(0x9ca0c838), size(2432)
10-19 13:18:52.750 D/libgps  ( 3583): proxy__gps_sv_status_cb : called
10-19 13:18:52.750 D/GpsLocationProvider_ex( 3583): SV Count : 1 / TOP5 : 19 18 0 0 0 
10-19 13:18:53.755 D/libgps  ( 3583): OnGpsExtensionMessage: message_id(1), data(0x9ca0c838), size(2432)
10-19 13:18:53.755 D/libgps  ( 3583): proxy__gps_sv_status_cb : called
10-19 13:18:53.755 D/GpsLocationProvider_ex( 3583): SV Count : 1 / TOP5 : 21 18 0 0 0 
10-19 13:18:53.905 I/System.out( 4036): Broadcasting: Intent { act=android.intent.action.CELL_INFO_RES (has extras) }
10-19 13:18:54.750 D/libgps  ( 3583): OnGpsExtensionMessage: message_id(1), data(0x9ca0c838), size(2432)
10-19 13:18:54.750 D/libgps  ( 3583): proxy__gps_sv_status_cb : called
10-19 13:18:54.750 D/GpsLocationProvider_ex( 3583): SV Count : 1 / TOP5 : 21 18 0 0 0 
10-19 13:18:55.755 D/libgps  ( 3583): OnGpsExtensionMessage: message_id(1), data(0x9ca0c838), size(2432)
10-19 13:18:55.755 D/libgps  ( 3583): proxy__gps_sv_status_cb : called
10-19 13:18:55.755 D/GpsLocationProvider_ex( 3583): SV Count : 1 / TOP5 : 21 18 0 0 0 
10-19 13:18:56.755 D/libgps  ( 3583): OnGpsExtensionMessage: message_id(1), data(0x9ca0c838), size(2432)
10-19 13:18:56.755 D/libgps  ( 3583): proxy__gps_sv_status_cb : called
10-19 13:18:56.760 D/GpsLocationProvider_ex( 3583): SV Count : 1 / TOP5 : 21 18 0 0 0 
10-19 13:18:57.755 D/libgps  ( 3583): OnGpsExtensionMessage: message_id(1), data(0x9ca0c838), size(2432)
10-19 13:18:57.755 D/libgps  ( 3583): proxy__gps_sv_status_cb : called
10-19 13:18:57.755 D/GpsLocationProvider_ex( 3583): SV Count : 1 / TOP5 : 21 18 0 0 0 
10-19 13:18:58.750 D/libgps  ( 3583): OnGpsExtensionMessage: message_id(1), data(0x9ca0c838), size(2432)
10-19 13:18:58.750 D/libgps  ( 3583): proxy__gps_sv_status_cb : called
10-19 13:18:58.750 D/GpsLocationProvider_ex( 3583): SV Count : 1 / TOP5 : 21 18 0 0 0 
10-19 13:18:59.755 D/libgps  ( 3583): OnGpsExtensionMessage: message_id(1), data(0x9ca0c838), size(2432)
10-19 13:18:59.755 D/libgps  ( 3583): proxy__gps_sv_status_cb : called
10-19 13:18:59.755 D/GpsLocationProvider_ex( 3583): SV Count : 1 / TOP5 : 21 18 0 0 0 
10-19 13:19:00.005 D/KeyguardUpdateMonitor( 3756): received broadcast android.intent.action.TIME_TICK
10-19 13:19:00.005 D/KeyguardUpdateMonitor( 3756): handleTimeUpdate
10-19 13:19:00.060 D/DateView( 3756): regionalDateFormat = 3333. 11. 22. isRTLlanguage = false returnDateFormat = MMMM d일 E요일
10-19 13:19:00.065 D/DateView( 3756): regionalDateFormat = 3333. 11. 22. isRTLlanguage = false returnDateFormat = MMMM d일 E요일
10-19 13:19:00.070 D/KeyguardEffectViewController( 3756): onReceive action : android.intent.action.TIME_TICK
10-19 13:19:00.070 I/KeyguardEffectViewController( 3756): *** don't update sliding image ***
10-19 13:19:00.750 D/libgps  ( 3583): OnGpsExtensionMessage: message_id(1), data(0x9ca0c838), size(2432)
10-19 13:19:00.750 D/libgps  ( 3583): proxy__gps_sv_status_cb : called
10-19 13:19:00.750 D/GpsLocationProvider_ex( 3583): SV Count : 1 / TOP5 : 20 18 0 0 0 
10-19 13:19:01.600 D/KeyguardUpdateMonitor( 3756): received broadcast android.intent.action.BATTERY_CHANGED
10-19 13:19:01.600 D/KeyguardUpdateMonitor( 3756): handleBatteryUpdate
10-19 13:19:01.600 D/KeyguardFestivalEffect( 3756): onReceive: android.intent.action.BATTERY_CHANGED
10-19 13:19:01.605 I/BusinessExecutor( 4098): registered Task#33782 : PowerInfoEventSource$1
10-19 13:19:01.605 I/BusinessExecutor( 4098): Task#33782 : #run() called
10-19 13:19:01.605 I/BusinessExecutor( 4098): Task#33782 : #run() ended
10-19 13:19:01.605 D/ClientService( 4999): Battery State Change,  status: 2
10-19 13:19:01.605 D/ClientService( 4999): Battery State Change,  Plugged: 2
10-19 13:19:01.605 D/ClientService( 4999): Battery State Change,  level: 43
10-19 13:19:01.605 D/ClientService( 4999): Battery State Change,  scale: 100
10-19 13:19:01.745 D/libgps  ( 3583): OnGpsExtensionMessage: message_id(1), data(0x9ca0c838), size(2432)
10-19 13:19:01.745 D/libgps  ( 3583): proxy__gps_sv_status_cb : called
10-19 13:19:01.750 D/GpsLocationProvider_ex( 3583): SV Count : 1 / TOP5 : 20 18 0 0 0 
10-19 13:19:02.745 D/libgps  ( 3583): OnGpsExtensionMessage: message_id(1), data(0x9ca0c838), size(2432)
10-19 13:19:02.745 D/libgps  ( 3583): proxy__gps_sv_status_cb : called
10-19 13:19:02.745 D/GpsLocationProvider_ex( 3583): SV Count : 1 / TOP5 : 20 18 0 0 0 
10-19 13:19:03.760 D/libgps  ( 3583): OnGpsExtensionMessage: message_id(1), data(0x9ca0c838), size(2432)
10-19 13:19:03.760 D/libgps  ( 3583): proxy__gps_sv_status_cb : called
10-19 13:19:03.765 D/GpsLocationProvider_ex( 3583): SV Count : 1 / TOP5 : 20 18 0 0 0 
10-19 13:19:04.755 D/libgps  ( 3583): OnGpsExtensionMessage: message_id(1), data(0x9ca0c838), size(2432)
10-19 13:19:04.755 D/libgps  ( 3583): proxy__gps_sv_status_cb : called
10-19 13:19:04.755 D/GpsLocationProvider_ex( 3583): SV Count : 1 / TOP5 : 20 18 0 0 0 
10-19 13:19:05.755 D/libgps  ( 3583): OnGpsExtensionMessage: message_id(1), data(0x9ca0c838), size(2432)
10-19 13:19:05.755 D/libgps  ( 3583): proxy__gps_sv_status_cb : called
10-19 13:19:05.760 D/GpsLocationProvider_ex( 3583): SV Count : 1 / TOP5 : 20 18 0 0 0 
10-19 13:19:06.755 D/libgps  ( 3583): OnGpsExtensionMessage: message_id(1), data(0x9ca0c838), size(2432)
10-19 13:19:06.755 D/libgps  ( 3583): proxy__gps_sv_status_cb : called
10-19 13:19:06.755 D/GpsLocationProvider_ex( 3583): SV Count : 1 / TOP5 : 20 18 0 0 0 
10-19 13:19:07.755 D/libgps  ( 3583): OnGpsExtensionMessage: message_id(1), data(0x9ca0c838), size(2432)
10-19 13:19:07.755 D/libgps  ( 3583): proxy__gps_sv_status_cb : called
10-19 13:19:07.755 D/GpsLocationProvider_ex( 3583): SV Count : 1 / TOP5 : 20 18 0 0 0 
10-19 13:19:08.755 D/libgps  ( 3583): OnGpsExtensionMessage: message_id(1), data(0x9ca0c838), size(2432)
10-19 13:19:08.755 D/libgps  ( 3583): proxy__gps_sv_status_cb : called
10-19 13:19:08.760 D/GpsLocationProvider_ex( 3583): SV Count : 1 / TOP5 : 22 18 0 0 0 
10-19 13:19:09.755 D/libgps  ( 3583): OnGpsExtensionMessage: message_id(1), data(0x9ca0c838), size(2432)
10-19 13:19:09.755 D/libgps  ( 3583): proxy__gps_sv_status_cb : called
10-19 13:19:09.760 D/GpsLocationProvider_ex( 3583): SV Count : 1 / TOP5 : 21 18 0 0 0 
10-19 13:19:10.755 D/libgps  ( 3583): OnGpsExtensionMessage: message_id(1), data(0x9ca0c838), size(2432)
10-19 13:19:10.755 D/libgps  ( 3583): proxy__gps_sv_status_cb : called
10-19 13:19:10.755 D/GpsLocationProvider_ex( 3583): SV Count : 1 / TOP5 : 21 18 0 0 0 
10-19 13:19:11.705 D/KeyguardUpdateMonitor( 3756): received broadcast android.intent.action.BATTERY_CHANGED
10-19 13:19:11.705 D/KeyguardUpdateMonitor( 3756): handleBatteryUpdate
10-19 13:19:11.705 D/KeyguardFestivalEffect( 3756): onReceive: android.intent.action.BATTERY_CHANGED
10-19 13:19:11.710 I/BusinessExecutor( 4098): registered Task#33783 : PowerInfoEventSource$1
10-19 13:19:11.710 I/BusinessExecutor( 4098): Task#33783 : #run() called
10-19 13:19:11.715 I/BusinessExecutor( 4098): Task#33783 : #run() ended
10-19 13:19:11.715 D/ClientService( 4999): Battery State Change,  status: 2
10-19 13:19:11.715 D/ClientService( 4999): Battery State Change,  Plugged: 2
10-19 13:19:11.715 D/ClientService( 4999): Battery State Change,  level: 43
10-19 13:19:11.715 D/ClientService( 4999): Battery State Change,  scale: 100
10-19 13:19:11.735 D/libgps  ( 3583): OnGpsExtensionMessage: message_id(1), data(0x9ca0c838), size(2432)
10-19 13:19:11.735 D/libgps  ( 3583): proxy__gps_sv_status_cb : called
10-19 13:19:11.735 D/GpsLocationProvider_ex( 3583): SV Count : 1 / TOP5 : 21 18 0 0 0 
10-19 13:19:12.755 D/libgps  ( 3583): OnGpsExtensionMessage: message_id(1), data(0x9ca0c838), size(2432)
10-19 13:19:12.755 D/libgps  ( 3583): proxy__gps_sv_status_cb : called
10-19 13:19:12.755 D/GpsLocationProvider_ex( 3583): SV Count : 1 / TOP5 : 21 18 0 0 0 
10-19 13:19:13.755 D/libgps  ( 3583): OnGpsExtensionMessage: message_id(1), data(0x9ca0c838), size(2432)
10-19 13:19:13.755 D/libgps  ( 3583): proxy__gps_sv_status_cb : called
10-19 13:19:13.760 D/GpsLocationProvider_ex( 3583): SV Count : 1 / TOP5 : 21 18 0 0 0 
10-19 13:19:14.755 D/libgps  ( 3583): OnGpsExtensionMessage: message_id(1), data(0x9ca0c838), size(2432)
10-19 13:19:14.755 D/libgps  ( 3583): proxy__gps_sv_status_cb : called
10-19 13:19:14.760 D/GpsLocationProvider_ex( 3583): SV Count : 1 / TOP5 : 21 18 0 0 0 
10-19 13:19:15.680 D/StatusBar.NetworkController( 3756): onSignalStrengthsChanged signalStrength=SignalStrength: 99 99 -120 -160 -120 -1 -1 62 -65 -5 170 15 2147483647 0x4 gsm|lte level=4
10-19 13:19:15.680 D/StatusBar.NetworkController( 3756): updateTelephonySignalStrength: hasService=true ss=SignalStrength: 99 99 -120 -160 -120 -1 -1 62 -65 -5 170 15 2147483647 0x4 gsm|lte
10-19 13:19:15.680 D/StatusBar.NetworkController( 3756): updateTelephonySignalStrength -mTransitionState : false
10-19 13:19:15.685 D/StatusBar.NetworkController( 3756): refreshViews connected={ data } level=4 combinedSignalIconId=0x7f0205fe/com.android.systemui:drawable/stat_sys_signal_4_auto_rotate mobileLabel=SKTelecom wifiLabel= emergencyOnly=false combinedLabel=SKTelecom mAirplaneMode=false mDataActivity=0 mPhoneSignalIconId=0x7f0205fe/com.android.systemui:drawable/stat_sys_signal_4_auto_rotate mQSPhoneSignalIconId=0x7f0201ac/com.android.systemui:drawable/ic_qs_signal_no_signal mDataDirectionIconId=0x7f020484/com.android.systemui:drawable/stat_sys_data_fully_connected_lte mDataSignalIconId=0x7f0205fe/com.android.systemui:drawable/stat_sys_signal_4_auto_rotate mDataTypeIconId=0x7f02046a/com.android.systemui:drawable/stat_sys_data_connected_lte mQSDataTypeIconId=0x7f0201ab/com.android.systemui:drawable/ic_qs_signal_lte mNoSimIconId=0x0/(null) mWifiIconId=0x0/(null) mQSWifiIconId=0x0/(null) mWifiActivityIconId=0x0/(null) mBluetoothTetherIconId=0x10808ee/android:drawable/stat_sys_tether_bluetooth
10-19 13:19:15.685 D/STATUSBAR-WifiQuickSettingButton( 3756): onWifiSignalChanged enabled=false enabledDesc:null
10-19 13:19:15.685 D/StatusBar.NetworkController( 3756): UPDATE_STRENGTH -mPreSvcSate: 2, mCurSvcSate: 2
10-19 13:19:15.685 D/StatusBar.NetworkController( 3756): mKeepFakeState =false
10-19 13:19:15.690 D/StatusBar.NetworkController( 3756): UPDATE_STRENGTH - 4, 4
10-19 13:19:15.690 D/StatusBar.NetworkController( 3756): UPDATE_STRENGTH(IN_SVC) -no diff 4, 4
10-19 13:19:15.755 D/libgps  ( 3583): OnGpsExtensionMessage: message_id(1), data(0x9ca0c838), size(2432)
10-19 13:19:15.755 D/libgps  ( 3583): proxy__gps_sv_status_cb : called
10-19 13:19:15.760 D/GpsLocationProvider_ex( 3583): SV Count : 1 / TOP5 : 21 18 0 0 0 
10-19 13:19:16.760 D/libgps  ( 3583): OnGpsExtensionMessage: message_id(1), data(0x9ca0c838), size(2432)
10-19 13:19:16.760 D/libgps  ( 3583): proxy__gps_sv_status_cb : called
10-19 13:19:16.760 D/GpsLocationProvider_ex( 3583): SV Count : 1 / TOP5 : 21 18 0 0 0 
10-19 13:19:17.750 D/libgps  ( 3583): OnGpsExtensionMessage: message_id(1), data(0x9ca0c838), size(2432)
10-19 13:19:17.750 D/libgps  ( 3583): proxy__gps_sv_status_cb : called
10-19 13:19:17.750 D/GpsLocationProvider_ex( 3583): SV Count : 1 / TOP5 : 21 18 0 0 0 
10-19 13:19:18.750 D/libgps  ( 3583): OnGpsExtensionMessage: message_id(1), data(0x9ca0c838), size(2432)
10-19 13:19:18.750 D/libgps  ( 3583): proxy__gps_sv_status_cb : called
10-19 13:19:18.750 D/GpsLocationProvider_ex( 3583): SV Count : 1 / TOP5 : 21 18 0 0 0 
10-19 13:19:19.745 D/libgps  ( 3583): OnGpsExtensionMessage: message_id(1), data(0x9ca0c838), size(2432)
10-19 13:19:19.745 D/libgps  ( 3583): proxy__gps_sv_status_cb : called
10-19 13:19:19.745 D/GpsLocationProvider_ex( 3583): SV Count : 1 / TOP5 : 21 18 0 0 0 
10-19 13:19:20.750 D/libgps  ( 3583): OnGpsExtensionMessage: message_id(1), data(0x9ca0c838), size(2432)
10-19 13:19:20.750 D/libgps  ( 3583): proxy__gps_sv_status_cb : called
10-19 13:19:20.750 D/GpsLocationProvider_ex( 3583): SV Count : 1 / TOP5 : 21 18 0 0 0 
10-19 13:19:21.735 D/libgps  ( 3583): OnGpsExtensionMessage: message_id(1), data(0x9ca0c838), size(2432)
10-19 13:19:21.735 D/libgps  ( 3583): proxy__gps_sv_status_cb : called
10-19 13:19:21.740 D/GpsLocationProvider_ex( 3583): SV Count : 1 / TOP5 : 21 18 0 0 0 
10-19 13:19:21.790 D/KeyguardUpdateMonitor( 3756): received broadcast android.intent.action.BATTERY_CHANGED
10-19 13:19:21.790 D/KeyguardUpdateMonitor( 3756): handleBatteryUpdate
10-19 13:19:21.790 D/KeyguardFestivalEffect( 3756): onReceive: android.intent.action.BATTERY_CHANGED
10-19 13:19:21.800 I/BusinessExecutor( 4098): registered Task#33784 : PowerInfoEventSource$1
10-19 13:19:21.800 I/BusinessExecutor( 4098): Task#33784 : #run() called
10-19 13:19:21.800 I/BusinessExecutor( 4098): Task#33784 : #run() ended
10-19 13:19:21.800 D/ClientService( 4999): Battery State Change,  status: 2
10-19 13:19:21.800 D/ClientService( 4999): Battery State Change,  Plugged: 2
10-19 13:19:21.800 D/ClientService( 4999): Battery State Change,  level: 43
10-19 13:19:21.800 D/ClientService( 4999): Battery State Change,  scale: 100
