10-19 13:27:17.300 D/GpsLocationProvider( 1145): sv: 74 snr: 0.0 elev: 0.0 azimuth: 0.0    
10-19 13:27:17.300 D/GpsLocationProvider( 1145): sv: 82 snr: 0.0 elev: 23.0 azimuth: 120.0    
10-19 13:27:17.300 D/GpsLocationProvider( 1145): sv: 75 snr: 0.0 elev: 2.0 azimuth: 326.0   A
10-19 13:27:17.300 D/GpsLocationProvider( 1145): sv: 69 snr: 0.0 elev: 50.0 azimuth: 203.0   A
10-19 13:27:17.300 D/GpsLocationProvider( 1145): sv: 84 snr: 0.0 elev: 34.0 azimuth: 327.0    
10-19 13:27:17.300 D/GpsLocationProvider( 1145): sv: 83 snr: 0.0 elev: 68.0 azimuth: 57.0    
10-19 13:27:17.300 D/GpsLocationProvider( 1145): sv: 67 snr: 0.0 elev: 15.0 azimuth: 30.0   A
10-19 13:27:17.300 D/GpsLocationProvider( 1145): sv: 68 snr: 0.0 elev: 69.0 azimuth: 42.0    
10-19 13:27:17.300 D/GpsLocationProvider( 1145): sv: 202 snr: 0.0 elev: 24.0 azimuth: 240.0    
10-19 13:27:17.300 D/GpsLocationProvider( 1145): sv: 203 snr: 0.0 elev: 42.0 azimuth: 205.0   A
10-19 13:27:17.300 D/GpsLocationProvider( 1145): sv: 204 snr: 0.0 elev: 33.0 azimuth: 132.0   A
10-19 13:27:17.300 D/GpsLocationProvider( 1145): sv: 205 snr: 0.0 elev: 8.0 azimuth: 257.0    
10-19 13:27:17.300 D/GpsLocationProvider( 1145): sv: 206 snr: 0.0 elev: 52.0 azimuth: 208.0    
10-19 13:27:17.300 D/GpsLocationProvider( 1145): sv: 208 snr: 0.0 elev: 79.0 azimuth: 92.0    
10-19 13:27:17.300 D/GpsLocationProvider( 1145): sv: 209 snr: 0.0 elev: 26.0 azimuth: 212.0   A
10-19 13:27:17.630 D/[SystemUI]1( 3333): onSignalStrengthsChanged signalStrength=SignalStrength: 99 0 -120 -160 -120 -1 -1 31 -72 -10 192 2147483647 2147483647 2147483647 2147483647 gsm|lte 14 0 level=4
10-19 13:27:17.630 D/[SystemUI]NetworkController( 3333): updateTelephonySignalStrength: hasService=true ss=SignalStrength: 99 0 -120 -160 -120 -1 -1 31 -72 -10 192 2147483647 2147483647 2147483647 2147483647 gsm|lte 14 0
10-19 13:27:17.630 D/PhoneInterfaceManager( 4151): [PhoneIntfMgr] mSigLevel = 4
10-19 13:27:17.640 I/[SystemUI]NetworkController( 3333): onReceive: intent=Intent { act=android.intent.action.SIG_STR flg=0x20000010 (has extras) }
10-19 13:27:17.640 D/LGSubScriptionUtilsWrapper_MR1( 4151): getSubIdUsingSlotId() slotId:0 -> subId:1
10-19 13:27:18.300 D/GpsLocationProvider( 1145): SV count: 23 ephemerisMask: 0 almanacMask: 10d36
10-19 13:27:18.300 D/GpsLocationProvider( 1145): sv: 2 snr: 1.8100001 elev: 36.0 azimuth: 295.0   AU
10-19 13:27:18.300 D/GpsLocationProvider( 1145): sv: 3 snr: 0.0 elev: 6.0 azimuth: 46.0   A
10-19 13:27:18.300 D/GpsLocationProvider( 1145): sv: 5 snr: 0.0 elev: 15.0 azimuth: 229.0   A
10-19 13:27:18.300 D/GpsLocationProvider( 1145): sv: 6 snr: 0.0 elev: 64.0 azimuth: 343.0   A
10-19 13:27:18.300 D/GpsLocationProvider( 1145): sv: 9 snr: 0.0 elev: 41.0 azimuth: 108.0   A
10-19 13:27:18.300 D/GpsLocationProvider( 1145): sv: 11 snr: 0.0 elev: 0.0 azimuth: 0.0   A
10-19 13:27:18.300 D/GpsLocationProvider( 1145): sv: 12 snr: 0.0 elev: 23.0 azimuth: 298.0   A
10-19 13:27:18.300 D/GpsLocationProvider( 1145): sv: 17 snr: 0.0 elev: 55.0 azimuth: 143.0   A
10-19 13:27:18.300 D/GpsLocationProvider( 1145): sv: 74 snr: 0.0 elev: 0.0 azimuth: 0.0    
10-19 13:27:18.300 D/GpsLocationProvider( 1145): sv: 82 snr: 0.0 elev: 23.0 azimuth: 120.0    
10-19 13:27:18.300 D/GpsLocationProvider( 1145): sv: 75 snr: 0.0 elev: 2.0 azimuth: 326.0   A
10-19 13:27:18.300 D/GpsLocationProvider( 1145): sv: 69 snr: 0.0 elev: 50.0 azimuth: 203.0   A
10-19 13:27:18.300 D/GpsLocationProvider( 1145): sv: 84 snr: 0.0 elev: 34.0 azimuth: 327.0    
10-19 13:27:18.300 D/GpsLocationProvider( 1145): sv: 83 snr: 0.0 elev: 68.0 azimuth: 57.0    
10-19 13:27:18.300 D/GpsLocationProvider( 1145): sv: 67 snr: 0.0 elev: 15.0 azimuth: 30.0   A
10-19 13:27:18.300 D/GpsLocationProvider( 1145): sv: 68 snr: 0.0 elev: 69.0 azimuth: 42.0    
10-19 13:27:18.300 D/GpsLocationProvider( 1145): sv: 202 snr: 0.0 elev: 24.0 azimuth: 240.0    
10-19 13:27:18.300 D/GpsLocationProvider( 1145): sv: 203 snr: 0.0 elev: 42.0 azimuth: 205.0   A
10-19 13:27:18.300 D/GpsLocationProvider( 1145): sv: 204 snr: 0.0 elev: 33.0 azimuth: 132.0   A
10-19 13:27:18.300 D/GpsLocationProvider( 1145): sv: 205 snr: 0.0 elev: 8.0 azimuth: 257.0    
10-19 13:27:18.300 D/GpsLocationProvider( 1145): sv: 206 snr: 0.0 elev: 52.0 azimuth: 208.0    
10-19 13:27:18.300 D/GpsLocationProvider( 1145): sv: 208 snr: 0.0 elev: 79.0 azimuth: 92.0    
10-19 13:27:18.300 D/GpsLocationProvider( 1145): sv: 209 snr: 0.0 elev: 26.0 azimuth: 212.0   A
10-19 13:27:19.300 D/GpsLocationProvider( 1145): SV count: 23 ephemerisMask: 0 almanacMask: 10d36
10-19 13:27:19.300 D/GpsLocationProvider( 1145): sv: 2 snr: 1.93 elev: 36.0 azimuth: 295.0   AU
10-19 13:27:19.300 D/GpsLocationProvider( 1145): sv: 3 snr: 0.0 elev: 6.0 azimuth: 46.0   A
10-19 13:27:19.300 D/GpsLocationProvider( 1145): sv: 5 snr: 0.0 elev: 15.0 azimuth: 229.0   A
10-19 13:27:19.300 D/GpsLocationProvider( 1145): sv: 6 snr: 0.0 elev: 64.0 azimuth: 343.0   A
10-19 13:27:19.300 D/GpsLocationProvider( 1145): sv: 9 snr: 0.0 elev: 41.0 azimuth: 108.0   A
10-19 13:27:19.300 D/GpsLocationProvider( 1145): sv: 11 snr: 0.0 elev: 0.0 azimuth: 0.0   A
10-19 13:27:19.300 D/GpsLocationProvider( 1145): sv: 12 snr: 0.0 elev: 23.0 azimuth: 298.0   A
10-19 13:27:19.300 D/GpsLocationProvider( 1145): sv: 17 snr: 0.0 elev: 55.0 azimuth: 143.0   A
10-19 13:27:19.300 D/GpsLocationProvider( 1145): sv: 74 snr: 0.0 elev: 0.0 azimuth: 0.0    
10-19 13:27:19.300 D/GpsLocationProvider( 1145): sv: 82 snr: 0.0 elev: 23.0 azimuth: 120.0    
10-19 13:27:19.300 D/GpsLocationProvider( 1145): sv: 75 snr: 0.0 elev: 2.0 azimuth: 326.0   A
10-19 13:27:19.300 D/GpsLocationProvider( 1145): sv: 69 snr: 0.0 elev: 50.0 azimuth: 203.0   A
10-19 13:27:19.300 D/GpsLocationProvider( 1145): sv: 84 snr: 0.0 elev: 34.0 azimuth: 327.0    
10-19 13:27:19.300 D/GpsLocationProvider( 1145): sv: 83 snr: 0.0 elev: 68.0 azimuth: 57.0    
10-19 13:27:19.300 D/GpsLocationProvider( 1145): sv: 67 snr: 0.0 elev: 15.0 azimuth: 30.0   A
10-19 13:27:19.300 D/GpsLocationProvider( 1145): sv: 68 snr: 0.0 elev: 69.0 azimuth: 42.0    
10-19 13:27:19.300 D/GpsLocationProvider( 1145): sv: 202 snr: 0.0 elev: 24.0 azimuth: 240.0    
10-19 13:27:19.300 D/GpsLocationProvider( 1145): sv: 203 snr: 0.0 elev: 42.0 azimuth: 205.0   A
10-19 13:27:19.300 D/GpsLocationProvider( 1145): sv: 204 snr: 0.0 elev: 33.0 azimuth: 132.0   A
10-19 13:27:19.300 D/GpsLocationProvider( 1145): sv: 205 snr: 0.0 elev: 8.0 azimuth: 257.0    
10-19 13:27:19.300 D/GpsLocationProvider( 1145): sv: 206 snr: 0.0 elev: 52.0 azimuth: 208.0    
10-19 13:27:19.300 D/GpsLocationProvider( 1145): sv: 208 snr: 0.0 elev: 79.0 azimuth: 92.0    
10-19 13:27:19.300 D/GpsLocationProvider( 1145): sv: 209 snr: 0.0 elev: 26.0 azimuth: 212.0   A
10-19 13:27:19.870 D/[SystemUI]1( 3333): onSignalStrengthsChanged signalStrength=SignalStrength: 99 0 -120 -160 -120 -1 -1 31 -69 -11 252 2147483647 2147483647 2147483647 2147483647 gsm|lte 14 0 level=4
10-19 13:27:19.870 D/[SystemUI]NetworkController( 3333): updateTelephonySignalStrength: hasService=true ss=SignalStrength: 99 0 -120 -160 -120 -1 -1 31 -69 -11 252 2147483647 2147483647 2147483647 2147483647 gsm|lte 14 0
10-19 13:27:19.870 D/PhoneInterfaceManager( 4151): [PhoneIntfMgr] mSigLevel = 4
10-19 13:27:19.880 I/[SystemUI]NetworkController( 3333): onReceive: intent=Intent { act=android.intent.action.SIG_STR flg=0x20000010 (has extras) }
10-19 13:27:19.880 D/LGSubScriptionUtilsWrapper_MR1( 4151): getSubIdUsingSlotId() slotId:0 -> subId:1
10-19 13:27:20.300 D/GpsLocationProvider( 1145): SV count: 23 ephemerisMask: 0 almanacMask: 10d36
10-19 13:27:20.300 D/GpsLocationProvider( 1145): sv: 2 snr: 2.1 elev: 36.0 azimuth: 295.0   AU
10-19 13:27:20.300 D/GpsLocationProvider( 1145): sv: 3 snr: 0.0 elev: 6.0 azimuth: 46.0   A
10-19 13:27:20.300 D/GpsLocationProvider( 1145): sv: 5 snr: 0.0 elev: 15.0 azimuth: 229.0   A
10-19 13:27:20.300 D/GpsLocationProvider( 1145): sv: 6 snr: 0.0 elev: 64.0 azimuth: 343.0   A
10-19 13:27:20.300 D/GpsLocationProvider( 1145): sv: 9 snr: 0.0 elev: 41.0 azimuth: 108.0   A
10-19 13:27:20.300 D/GpsLocationProvider( 1145): sv: 11 snr: 0.0 elev: 0.0 azimuth: 0.0   A
10-19 13:27:20.300 D/GpsLocationProvider( 1145): sv: 12 snr: 0.0 elev: 23.0 azimuth: 298.0   A
10-19 13:27:20.300 D/GpsLocationProvider( 1145): sv: 17 snr: 0.0 elev: 55.0 azimuth: 143.0   A
10-19 13:27:20.300 D/GpsLocationProvider( 1145): sv: 74 snr: 0.0 elev: 0.0 azimuth: 0.0    
10-19 13:27:20.300 D/GpsLocationProvider( 1145): sv: 82 snr: 0.0 elev: 23.0 azimuth: 120.0    
10-19 13:27:20.300 D/GpsLocationProvider( 1145): sv: 75 snr: 0.0 elev: 2.0 azimuth: 326.0   A
10-19 13:27:20.300 D/GpsLocationProvider( 1145): sv: 69 snr: 0.0 elev: 50.0 azimuth: 203.0   A
10-19 13:27:20.300 D/GpsLocationProvider( 1145): sv: 84 snr: 0.0 elev: 34.0 azimuth: 327.0    
10-19 13:27:20.300 D/GpsLocationProvider( 1145): sv: 83 snr: 0.0 elev: 68.0 azimuth: 57.0    
10-19 13:27:20.300 D/GpsLocationProvider( 1145): sv: 67 snr: 0.0 elev: 15.0 azimuth: 30.0   A
10-19 13:27:20.300 D/GpsLocationProvider( 1145): sv: 68 snr: 0.0 elev: 69.0 azimuth: 42.0    
10-19 13:27:20.300 D/GpsLocationProvider( 1145): sv: 202 snr: 0.0 elev: 24.0 azimuth: 240.0    
10-19 13:27:20.300 D/GpsLocationProvider( 1145): sv: 203 snr: 0.0 elev: 42.0 azimuth: 205.0   A
10-19 13:27:20.300 D/GpsLocationProvider( 1145): sv: 204 snr: 0.0 elev: 33.0 azimuth: 132.0   A
10-19 13:27:20.300 D/GpsLocationProvider( 1145): sv: 205 snr: 0.0 elev: 8.0 azimuth: 257.0    
10-19 13:27:20.300 D/GpsLocationProvider( 1145): sv: 206 snr: 0.0 elev: 52.0 azimuth: 208.0    
10-19 13:27:20.300 D/GpsLocationProvider( 1145): sv: 208 snr: 0.0 elev: 79.0 azimuth: 92.0    
10-19 13:27:20.300 D/GpsLocationProvider( 1145): sv: 209 snr: 0.0 elev: 26.0 azimuth: 212.0   A
10-19 13:27:21.300 D/GpsLocationProvider( 1145): SV count: 23 ephemerisMask: 0 almanacMask: 10d36
10-19 13:27:21.300 D/GpsLocationProvider( 1145): sv: 2 snr: 2.0700002 elev: 36.0 azimuth: 295.0   AU
10-19 13:27:21.300 D/GpsLocationProvider( 1145): sv: 3 snr: 0.0 elev: 6.0 azimuth: 46.0   A
10-19 13:27:21.300 D/GpsLocationProvider( 1145): sv: 5 snr: 0.0 elev: 15.0 azimuth: 229.0   A
10-19 13:27:21.300 D/GpsLocationProvider( 1145): sv: 6 snr: 0.0 elev: 64.0 azimuth: 343.0   A
10-19 13:27:21.300 D/GpsLocationProvider( 1145): sv: 9 snr: 0.0 elev: 41.0 azimuth: 108.0   A
10-19 13:27:21.300 D/GpsLocationProvider( 1145): sv: 11 snr: 0.0 elev: 0.0 azimuth: 0.0   A
10-19 13:27:21.300 D/GpsLocationProvider( 1145): sv: 12 snr: 0.0 elev: 23.0 azimuth: 298.0   A
10-19 13:27:21.300 D/GpsLocationProvider( 1145): sv: 17 snr: 0.0 elev: 55.0 azimuth: 143.0   A
10-19 13:27:21.300 D/GpsLocationProvider( 1145): sv: 74 snr: 0.0 elev: 0.0 azimuth: 0.0    
10-19 13:27:21.300 D/GpsLocationProvider( 1145): sv: 82 snr: 0.0 elev: 23.0 azimuth: 120.0    
10-19 13:27:21.300 D/GpsLocationProvider( 1145): sv: 75 snr: 0.0 elev: 2.0 azimuth: 326.0   A
10-19 13:27:21.300 D/GpsLocationProvider( 1145): sv: 69 snr: 0.0 elev: 50.0 azimuth: 203.0   A
10-19 13:27:21.300 D/GpsLocationProvider( 1145): sv: 84 snr: 0.0 elev: 34.0 azimuth: 327.0    
10-19 13:27:21.300 D/GpsLocationProvider( 1145): sv: 83 snr: 0.0 elev: 68.0 azimuth: 57.0    
10-19 13:27:21.300 D/GpsLocationProvider( 1145): sv: 67 snr: 0.0 elev: 15.0 azimuth: 30.0   A
10-19 13:27:21.300 D/GpsLocationProvider( 1145): sv: 68 snr: 0.0 elev: 69.0 azimuth: 42.0    
10-19 13:27:21.300 D/GpsLocationProvider( 1145): sv: 202 snr: 0.0 elev: 24.0 azimuth: 240.0    
10-19 13:27:21.300 D/GpsLocationProvider( 1145): sv: 203 snr: 0.0 elev: 42.0 azimuth: 205.0   A
10-19 13:27:21.300 D/GpsLocationProvider( 1145): sv: 204 snr: 0.0 elev: 33.0 azimuth: 132.0   A
10-19 13:27:21.300 D/GpsLocationProvider( 1145): sv: 205 snr: 0.0 elev: 8.0 azimuth: 257.0    
10-19 13:27:21.300 D/GpsLocationProvider( 1145): sv: 206 snr: 0.0 elev: 52.0 azimuth: 208.0    
10-19 13:27:21.300 D/GpsLocationProvider( 1145): sv: 208 snr: 0.0 elev: 79.0 azimuth: 92.0    
10-19 13:27:21.300 D/GpsLocationProvider( 1145): sv: 209 snr: 0.0 elev: 26.0 azimuth: 212.0   A
10-19 13:27:22.300 D/GpsLocationProvider( 1145): SV count: 23 ephemerisMask: 0 almanacMask: 10d36
10-19 13:27:22.300 D/GpsLocationProvider( 1145): sv: 2 snr: 1.78 elev: 36.0 azimuth: 295.0   AU
10-19 13:27:22.300 D/GpsLocationProvider( 1145): sv: 3 snr: 0.0 elev: 6.0 azimuth: 46.0   A
10-19 13:27:22.300 D/GpsLocationProvider( 1145): sv: 5 snr: 0.0 elev: 15.0 azimuth: 229.0   A
10-19 13:27:22.300 D/GpsLocationProvider( 1145): sv: 6 snr: 0.0 elev: 64.0 azimuth: 343.0   A
10-19 13:27:22.300 D/GpsLocationProvider( 1145): sv: 9 snr: 0.0 elev: 41.0 azimuth: 108.0   A
10-19 13:27:22.300 D/GpsLocationProvider( 1145): sv: 11 snr: 0.0 elev: 0.0 azimuth: 0.0   A
10-19 13:27:22.300 D/GpsLocationProvider( 1145): sv: 12 snr: 0.0 elev: 23.0 azimuth: 298.0   A
10-19 13:27:22.300 D/GpsLocationProvider( 1145): sv: 17 snr: 0.0 elev: 55.0 azimuth: 143.0   A
10-19 13:27:22.300 D/GpsLocationProvider( 1145): sv: 74 snr: 0.0 elev: 0.0 azimuth: 0.0    
10-19 13:27:22.300 D/GpsLocationProvider( 1145): sv: 82 snr: 0.0 elev: 23.0 azimuth: 120.0    
10-19 13:27:22.300 D/GpsLocationProvider( 1145): sv: 75 snr: 0.0 elev: 2.0 azimuth: 326.0   A
10-19 13:27:22.300 D/GpsLocationProvider( 1145): sv: 69 snr: 0.0 elev: 50.0 azimuth: 203.0   A
10-19 13:27:22.300 D/GpsLocationProvider( 1145): sv: 84 snr: 0.0 elev: 34.0 azimuth: 327.0    
10-19 13:27:22.300 D/GpsLocationProvider( 1145): sv: 83 snr: 0.0 elev: 68.0 azimuth: 57.0    
10-19 13:27:22.300 D/GpsLocationProvider( 1145): sv: 67 snr: 0.0 elev: 15.0 azimuth: 30.0   A
10-19 13:27:22.300 D/GpsLocationProvider( 1145): sv: 68 snr: 0.0 elev: 69.0 azimuth: 42.0    
10-19 13:27:22.300 D/GpsLocationProvider( 1145): sv: 202 snr: 0.0 elev: 24.0 azimuth: 240.0    
10-19 13:27:22.300 D/GpsLocationProvider( 1145): sv: 203 snr: 0.0 elev: 42.0 azimuth: 205.0   A
10-19 13:27:22.300 D/GpsLocationProvider( 1145): sv: 204 snr: 0.0 elev: 33.0 azimuth: 132.0   A
10-19 13:27:22.300 D/GpsLocationProvider( 1145): sv: 205 snr: 0.0 elev: 8.0 azimuth: 257.0    
10-19 13:27:22.300 D/GpsLocationProvider( 1145): sv: 206 snr: 0.0 elev: 52.0 azimuth: 208.0    
10-19 13:27:22.300 D/GpsLocationProvider( 1145): sv: 208 snr: 0.0 elev: 79.0 azimuth: 92.0    
10-19 13:27:22.300 D/GpsLocationProvider( 1145): sv: 209 snr: 0.0 elev: 26.0 azimuth: 212.0   A
10-19 13:27:23.300 D/GpsLocationProvider( 1145): SV count: 23 ephemerisMask: 0 almanacMask: 10d36
10-19 13:27:23.300 D/GpsLocationProvider( 1145): sv: 2 snr: 1.65 elev: 36.0 azimuth: 295.0   AU
10-19 13:27:23.300 D/GpsLocationProvider( 1145): sv: 3 snr: 0.0 elev: 6.0 azimuth: 46.0   A
10-19 13:27:23.300 D/GpsLocationProvider( 1145): sv: 5 snr: 0.0 elev: 15.0 azimuth: 229.0   A
10-19 13:27:23.300 D/GpsLocationProvider( 1145): sv: 6 snr: 0.0 elev: 64.0 azimuth: 343.0   A
10-19 13:27:23.300 D/GpsLocationProvider( 1145): sv: 9 snr: 0.0 elev: 41.0 azimuth: 108.0   A
10-19 13:27:23.300 D/GpsLocationProvider( 1145): sv: 11 snr: 0.0 elev: 0.0 azimuth: 0.0   A
10-19 13:27:23.300 D/GpsLocationProvider( 1145): sv: 12 snr: 0.0 elev: 23.0 azimuth: 298.0   A
10-19 13:27:23.300 D/GpsLocationProvider( 1145): sv: 17 snr: 0.0 elev: 55.0 azimuth: 143.0   A
10-19 13:27:23.300 D/GpsLocationProvider( 1145): sv: 74 snr: 0.0 elev: 0.0 azimuth: 0.0    
10-19 13:27:23.300 D/GpsLocationProvider( 1145): sv: 82 snr: 0.0 elev: 23.0 azimuth: 120.0    
10-19 13:27:23.300 D/GpsLocationProvider( 1145): sv: 75 snr: 0.0 elev: 2.0 azimuth: 326.0   A
10-19 13:27:23.300 D/GpsLocationProvider( 1145): sv: 69 snr: 0.0 elev: 50.0 azimuth: 203.0   A
10-19 13:27:23.300 D/GpsLocationProvider( 1145): sv: 84 snr: 0.0 elev: 34.0 azimuth: 327.0    
10-19 13:27:23.300 D/GpsLocationProvider( 1145): sv: 83 snr: 0.0 elev: 68.0 azimuth: 57.0    
10-19 13:27:23.300 D/GpsLocationProvider( 1145): sv: 67 snr: 0.0 elev: 15.0 azimuth: 30.0   A
10-19 13:27:23.300 D/GpsLocationProvider( 1145): sv: 68 snr: 0.0 elev: 69.0 azimuth: 42.0    
10-19 13:27:23.300 D/GpsLocationProvider( 1145): sv: 202 snr: 0.0 elev: 24.0 azimuth: 240.0    
10-19 13:27:23.300 D/GpsLocationProvider( 1145): sv: 203 snr: 0.0 elev: 42.0 azimuth: 205.0   A
10-19 13:27:23.300 D/GpsLocationProvider( 1145): sv: 204 snr: 0.0 elev: 33.0 azimuth: 132.0   A
10-19 13:27:23.300 D/GpsLocationProvider( 1145): sv: 205 snr: 0.0 elev: 8.0 azimuth: 257.0    
10-19 13:27:23.300 D/GpsLocationProvider( 1145): sv: 206 snr: 0.0 elev: 52.0 azimuth: 208.0    
10-19 13:27:23.300 D/GpsLocationProvider( 1145): sv: 208 snr: 0.0 elev: 79.0 azimuth: 92.0    
10-19 13:27:23.300 D/GpsLocationProvider( 1145): sv: 209 snr: 0.0 elev: 26.0 azimuth: 212.0   A
10-19 13:27:24.170 D/sensors_hal_Time( 1145): time_service_sensor1_cb: msg_type 2
10-19 13:27:24.170 D/sensors_hal_Time( 1145): time_service_sensor1_cb: Sn 24, msg Id 3, txn Id 0
10-19 13:27:24.170 D/sensors_hal_Time( 1145): tsOffsetIs: Apps: 426059460503511; DSPS: 1076358663; Offset : 393211600915696
10-19 13:27:24.300 D/GpsLocationProvider( 1145): SV count: 23 ephemerisMask: 0 almanacMask: 10d36
10-19 13:27:24.300 D/GpsLocationProvider( 1145): sv: 2 snr: 1.6700001 elev: 36.0 azimuth: 295.0   AU
10-19 13:27:24.300 D/GpsLocationProvider( 1145): sv: 3 snr: 0.0 elev: 6.0 azimuth: 46.0   A
10-19 13:27:24.300 D/GpsLocationProvider( 1145): sv: 5 snr: 0.0 elev: 15.0 azimuth: 229.0   A
10-19 13:27:24.300 D/GpsLocationProvider( 1145): sv: 6 snr: 0.0 elev: 64.0 azimuth: 343.0   A
10-19 13:27:24.300 D/GpsLocationProvider( 1145): sv: 9 snr: 0.0 elev: 41.0 azimuth: 108.0   A
10-19 13:27:24.300 D/GpsLocationProvider( 1145): sv: 11 snr: 0.0 elev: 0.0 azimuth: 0.0   A
10-19 13:27:24.300 D/GpsLocationProvider( 1145): sv: 12 snr: 0.0 elev: 23.0 azimuth: 298.0   A
10-19 13:27:24.300 D/GpsLocationProvider( 1145): sv: 17 snr: 0.0 elev: 55.0 azimuth: 143.0   A
10-19 13:27:24.300 D/GpsLocationProvider( 1145): sv: 74 snr: 0.0 elev: 0.0 azimuth: 0.0    
10-19 13:27:24.300 D/GpsLocationProvider( 1145): sv: 82 snr: 0.0 elev: 23.0 azimuth: 120.0    
10-19 13:27:24.300 D/GpsLocationProvider( 1145): sv: 75 snr: 0.0 elev: 2.0 azimuth: 326.0   A
10-19 13:27:24.300 D/GpsLocationProvider( 1145): sv: 69 snr: 0.0 elev: 50.0 azimuth: 203.0   A
10-19 13:27:24.300 D/GpsLocationProvider( 1145): sv: 84 snr: 0.0 elev: 34.0 azimuth: 327.0    
10-19 13:27:24.300 D/GpsLocationProvider( 1145): sv: 83 snr: 0.0 elev: 68.0 azimuth: 57.0    
10-19 13:27:24.300 D/GpsLocationProvider( 1145): sv: 67 snr: 0.0 elev: 15.0 azimuth: 30.0   A
10-19 13:27:24.300 D/GpsLocationProvider( 1145): sv: 68 snr: 0.0 elev: 69.0 azimuth: 42.0    
10-19 13:27:24.300 D/GpsLocationProvider( 1145): sv: 202 snr: 0.0 elev: 24.0 azimuth: 240.0    
10-19 13:27:24.300 D/GpsLocationProvider( 1145): sv: 203 snr: 0.0 elev: 42.0 azimuth: 205.0   A
10-19 13:27:24.300 D/GpsLocationProvider( 1145): sv: 204 snr: 0.0 elev: 33.0 azimuth: 132.0   A
10-19 13:27:24.300 D/GpsLocationProvider( 1145): sv: 205 snr: 0.0 elev: 8.0 azimuth: 257.0    
10-19 13:27:24.300 D/GpsLocationProvider( 1145): sv: 206 snr: 0.0 elev: 52.0 azimuth: 208.0    
10-19 13:27:24.300 D/GpsLocationProvider( 1145): sv: 208 snr: 0.0 elev: 79.0 azimuth: 92.0    
10-19 13:27:24.300 D/GpsLocationProvider( 1145): sv: 209 snr: 0.0 elev: 26.0 azimuth: 212.0   A
10-19 13:27:25.300 D/GpsLocationProvider( 1145): SV count: 23 ephemerisMask: 0 almanacMask: 10d36
10-19 13:27:25.300 D/GpsLocationProvider( 1145): sv: 2 snr: 1.89 elev: 36.0 azimuth: 295.0   AU
10-19 13:27:25.300 D/GpsLocationProvider( 1145): sv: 3 snr: 0.0 elev: 6.0 azimuth: 46.0   A
10-19 13:27:25.300 D/GpsLocationProvider( 1145): sv: 5 snr: 0.0 elev: 15.0 azimuth: 229.0   A
10-19 13:27:25.300 D/GpsLocationProvider( 1145): sv: 6 snr: 0.0 elev: 64.0 azimuth: 343.0   A
10-19 13:27:25.300 D/GpsLocationProvider( 1145): sv: 9 snr: 0.0 elev: 41.0 azimuth: 108.0   A
10-19 13:27:25.300 D/GpsLocationProvider( 1145): sv: 11 snr: 0.0 elev: 0.0 azimuth: 0.0   A
10-19 13:27:25.300 D/GpsLocationProvider( 1145): sv: 12 snr: 0.0 elev: 23.0 azimuth: 298.0   A
10-19 13:27:25.300 D/GpsLocationProvider( 1145): sv: 17 snr: 0.0 elev: 55.0 azimuth: 143.0   A
10-19 13:27:25.300 D/GpsLocationProvider( 1145): sv: 74 snr: 0.0 elev: 0.0 azimuth: 0.0    
10-19 13:27:25.300 D/GpsLocationProvider( 1145): sv: 82 snr: 0.0 elev: 23.0 azimuth: 120.0    
10-19 13:27:25.300 D/GpsLocationProvider( 1145): sv: 75 snr: 0.0 elev: 2.0 azimuth: 326.0   A
10-19 13:27:25.300 D/GpsLocationProvider( 1145): sv: 69 snr: 0.0 elev: 50.0 azimuth: 203.0   A
10-19 13:27:25.300 D/GpsLocationProvider( 1145): sv: 84 snr: 0.0 elev: 34.0 azimuth: 327.0    
10-19 13:27:25.300 D/GpsLocationProvider( 1145): sv: 83 snr: 0.0 elev: 68.0 azimuth: 57.0    
10-19 13:27:25.300 D/GpsLocationProvider( 1145): sv: 67 snr: 0.0 elev: 15.0 azimuth: 30.0   A
10-19 13:27:25.300 D/GpsLocationProvider( 1145): sv: 68 snr: 0.0 elev: 69.0 azimuth: 42.0    
10-19 13:27:25.300 D/GpsLocationProvider( 1145): sv: 202 snr: 0.0 elev: 24.0 azimuth: 240.0    
10-19 13:27:25.300 D/GpsLocationProvider( 1145): sv: 203 snr: 0.0 elev: 42.0 azimuth: 205.0   A
10-19 13:27:25.300 D/GpsLocationProvider( 1145): sv: 204 snr: 0.0 elev: 33.0 azimuth: 132.0   A
10-19 13:27:25.300 D/GpsLocationProvider( 1145): sv: 205 snr: 0.0 elev: 8.0 azimuth: 257.0    
10-19 13:27:25.300 D/GpsLocationProvider( 1145): sv: 206 snr: 0.0 elev: 52.0 azimuth: 208.0    
10-19 13:27:25.300 D/GpsLocationProvider( 1145): sv: 208 snr: 0.0 elev: 79.0 azimuth: 92.0    
10-19 13:27:25.300 D/GpsLocationProvider( 1145): sv: 209 snr: 0.0 elev: 26.0 azimuth: 212.0   A
10-19 13:27:26.290 D/GpsLocationProvider( 1145): SV count: 23 ephemerisMask: 0 almanacMask: 10d36
10-19 13:27:26.290 D/GpsLocationProvider( 1145): sv: 2 snr: 1.89 elev: 36.0 azimuth: 295.0   AU
10-19 13:27:26.290 D/GpsLocationProvider( 1145): sv: 3 snr: 0.0 elev: 6.0 azimuth: 46.0   A
10-19 13:27:26.290 D/GpsLocationProvider( 1145): sv: 5 snr: 0.0 elev: 15.0 azimuth: 229.0   A
10-19 13:27:26.290 D/GpsLocationProvider( 1145): sv: 6 snr: 0.0 elev: 64.0 azimuth: 343.0   A
10-19 13:27:26.290 D/GpsLocationProvider( 1145): sv: 9 snr: 0.0 elev: 41.0 azimuth: 108.0   A
10-19 13:27:26.290 D/GpsLocationProvider( 1145): sv: 11 snr: 0.0 elev: 0.0 azimuth: 0.0   A
10-19 13:27:26.290 D/GpsLocationProvider( 1145): sv: 12 snr: 0.0 elev: 23.0 azimuth: 298.0   A
10-19 13:27:26.290 D/GpsLocationProvider( 1145): sv: 17 snr: 0.0 elev: 55.0 azimuth: 143.0   A
10-19 13:27:26.290 D/GpsLocationProvider( 1145): sv: 74 snr: 0.0 elev: 0.0 azimuth: 0.0    
10-19 13:27:26.290 D/GpsLocationProvider( 1145): sv: 82 snr: 0.0 elev: 23.0 azimuth: 120.0    
10-19 13:27:26.290 D/GpsLocationProvider( 1145): sv: 75 snr: 0.0 elev: 2.0 azimuth: 326.0   A
10-19 13:27:26.290 D/GpsLocationProvider( 1145): sv: 69 snr: 0.0 elev: 50.0 azimuth: 203.0   A
10-19 13:27:26.290 D/GpsLocationProvider( 1145): sv: 84 snr: 0.0 elev: 34.0 azimuth: 327.0    
10-19 13:27:26.290 D/GpsLocationProvider( 1145): sv: 83 snr: 0.0 elev: 68.0 azimuth: 57.0    
10-19 13:27:26.290 D/GpsLocationProvider( 1145): sv: 67 snr: 0.0 elev: 15.0 azimuth: 30.0   A
10-19 13:27:26.290 D/GpsLocationProvider( 1145): sv: 68 snr: 0.0 elev: 69.0 azimuth: 42.0    
10-19 13:27:26.290 D/GpsLocationProvider( 1145): sv: 202 snr: 0.0 elev: 24.0 azimuth: 240.0    
10-19 13:27:26.290 D/GpsLocationProvider( 1145): sv: 203 snr: 0.0 elev: 42.0 azimuth: 205.0   A
10-19 13:27:26.290 D/GpsLocationProvider( 1145): sv: 204 snr: 0.0 elev: 33.0 azimuth: 132.0   A
10-19 13:27:26.290 D/GpsLocationProvider( 1145): sv: 205 snr: 0.0 elev: 8.0 azimuth: 257.0    
10-19 13:27:26.290 D/GpsLocationProvider( 1145): sv: 206 snr: 0.0 elev: 52.0 azimuth: 208.0    
10-19 13:27:26.290 D/GpsLocationProvider( 1145): sv: 208 snr: 0.0 elev: 79.0 azimuth: 92.0    
10-19 13:27:26.290 D/GpsLocationProvider( 1145): sv: 209 snr: 0.0 elev: 26.0 azimuth: 212.0   A
10-19 13:27:26.790 D/KeyguardUpdateMonitor( 3333): Intent.ACTION_BATTERYEX_CHANGED EXTRA_CHARGING_CURRENT : 0 / EXTRA_HVDCP_TYPE : false
10-19 13:27:26.790 I/[SystemUI]LGPowerUI( 3333): onReceive = com.lge.android.intent.action.BATTERYEX
10-19 13:27:26.790 I/[SystemUI]LGPowerUI( 3333): levelEx = 99, plugTypeEx = 2, WirelessAlignment = 0, chargingCurrent = 0, orientation = PORTRAIT
10-19 13:27:26.790 I/[SystemUI]LGPowerUI( 3333): On Skip Timer : true
10-19 13:27:26.790 D/PowerService( 3898): isACConnected: false, isFastChargerType: false, isCharging: true, isFastChargerConnected: false
10-19 13:27:27.290 D/GpsLocationProvider( 1145): SV count: 23 ephemerisMask: 0 almanacMask: 10d36
10-19 13:27:27.290 D/GpsLocationProvider( 1145): sv: 2 snr: 1.89 elev: 36.0 azimuth: 295.0   AU
10-19 13:27:27.290 D/GpsLocationProvider( 1145): sv: 3 snr: 0.0 elev: 6.0 azimuth: 46.0   A
10-19 13:27:27.290 D/GpsLocationProvider( 1145): sv: 5 snr: 0.0 elev: 15.0 azimuth: 229.0   A
10-19 13:27:27.290 D/GpsLocationProvider( 1145): sv: 6 snr: 0.0 elev: 64.0 azimuth: 343.0   A
10-19 13:27:27.290 D/GpsLocationProvider( 1145): sv: 9 snr: 0.0 elev: 41.0 azimuth: 108.0   A
10-19 13:27:27.290 D/GpsLocationProvider( 1145): sv: 11 snr: 0.0 elev: 0.0 azimuth: 0.0   A
10-19 13:27:27.290 D/GpsLocationProvider( 1145): sv: 12 snr: 0.0 elev: 23.0 azimuth: 298.0   A
10-19 13:27:27.290 D/GpsLocationProvider( 1145): sv: 17 snr: 0.0 elev: 55.0 azimuth: 143.0   A
10-19 13:27:27.290 D/GpsLocationProvider( 1145): sv: 74 snr: 0.0 elev: 0.0 azimuth: 0.0    
10-19 13:27:27.290 D/GpsLocationProvider( 1145): sv: 82 snr: 0.0 elev: 23.0 azimuth: 120.0    
10-19 13:27:27.290 D/GpsLocationProvider( 1145): sv: 75 snr: 0.0 elev: 2.0 azimuth: 326.0   A
10-19 13:27:27.290 D/GpsLocationProvider( 1145): sv: 69 snr: 0.0 elev: 50.0 azimuth: 203.0   A
10-19 13:27:27.290 D/GpsLocationProvider( 1145): sv: 84 snr: 0.0 elev: 34.0 azimuth: 327.0    
10-19 13:27:27.290 D/GpsLocationProvider( 1145): sv: 83 snr: 0.0 elev: 68.0 azimuth: 57.0    
10-19 13:27:27.290 D/GpsLocationProvider( 1145): sv: 67 snr: 0.0 elev: 15.0 azimuth: 30.0   A
10-19 13:27:27.290 D/GpsLocationProvider( 1145): sv: 68 snr: 0.0 elev: 69.0 azimuth: 42.0    
10-19 13:27:27.290 D/GpsLocationProvider( 1145): sv: 202 snr: 0.0 elev: 24.0 azimuth: 240.0    
10-19 13:27:27.290 D/GpsLocationProvider( 1145): sv: 203 snr: 0.0 elev: 42.0 azimuth: 205.0   A
10-19 13:27:27.290 D/GpsLocationProvider( 1145): sv: 204 snr: 0.0 elev: 33.0 azimuth: 132.0   A
10-19 13:27:27.290 D/GpsLocationProvider( 1145): sv: 205 snr: 0.0 elev: 8.0 azimuth: 257.0    
10-19 13:27:27.290 D/GpsLocationProvider( 1145): sv: 206 snr: 0.0 elev: 52.0 azimuth: 208.0    
10-19 13:27:27.290 D/GpsLocationProvider( 1145): sv: 208 snr: 0.0 elev: 79.0 azimuth: 92.0    
10-19 13:27:27.290 D/GpsLocationProvider( 1145): sv: 209 snr: 0.0 elev: 26.0 azimuth: 212.0   A
10-19 13:27:28.290 D/GpsLocationProvider( 1145): SV count: 23 ephemerisMask: 0 almanacMask: 10d36
10-19 13:27:28.290 D/GpsLocationProvider( 1145): sv: 2 snr: 1.89 elev: 36.0 azimuth: 295.0   AU
10-19 13:27:28.290 D/GpsLocationProvider( 1145): sv: 3 snr: 0.0 elev: 6.0 azimuth: 46.0   A
10-19 13:27:28.290 D/GpsLocationProvider( 1145): sv: 5 snr: 0.0 elev: 15.0 azimuth: 229.0   A
10-19 13:27:28.290 D/GpsLocationProvider( 1145): sv: 6 snr: 0.0 elev: 64.0 azimuth: 343.0   A
10-19 13:27:28.290 D/GpsLocationProvider( 1145): sv: 9 snr: 0.0 elev: 41.0 azimuth: 108.0   A
10-19 13:27:28.290 D/GpsLocationProvider( 1145): sv: 11 snr: 0.0 elev: 0.0 azimuth: 0.0   A
10-19 13:27:28.290 D/GpsLocationProvider( 1145): sv: 12 snr: 0.0 elev: 23.0 azimuth: 298.0   A
10-19 13:27:28.290 D/GpsLocationProvider( 1145): sv: 17 snr: 0.0 elev: 55.0 azimuth: 143.0   A
10-19 13:27:28.290 D/GpsLocationProvider( 1145): sv: 74 snr: 0.0 elev: 0.0 azimuth: 0.0    
10-19 13:27:28.290 D/GpsLocationProvider( 1145): sv: 82 snr: 0.0 elev: 23.0 azimuth: 120.0    
10-19 13:27:28.290 D/GpsLocationProvider( 1145): sv: 75 snr: 0.0 elev: 2.0 azimuth: 326.0   A
10-19 13:27:28.290 D/GpsLocationProvider( 1145): sv: 69 snr: 0.0 elev: 50.0 azimuth: 203.0   A
10-19 13:27:28.290 D/GpsLocationProvider( 1145): sv: 84 snr: 0.0 elev: 34.0 azimuth: 327.0    
10-19 13:27:28.290 D/GpsLocationProvider( 1145): sv: 83 snr: 0.0 elev: 68.0 azimuth: 57.0    
10-19 13:27:28.290 D/GpsLocationProvider( 1145): sv: 67 snr: 0.0 elev: 15.0 azimuth: 30.0   A
10-19 13:27:28.290 D/GpsLocationProvider( 1145): sv: 68 snr: 0.0 elev: 69.0 azimuth: 42.0    
10-19 13:27:28.290 D/GpsLocationProvider( 1145): sv: 202 snr: 0.0 elev: 24.0 azimuth: 240.0    
10-19 13:27:28.290 D/GpsLocationProvider( 1145): sv: 203 snr: 0.0 elev: 42.0 azimuth: 205.0   A
10-19 13:27:28.290 D/GpsLocationProvider( 1145): sv: 204 snr: 0.0 elev: 33.0 azimuth: 132.0   A
10-19 13:27:28.290 D/GpsLocationProvider( 1145): sv: 205 snr: 0.0 elev: 8.0 azimuth: 257.0    
10-19 13:27:28.290 D/GpsLocationProvider( 1145): sv: 206 snr: 0.0 elev: 52.0 azimuth: 208.0    
10-19 13:27:28.290 D/GpsLocationProvider( 1145): sv: 208 snr: 0.0 elev: 79.0 azimuth: 92.0    
10-19 13:27:28.290 D/GpsLocationProvider( 1145): sv: 209 snr: 0.0 elev: 26.0 azimuth: 212.0   A
10-19 13:27:29.300 D/GpsLocationProvider( 1145): SV count: 23 ephemerisMask: 0 almanacMask: 10d36
10-19 13:27:29.300 D/GpsLocationProvider( 1145): sv: 2 snr: 1.89 elev: 36.0 azimuth: 295.0   AU
10-19 13:27:29.300 D/GpsLocationProvider( 1145): sv: 3 snr: 0.0 elev: 6.0 azimuth: 46.0   A
10-19 13:27:29.300 D/GpsLocationProvider( 1145): sv: 5 snr: 0.0 elev: 15.0 azimuth: 229.0   A
10-19 13:27:29.300 D/GpsLocationProvider( 1145): sv: 6 snr: 0.0 elev: 64.0 azimuth: 343.0   A
10-19 13:27:29.300 D/GpsLocationProvider( 1145): sv: 9 snr: 0.0 elev: 41.0 azimuth: 108.0   A
10-19 13:27:29.300 D/GpsLocationProvider( 1145): sv: 11 snr: 0.0 elev: 0.0 azimuth: 0.0   A
10-19 13:27:29.300 D/GpsLocationProvider( 1145): sv: 12 snr: 0.0 elev: 23.0 azimuth: 298.0   A
10-19 13:27:29.300 D/GpsLocationProvider( 1145): sv: 17 snr: 0.0 elev: 55.0 azimuth: 143.0   A
10-19 13:27:29.300 D/GpsLocationProvider( 1145): sv: 74 snr: 0.0 elev: 0.0 azimuth: 0.0    
10-19 13:27:29.300 D/GpsLocationProvider( 1145): sv: 82 snr: 0.0 elev: 23.0 azimuth: 120.0    
10-19 13:27:29.300 D/GpsLocationProvider( 1145): sv: 75 snr: 0.0 elev: 2.0 azimuth: 326.0   A
10-19 13:27:29.300 D/GpsLocationProvider( 1145): sv: 69 snr: 0.0 elev: 50.0 azimuth: 203.0   A
10-19 13:27:29.300 D/GpsLocationProvider( 1145): sv: 84 snr: 0.0 elev: 34.0 azimuth: 327.0    
10-19 13:27:29.300 D/GpsLocationProvider( 1145): sv: 83 snr: 0.0 elev: 68.0 azimuth: 57.0    
10-19 13:27:29.300 D/GpsLocationProvider( 1145): sv: 67 snr: 0.0 elev: 15.0 azimuth: 30.0   A
10-19 13:27:29.300 D/GpsLocationProvider( 1145): sv: 68 snr: 0.0 elev: 69.0 azimuth: 42.0    
10-19 13:27:29.300 D/GpsLocationProvider( 1145): sv: 202 snr: 0.0 elev: 24.0 azimuth: 240.0    
10-19 13:27:29.300 D/GpsLocationProvider( 1145): sv: 203 snr: 0.0 elev: 42.0 azimuth: 205.0   A
10-19 13:27:29.300 D/GpsLocationProvider( 1145): sv: 204 snr: 0.0 elev: 33.0 azimuth: 132.0   A
10-19 13:27:29.300 D/GpsLocationProvider( 1145): sv: 205 snr: 0.0 elev: 8.0 azimuth: 257.0    
10-19 13:27:29.300 D/GpsLocationProvider( 1145): sv: 206 snr: 0.0 elev: 52.0 azimuth: 208.0    
10-19 13:27:29.300 D/GpsLocationProvider( 1145): sv: 208 snr: 0.0 elev: 79.0 azimuth: 92.0    
10-19 13:27:29.300 D/GpsLocationProvider( 1145): sv: 209 snr: 0.0 elev: 26.0 azimuth: 212.0   A
10-19 13:27:30.300 D/GpsLocationProvider( 1145): SV count: 23 ephemerisMask: 0 almanacMask: 10d36
10-19 13:27:30.300 D/GpsLocationProvider( 1145): sv: 2 snr: 2.08 elev: 36.0 azimuth: 295.0   AU
10-19 13:27:30.300 D/GpsLocationProvider( 1145): sv: 3 snr: 0.0 elev: 6.0 azimuth: 46.0   A
10-19 13:27:30.300 D/GpsLocationProvider( 1145): sv: 5 snr: 0.0 elev: 15.0 azimuth: 229.0   A
10-19 13:27:30.300 D/GpsLocationProvider( 1145): sv: 6 snr: 0.0 elev: 64.0 azimuth: 343.0   A
10-19 13:27:30.300 D/GpsLocationProvider( 1145): sv: 9 snr: 0.0 elev: 41.0 azimuth: 108.0   A
10-19 13:27:30.300 D/GpsLocationProvider( 1145): sv: 11 snr: 0.0 elev: 0.0 azimuth: 0.0   A
10-19 13:27:30.300 D/GpsLocationProvider( 1145): sv: 12 snr: 0.0 elev: 23.0 azimuth: 298.0   A
10-19 13:27:30.300 D/GpsLocationProvider( 1145): sv: 17 snr: 0.0 elev: 55.0 azimuth: 143.0   A
10-19 13:27:30.300 D/GpsLocationProvider( 1145): sv: 74 snr: 0.0 elev: 0.0 azimuth: 0.0    
10-19 13:27:30.300 D/GpsLocationProvider( 1145): sv: 82 snr: 0.0 elev: 23.0 azimuth: 120.0    
10-19 13:27:30.300 D/GpsLocationProvider( 1145): sv: 75 snr: 0.0 elev: 2.0 azimuth: 326.0   A
10-19 13:27:30.300 D/GpsLocationProvider( 1145): sv: 69 snr: 0.0 elev: 50.0 azimuth: 203.0   A
10-19 13:27:30.300 D/GpsLocationProvider( 1145): sv: 84 snr: 0.0 elev: 34.0 azimuth: 327.0    
10-19 13:27:30.300 D/GpsLocationProvider( 1145): sv: 83 snr: 0.0 elev: 68.0 azimuth: 57.0    
10-19 13:27:30.300 D/GpsLocationProvider( 1145): sv: 67 snr: 0.0 elev: 15.0 azimuth: 30.0   A
10-19 13:27:30.300 D/GpsLocationProvider( 1145): sv: 68 snr: 0.0 elev: 69.0 azimuth: 42.0    
10-19 13:27:30.300 D/GpsLocationProvider( 1145): sv: 202 snr: 0.0 elev: 24.0 azimuth: 240.0    
10-19 13:27:30.300 D/GpsLocationProvider( 1145): sv: 203 snr: 0.0 elev: 42.0 azimuth: 205.0   A
10-19 13:27:30.300 D/GpsLocationProvider( 1145): sv: 204 snr: 0.0 elev: 33.0 azimuth: 132.0   A
10-19 13:27:30.300 D/GpsLocationProvider( 1145): sv: 205 snr: 0.0 elev: 8.0 azimuth: 257.0    
10-19 13:27:30.300 D/GpsLocationProvider( 1145): sv: 206 snr: 0.0 elev: 52.0 azimuth: 208.0    
10-19 13:27:30.300 D/GpsLocationProvider( 1145): sv: 208 snr: 0.0 elev: 79.0 azimuth: 92.0    
10-19 13:27:30.310 D/GpsLocationProvider( 1145): sv: 209 snr: 0.0 elev: 26.0 azimuth: 212.0   A
10-19 13:27:31.300 D/GpsLocationProvider( 1145): SV count: 23 ephemerisMask: 0 almanacMask: 10d36
10-19 13:27:31.300 D/GpsLocationProvider( 1145): sv: 2 snr: 2.09 elev: 36.0 azimuth: 295.0   AU
10-19 13:27:31.300 D/GpsLocationProvider( 1145): sv: 3 snr: 0.0 elev: 6.0 azimuth: 46.0   A
10-19 13:27:31.300 D/GpsLocationProvider( 1145): sv: 5 snr: 0.0 elev: 15.0 azimuth: 229.0   A
10-19 13:27:31.300 D/GpsLocationProvider( 1145): sv: 6 snr: 0.0 elev: 64.0 azimuth: 343.0   A
10-19 13:27:31.300 D/GpsLocationProvider( 1145): sv: 9 snr: 0.0 elev: 41.0 azimuth: 108.0   A
10-19 13:27:31.300 D/GpsLocationProvider( 1145): sv: 11 snr: 0.0 elev: 0.0 azimuth: 0.0   A
10-19 13:27:31.300 D/GpsLocationProvider( 1145): sv: 12 snr: 0.0 elev: 23.0 azimuth: 298.0   A
10-19 13:27:31.300 D/GpsLocationProvider( 1145): sv: 17 snr: 0.0 elev: 55.0 azimuth: 143.0   A
10-19 13:27:31.300 D/GpsLocationProvider( 1145): sv: 74 snr: 0.0 elev: 0.0 azimuth: 0.0    
10-19 13:27:31.300 D/GpsLocationProvider( 1145): sv: 82 snr: 0.0 elev: 23.0 azimuth: 120.0    
10-19 13:27:31.300 D/GpsLocationProvider( 1145): sv: 75 snr: 0.0 elev: 2.0 azimuth: 326.0   A
10-19 13:27:31.310 D/GpsLocationProvider( 1145): sv: 69 snr: 0.0 elev: 50.0 azimuth: 203.0   A
10-19 13:27:31.310 D/GpsLocationProvider( 1145): sv: 84 snr: 0.0 elev: 34.0 azimuth: 327.0    
10-19 13:27:31.310 D/GpsLocationProvider( 1145): sv: 83 snr: 0.0 elev: 68.0 azimuth: 57.0    
10-19 13:27:31.310 D/GpsLocationProvider( 1145): sv: 67 snr: 0.0 elev: 15.0 azimuth: 30.0   A
10-19 13:27:31.310 D/GpsLocationProvider( 1145): sv: 68 snr: 0.0 elev: 69.0 azimuth: 42.0    
10-19 13:27:31.310 D/GpsLocationProvider( 1145): sv: 202 snr: 0.0 elev: 24.0 azimuth: 240.0    
10-19 13:27:31.310 D/GpsLocationProvider( 1145): sv: 203 snr: 0.0 elev: 42.0 azimuth: 205.0   A
10-19 13:27:31.310 D/GpsLocationProvider( 1145): sv: 204 snr: 0.0 elev: 33.0 azimuth: 132.0   A
10-19 13:27:31.310 D/GpsLocationProvider( 1145): sv: 205 snr: 0.0 elev: 8.0 azimuth: 257.0    
10-19 13:27:31.310 D/GpsLocationProvider( 1145): sv: 206 snr: 0.0 elev: 52.0 azimuth: 208.0    
10-19 13:27:31.310 D/GpsLocationProvider( 1145): sv: 208 snr: 0.0 elev: 79.0 azimuth: 92.0    
10-19 13:27:31.310 D/GpsLocationProvider( 1145): sv: 209 snr: 0.0 elev: 26.0 azimuth: 212.0   A
10-19 13:27:32.300 D/GpsLocationProvider( 1145): SV count: 23 ephemerisMask: 0 almanacMask: 10d36
10-19 13:27:32.300 D/GpsLocationProvider( 1145): sv: 2 snr: 2.17 elev: 36.0 azimuth: 295.0   AU
10-19 13:27:32.300 D/GpsLocationProvider( 1145): sv: 3 snr: 0.0 elev: 6.0 azimuth: 46.0   A
10-19 13:27:32.300 D/GpsLocationProvider( 1145): sv: 5 snr: 0.0 elev: 15.0 azimuth: 229.0   A
10-19 13:27:32.300 D/GpsLocationProvider( 1145): sv: 6 snr: 0.0 elev: 64.0 azimuth: 343.0   A
10-19 13:27:32.300 D/GpsLocationProvider( 1145): sv: 9 snr: 0.0 elev: 41.0 azimuth: 108.0   A
10-19 13:27:32.300 D/GpsLocationProvider( 1145): sv: 11 snr: 0.0 elev: 0.0 azimuth: 0.0   A
10-19 13:27:32.300 D/GpsLocationProvider( 1145): sv: 12 snr: 0.0 elev: 23.0 azimuth: 298.0   A
10-19 13:27:32.300 D/GpsLocationProvider( 1145): sv: 17 snr: 0.0 elev: 55.0 azimuth: 143.0   A
10-19 13:27:32.300 D/GpsLocationProvider( 1145): sv: 74 snr: 0.0 elev: 0.0 azimuth: 0.0    
10-19 13:27:32.300 D/GpsLocationProvider( 1145): sv: 82 snr: 0.0 elev: 23.0 azimuth: 120.0    
10-19 13:27:32.300 D/GpsLocationProvider( 1145): sv: 75 snr: 0.0 elev: 2.0 azimuth: 326.0   A
10-19 13:27:32.300 D/GpsLocationProvider( 1145): sv: 69 snr: 0.0 elev: 50.0 azimuth: 203.0   A
10-19 13:27:32.300 D/GpsLocationProvider( 1145): sv: 84 snr: 0.0 elev: 34.0 azimuth: 327.0    
10-19 13:27:32.300 D/GpsLocationProvider( 1145): sv: 83 snr: 0.0 elev: 68.0 azimuth: 57.0    
10-19 13:27:32.300 D/GpsLocationProvider( 1145): sv: 67 snr: 0.0 elev: 15.0 azimuth: 30.0   A
10-19 13:27:32.300 D/GpsLocationProvider( 1145): sv: 68 snr: 0.0 elev: 69.0 azimuth: 42.0    
10-19 13:27:32.300 D/GpsLocationProvider( 1145): sv: 202 snr: 0.0 elev: 24.0 azimuth: 240.0    
10-19 13:27:32.300 D/GpsLocationProvider( 1145): sv: 203 snr: 0.0 elev: 42.0 azimuth: 205.0   A
10-19 13:27:32.300 D/GpsLocationProvider( 1145): sv: 204 snr: 0.0 elev: 33.0 azimuth: 132.0   A
10-19 13:27:32.300 D/GpsLocationProvider( 1145): sv: 205 snr: 0.0 elev: 8.0 azimuth: 257.0    
10-19 13:27:32.300 D/GpsLocationProvider( 1145): sv: 206 snr: 0.0 elev: 52.0 azimuth: 208.0    
10-19 13:27:32.300 D/GpsLocationProvider( 1145): sv: 208 snr: 0.0 elev: 79.0 azimuth: 92.0    
10-19 13:27:32.300 D/GpsLocationProvider( 1145): sv: 209 snr: 0.0 elev: 26.0 azimuth: 212.0   A
10-19 13:27:33.300 D/GpsLocationProvider( 1145): SV count: 23 ephemerisMask: 0 almanacMask: 10d36
10-19 13:27:33.300 D/GpsLocationProvider( 1145): sv: 2 snr: 1.93 elev: 36.0 azimuth: 295.0   AU
10-19 13:27:33.300 D/GpsLocationProvider( 1145): sv: 3 snr: 0.0 elev: 6.0 azimuth: 46.0   A
10-19 13:27:33.300 D/GpsLocationProvider( 1145): sv: 5 snr: 0.0 elev: 15.0 azimuth: 229.0   A
10-19 13:27:33.300 D/GpsLocationProvider( 1145): sv: 6 snr: 0.0 elev: 64.0 azimuth: 343.0   A
10-19 13:27:33.300 D/GpsLocationProvider( 1145): sv: 9 snr: 0.0 elev: 41.0 azimuth: 108.0   A
10-19 13:27:33.300 D/GpsLocationProvider( 1145): sv: 11 snr: 0.0 elev: 0.0 azimuth: 0.0   A
10-19 13:27:33.300 D/GpsLocationProvider( 1145): sv: 12 snr: 0.0 elev: 23.0 azimuth: 298.0   A
10-19 13:27:33.300 D/GpsLocationProvider( 1145): sv: 17 snr: 0.0 elev: 55.0 azimuth: 143.0   A
10-19 13:27:33.300 D/GpsLocationProvider( 1145): sv: 74 snr: 0.0 elev: 0.0 azimuth: 0.0    
10-19 13:27:33.300 D/GpsLocationProvider( 1145): sv: 82 snr: 0.0 elev: 23.0 azimuth: 120.0    
10-19 13:27:33.300 D/GpsLocationProvider( 1145): sv: 75 snr: 0.0 elev: 2.0 azimuth: 326.0   A
10-19 13:27:33.300 D/GpsLocationProvider( 1145): sv: 69 snr: 0.0 elev: 50.0 azimuth: 203.0   A
10-19 13:27:33.300 D/GpsLocationProvider( 1145): sv: 84 snr: 0.0 elev: 34.0 azimuth: 327.0    
10-19 13:27:33.300 D/GpsLocationProvider( 1145): sv: 83 snr: 0.0 elev: 68.0 azimuth: 57.0    
10-19 13:27:33.300 D/GpsLocationProvider( 1145): sv: 67 snr: 0.0 elev: 15.0 azimuth: 30.0   A
10-19 13:27:33.300 D/GpsLocationProvider( 1145): sv: 68 snr: 0.0 elev: 69.0 azimuth: 42.0    
10-19 13:27:33.300 D/GpsLocationProvider( 1145): sv: 202 snr: 0.0 elev: 24.0 azimuth: 240.0    
10-19 13:27:33.300 D/GpsLocationProvider( 1145): sv: 203 snr: 0.0 elev: 42.0 azimuth: 205.0   A
10-19 13:27:33.300 D/GpsLocationProvider( 1145): sv: 204 snr: 0.0 elev: 33.0 azimuth: 132.0   A
10-19 13:27:33.300 D/GpsLocationProvider( 1145): sv: 205 snr: 0.0 elev: 8.0 azimuth: 257.0    
10-19 13:27:33.300 D/GpsLocationProvider( 1145): sv: 206 snr: 0.0 elev: 52.0 azimuth: 208.0    
10-19 13:27:33.300 D/GpsLocationProvider( 1145): sv: 208 snr: 0.0 elev: 79.0 azimuth: 92.0    
10-19 13:27:33.300 D/GpsLocationProvider( 1145): sv: 209 snr: 0.0 elev: 26.0 azimuth: 212.0   A
10-19 13:27:34.300 D/GpsLocationProvider( 1145): SV count: 23 ephemerisMask: 0 almanacMask: 10d36
10-19 13:27:34.300 D/GpsLocationProvider( 1145): sv: 2 snr: 2.04 elev: 36.0 azimuth: 295.0   AU
10-19 13:27:34.300 D/GpsLocationProvider( 1145): sv: 3 snr: 0.0 elev: 6.0 azimuth: 46.0   A
10-19 13:27:34.300 D/GpsLocationProvider( 1145): sv: 5 snr: 0.0 elev: 15.0 azimuth: 229.0   A
10-19 13:27:34.300 D/GpsLocationProvider( 1145): sv: 6 snr: 0.0 elev: 64.0 azimuth: 343.0   A
10-19 13:27:34.300 D/GpsLocationProvider( 1145): sv: 9 snr: 0.0 elev: 41.0 azimuth: 108.0   A
10-19 13:27:34.300 D/GpsLocationProvider( 1145): sv: 11 snr: 0.0 elev: 0.0 azimuth: 0.0   A
10-19 13:27:34.300 D/GpsLocationProvider( 1145): sv: 12 snr: 0.0 elev: 23.0 azimuth: 298.0   A
10-19 13:27:34.300 D/GpsLocationProvider( 1145): sv: 17 snr: 0.0 elev: 55.0 azimuth: 143.0   A
10-19 13:27:34.300 D/GpsLocationProvider( 1145): sv: 74 snr: 0.0 elev: 0.0 azimuth: 0.0    
10-19 13:27:34.300 D/GpsLocationProvider( 1145): sv: 82 snr: 0.0 elev: 23.0 azimuth: 120.0    
10-19 13:27:34.300 D/GpsLocationProvider( 1145): sv: 75 snr: 0.0 elev: 2.0 azimuth: 326.0   A
10-19 13:27:34.300 D/GpsLocationProvider( 1145): sv: 69 snr: 0.0 elev: 50.0 azimuth: 203.0   A
10-19 13:27:34.300 D/GpsLocationProvider( 1145): sv: 84 snr: 0.0 elev: 34.0 azimuth: 327.0    
10-19 13:27:34.300 D/GpsLocationProvider( 1145): sv: 83 snr: 0.0 elev: 68.0 azimuth: 57.0    
10-19 13:27:34.300 D/GpsLocationProvider( 1145): sv: 67 snr: 0.0 elev: 15.0 azimuth: 30.0   A
10-19 13:27:34.300 D/GpsLocationProvider( 1145): sv: 68 snr: 0.0 elev: 69.0 azimuth: 42.0    
10-19 13:27:34.300 D/GpsLocationProvider( 1145): sv: 202 snr: 0.0 elev: 24.0 azimuth: 240.0    
10-19 13:27:34.300 D/GpsLocationProvider( 1145): sv: 203 snr: 0.0 elev: 42.0 azimuth: 205.0   A
10-19 13:27:34.300 D/GpsLocationProvider( 1145): sv: 204 snr: 0.0 elev: 33.0 azimuth: 132.0   A
10-19 13:27:34.300 D/GpsLocationProvider( 1145): sv: 205 snr: 0.0 elev: 8.0 azimuth: 257.0    
10-19 13:27:34.300 D/GpsLocationProvider( 1145): sv: 206 snr: 0.0 elev: 52.0 azimuth: 208.0    
10-19 13:27:34.300 D/GpsLocationProvider( 1145): sv: 208 snr: 0.0 elev: 79.0 azimuth: 92.0    
10-19 13:27:34.300 D/GpsLocationProvider( 1145): sv: 209 snr: 0.0 elev: 26.0 azimuth: 212.0   A
10-19 13:27:35.300 D/GpsLocationProvider( 1145): SV count: 23 ephemerisMask: 0 almanacMask: 10d36
10-19 13:27:35.300 D/GpsLocationProvider( 1145): sv: 2 snr: 2.0 elev: 36.0 azimuth: 295.0   AU
10-19 13:27:35.300 D/GpsLocationProvider( 1145): sv: 3 snr: 0.0 elev: 6.0 azimuth: 46.0   A
10-19 13:27:35.300 D/GpsLocationProvider( 1145): sv: 5 snr: 0.0 elev: 15.0 azimuth: 229.0   A
10-19 13:27:35.300 D/GpsLocationProvider( 1145): sv: 6 snr: 0.0 elev: 64.0 azimuth: 343.0   A
10-19 13:27:35.300 D/GpsLocationProvider( 1145): sv: 9 snr: 0.0 elev: 41.0 azimuth: 108.0   A
10-19 13:27:35.300 D/GpsLocationProvider( 1145): sv: 11 snr: 0.0 elev: 0.0 azimuth: 0.0   A
10-19 13:27:35.300 D/GpsLocationProvider( 1145): sv: 12 snr: 0.0 elev: 23.0 azimuth: 298.0   A
10-19 13:27:35.300 D/GpsLocationProvider( 1145): sv: 17 snr: 0.0 elev: 55.0 azimuth: 143.0   A
10-19 13:27:35.300 D/GpsLocationProvider( 1145): sv: 74 snr: 0.0 elev: 0.0 azimuth: 0.0    
10-19 13:27:35.300 D/GpsLocationProvider( 1145): sv: 82 snr: 0.0 elev: 23.0 azimuth: 120.0    
10-19 13:27:35.300 D/GpsLocationProvider( 1145): sv: 75 snr: 0.0 elev: 2.0 azimuth: 326.0   A
10-19 13:27:35.300 D/GpsLocationProvider( 1145): sv: 69 snr: 0.0 elev: 50.0 azimuth: 203.0   A
10-19 13:27:35.300 D/GpsLocationProvider( 1145): sv: 84 snr: 0.0 elev: 34.0 azimuth: 327.0    
10-19 13:27:35.300 D/GpsLocationProvider( 1145): sv: 83 snr: 0.0 elev: 68.0 azimuth: 57.0    
10-19 13:27:35.300 D/GpsLocationProvider( 1145): sv: 67 snr: 0.0 elev: 15.0 azimuth: 30.0   A
10-19 13:27:35.300 D/GpsLocationProvider( 1145): sv: 68 snr: 0.0 elev: 69.0 azimuth: 42.0    
10-19 13:27:35.300 D/GpsLocationProvider( 1145): sv: 202 snr: 0.0 elev: 24.0 azimuth: 240.0    
10-19 13:27:35.300 D/GpsLocationProvider( 1145): sv: 203 snr: 0.0 elev: 42.0 azimuth: 205.0   A
10-19 13:27:35.300 D/GpsLocationProvider( 1145): sv: 204 snr: 0.0 elev: 33.0 azimuth: 132.0   A
10-19 13:27:35.300 D/GpsLocationProvider( 1145): sv: 205 snr: 0.0 elev: 8.0 azimuth: 257.0    
10-19 13:27:35.300 D/GpsLocationProvider( 1145): sv: 206 snr: 0.0 elev: 52.0 azimuth: 208.0    
10-19 13:27:35.300 D/GpsLocationProvider( 1145): sv: 208 snr: 0.0 elev: 79.0 azimuth: 92.0    
10-19 13:27:35.300 D/GpsLocationProvider( 1145): sv: 209 snr: 0.0 elev: 26.0 azimuth: 212.0   A
10-19 13:27:36.310 D/GpsLocationProvider( 1145): SV count: 23 ephemerisMask: 0 almanacMask: 10d36
10-19 13:27:36.310 D/GpsLocationProvider( 1145): sv: 2 snr: 1.6299999 elev: 36.0 azimuth: 295.0   AU
10-19 13:27:36.310 D/GpsLocationProvider( 1145): sv: 3 snr: 0.0 elev: 6.0 azimuth: 46.0   A
10-19 13:27:36.310 D/GpsLocationProvider( 1145): sv: 5 snr: 0.0 elev: 15.0 azimuth: 229.0   A
10-19 13:27:36.310 D/GpsLocationProvider( 1145): sv: 6 snr: 0.0 elev: 64.0 azimuth: 343.0   A
10-19 13:27:36.310 D/GpsLocationProvider( 1145): sv: 9 snr: 0.0 elev: 41.0 azimuth: 108.0   A
10-19 13:27:36.310 D/GpsLocationProvider( 1145): sv: 11 snr: 0.0 elev: 0.0 azimuth: 0.0   A
10-19 13:27:36.310 D/GpsLocationProvider( 1145): sv: 12 snr: 0.0 elev: 23.0 azimuth: 298.0   A
10-19 13:27:36.310 D/GpsLocationProvider( 1145): sv: 17 snr: 0.0 elev: 55.0 azimuth: 143.0   A
10-19 13:27:36.310 D/GpsLocationProvider( 1145): sv: 74 snr: 0.0 elev: 0.0 azimuth: 0.0    
10-19 13:27:36.310 D/GpsLocationProvider( 1145): sv: 82 snr: 0.0 elev: 23.0 azimuth: 120.0    
10-19 13:27:36.310 D/GpsLocationProvider( 1145): sv: 75 snr: 0.0 elev: 2.0 azimuth: 326.0   A
10-19 13:27:36.310 D/GpsLocationProvider( 1145): sv: 69 snr: 0.0 elev: 50.0 azimuth: 203.0   A
10-19 13:27:36.310 D/GpsLocationProvider( 1145): sv: 84 snr: 0.0 elev: 34.0 azimuth: 327.0    
10-19 13:27:36.310 D/GpsLocationProvider( 1145): sv: 83 snr: 0.0 elev: 68.0 azimuth: 57.0    
10-19 13:27:36.310 D/GpsLocationProvider( 1145): sv: 67 snr: 0.0 elev: 15.0 azimuth: 30.0   A
10-19 13:27:36.310 D/GpsLocationProvider( 1145): sv: 68 snr: 0.0 elev: 69.0 azimuth: 42.0    
10-19 13:27:36.310 D/GpsLocationProvider( 1145): sv: 202 snr: 0.0 elev: 24.0 azimuth: 240.0    
10-19 13:27:36.310 D/GpsLocationProvider( 1145): sv: 203 snr: 0.0 elev: 42.0 azimuth: 205.0   A
10-19 13:27:36.310 D/GpsLocationProvider( 1145): sv: 204 snr: 0.0 elev: 33.0 azimuth: 132.0   A
10-19 13:27:36.310 D/GpsLocationProvider( 1145): sv: 205 snr: 0.0 elev: 8.0 azimuth: 257.0    
10-19 13:27:36.310 D/GpsLocationProvider( 1145): sv: 206 snr: 0.0 elev: 52.0 azimuth: 208.0    
10-19 13:27:36.310 D/GpsLocationProvider( 1145): sv: 208 snr: 0.0 elev: 79.0 azimuth: 92.0    
10-19 13:27:36.310 D/GpsLocationProvider( 1145): sv: 209 snr: 0.0 elev: 26.0 azimuth: 212.0   A
10-19 13:27:37.300 D/GpsLocationProvider( 1145): SV count: 23 ephemerisMask: 0 almanacMask: 10d36
10-19 13:27:37.300 D/GpsLocationProvider( 1145): sv: 2 snr: 1.9799999 elev: 36.0 azimuth: 295.0   AU
10-19 13:27:37.300 D/GpsLocationProvider( 1145): sv: 3 snr: 0.0 elev: 6.0 azimuth: 46.0   A
10-19 13:27:37.300 D/GpsLocationProvider( 1145): sv: 5 snr: 0.0 elev: 15.0 azimuth: 229.0   A
10-19 13:27:37.300 D/GpsLocationProvider( 1145): sv: 6 snr: 0.0 elev: 64.0 azimuth: 343.0   A
10-19 13:27:37.300 D/GpsLocationProvider( 1145): sv: 9 snr: 0.0 elev: 41.0 azimuth: 108.0   A
10-19 13:27:37.300 D/GpsLocationProvider( 1145): sv: 11 snr: 0.0 elev: 0.0 azimuth: 0.0   A
10-19 13:27:37.300 D/GpsLocationProvider( 1145): sv: 12 snr: 0.0 elev: 23.0 azimuth: 298.0   A
10-19 13:27:37.300 D/GpsLocationProvider( 1145): sv: 17 snr: 0.0 elev: 55.0 azimuth: 143.0   A
10-19 13:27:37.300 D/GpsLocationProvider( 1145): sv: 74 snr: 0.0 elev: 0.0 azimuth: 0.0    
10-19 13:27:37.300 D/GpsLocationProvider( 1145): sv: 82 snr: 0.0 elev: 23.0 azimuth: 120.0    
10-19 13:27:37.300 D/GpsLocationProvider( 1145): sv: 75 snr: 0.0 elev: 2.0 azimuth: 326.0   A
10-19 13:27:37.300 D/GpsLocationProvider( 1145): sv: 69 snr: 0.0 elev: 50.0 azimuth: 203.0   A
10-19 13:27:37.300 D/GpsLocationProvider( 1145): sv: 84 snr: 0.0 elev: 34.0 azimuth: 327.0    
10-19 13:27:37.300 D/GpsLocationProvider( 1145): sv: 83 snr: 0.0 elev: 68.0 azimuth: 57.0    
10-19 13:27:37.300 D/GpsLocationProvider( 1145): sv: 67 snr: 0.0 elev: 15.0 azimuth: 30.0   A
10-19 13:27:37.300 D/GpsLocationProvider( 1145): sv: 68 snr: 0.0 elev: 69.0 azimuth: 42.0    
10-19 13:27:37.300 D/GpsLocationProvider( 1145): sv: 202 snr: 0.0 elev: 24.0 azimuth: 240.0    
10-19 13:27:37.300 D/GpsLocationProvider( 1145): sv: 203 snr: 0.0 elev: 42.0 azimuth: 205.0   A
10-19 13:27:37.300 D/GpsLocationProvider( 1145): sv: 204 snr: 0.0 elev: 33.0 azimuth: 132.0   A
10-19 13:27:37.300 D/GpsLocationProvider( 1145): sv: 205 snr: 0.0 elev: 8.0 azimuth: 257.0    
10-19 13:27:37.300 D/GpsLocationProvider( 1145): sv: 206 snr: 0.0 elev: 52.0 azimuth: 208.0    
10-19 13:27:37.300 D/GpsLocationProvider( 1145): sv: 208 snr: 0.0 elev: 79.0 azimuth: 92.0    
10-19 13:27:37.300 D/GpsLocationProvider( 1145): sv: 209 snr: 0.0 elev: 26.0 azimuth: 212.0   A
