10-19 14:50:49.290 D/GpsLocationProvider( 1145): sv: 208 snr: 0.0 elev: 67.0 azimuth: 167.0    
10-19 14:50:49.290 D/GpsLocationProvider( 1145): sv: 209 snr: 0.0 elev: 37.0 azimuth: 234.0   A
10-19 14:50:49.290 D/GpsLocationProvider( 1145): sv: 212 snr: 0.0 elev: 10.0 azimuth: 319.0    
10-19 14:50:50.290 D/GpsLocationProvider( 1145): SV count: 26 ephemerisMask: 800 almanacMask: 31411972
10-19 14:50:50.290 D/GpsLocationProvider( 1145): sv: 5 snr: 1.6200001 elev: 45.0 azimuth: 260.0   AU
10-19 14:50:50.290 D/GpsLocationProvider( 1145): sv: 7 snr: 1.28 elev: 5.0 azimuth: 102.0   A
10-19 14:50:50.290 D/GpsLocationProvider( 1145): sv: 12 snr: 1.54 elev: 14.0 azimuth: 260.0 E AU
10-19 14:50:50.290 D/GpsLocationProvider( 1145): sv: 2 snr: 0.0 elev: 64.0 azimuth: 330.0   A
10-19 14:50:50.290 D/GpsLocationProvider( 1145): sv: 6 snr: 0.0 elev: 59.0 azimuth: 77.0   A
10-19 14:50:50.290 D/GpsLocationProvider( 1145): sv: 9 snr: 0.0 elev: 37.0 azimuth: 54.0   A
10-19 14:50:50.290 D/GpsLocationProvider( 1145): sv: 13 snr: 0.0 elev: 8.0 azimuth: 191.0   A
10-19 14:50:50.290 D/GpsLocationProvider( 1145): sv: 17 snr: 0.0 elev: 16.0 azimuth: 158.0   A
10-19 14:50:50.290 D/GpsLocationProvider( 1145): sv: 23 snr: 0.0 elev: 5.0 azimuth: 36.0   A
10-19 14:50:50.290 D/GpsLocationProvider( 1145): sv: 25 snr: 0.0 elev: 9.0 azimuth: 296.0   A
10-19 14:50:50.290 D/GpsLocationProvider( 1145): sv: 29 snr: 0.0 elev: 1.0 azimuth: 323.0   A
10-19 14:50:50.290 D/GpsLocationProvider( 1145): sv: 30 snr: 0.0 elev: 0.0 azimuth: 0.0   A
10-19 14:50:50.290 D/GpsLocationProvider( 1145): sv: 70 snr: 1.38 elev: 34.0 azimuth: 233.0   A
10-19 14:50:50.290 D/GpsLocationProvider( 1145): sv: 85 snr: 1.4100001 elev: 26.0 azimuth: 327.0    
10-19 14:50:50.290 D/GpsLocationProvider( 1145): sv: 69 snr: 0.0 elev: 74.0 azimuth: 340.0   AU
10-19 14:50:50.290 D/GpsLocationProvider( 1145): sv: 84 snr: 0.0 elev: 78.0 azimuth: 341.0    
10-19 14:50:50.290 D/GpsLocationProvider( 1145): sv: 83 snr: 0.0 elev: 40.0 azimuth: 142.0    
10-19 14:50:50.290 D/GpsLocationProvider( 1145): sv: 68 snr: 0.0 elev: 26.0 azimuth: 33.0    
10-19 14:50:50.290 D/GpsLocationProvider( 1145): sv: 202 snr: 0.0 elev: 24.0 azimuth: 240.0    
10-19 14:50:50.290 D/GpsLocationProvider( 1145): sv: 203 snr: 0.0 elev: 41.0 azimuth: 205.0    
10-19 14:50:50.290 D/GpsLocationProvider( 1145): sv: 204 snr: 0.0 elev: 33.0 azimuth: 133.0 E AU
10-19 14:50:50.290 D/GpsLocationProvider( 1145): sv: 205 snr: 0.0 elev: 7.0 azimuth: 255.0   A
10-19 14:50:50.290 D/GpsLocationProvider( 1145): sv: 206 snr: 0.0 elev: 63.0 azimuth: 244.0    
10-19 14:50:50.290 D/GpsLocationProvider( 1145): sv: 208 snr: 0.0 elev: 67.0 azimuth: 167.0    
10-19 14:50:50.290 D/GpsLocationProvider( 1145): sv: 209 snr: 0.0 elev: 37.0 azimuth: 234.0   A
10-19 14:50:50.290 D/GpsLocationProvider( 1145): sv: 212 snr: 0.0 elev: 10.0 azimuth: 319.0    
10-19 14:50:51.280 D/GpsLocationProvider( 1145): SV count: 26 ephemerisMask: 800 almanacMask: 31411972
10-19 14:50:51.280 D/GpsLocationProvider( 1145): sv: 5 snr: 1.6200001 elev: 45.0 azimuth: 260.0   AU
10-19 14:50:51.280 D/GpsLocationProvider( 1145): sv: 7 snr: 1.28 elev: 5.0 azimuth: 102.0   A
10-19 14:50:51.280 D/GpsLocationProvider( 1145): sv: 12 snr: 1.64 elev: 14.0 azimuth: 260.0 E AU
10-19 14:50:51.280 D/GpsLocationProvider( 1145): sv: 2 snr: 0.0 elev: 64.0 azimuth: 330.0   A
10-19 14:50:51.280 D/GpsLocationProvider( 1145): sv: 6 snr: 0.0 elev: 59.0 azimuth: 77.0   A
10-19 14:50:51.280 D/GpsLocationProvider( 1145): sv: 9 snr: 0.0 elev: 37.0 azimuth: 54.0   A
10-19 14:50:51.280 D/GpsLocationProvider( 1145): sv: 13 snr: 0.0 elev: 8.0 azimuth: 191.0   A
10-19 14:50:51.280 D/GpsLocationProvider( 1145): sv: 17 snr: 0.0 elev: 16.0 azimuth: 158.0   A
10-19 14:50:51.280 D/GpsLocationProvider( 1145): sv: 23 snr: 0.0 elev: 5.0 azimuth: 36.0   A
10-19 14:50:51.280 D/GpsLocationProvider( 1145): sv: 25 snr: 0.0 elev: 9.0 azimuth: 296.0   A
10-19 14:50:51.280 D/GpsLocationProvider( 1145): sv: 29 snr: 0.0 elev: 1.0 azimuth: 323.0   A
10-19 14:50:51.280 D/GpsLocationProvider( 1145): sv: 30 snr: 0.0 elev: 0.0 azimuth: 0.0   A
10-19 14:50:51.280 D/GpsLocationProvider( 1145): sv: 70 snr: 1.38 elev: 34.0 azimuth: 233.0   A
10-19 14:50:51.280 D/GpsLocationProvider( 1145): sv: 85 snr: 1.4100001 elev: 26.0 azimuth: 327.0    
10-19 14:50:51.280 D/GpsLocationProvider( 1145): sv: 69 snr: 0.0 elev: 74.0 azimuth: 340.0   AU
10-19 14:50:51.280 D/GpsLocationProvider( 1145): sv: 84 snr: 0.0 elev: 78.0 azimuth: 341.0    
10-19 14:50:51.280 D/GpsLocationProvider( 1145): sv: 83 snr: 0.0 elev: 40.0 azimuth: 142.0    
10-19 14:50:51.280 D/GpsLocationProvider( 1145): sv: 68 snr: 0.0 elev: 26.0 azimuth: 33.0    
10-19 14:50:51.280 D/GpsLocationProvider( 1145): sv: 202 snr: 0.0 elev: 24.0 azimuth: 240.0    
10-19 14:50:51.280 D/GpsLocationProvider( 1145): sv: 203 snr: 0.0 elev: 41.0 azimuth: 205.0    
10-19 14:50:51.280 D/GpsLocationProvider( 1145): sv: 204 snr: 0.0 elev: 33.0 azimuth: 133.0 E AU
10-19 14:50:51.280 D/GpsLocationProvider( 1145): sv: 205 snr: 0.0 elev: 7.0 azimuth: 255.0   A
10-19 14:50:51.280 D/GpsLocationProvider( 1145): sv: 206 snr: 0.0 elev: 63.0 azimuth: 244.0    
10-19 14:50:51.280 D/GpsLocationProvider( 1145): sv: 208 snr: 0.0 elev: 67.0 azimuth: 167.0    
10-19 14:50:51.280 D/GpsLocationProvider( 1145): sv: 209 snr: 0.0 elev: 37.0 azimuth: 234.0   A
10-19 14:50:51.280 D/GpsLocationProvider( 1145): sv: 212 snr: 0.0 elev: 10.0 azimuth: 319.0    
10-19 14:50:52.280 D/GpsLocationProvider( 1145): SV count: 25 ephemerisMask: 800 almanacMask: 31411972
10-19 14:50:52.280 D/GpsLocationProvider( 1145): sv: 5 snr: 1.6200001 elev: 45.0 azimuth: 260.0   AU
10-19 14:50:52.280 D/GpsLocationProvider( 1145): sv: 7 snr: 1.22 elev: 5.0 azimuth: 102.0   A
10-19 14:50:52.280 D/GpsLocationProvider( 1145): sv: 12 snr: 1.64 elev: 14.0 azimuth: 260.0 E AU
10-19 14:50:52.290 D/GpsLocationProvider( 1145): sv: 2 snr: 0.0 elev: 64.0 azimuth: 330.0   A
10-19 14:50:52.290 D/GpsLocationProvider( 1145): sv: 6 snr: 0.0 elev: 59.0 azimuth: 77.0   A
10-19 14:50:52.290 D/GpsLocationProvider( 1145): sv: 9 snr: 0.0 elev: 37.0 azimuth: 54.0   A
10-19 14:50:52.290 D/GpsLocationProvider( 1145): sv: 13 snr: 0.0 elev: 8.0 azimuth: 191.0   A
10-19 14:50:52.290 D/GpsLocationProvider( 1145): sv: 17 snr: 0.0 elev: 16.0 azimuth: 158.0   A
10-19 14:50:52.290 D/GpsLocationProvider( 1145): sv: 23 snr: 0.0 elev: 5.0 azimuth: 36.0   A
10-19 14:50:52.290 D/GpsLocationProvider( 1145): sv: 25 snr: 0.0 elev: 9.0 azimuth: 296.0   A
10-19 14:50:52.290 D/GpsLocationProvider( 1145): sv: 29 snr: 0.0 elev: 1.0 azimuth: 323.0   A
10-19 14:50:52.290 D/GpsLocationProvider( 1145): sv: 30 snr: 0.0 elev: 0.0 azimuth: 0.0   A
10-19 14:50:52.290 D/GpsLocationProvider( 1145): sv: 70 snr: 1.38 elev: 34.0 azimuth: 233.0   A
10-19 14:50:52.290 D/GpsLocationProvider( 1145): sv: 69 snr: 0.0 elev: 74.0 azimuth: 340.0   AU
10-19 14:50:52.290 D/GpsLocationProvider( 1145): sv: 84 snr: 0.0 elev: 78.0 azimuth: 341.0    
10-19 14:50:52.290 D/GpsLocationProvider( 1145): sv: 83 snr: 0.0 elev: 40.0 azimuth: 142.0    
10-19 14:50:52.290 D/GpsLocationProvider( 1145): sv: 68 snr: 0.0 elev: 26.0 azimuth: 33.0    
10-19 14:50:52.290 D/GpsLocationProvider( 1145): sv: 202 snr: 0.0 elev: 24.0 azimuth: 240.0    
10-19 14:50:52.290 D/GpsLocationProvider( 1145): sv: 203 snr: 0.0 elev: 41.0 azimuth: 205.0    
10-19 14:50:52.290 D/GpsLocationProvider( 1145): sv: 204 snr: 0.0 elev: 33.0 azimuth: 133.0 E AU
10-19 14:50:52.290 D/GpsLocationProvider( 1145): sv: 205 snr: 0.0 elev: 7.0 azimuth: 255.0   A
10-19 14:50:52.290 D/GpsLocationProvider( 1145): sv: 206 snr: 0.0 elev: 63.0 azimuth: 244.0    
10-19 14:50:52.290 D/GpsLocationProvider( 1145): sv: 208 snr: 0.0 elev: 67.0 azimuth: 167.0    
10-19 14:50:52.290 D/GpsLocationProvider( 1145): sv: 209 snr: 0.0 elev: 37.0 azimuth: 234.0   A
10-19 14:50:52.290 D/GpsLocationProvider( 1145): sv: 212 snr: 0.0 elev: 10.0 azimuth: 319.0    
10-19 14:50:53.290 D/GpsLocationProvider( 1145): SV count: 26 ephemerisMask: 800 almanacMask: 31411972
10-19 14:50:53.290 D/GpsLocationProvider( 1145): sv: 5 snr: 1.36 elev: 45.0 azimuth: 260.0   AU
10-19 14:50:53.290 D/GpsLocationProvider( 1145): sv: 7 snr: 1.22 elev: 5.0 azimuth: 102.0   A
10-19 14:50:53.290 D/GpsLocationProvider( 1145): sv: 12 snr: 1.7299999 elev: 14.0 azimuth: 260.0 E AU
10-19 14:50:53.290 D/GpsLocationProvider( 1145): sv: 2 snr: 0.0 elev: 64.0 azimuth: 330.0   A
10-19 14:50:53.290 D/GpsLocationProvider( 1145): sv: 6 snr: 0.0 elev: 59.0 azimuth: 77.0   A
10-19 14:50:53.290 D/GpsLocationProvider( 1145): sv: 9 snr: 0.0 elev: 37.0 azimuth: 54.0   A
10-19 14:50:53.290 D/GpsLocationProvider( 1145): sv: 13 snr: 0.0 elev: 8.0 azimuth: 191.0   A
10-19 14:50:53.290 D/GpsLocationProvider( 1145): sv: 17 snr: 0.0 elev: 16.0 azimuth: 158.0   A
10-19 14:50:53.290 D/GpsLocationProvider( 1145): sv: 23 snr: 0.0 elev: 5.0 azimuth: 36.0   A
10-19 14:50:53.290 D/GpsLocationProvider( 1145): sv: 25 snr: 0.0 elev: 9.0 azimuth: 296.0   A
10-19 14:50:53.290 D/GpsLocationProvider( 1145): sv: 29 snr: 0.0 elev: 1.0 azimuth: 323.0   A
10-19 14:50:53.290 D/GpsLocationProvider( 1145): sv: 30 snr: 0.0 elev: 0.0 azimuth: 0.0   A
10-19 14:50:53.290 D/GpsLocationProvider( 1145): sv: 70 snr: 1.38 elev: 34.0 azimuth: 233.0   A
10-19 14:50:53.290 D/GpsLocationProvider( 1145): sv: 69 snr: 0.0 elev: 74.0 azimuth: 340.0   AU
10-19 14:50:53.290 D/GpsLocationProvider( 1145): sv: 84 snr: 0.0 elev: 78.0 azimuth: 341.0    
10-19 14:50:53.290 D/GpsLocationProvider( 1145): sv: 83 snr: 0.0 elev: 40.0 azimuth: 142.0    
10-19 14:50:53.290 D/GpsLocationProvider( 1145): sv: 85 snr: 0.0 elev: 26.0 azimuth: 327.0    
10-19 14:50:53.290 D/GpsLocationProvider( 1145): sv: 68 snr: 0.0 elev: 26.0 azimuth: 33.0    
10-19 14:50:53.290 D/GpsLocationProvider( 1145): sv: 202 snr: 0.0 elev: 24.0 azimuth: 240.0    
10-19 14:50:53.290 D/GpsLocationProvider( 1145): sv: 203 snr: 0.0 elev: 41.0 azimuth: 205.0    
10-19 14:50:53.290 D/GpsLocationProvider( 1145): sv: 204 snr: 0.0 elev: 33.0 azimuth: 133.0 E AU
10-19 14:50:53.290 D/GpsLocationProvider( 1145): sv: 205 snr: 0.0 elev: 7.0 azimuth: 255.0   A
10-19 14:50:53.290 D/GpsLocationProvider( 1145): sv: 206 snr: 0.0 elev: 63.0 azimuth: 244.0    
10-19 14:50:53.290 D/GpsLocationProvider( 1145): sv: 208 snr: 0.0 elev: 67.0 azimuth: 167.0    
10-19 14:50:53.290 D/GpsLocationProvider( 1145): sv: 209 snr: 0.0 elev: 37.0 azimuth: 234.0   A
10-19 14:50:53.290 D/GpsLocationProvider( 1145): sv: 212 snr: 0.0 elev: 10.0 azimuth: 319.0    
10-19 14:50:54.280 D/GpsLocationProvider( 1145): SV count: 26 ephemerisMask: 800 almanacMask: 31411972
10-19 14:50:54.280 D/GpsLocationProvider( 1145): sv: 5 snr: 1.36 elev: 45.0 azimuth: 260.0   AU
10-19 14:50:54.280 D/GpsLocationProvider( 1145): sv: 7 snr: 1.58 elev: 5.0 azimuth: 102.0   AU
10-19 14:50:54.280 D/GpsLocationProvider( 1145): sv: 12 snr: 1.7299999 elev: 14.0 azimuth: 260.0 E AU
10-19 14:50:54.290 D/GpsLocationProvider( 1145): sv: 2 snr: 0.0 elev: 64.0 azimuth: 330.0   A
10-19 14:50:54.290 D/GpsLocationProvider( 1145): sv: 6 snr: 0.0 elev: 59.0 azimuth: 77.0   A
10-19 14:50:54.290 D/GpsLocationProvider( 1145): sv: 9 snr: 0.0 elev: 37.0 azimuth: 54.0   A
10-19 14:50:54.290 D/GpsLocationProvider( 1145): sv: 13 snr: 0.0 elev: 8.0 azimuth: 191.0   A
10-19 14:50:54.290 D/GpsLocationProvider( 1145): sv: 17 snr: 0.0 elev: 16.0 azimuth: 158.0   A
10-19 14:50:54.290 D/GpsLocationProvider( 1145): sv: 23 snr: 0.0 elev: 5.0 azimuth: 36.0   A
10-19 14:50:54.290 D/GpsLocationProvider( 1145): sv: 25 snr: 0.0 elev: 9.0 azimuth: 296.0   A
10-19 14:50:54.290 D/GpsLocationProvider( 1145): sv: 29 snr: 0.0 elev: 1.0 azimuth: 323.0   A
10-19 14:50:54.290 D/GpsLocationProvider( 1145): sv: 30 snr: 0.0 elev: 0.0 azimuth: 0.0   A
10-19 14:50:54.290 D/GpsLocationProvider( 1145): sv: 70 snr: 1.26 elev: 34.0 azimuth: 233.0   A
10-19 14:50:54.290 D/GpsLocationProvider( 1145): sv: 69 snr: 0.0 elev: 74.0 azimuth: 340.0   AU
10-19 14:50:54.290 D/GpsLocationProvider( 1145): sv: 84 snr: 0.0 elev: 78.0 azimuth: 341.0    
10-19 14:50:54.290 D/GpsLocationProvider( 1145): sv: 83 snr: 0.0 elev: 40.0 azimuth: 142.0    
10-19 14:50:54.290 D/GpsLocationProvider( 1145): sv: 85 snr: 0.0 elev: 26.0 azimuth: 327.0    
10-19 14:50:54.290 D/GpsLocationProvider( 1145): sv: 68 snr: 0.0 elev: 26.0 azimuth: 33.0    
10-19 14:50:54.290 D/GpsLocationProvider( 1145): sv: 202 snr: 0.0 elev: 24.0 azimuth: 240.0    
10-19 14:50:54.290 D/GpsLocationProvider( 1145): sv: 203 snr: 0.0 elev: 41.0 azimuth: 205.0    
10-19 14:50:54.290 D/GpsLocationProvider( 1145): sv: 204 snr: 0.0 elev: 33.0 azimuth: 133.0 E AU
10-19 14:50:54.290 D/GpsLocationProvider( 1145): sv: 205 snr: 0.0 elev: 7.0 azimuth: 255.0   A
10-19 14:50:54.290 D/GpsLocationProvider( 1145): sv: 206 snr: 0.0 elev: 63.0 azimuth: 244.0    
10-19 14:50:54.290 D/GpsLocationProvider( 1145): sv: 208 snr: 0.0 elev: 67.0 azimuth: 167.0    
10-19 14:50:54.290 D/GpsLocationProvider( 1145): sv: 209 snr: 0.0 elev: 37.0 azimuth: 234.0   A
10-19 14:50:54.290 D/GpsLocationProvider( 1145): sv: 212 snr: 0.0 elev: 10.0 azimuth: 319.0    
10-19 14:50:54.560 I/e       ( 6655): Saved token has expired. Fetching a new one.
10-19 14:50:54.560 I/e       ( 6655): Token rejected
10-19 14:50:54.560 I/g       ( 6655): Deleted saved auth token
10-19 14:50:54.630 I/b       ( 6655): Sending API token request.
10-19 14:50:54.810 V/DPM     (  517): |COMMON:COM| there are 1 file descriptor(s) with events pending
10-19 14:50:54.810 V/DPM     (  517): |COMMON:COM| 1 events pending, handling 1 for 21
10-19 14:50:54.810 V/DPM     (  517): |COMMON:COM| fd '21' is processing events [callback:0x7faa5b3328, data:0x7fa944c2b0]
10-19 14:50:54.810 I/DPM     (  517): |COMMON| LipcServerWrapperPollEventHandler fd 21 -> nfd 38
10-19 14:50:54.810 V/DPM     (  517): |COMMON:COM| DpmCom::addComEventHandler fd 38, ComEventCallback 0x7faa5b41f4, void* 0x7fa944c2b0, ComCloseCallback 0x0, events 17
10-19 14:50:54.810 V/DPM     (  517): |COMMON:COM| waiting on events (-1ms)
10-19 14:50:54.810 V/DPM     (  517): |COMMON:COM| there are 1 file descriptor(s) with events pending
10-19 14:50:54.810 V/DPM     (  517): |COMMON:COM| 1 events pending, handling 1 for 38
10-19 14:50:54.810 V/DPM     (  517): |COMMON:COM| fd '38' is processing events [callback:0x7faa5b41f4, data:0x7fa944c2b0]
10-19 14:50:54.810 D/DPM     (  517): |COMMON| LipcWrapperPollEventHandler fd 38
10-19 14:50:54.810 D/DPM     (  517): |COMMON| LipcWrapperPollEventHandler rcvmsg
10-19 14:50:54.810 D/DPM     (  517): |COMMON| LipcWrapperPollEventHandler rfd:-1
10-19 14:50:54.810 V/DPM     (  517): |NSRM| NsrmSockReleasePermitType_t DpmNsrmSOI::Synchronize(int, NsrmSocketClassType, unsigned int*, int):401 socketType 0
10-19 14:50:54.810 V/DPM     (  517): |NSRM| Gate is open. Release socket 38
10-19 14:50:54.810 D/DPM     (  517): |COMMON| Sending IPC response
10-19 14:50:54.810 V/DPM     (  517): |COMMON:COM| waiting on events (-1ms)
10-19 14:50:54.810 D/libc-netbsd( 5360): [getaddrinfo]: hostname=xxxxx; servname=(null); cache_mode=(null), netid=0; mark=0
10-19 14:50:54.810 D/libc    ( 5360): getaddrinfo called from pid =5360
10-19 14:50:54.810 V/DPM     (  517): |COMMON:COM| there are 1 file descriptor(s) with events pending
10-19 14:50:54.810 D/libc-netbsd( 5360): [getaddrinfo]: ai_addrlen=0; ai_canonname=xxxxx; ai_flags=4; ai_family=0
10-19 14:50:54.810 V/DPM     (  517): |COMMON:COM| 1 events pending, handling 1 for 21
10-19 14:50:54.810 V/DPM     (  517): |COMMON:COM| fd '21' is processing events [callback:0x7faa5b3328, data:0x7fa944c2b0]
10-19 14:50:54.810 I/DPM     (  517): |COMMON| LipcServerWrapperPollEventHandler fd 21 -> nfd 57
10-19 14:50:54.810 V/DPM     (  517): |COMMON:COM| DpmCom::addComEventHandler fd 57, ComEventCallback 0x7faa5b41f4, void* 0x7fa944c2b0, ComCloseCallback 0x0, events 17
10-19 14:50:54.810 V/DPM     (  517): |COMMON:COM| waiting on events (-1ms)
10-19 14:50:54.810 V/DPM     (  517): |COMMON:COM| there are 1 file descriptor(s) with events pending
10-19 14:50:54.810 V/DPM     (  517): |COMMON:COM| 1 events pending, handling 1 for 57
10-19 14:50:54.810 V/DPM     (  517): |COMMON:COM| fd '57' is processing events [callback:0x7faa5b41f4, data:0x7fa944c2b0]
10-19 14:50:54.810 D/DPM     (  517): |COMMON| LipcWrapperPollEventHandler fd 57
10-19 14:50:54.810 D/DPM     (  517): |COMMON| LipcWrapperPollEventHandler rcvmsg
10-19 14:50:54.810 D/DPM     (  517): |COMMON| LipcWrapperPollEventHandler rfd:58
10-19 14:50:54.810 V/DPM     (  517): |NSRM| NsrmSockReleasePermitType_t DpmNsrmSOI::Synchronize(int, NsrmSocketClassType, unsigned int*, int):401 socketType 1
10-19 14:50:54.810 V/DPM     (  517): |NSRM| Gate is open. Release socket 57
10-19 14:50:54.810 I/DPM     (  517): |COMMON| synchronize for write(), bionic_close the fd 58
10-19 14:50:54.810 D/libc-netbsd( 5360): [getaddrinfo]: hostname=xxxxx; servname=(null); cache_mode=(null), netid=0; mark=0
10-19 14:50:54.810 D/DPM     (  517): |COMMON| Sending IPC response
10-19 14:50:54.810 V/DPM     (  517): |COMMON:COM| waiting on events (-1ms)
10-19 14:50:54.810 D/libc    ( 5360): getaddrinfo called from pid =5360
10-19 14:50:54.810 D/libc-netbsd( 5360): [getaddrinfo]: ai_addrlen=0; ai_canonname=xxxxx; ai_flags=1024; ai_family=0
10-19 14:50:54.810 E/BandwidthController(  450): [LG DATA] No such appUid: 10008
10-19 14:50:54.810 D/DnsProxyListener(  450): App 10008 tries DNS query. Accept family:0 protocol:0
10-19 14:50:54.810 D/libc-netbsd(  450): [getaddrinfo]: hostname=xxxxx; servname=(null); cache_mode=local, netid=100; mark=917604
10-19 14:50:54.810 D/libc    (  450): getaddrinfo called from pid =450
10-19 14:50:54.810 D/libc-netbsd(  450): [getaddrinfo]: ai_addrlen=0; ai_canonname=xxxxx; ai_flags=1024; ai_family=0
10-19 14:50:54.810 D/libc-netbsd(  450): default dns: query_ipv6=1, query_ipv4=1, netid=100
10-19 14:50:54.810 D/libc-netbsd(  450): res_queryN name = xxxxx, class = 1, type = 28
10-19 14:50:54.960 V/DPM     (  517): |COMMON:QMI| received wds indication with event mask:8
10-19 14:50:54.960 V/DPM     (  517): |COMMON:COM| DpmCom::addComEventHandler fd 58, ComEventCallback 0x7faa5b1210, void* 0x7fa880a080, ComCloseCallback 0x0, events 1
10-19 14:50:54.960 V/DPM     (  517): |COMMON:COM| there are 1 file descriptor(s) with events pending
10-19 14:50:54.960 V/DPM     (  517): |COMMON:COM| 1 events pending, handling 1 for 58
10-19 14:50:54.960 V/DPM     (  517): |COMMON:COM| fd '58' is processing events [callback:0x7faa5b1210, data:0x7fa880a080]
10-19 14:50:54.960 I/DPM     (  517): |COMMON:QMI| wdsEventfdCallback fd 58
10-19 14:50:54.960 V/DPM     (  517): |COMMON:COM| DpmCom::removeComEventHandler fd 58
10-19 14:50:54.960 V/DPM     (  517): |COMMON:QMI| received wds indication with event mask:8
10-19 14:50:54.960 V/DPM     (  517): |COMMON:COM| DpmCom::addComEventHandler fd 59, ComEventCallback 0x7faa5b1210, void* 0x7fa880a0b0, ComCloseCallback 0x0, events 1
10-19 14:50:54.960 D/DPM     (  517): |COMMON:QMI| DpmWdsTracker::getDormancy: iface rmnet_data0 dormancy status 1
10-19 14:50:54.960 V/DPM     (  517): |NSRM:TRG| DpmNsrmBackgroundEvtHdlr::DormancyChgEvtHandler iface: rmnet_data0 status: 1
10-19 14:50:54.960 V/DPM     (  517): |NSRM:GATESM| void DpmNsrmGateState::WwanConnectivityInd(NsrmWwanConnectivityStateEnum_e):487 Ind:WWAN is connected. Data activity is not dormant.
10-19 14:50:54.960 V/DPM     (  517): |NSRM:GATESM| void DpmNsrmGateState::TransitionState():975 Current State: Gate is open., Event Mask:  0xf Event Enable Mask: 0x3f73
10-19 14:50:54.960 V/DPM     (  517): |NSRM:GATESM| RRC State(valid only if wwan connected): 1 (0:not connected; 1:connected) 
10-19 14:50:54.960 V/DPM     (  517): |NSRM:GATESM| Screen State: 1 (0:Off; 1:On) 
10-19 14:50:54.960 V/DPM     (  517): |NSRM:GATESM| GPS State: 1 (0:Stopped; 1:Started) 
10-19 14:50:54.960 V/DPM     (  517): |NSRM:GATESM| USB State: 1 (0:Disconnected; 1:Connected) 
10-19 14:50:54.960 V/DPM     (  517): |NSRM:GATESM| Headset State: 0 (0:Disconnected; 1:Connected) 
10-19 14:50:54.960 V/DPM     (  517): |NSRM:GATESM| Bluetooth State: 0 (0:Disconnected; 1:Connected) 
10-19 14:50:54.960 V/DPM     (  517): |NSRM:GATESM| Music State: 0 (0:Inactive; 1:Active) 
10-19 14:50:54.960 V/DPM     (  517): |NSRM:GATESM| Microphone State: 0 (0:Mute; 1:On ) 
10-19 14:50:54.960 V/DPM     (  517): |NSRM:GATESM| HDMI State: 0 (0:Disconnected ; 1:Connected) 
10-19 14:50:54.960 V/DPM     (  517): |NSRM:GATESM| WLAN Connectivity State: 0 (0:Disconnected; 1:Connected) 
10-19 14:50:54.960 V/DPM     (  517): |NSRM:GATESM| Tsync timer State: 0 (0:On ; 1:Expired) 
10-19 14:50:54.960 V/DPM     (  517): |NSRM:GATESM| Topen timer State: 0 (0:Expired ; 1:On) 
10-19 14:50:54.960 V/DPM     (  517): |NSRM:GATESM| Speaker State: 0 (0:Off ; 1:On) 
10-19 14:50:54.960 V/DPM     (  517): |NSRM:GATESM| Emergency Alert State: 0 (0:Off ; 1:On) 
10-19 14:50:54.960 V/DPM     (  517): |NSRM:GATESM| Vendor Trigger State: 0 (0:Disabled ; 1:Enabled) 
10-19 14:50:54.960 V/DPM     (  517): |NSRM:GATESM| No change in state.
10-19 14:50:54.960 V/DPM     (  517): |COMMON:COM| waiting on events (-1ms)
10-19 14:50:54.960 V/DPM     (  517): |COMMON:COM| there are 1 file descriptor(s) with events pending
10-19 14:50:54.960 V/DPM     (  517): |COMMON:COM| 1 events pending, handling 1 for 59
10-19 14:50:54.960 V/DPM     (  517): |COMMON:COM| fd '59' is processing events [callback:0x7faa5b1210, data:0x7fa880a0b0]
10-19 14:50:54.960 I/DPM     (  517): |COMMON:QMI| wdsEventfdCallback fd 59
10-19 14:50:54.960 V/DPM     (  517): |COMMON:COM| DpmCom::removeComEventHandler fd 59
10-19 14:50:54.960 D/DPM     (  517): |COMMON:QMI| DpmWdsTracker::getDormancy: iface rmnet_data1 dormancy status 1
10-19 14:50:54.960 V/DPM     (  517): |NSRM:TRG| DpmNsrmBackgroundEvtHdlr::DormancyChgEvtHandler iface: rmnet_data1 status: 1
10-19 14:50:54.960 V/DPM     (  517): |NSRM:GATESM| void DpmNsrmGateState::WwanConnectivityInd(NsrmWwanConnectivityStateEnum_e):487 Ind:WWAN is connected. Data activity is not dormant.
10-19 14:50:54.960 V/DPM     (  517): |NSRM:GATESM| void DpmNsrmGateState::TransitionState():975 Current State: Gate is open., Event Mask:  0xf Event Enable Mask: 0x3f73
10-19 14:50:54.960 V/DPM     (  517): |NSRM:GATESM| RRC State(valid only if wwan connected): 1 (0:not connected; 1:connected) 
10-19 14:50:54.960 V/DPM     (  517): |NSRM:GATESM| Screen State: 1 (0:Off; 1:On) 
10-19 14:50:54.960 V/DPM     (  517): |NSRM:GATESM| GPS State: 1 (0:Stopped; 1:Started) 
10-19 14:50:54.960 V/DPM     (  517): |NSRM:GATESM| USB State: 1 (0:Disconnected; 1:Connected) 
10-19 14:50:54.960 V/DPM     (  517): |NSRM:GATESM| Headset State: 0 (0:Disconnected; 1:Connected) 
10-19 14:50:54.960 V/DPM     (  517): |NSRM:GATESM| Bluetooth State: 0 (0:Disconnected; 1:Connected) 
10-19 14:50:54.960 V/DPM     (  517): |NSRM:GATESM| Music State: 0 (0:Inactive; 1:Active) 
10-19 14:50:54.960 V/DPM     (  517): |NSRM:GATESM| Microphone State: 0 (0:Mute; 1:On ) 
10-19 14:50:54.960 V/DPM     (  517): |NSRM:GATESM| HDMI State: 0 (0:Disconnected ; 1:Connected) 
10-19 14:50:54.960 V/DPM     (  517): |NSRM:GATESM| WLAN Connectivity State: 0 (0:Disconnected; 1:Connected) 
10-19 14:50:54.960 V/DPM     (  517): |NSRM:GATESM| Tsync timer State: 0 (0:On ; 1:Expired) 
10-19 14:50:54.960 V/DPM     (  517): |NSRM:GATESM| Topen timer State: 0 (0:Expired ; 1:On) 
10-19 14:50:54.960 V/DPM     (  517): |NSRM:GATESM| Speaker State: 0 (0:Off ; 1:On) 
10-19 14:50:54.960 V/DPM     (  517): |NSRM:GATESM| Emergency Alert State: 0 (0:Off ; 1:On) 
10-19 14:50:54.960 V/DPM     (  517): |NSRM:GATESM| Vendor Trigger State: 0 (0:Disabled ; 1:Enabled) 
10-19 14:50:54.960 V/DPM     (  517): |NSRM:GATESM| No change in state.
10-19 14:50:54.960 V/DPM     (  517): |COMMON:COM| waiting on events (-1ms)
10-19 14:50:54.960 D/[LGE_DATA][LGDCT] ( 4151): handleMessage msg={ when=-1ms what=270340 obj=android.os.AsyncResult@188171bb target=com.android.internal.telephony.lgdata.LgDcTracker }
10-19 14:50:54.970 D/[LGE_DATA][LGDCT] ( 4151): EVENT_DATA_STATE_CHANGED = [DataCallResponse: {version=11 status=0 retry=-1 cid=0 active=2 type=IPV4V6 ifname=rmnet_data0 mtu=1440 addresses=[2001:02d8:0932:dde2:1f6c:a9c4:cbbf:656b/64] dnses=[2001:02d8:00e0:0230:0000:0000:0000:0008,2001:02d8:0020:0240:0000:0000:0000:0033] gateways=[fe80:0000:0000:0000:f801:7bbe:0405:804b] pcscf=[2001:02d8:00e0:0220:0000:0000:0000:0010]}, DataCallResponse: {version=11 status=0 retry=-1 cid=1 active=1 type=IPV4V6 ifname=rmnet_data1 mtu=1440 addresses=[2001:02d8:0301:85fe:63f5:e60d:aaf7:eaef/64] dnses=[2001:02d8:00e0:0230:0000:0000:0000:0008,2001:02d8:0020:0240:0000:0000:0000:0033] gateways=[fe80:0000:0000:0000:6c0b:095a:dd4a:c5db] pcscf=[]}]
10-19 14:50:54.970 D/[LGE_DATA][LGDCT] ( 4151): [LGE_DATA_STATE]Default is connected
10-19 14:50:54.970 D/[LGE_DATA][LGDCT] ( 4151): newState = DataCallResponse: {version=11 status=0 retry=-1 cid=0 active=2 type=IPV4V6 ifname=rmnet_data0 mtu=1440 addresses=[2001:02d8:0932:dde2:1f6c:a9c4:cbbf:656b/64] dnses=[2001:02d8:00e0:0230:0000:0000:0000:0008,2001:02d8:0020:0240:0000:0000:0000:0033] gateways=[fe80:0000:0000:0000:f801:7bbe:0405:804b] pcscf=[2001:02d8:00e0:0220:0000:0000:0000:0010]}iface = rmnet_data1
10-19 14:50:54.970 D/[LGE_DATA][LGDCT] ( 4151): newState = DataCallResponse: {version=11 status=0 retry=-1 cid=1 active=1 type=IPV4V6 ifname=rmnet_data1 mtu=1440 addresses=[2001:02d8:0301:85fe:63f5:e60d:aaf7:eaef/64] dnses=[2001:02d8:00e0:0230:0000:0000:0000:0008,2001:02d8:0020:0240:0000:0000:0000:0033] gateways=[fe80:0000:0000:0000:6c0b:095a:dd4a:c5db] pcscf=[]}iface = rmnet_data1
10-19 14:50:54.970 D/[LGE_DATA][LGDCT] ( 4151): isAnyDataCallActive = false  isAnyDataCallDormant = true
10-19 14:50:54.970 D/[LGE_DATA][LGDCT] ( 4151): topActivity.getPackageName(); = com.skt.skaf.l001mtm091
10-19 14:50:54.970 D/[LGE_DATA][LGDCT] ( 4151): topActivity.getClassName(); = com.skt.tmap.activity.TmapMainSettingUpdateActivity
10-19 14:50:54.970 D/[LGE_DATA][LGDCT] ( 4151): VOICE CALL  ::false
10-19 14:50:54.970 D/[LGE_DATA][LGDCT] ( 4151): handleMessage msg={ when=-6ms what=270340 obj=android.os.AsyncResult@2db43a31 target=com.android.internal.telephony.lgdata.LgDcTracker }
10-19 14:50:54.970 D/[LGE_DATA][LGDCT] ( 4151): EVENT_DATA_STATE_CHANGED = [DataCallResponse: {version=11 status=0 retry=-1 cid=0 active=2 type=IPV4V6 ifname=rmnet_data0 mtu=1440 addresses=[2001:02d8:0932:dde2:1f6c:a9c4:cbbf:656b/64] dnses=[2001:02d8:00e0:0230:0000:0000:0000:0008,2001:02d8:0020:0240:0000:0000:0000:0033] gateways=[fe80:0000:0000:0000:f801:7bbe:0405:804b] pcscf=[2001:02d8:00e0:0220:0000:0000:0000:0010]}, DataCallResponse: {version=11 status=0 retry=-1 cid=1 active=2 type=IPV4V6 ifname=rmnet_data1 mtu=1440 addresses=[2001:02d8:0301:85fe:63f5:e60d:aaf7:eaef/64] dnses=[2001:02d8:00e0:0230:0000:0000:0000:0008,2001:02d8:0020:0240:0000:0000:0000:0033] gateways=[fe80:0000:0000:0000:6c0b:095a:dd4a:c5db] pcscf=[]}]
10-19 14:50:54.970 D/[LGE_DATA][LGDCT] ( 4151): [LGE_DATA_STATE]Default is connected
10-19 14:50:54.970 D/[LGE_DATA][LGDCT] ( 4151): newState = DataCallResponse: {version=11 status=0 retry=-1 cid=0 active=2 type=IPV4V6 ifname=rmnet_data0 mtu=1440 addresses=[2001:02d8:0932:dde2:1f6c:a9c4:cbbf:656b/64] dnses=[2001:02d8:00e0:0230:0000:0000:0000:0008,2001:02d8:0020:0240:0000:0000:0000:0033] gateways=[fe80:0000:0000:0000:f801:7bbe:0405:804b] pcscf=[2001:02d8:00e0:0220:0000:0000:0000:0010]}iface = rmnet_data1
10-19 14:50:54.970 D/[LGE_DATA][LGDCT] ( 4151): newState = DataCallResponse: {version=11 status=0 retry=-1 cid=1 active=2 type=IPV4V6 ifname=rmnet_data1 mtu=1440 addresses=[2001:02d8:0301:85fe:63f5:e60d:aaf7:eaef/64] dnses=[2001:02d8:00e0:0230:0000:0000:0000:0008,2001:02d8:0020:0240:0000:0000:0000:0033] gateways=[fe80:0000:0000:0000:6c0b:095a:dd4a:c5db] pcscf=[]}iface = rmnet_data1
10-19 14:50:54.970 D/[LGE_DATA][LGDCT] ( 4151): isAnyDataCallActive = true  isAnyDataCallDormant = false
10-19 14:50:54.990 D/libc-netbsd( 4151): [getaddrinfo]: hostname=xxxxx; servname=(null); cache_mode=(null), netid=0; mark=0
10-19 14:50:54.990 D/libc    ( 4151): getaddrinfo called from pid =4151
10-19 14:50:54.990 D/libc-netbsd( 4151): [getaddrinfo]: ai_addrlen=0; ai_canonname=xxxxx; ai_flags=4; ai_family=0
10-19 14:50:54.990 D/libc-netbsd( 4151): [getaddrinfo]: hostname=xxxxx; servname=(null); cache_mode=(null), netid=0; mark=0
10-19 14:50:54.990 D/libc    ( 4151): getaddrinfo called from pid =4151
10-19 14:50:54.990 D/libc-netbsd( 4151): [getaddrinfo]: ai_addrlen=0; ai_canonname=xxxxx; ai_flags=4; ai_family=0
10-19 14:50:54.990 D/libc-netbsd( 4151): [getaddrinfo]: hostname=xxxxx; servname=(null); cache_mode=(null), netid=0; mark=0
10-19 14:50:54.990 D/libc    ( 4151): getaddrinfo called from pid =4151
10-19 14:50:54.990 D/libc-netbsd( 4151): [getaddrinfo]: ai_addrlen=0; ai_canonname=xxxxx; ai_flags=4; ai_family=0
10-19 14:50:54.990 D/libc-netbsd( 4151): [getaddrinfo]: hostname=xxxxx; servname=(null); cache_mode=(null), netid=0; mark=0
10-19 14:50:54.990 D/libc    ( 4151): getaddrinfo called from pid =4151
10-19 14:50:54.990 D/libc-netbsd( 4151): [getaddrinfo]: ai_addrlen=0; ai_canonname=xxxxx; ai_flags=4; ai_family=0
10-19 14:50:54.990 D/libc-netbsd(  450): res_queryN name = xxxxx, class = 1, type = 1
10-19 14:50:54.990 D/libc-netbsd( 4151): [getaddrinfo]: hostname=xxxxx; servname=(null); cache_mode=(null), netid=0; mark=0
10-19 14:50:54.990 D/libc    ( 4151): getaddrinfo called from pid =4151
10-19 14:50:54.990 D/libc-netbsd( 4151): [getaddrinfo]: ai_addrlen=0; ai_canonname=xxxxx; ai_flags=4; ai_family=0
10-19 14:50:54.990 D/libc-netbsd( 4151): [getaddrinfo]: hostname=xxxxx; servname=(null); cache_mode=(null), netid=0; mark=0
10-19 14:50:54.990 D/libc    ( 4151): getaddrinfo called from pid =4151
10-19 14:50:54.990 D/libc-netbsd( 4151): [getaddrinfo]: ai_addrlen=0; ai_canonname=xxxxx; ai_flags=4; ai_family=0
10-19 14:50:54.990 D/libc-netbsd( 4151): [getaddrinfo]: hostname=xxxxx; servname=(null); cache_mode=(null), netid=0; mark=0
10-19 14:50:54.990 D/libc    ( 4151): getaddrinfo called from pid =4151
10-19 14:50:54.990 D/libc-netbsd( 4151): [getaddrinfo]: ai_addrlen=0; ai_canonname=xxxxx; ai_flags=4; ai_family=0
10-19 14:50:54.990 D/libc-netbsd( 4151): [getaddrinfo]: hostname=xxxxx; servname=(null); cache_mode=(null), netid=0; mark=0
10-19 14:50:54.990 D/libc    ( 4151): getaddrinfo called from pid =4151
10-19 14:50:54.990 D/libc-netbsd( 4151): [getaddrinfo]: ai_addrlen=0; ai_canonname=xxxxx; ai_flags=4; ai_family=0
10-19 14:50:55.000 D/NetworkManagementService( 1145): onDataConnectionRealTimeInfoChanged: mTime=431070289698214 mDcPowerState=3
10-19 14:50:55.010 D/[SystemUI]1( 3333): onDataActivity: direction=4
10-19 14:50:55.010 D/[SystemUI]NetworkController( 3333): updateTelephonySignalStrength: hasService=true ss=SignalStrength: 99 0 -120 -160 -120 -1 -1 31 -71 -12 160 2147483647 2147483647 2147483647 2147483647 gsm|lte 14 0
10-19 14:50:55.010 D/[SystemUI]1( 3333): onDataActivity: direction=0
10-19 14:50:55.010 D/1       ( 3333): Change in state from: connected=true,enabled=true,level=4,inetCondition=1,iconGroup=IconGroup(Default),activityIn=false,activityOut=false,rssi=0,lastModified=10-19 02:46:24,dataSim=true,networkName=SKTelecom,dataConnected=true,inetForNetwork=1,isEmergency=false,airplaneMode=false,activity=4,isSimIcon=false,networkIcon=LTE,selectedSim=false,twoStage=false,voiceRatType=0,dataRatType=0,voiceLevel=0,dataLevel=0,hasVoiceService=false,hasDataService=false
10-19 14:50:55.010 D/1       ( 3333): 	to: connected=true,enabled=true,level=4,inetCondition=1,iconGroup=IconGroup(Default),activityIn=false,activityOut=false,rssi=0,lastModified=10-19 02:46:24,dataSim=true,networkName=SKTelecom,dataConnected=true,inetForNetwork=1,isEmergency=false,airplaneMode=false,activity=0,isSimIcon=false,networkIcon=LTE,selectedSim=false,twoStage=false,voiceRatType=0,dataRatType=0,voiceLevel=0,dataLevel=0,hasVoiceService=false,hasDataService=false
10-19 14:50:55.020 D/[SystemUI]NetworkController( 3333): updateTelephonySignalStrength: hasService=true ss=SignalStrength: 99 0 -120 -160 -120 -1 -1 31 -71 -12 160 2147483647 2147483647 2147483647 2147483647 gsm|lte 14 0
10-19 14:50:55.020 D/libc-netbsd(  450): res_queryN name = xxxxx succeed
10-19 14:50:55.020 D/libc    ( 5360): dnsproxy getaddrinfo returns 0
10-19 14:50:55.020 I/System.out( 5360): propertyValue:false
10-19 14:50:55.020 D/libc-netbsd( 4151): [getaddrinfo]: hostname=xxxxx; servname=(null); cache_mode=(null), netid=0; mark=0
10-19 14:50:55.020 D/libc    ( 4151): getaddrinfo called from pid =4151
10-19 14:50:55.020 D/libc-netbsd( 4151): [getaddrinfo]: ai_addrlen=0; ai_canonname=xxxxx; ai_flags=4; ai_family=0
10-19 14:50:55.020 D/libc-netbsd( 4151): [getaddrinfo]: hostname=xxxxx; servname=(null); cache_mode=(null), netid=0; mark=0
10-19 14:50:55.020 D/libc    ( 4151): getaddrinfo called from pid =4151
10-19 14:50:55.020 D/libc-netbsd( 4151): [getaddrinfo]: ai_addrlen=0; ai_canonname=xxxxx; ai_flags=4; ai_family=0
10-19 14:50:55.020 D/libc-netbsd( 4151): [getaddrinfo]: hostname=xxxxx; servname=(null); cache_mode=(null), netid=0; mark=0
10-19 14:50:55.020 D/libc    ( 4151): getaddrinfo called from pid =4151
10-19 14:50:55.020 D/libc-netbsd( 4151): [getaddrinfo]: ai_addrlen=0; ai_canonname=xxxxx; ai_flags=4; ai_family=0
10-19 14:50:55.030 D/libc-netbsd( 4151): [getaddrinfo]: hostname=xxxxx; servname=(null); cache_mode=(null), netid=0; mark=0
10-19 14:50:55.030 D/libc    ( 4151): getaddrinfo called from pid =4151
10-19 14:50:55.030 D/libc-netbsd( 4151): [getaddrinfo]: ai_addrlen=0; ai_canonname=xxxxx; ai_flags=4; ai_family=0
10-19 14:50:55.030 D/libc-netbsd( 4151): [getaddrinfo]: hostname=xxxxx; servname=(null); cache_mode=(null), netid=0; mark=0
10-19 14:50:55.030 D/libc    ( 4151): getaddrinfo called from pid =4151
10-19 14:50:55.030 D/libc-netbsd( 4151): [getaddrinfo]: ai_addrlen=0; ai_canonname=xxxxx; ai_flags=4; ai_family=0
10-19 14:50:55.030 D/libc-netbsd( 4151): [getaddrinfo]: hostname=xxxxx; servname=(null); cache_mode=(null), netid=0; mark=0
10-19 14:50:55.030 D/libc    ( 4151): getaddrinfo called from pid =4151
10-19 14:50:55.030 D/libc-netbsd( 4151): [getaddrinfo]: ai_addrlen=0; ai_canonname=xxxxx; ai_flags=4; ai_family=0
10-19 14:50:55.030 D/libc-netbsd( 4151): [getaddrinfo]: hostname=xxxxx; servname=(null); cache_mode=(null), netid=0; mark=0
10-19 14:50:55.030 D/libc    ( 4151): getaddrinfo called from pid =4151
10-19 14:50:55.030 D/libc-netbsd( 4151): [getaddrinfo]: ai_addrlen=0; ai_canonname=xxxxx; ai_flags=4; ai_family=0
10-19 14:50:55.030 D/libc-netbsd( 4151): [getaddrinfo]: hostname=xxxxx; servname=(null); cache_mode=(null), netid=0; mark=0
10-19 14:50:55.030 D/libc    ( 4151): getaddrinfo called from pid =4151
10-19 14:50:55.030 D/libc-netbsd( 4151): [getaddrinfo]: ai_addrlen=0; ai_canonname=xxxxx; ai_flags=4; ai_family=0
10-19 14:50:55.030 D/[SystemUI]1( 3333): onDataActivity: direction=0
10-19 14:50:55.030 D/[SystemUI]NetworkController( 3333): updateTelephonySignalStrength: hasService=true ss=SignalStrength: 99 0 -120 -160 -120 -1 -1 31 -71 -12 160 2147483647 2147483647 2147483647 2147483647 gsm|lte 14 0
10-19 14:50:55.050 D/[SystemUI]1( 3333): onDataActivity: direction=0
10-19 14:50:55.050 D/[SystemUI]NetworkController( 3333): updateTelephonySignalStrength: hasService=true ss=SignalStrength: 99 0 -120 -160 -120 -1 -1 31 -71 -12 160 2147483647 2147483647 2147483647 2147483647 gsm|lte 14 0
10-19 14:50:55.180 D/KeyguardUpdateMonitor( 3333): Intent.ACTION_BATTERYEX_CHANGED EXTRA_CHARGING_CURRENT : 0 / EXTRA_HVDCP_TYPE : false
10-19 14:50:55.180 I/[SystemUI]LGPowerUI( 3333): onReceive = com.lge.android.intent.action.BATTERYEX
10-19 14:50:55.180 D/PowerService( 3898): isACConnected: false, isFastChargerType: false, isCharging: false, isFastChargerConnected: false
10-19 14:50:55.190 I/[SystemUI]LGPowerUI( 3333): levelEx = 100, plugTypeEx = 2, WirelessAlignment = 0, chargingCurrent = 0, orientation = PORTRAIT
10-19 14:50:55.190 I/[SystemUI]LGPowerUI( 3333): On Skip Timer : true
10-19 14:50:55.190 D/ClientService( 3669): Battery State Change,  status: 5
10-19 14:50:55.190 D/ClientService( 3669): Battery State Change,  Plugged: 2
10-19 14:50:55.190 D/ClientService( 3669): Battery State Change,  level: 100
10-19 14:50:55.190 D/ClientService( 3669): Battery State Change,  scale: 100
10-19 14:50:55.190 D/IPL     ( 3669): Battery level = 100
10-19 14:50:55.190 I/IPL     ( 3669): iplNeedSendGetLocationRequest, batteryLevel = 100
10-19 14:50:55.190 W/LTECommonReceiver( 6243): VoIPCallReceiver.onReceived() :android.intent.action.BATTERY_CHANGED
10-19 14:50:55.190 D/LTECommonReceiver( 6243): mReceiver: ACTION_BATTERY_CHANGED - level = 100, plugType = 2
10-19 14:50:55.190 D/KeyguardUpdateMonitor( 3333): Intent.ACTION_BATTERY_CHANGED status : 5 ,plugged : 2 ,level : 100 ,temperature : 308
10-19 14:50:55.190 I/[SystemUI]LGPowerUI( 3333): onReceive = android.intent.action.BATTERY_CHANGED
10-19 14:50:55.190 I/[SystemUI]LGPowerUI( 3333): level = 100, plugType = 2, plugged = true, mCharging = false, temperature = 317
10-19 14:50:55.200 D/[SystemUI]LGBatteryMeterView( 3333): updateBatteryIcon: typeChanged=false, type=CHARGE, level=100
10-19 14:50:55.200 D/[SystemUI]LGBatteryMeterView( 3333): updateBatteryIcon: typeChanged=false, type=CHARGE, level=100
10-19 14:50:55.200 D/[SystemUI]LGBatteryMeterView( 3333): updateBatteryIcon: typeChanged=false, type=CHARGE, level=100
10-19 14:50:55.200 I/[SystemUI]BatterySaverHandler( 3333): onReceive = android.intent.action.BATTERY_CHANGED
10-19 14:50:55.200 D/WifiController( 1145): battery changed pluggedType: 2
10-19 14:50:55.200 D/LEDHandler( 3898): ACTION_BATTERY_CHANGED : plugged type=2
10-19 14:50:55.200 D/LEDHandler( 3898): Battery Level Remaining: 100%
10-19 14:50:55.200 D/LEDHandler( 3898): Battery Temp: 308, mChargingStatus=5, mChargingStop=false
10-19 14:50:55.220 D/libc-netbsd( 5360): [getaddrinfo]: hostname=xxxxx; servname=(null); cache_mode=(null), netid=0; mark=0
10-19 14:50:55.220 D/libc    ( 5360): getaddrinfo called from pid =5360
10-19 14:50:55.220 D/libc-netbsd( 5360): [getaddrinfo]: ai_addrlen=0; ai_canonname=xxxxx; ai_flags=4; ai_family=0
10-19 14:50:55.280 D/GpsLocationProvider( 1145): SV count: 26 ephemerisMask: 800 almanacMask: 31411972
10-19 14:50:55.280 D/GpsLocationProvider( 1145): sv: 5 snr: 1.7299999 elev: 45.0 azimuth: 260.0   AU
10-19 14:50:55.280 D/GpsLocationProvider( 1145): sv: 7 snr: 1.58 elev: 5.0 azimuth: 102.0   AU
10-19 14:50:55.280 D/GpsLocationProvider( 1145): sv: 12 snr: 1.7299999 elev: 14.0 azimuth: 260.0 E AU
10-19 14:50:55.280 D/GpsLocationProvider( 1145): sv: 2 snr: 0.0 elev: 64.0 azimuth: 330.0   A
10-19 14:50:55.280 D/GpsLocationProvider( 1145): sv: 6 snr: 0.0 elev: 59.0 azimuth: 77.0   A
10-19 14:50:55.280 D/GpsLocationProvider( 1145): sv: 9 snr: 0.0 elev: 37.0 azimuth: 54.0   A
10-19 14:50:55.280 D/GpsLocationProvider( 1145): sv: 13 snr: 0.0 elev: 8.0 azimuth: 191.0   A
10-19 14:50:55.290 D/GpsLocationProvider( 1145): sv: 17 snr: 0.0 elev: 16.0 azimuth: 158.0   A
10-19 14:50:55.290 D/GpsLocationProvider( 1145): sv: 23 snr: 0.0 elev: 5.0 azimuth: 36.0   A
10-19 14:50:55.290 D/GpsLocationProvider( 1145): sv: 25 snr: 0.0 elev: 9.0 azimuth: 296.0   A
10-19 14:50:55.290 D/GpsLocationProvider( 1145): sv: 29 snr: 0.0 elev: 1.0 azimuth: 323.0   A
10-19 14:50:55.290 D/GpsLocationProvider( 1145): sv: 30 snr: 0.0 elev: 0.0 azimuth: 0.0   A
10-19 14:50:55.290 D/GpsLocationProvider( 1145): sv: 70 snr: 1.26 elev: 34.0 azimuth: 233.0   A
10-19 14:50:55.290 D/GpsLocationProvider( 1145): sv: 69 snr: 0.0 elev: 74.0 azimuth: 340.0   AU
10-19 14:50:55.290 D/GpsLocationProvider( 1145): sv: 84 snr: 0.0 elev: 78.0 azimuth: 341.0    
10-19 14:50:55.290 D/GpsLocationProvider( 1145): sv: 83 snr: 0.0 elev: 40.0 azimuth: 142.0    
10-19 14:50:55.290 D/GpsLocationProvider( 1145): sv: 85 snr: 0.0 elev: 26.0 azimuth: 327.0    
10-19 14:50:55.290 D/GpsLocationProvider( 1145): sv: 68 snr: 0.0 elev: 26.0 azimuth: 33.0    
10-19 14:50:55.290 D/GpsLocationProvider( 1145): sv: 202 snr: 0.0 elev: 24.0 azimuth: 240.0    
10-19 14:50:55.290 D/GpsLocationProvider( 1145): sv: 203 snr: 0.0 elev: 41.0 azimuth: 205.0    
10-19 14:50:55.290 D/GpsLocationProvider( 1145): sv: 204 snr: 0.0 elev: 33.0 azimuth: 133.0 E AU
10-19 14:50:55.290 D/GpsLocationProvider( 1145): sv: 205 snr: 0.0 elev: 7.0 azimuth: 255.0   A
10-19 14:50:55.290 D/GpsLocationProvider( 1145): sv: 206 snr: 0.0 elev: 63.0 azimuth: 244.0    
10-19 14:50:55.290 D/GpsLocationProvider( 1145): sv: 208 snr: 0.0 elev: 67.0 azimuth: 167.0    
10-19 14:50:55.290 D/GpsLocationProvider( 1145): sv: 209 snr: 0.0 elev: 37.0 azimuth: 234.0   A
10-19 14:50:55.290 D/GpsLocationProvider( 1145): sv: 212 snr: 0.0 elev: 10.0 azimuth: 319.0    
10-19 14:50:55.870 D/[SystemUI]1( 3333): onSignalStrengthsChanged signalStrength=SignalStrength: 99 0 -120 -160 -120 -1 -1 31 -69 -7 234 2147483647 2147483647 2147483647 2147483647 gsm|lte 14 0 level=4
10-19 14:50:55.870 D/[SystemUI]NetworkController( 3333): updateTelephonySignalStrength: hasService=true ss=SignalStrength: 99 0 -120 -160 -120 -1 -1 31 -69 -7 234 2147483647 2147483647 2147483647 2147483647 gsm|lte 14 0
10-19 14:50:55.870 D/PhoneInterfaceManager( 4151): [PhoneIntfMgr] mSigLevel = 4
10-19 14:50:55.870 I/[SystemUI]NetworkController( 3333): onReceive: intent=Intent { act=android.intent.action.SIG_STR flg=0x20000010 (has extras) }
10-19 14:50:55.870 D/LGSubScriptionUtilsWrapper_MR1( 4151): getSubIdUsingSlotId() slotId:0 -> subId:1
10-19 14:50:55.960 I/b       ( 6655): Received API Token: AH0uPGHMmJdd4vV479VfEO3E2zEsqjp39ZiEwm7DIZBPpnRn9J5e3lN3bUtiH8rnv5N8Un8nO9RMJoZNde6FwKOdl9cXeVtzM7zHipZy9iwwIe693xjFOo-td0mZZp2vAK5udGspPODHwdnubSO4gvY_PGgiZRyWrJh3JGUFxAtPzvcGqWvXpHCrh_AdFrut9pxJC1DtU5d8 / Expires in: 432000000ms
10-19 14:50:55.960 I/e       ( 6655): Scheduling next attempt in 431700 seconds.
10-19 14:50:55.960 I/g       ( 6655): Saved auth token
10-19 14:50:56.020 D/[SystemUI]1( 3333): onDataActivity: direction=3
10-19 14:50:56.020 D/1       ( 3333): Change in state from: connected=true,enabled=true,level=4,inetCondition=1,iconGroup=IconGroup(Default),activityIn=false,activityOut=false,rssi=0,lastModified=10-19 02:50:55,dataSim=true,networkName=SKTelecom,dataConnected=true,inetForNetwork=1,isEmergency=false,airplaneMode=false,activity=0,isSimIcon=false,networkIcon=LTE,selectedSim=false,twoStage=false,voiceRatType=0,dataRatType=0,voiceLevel=0,dataLevel=0,hasVoiceService=false,hasDataService=false
10-19 14:50:56.020 D/1       ( 3333): 	to: connected=true,enabled=true,level=4,inetCondition=1,iconGroup=IconGroup(Default),activityIn=true,activityOut=true,rssi=0,lastModified=10-19 02:50:55,dataSim=true,networkName=SKTelecom,dataConnected=true,inetForNetwork=1,isEmergency=false,airplaneMode=false,activity=3,isSimIcon=false,networkIcon=LTE,selectedSim=false,twoStage=false,voiceRatType=0,dataRatType=0,voiceLevel=0,dataLevel=0,hasVoiceService=false,hasDataService=false
10-19 14:50:56.020 D/[SystemUI]NetworkController( 3333): updateTelephonySignalStrength: hasService=true ss=SignalStrength: 99 0 -120 -160 -120 -1 -1 31 -69 -7 234 2147483647 2147483647 2147483647 2147483647 gsm|lte 14 0
10-19 14:50:56.280 D/GpsLocationProvider( 1145): SV count: 26 ephemerisMask: 800 almanacMask: 31411972
10-19 14:50:56.280 D/GpsLocationProvider( 1145): sv: 5 snr: 1.7299999 elev: 45.0 azimuth: 260.0   AU
10-19 14:50:56.280 D/GpsLocationProvider( 1145): sv: 7 snr: 1.58 elev: 5.0 azimuth: 102.0   AU
10-19 14:50:56.280 D/GpsLocationProvider( 1145): sv: 12 snr: 1.7299999 elev: 14.0 azimuth: 260.0 E AU
10-19 14:50:56.280 D/GpsLocationProvider( 1145): sv: 2 snr: 0.0 elev: 64.0 azimuth: 330.0   A
10-19 14:50:56.280 D/GpsLocationProvider( 1145): sv: 6 snr: 0.0 elev: 59.0 azimuth: 77.0   A
10-19 14:50:56.280 D/GpsLocationProvider( 1145): sv: 9 snr: 0.0 elev: 37.0 azimuth: 54.0   A
10-19 14:50:56.280 D/GpsLocationProvider( 1145): sv: 13 snr: 0.0 elev: 8.0 azimuth: 191.0   A
10-19 14:50:56.280 D/GpsLocationProvider( 1145): sv: 17 snr: 0.0 elev: 16.0 azimuth: 158.0   A
10-19 14:50:56.280 D/GpsLocationProvider( 1145): sv: 23 snr: 0.0 elev: 5.0 azimuth: 36.0   A
10-19 14:50:56.280 D/GpsLocationProvider( 1145): sv: 25 snr: 0.0 elev: 9.0 azimuth: 296.0   A
10-19 14:50:56.280 D/GpsLocationProvider( 1145): sv: 29 snr: 0.0 elev: 1.0 azimuth: 323.0   A
10-19 14:50:56.280 D/GpsLocationProvider( 1145): sv: 30 snr: 0.0 elev: 0.0 azimuth: 0.0   A
10-19 14:50:56.280 D/GpsLocationProvider( 1145): sv: 70 snr: 1.26 elev: 34.0 azimuth: 233.0   A
10-19 14:50:56.280 D/GpsLocationProvider( 1145): sv: 69 snr: 0.0 elev: 74.0 azimuth: 340.0   AU
10-19 14:50:56.280 D/GpsLocationProvider( 1145): sv: 84 snr: 0.0 elev: 78.0 azimuth: 341.0    
10-19 14:50:56.280 D/GpsLocationProvider( 1145): sv: 83 snr: 0.0 elev: 40.0 azimuth: 142.0    
10-19 14:50:56.280 D/GpsLocationProvider( 1145): sv: 85 snr: 0.0 elev: 26.0 azimuth: 327.0    
10-19 14:50:56.280 D/GpsLocationProvider( 1145): sv: 68 snr: 0.0 elev: 26.0 azimuth: 33.0    
10-19 14:50:56.280 D/GpsLocationProvider( 1145): sv: 202 snr: 0.0 elev: 24.0 azimuth: 240.0    
10-19 14:50:56.280 D/GpsLocationProvider( 1145): sv: 203 snr: 0.0 elev: 41.0 azimuth: 205.0    
10-19 14:50:56.280 D/GpsLocationProvider( 1145): sv: 204 snr: 0.0 elev: 33.0 azimuth: 133.0 E AU
10-19 14:50:56.280 D/GpsLocationProvider( 1145): sv: 205 snr: 0.0 elev: 7.0 azimuth: 255.0   A
10-19 14:50:56.280 D/GpsLocationProvider( 1145): sv: 206 snr: 0.0 elev: 63.0 azimuth: 244.0    
10-19 14:50:56.280 D/GpsLocationProvider( 1145): sv: 208 snr: 0.0 elev: 67.0 azimuth: 167.0    
10-19 14:50:56.280 D/GpsLocationProvider( 1145): sv: 209 snr: 0.0 elev: 37.0 azimuth: 234.0   A
10-19 14:50:56.280 D/GpsLocationProvider( 1145): sv: 212 snr: 0.0 elev: 10.0 azimuth: 319.0    
10-19 14:50:56.660 D/PowerService( 3898): isACConnected: false, isFastChargerType: false, isCharging: false, isFastChargerConnected: false
10-19 14:50:56.670 D/KeyguardUpdateMonitor( 3333): Intent.ACTION_BATTERYEX_CHANGED EXTRA_CHARGING_CURRENT : 0 / EXTRA_HVDCP_TYPE : false
10-19 14:50:56.670 I/[SystemUI]LGPowerUI( 3333): onReceive = com.lge.android.intent.action.BATTERYEX
10-19 14:50:56.670 I/[SystemUI]LGPowerUI( 3333): levelEx = 100, plugTypeEx = 2, WirelessAlignment = 0, chargingCurrent = 0, orientation = PORTRAIT
10-19 14:50:56.670 I/[SystemUI]LGPowerUI( 3333): On Skip Timer : true
10-19 14:50:57.030 D/[SystemUI]1( 3333): onDataActivity: direction=0
10-19 14:50:57.030 D/1       ( 3333): Change in state from: connected=true,enabled=true,level=4,inetCondition=1,iconGroup=IconGroup(Default),activityIn=true,activityOut=true,rssi=0,lastModified=10-19 02:50:56,dataSim=true,networkName=SKTelecom,dataConnected=true,inetForNetwork=1,isEmergency=false,airplaneMode=false,activity=3,isSimIcon=false,networkIcon=LTE,selectedSim=false,twoStage=false,voiceRatType=0,dataRatType=0,voiceLevel=0,dataLevel=0,hasVoiceService=false,hasDataService=false
10-19 14:50:57.030 D/1       ( 3333): 	to: connected=true,enabled=true,level=4,inetCondition=1,iconGroup=IconGroup(Default),activityIn=false,activityOut=false,rssi=0,lastModified=10-19 02:50:56,dataSim=true,networkName=SKTelecom,dataConnected=true,inetForNetwork=1,isEmergency=false,airplaneMode=false,activity=0,isSimIcon=false,networkIcon=LTE,selectedSim=false,twoStage=false,voiceRatType=0,dataRatType=0,voiceLevel=0,dataLevel=0,hasVoiceService=false,hasDataService=false
10-19 14:50:57.030 D/[SystemUI]NetworkController( 3333): updateTelephonySignalStrength: hasService=true ss=SignalStrength: 99 0 -120 -160 -120 -1 -1 31 -69 -7 234 2147483647 2147483647 2147483647 2147483647 gsm|lte 14 0
10-19 14:50:57.280 D/GpsLocationProvider( 1145): SV count: 26 ephemerisMask: 800 almanacMask: 31411972
10-19 14:50:57.280 D/GpsLocationProvider( 1145): sv: 5 snr: 1.7299999 elev: 45.0 azimuth: 260.0   AU
10-19 14:50:57.280 D/GpsLocationProvider( 1145): sv: 7 snr: 1.58 elev: 5.0 azimuth: 102.0   AU
10-19 14:50:57.280 D/GpsLocationProvider( 1145): sv: 12 snr: 1.7299999 elev: 14.0 azimuth: 260.0 E AU
10-19 14:50:57.280 D/GpsLocationProvider( 1145): sv: 2 snr: 0.0 elev: 64.0 azimuth: 330.0   A
10-19 14:50:57.280 D/GpsLocationProvider( 1145): sv: 6 snr: 0.0 elev: 59.0 azimuth: 77.0   A
10-19 14:50:57.280 D/GpsLocationProvider( 1145): sv: 9 snr: 0.0 elev: 37.0 azimuth: 54.0   A
10-19 14:50:57.280 D/GpsLocationProvider( 1145): sv: 13 snr: 0.0 elev: 8.0 azimuth: 191.0   A
10-19 14:50:57.280 D/GpsLocationProvider( 1145): sv: 17 snr: 0.0 elev: 16.0 azimuth: 158.0   A
10-19 14:50:57.280 D/GpsLocationProvider( 1145): sv: 23 snr: 0.0 elev: 5.0 azimuth: 36.0   A
10-19 14:50:57.280 D/GpsLocationProvider( 1145): sv: 25 snr: 0.0 elev: 9.0 azimuth: 296.0   A
10-19 14:50:57.280 D/GpsLocationProvider( 1145): sv: 29 snr: 0.0 elev: 1.0 azimuth: 323.0   A
10-19 14:50:57.280 D/GpsLocationProvider( 1145): sv: 30 snr: 0.0 elev: 0.0 azimuth: 0.0   A
10-19 14:50:57.280 D/GpsLocationProvider( 1145): sv: 70 snr: 1.26 elev: 34.0 azimuth: 233.0   A
10-19 14:50:57.280 D/GpsLocationProvider( 1145): sv: 69 snr: 0.0 elev: 74.0 azimuth: 340.0   AU
10-19 14:50:57.280 D/GpsLocationProvider( 1145): sv: 84 snr: 0.0 elev: 78.0 azimuth: 341.0    
10-19 14:50:57.280 D/GpsLocationProvider( 1145): sv: 83 snr: 0.0 elev: 40.0 azimuth: 142.0    
10-19 14:50:57.280 D/GpsLocationProvider( 1145): sv: 85 snr: 0.0 elev: 26.0 azimuth: 327.0    
10-19 14:50:57.280 D/GpsLocationProvider( 1145): sv: 68 snr: 0.0 elev: 26.0 azimuth: 33.0    
10-19 14:50:57.280 D/GpsLocationProvider( 1145): sv: 202 snr: 0.0 elev: 24.0 azimuth: 240.0    
