10-19 14:50:13.290 D/GpsLocationProvider( 1145): sv: 203 snr: 0.0 elev: 41.0 azimuth: 205.0    
10-19 14:50:13.290 D/GpsLocationProvider( 1145): sv: 204 snr: 0.0 elev: 33.0 azimuth: 133.0 E AU
10-19 14:50:13.290 D/GpsLocationProvider( 1145): sv: 205 snr: 0.0 elev: 7.0 azimuth: 255.0   A
10-19 14:50:13.290 D/GpsLocationProvider( 1145): sv: 206 snr: 0.0 elev: 63.0 azimuth: 243.0    
10-19 14:50:13.290 D/GpsLocationProvider( 1145): sv: 208 snr: 0.0 elev: 68.0 azimuth: 167.0    
10-19 14:50:13.290 D/GpsLocationProvider( 1145): sv: 209 snr: 0.0 elev: 36.0 azimuth: 233.0   A
10-19 14:50:13.290 D/GpsLocationProvider( 1145): sv: 212 snr: 0.0 elev: 10.0 azimuth: 319.0    
10-19 14:50:14.290 D/GpsLocationProvider( 1145): SV count: 26 ephemerisMask: 800 almanacMask: 31411972
10-19 14:50:14.290 D/GpsLocationProvider( 1145): sv: 2 snr: 1.17 elev: 64.0 azimuth: 330.0   AU
10-19 14:50:14.290 D/GpsLocationProvider( 1145): sv: 5 snr: 1.54 elev: 45.0 azimuth: 260.0   AU
10-19 14:50:14.290 D/GpsLocationProvider( 1145): sv: 12 snr: 1.35 elev: 14.0 azimuth: 260.0 E AU
10-19 14:50:14.290 D/GpsLocationProvider( 1145): sv: 6 snr: 0.0 elev: 59.0 azimuth: 77.0   A
10-19 14:50:14.290 D/GpsLocationProvider( 1145): sv: 7 snr: 0.0 elev: 5.0 azimuth: 102.0   A
10-19 14:50:14.290 D/GpsLocationProvider( 1145): sv: 9 snr: 0.0 elev: 37.0 azimuth: 56.0   A
10-19 14:50:14.290 D/GpsLocationProvider( 1145): sv: 13 snr: 0.0 elev: 8.0 azimuth: 191.0   A
10-19 14:50:14.290 D/GpsLocationProvider( 1145): sv: 17 snr: 0.0 elev: 16.0 azimuth: 158.0   A
10-19 14:50:14.290 D/GpsLocationProvider( 1145): sv: 23 snr: 0.0 elev: 5.0 azimuth: 36.0   A
10-19 14:50:14.290 D/GpsLocationProvider( 1145): sv: 25 snr: 0.0 elev: 9.0 azimuth: 296.0   A
10-19 14:50:14.290 D/GpsLocationProvider( 1145): sv: 29 snr: 0.0 elev: 1.0 azimuth: 323.0   A
10-19 14:50:14.290 D/GpsLocationProvider( 1145): sv: 30 snr: 0.0 elev: 0.0 azimuth: 0.0   A
10-19 14:50:14.290 D/GpsLocationProvider( 1145): sv: 70 snr: 2.1100001 elev: 34.0 azimuth: 233.0   A
10-19 14:50:14.290 D/GpsLocationProvider( 1145): sv: 85 snr: 1.76 elev: 26.0 azimuth: 327.0    
10-19 14:50:14.290 D/GpsLocationProvider( 1145): sv: 69 snr: 0.0 elev: 74.0 azimuth: 340.0   AU
10-19 14:50:14.290 D/GpsLocationProvider( 1145): sv: 84 snr: 0.0 elev: 78.0 azimuth: 341.0    
10-19 14:50:14.290 D/GpsLocationProvider( 1145): sv: 83 snr: 0.0 elev: 40.0 azimuth: 142.0    
10-19 14:50:14.290 D/GpsLocationProvider( 1145): sv: 68 snr: 0.0 elev: 26.0 azimuth: 33.0    
10-19 14:50:14.290 D/GpsLocationProvider( 1145): sv: 202 snr: 0.0 elev: 24.0 azimuth: 240.0    
10-19 14:50:14.290 D/GpsLocationProvider( 1145): sv: 203 snr: 0.0 elev: 41.0 azimuth: 205.0    
10-19 14:50:14.290 D/GpsLocationProvider( 1145): sv: 204 snr: 0.0 elev: 33.0 azimuth: 133.0 E AU
10-19 14:50:14.290 D/GpsLocationProvider( 1145): sv: 205 snr: 0.0 elev: 7.0 azimuth: 255.0   A
10-19 14:50:14.290 D/GpsLocationProvider( 1145): sv: 206 snr: 0.0 elev: 63.0 azimuth: 243.0    
10-19 14:50:14.290 D/GpsLocationProvider( 1145): sv: 208 snr: 0.0 elev: 68.0 azimuth: 167.0    
10-19 14:50:14.290 D/GpsLocationProvider( 1145): sv: 209 snr: 0.0 elev: 36.0 azimuth: 233.0   A
10-19 14:50:14.290 D/GpsLocationProvider( 1145): sv: 212 snr: 0.0 elev: 10.0 azimuth: 319.0    
10-19 14:50:15.290 D/GpsLocationProvider( 1145): SV count: 26 ephemerisMask: 800 almanacMask: 31411972
10-19 14:50:15.290 D/GpsLocationProvider( 1145): sv: 2 snr: 1.17 elev: 64.0 azimuth: 330.0   AU
10-19 14:50:15.290 D/GpsLocationProvider( 1145): sv: 5 snr: 1.68 elev: 45.0 azimuth: 260.0   AU
10-19 14:50:15.290 D/GpsLocationProvider( 1145): sv: 12 snr: 1.35 elev: 14.0 azimuth: 260.0 E AU
10-19 14:50:15.290 D/GpsLocationProvider( 1145): sv: 6 snr: 0.0 elev: 59.0 azimuth: 77.0   A
10-19 14:50:15.290 D/GpsLocationProvider( 1145): sv: 7 snr: 0.0 elev: 5.0 azimuth: 102.0   A
10-19 14:50:15.290 D/GpsLocationProvider( 1145): sv: 9 snr: 0.0 elev: 37.0 azimuth: 56.0   A
10-19 14:50:15.290 D/GpsLocationProvider( 1145): sv: 13 snr: 0.0 elev: 8.0 azimuth: 191.0   A
10-19 14:50:15.290 D/GpsLocationProvider( 1145): sv: 17 snr: 0.0 elev: 16.0 azimuth: 158.0   A
10-19 14:50:15.290 D/GpsLocationProvider( 1145): sv: 23 snr: 0.0 elev: 5.0 azimuth: 36.0   A
10-19 14:50:15.290 D/GpsLocationProvider( 1145): sv: 25 snr: 0.0 elev: 9.0 azimuth: 296.0   A
10-19 14:50:15.290 D/GpsLocationProvider( 1145): sv: 29 snr: 0.0 elev: 1.0 azimuth: 323.0   A
10-19 14:50:15.290 D/GpsLocationProvider( 1145): sv: 30 snr: 0.0 elev: 0.0 azimuth: 0.0   A
10-19 14:50:15.290 D/GpsLocationProvider( 1145): sv: 70 snr: 2.24 elev: 34.0 azimuth: 233.0   A
10-19 14:50:15.290 D/GpsLocationProvider( 1145): sv: 85 snr: 1.8 elev: 26.0 azimuth: 327.0    
10-19 14:50:15.290 D/GpsLocationProvider( 1145): sv: 69 snr: 0.0 elev: 74.0 azimuth: 340.0   AU
10-19 14:50:15.290 D/GpsLocationProvider( 1145): sv: 84 snr: 0.0 elev: 78.0 azimuth: 341.0    
10-19 14:50:15.290 D/GpsLocationProvider( 1145): sv: 83 snr: 0.0 elev: 40.0 azimuth: 142.0    
10-19 14:50:15.290 D/GpsLocationProvider( 1145): sv: 68 snr: 0.0 elev: 26.0 azimuth: 33.0    
10-19 14:50:15.290 D/GpsLocationProvider( 1145): sv: 202 snr: 0.0 elev: 24.0 azimuth: 240.0    
10-19 14:50:15.290 D/GpsLocationProvider( 1145): sv: 203 snr: 0.0 elev: 41.0 azimuth: 205.0    
10-19 14:50:15.290 D/GpsLocationProvider( 1145): sv: 204 snr: 0.0 elev: 33.0 azimuth: 133.0 E AU
10-19 14:50:15.290 D/GpsLocationProvider( 1145): sv: 205 snr: 0.0 elev: 7.0 azimuth: 255.0   A
10-19 14:50:15.290 D/GpsLocationProvider( 1145): sv: 206 snr: 0.0 elev: 63.0 azimuth: 243.0    
10-19 14:50:15.290 D/GpsLocationProvider( 1145): sv: 208 snr: 0.0 elev: 68.0 azimuth: 167.0    
10-19 14:50:15.290 D/GpsLocationProvider( 1145): sv: 209 snr: 0.0 elev: 36.0 azimuth: 233.0   A
10-19 14:50:15.290 D/GpsLocationProvider( 1145): sv: 212 snr: 0.0 elev: 10.0 azimuth: 319.0    
10-19 14:50:16.280 D/GpsLocationProvider( 1145): SV count: 26 ephemerisMask: 800 almanacMask: 31411972
10-19 14:50:16.280 D/GpsLocationProvider( 1145): sv: 2 snr: 1.17 elev: 64.0 azimuth: 330.0   AU
10-19 14:50:16.280 D/GpsLocationProvider( 1145): sv: 5 snr: 1.68 elev: 45.0 azimuth: 260.0   AU
10-19 14:50:16.280 D/GpsLocationProvider( 1145): sv: 12 snr: 1.35 elev: 14.0 azimuth: 260.0 E AU
10-19 14:50:16.280 D/GpsLocationProvider( 1145): sv: 6 snr: 0.0 elev: 59.0 azimuth: 77.0   A
10-19 14:50:16.280 D/GpsLocationProvider( 1145): sv: 7 snr: 0.0 elev: 5.0 azimuth: 102.0   A
10-19 14:50:16.280 D/GpsLocationProvider( 1145): sv: 9 snr: 0.0 elev: 37.0 azimuth: 56.0   A
10-19 14:50:16.280 D/GpsLocationProvider( 1145): sv: 13 snr: 0.0 elev: 8.0 azimuth: 191.0   A
10-19 14:50:16.280 D/GpsLocationProvider( 1145): sv: 17 snr: 0.0 elev: 16.0 azimuth: 158.0   A
10-19 14:50:16.290 D/GpsLocationProvider( 1145): sv: 23 snr: 0.0 elev: 5.0 azimuth: 36.0   A
10-19 14:50:16.290 D/GpsLocationProvider( 1145): sv: 25 snr: 0.0 elev: 9.0 azimuth: 296.0   A
10-19 14:50:16.290 D/GpsLocationProvider( 1145): sv: 29 snr: 0.0 elev: 1.0 azimuth: 323.0   A
10-19 14:50:16.290 D/GpsLocationProvider( 1145): sv: 30 snr: 0.0 elev: 0.0 azimuth: 0.0   A
10-19 14:50:16.290 D/GpsLocationProvider( 1145): sv: 70 snr: 2.1200001 elev: 34.0 azimuth: 233.0   A
10-19 14:50:16.290 D/GpsLocationProvider( 1145): sv: 85 snr: 1.8 elev: 26.0 azimuth: 327.0    
10-19 14:50:16.290 D/GpsLocationProvider( 1145): sv: 69 snr: 0.0 elev: 74.0 azimuth: 340.0   AU
10-19 14:50:16.290 D/GpsLocationProvider( 1145): sv: 84 snr: 0.0 elev: 78.0 azimuth: 341.0    
10-19 14:50:16.290 D/GpsLocationProvider( 1145): sv: 83 snr: 0.0 elev: 40.0 azimuth: 142.0    
10-19 14:50:16.290 D/GpsLocationProvider( 1145): sv: 68 snr: 0.0 elev: 26.0 azimuth: 33.0    
10-19 14:50:16.290 D/GpsLocationProvider( 1145): sv: 202 snr: 0.0 elev: 24.0 azimuth: 240.0    
10-19 14:50:16.290 D/GpsLocationProvider( 1145): sv: 203 snr: 0.0 elev: 41.0 azimuth: 205.0    
10-19 14:50:16.290 D/GpsLocationProvider( 1145): sv: 204 snr: 0.0 elev: 33.0 azimuth: 133.0 E AU
10-19 14:50:16.290 D/GpsLocationProvider( 1145): sv: 205 snr: 0.0 elev: 7.0 azimuth: 255.0   A
10-19 14:50:16.290 D/GpsLocationProvider( 1145): sv: 206 snr: 0.0 elev: 63.0 azimuth: 243.0    
10-19 14:50:16.290 D/GpsLocationProvider( 1145): sv: 208 snr: 0.0 elev: 68.0 azimuth: 167.0    
10-19 14:50:16.290 D/GpsLocationProvider( 1145): sv: 209 snr: 0.0 elev: 36.0 azimuth: 233.0   A
10-19 14:50:16.290 D/GpsLocationProvider( 1145): sv: 212 snr: 0.0 elev: 10.0 azimuth: 319.0    
10-19 14:50:16.520 D/[SystemUI]1( 3333): onSignalStrengthsChanged signalStrength=SignalStrength: 99 0 -120 -160 -120 -1 -1 31 -67 -7 242 2147483647 2147483647 2147483647 2147483647 gsm|lte 14 0 level=4
10-19 14:50:16.520 D/[SystemUI]NetworkController( 3333): updateTelephonySignalStrength: hasService=true ss=SignalStrength: 99 0 -120 -160 -120 -1 -1 31 -67 -7 242 2147483647 2147483647 2147483647 2147483647 gsm|lte 14 0
10-19 14:50:16.520 D/PhoneInterfaceManager( 4151): [PhoneIntfMgr] mSigLevel = 4
10-19 14:50:16.520 I/[SystemUI]NetworkController( 3333): onReceive: intent=Intent { act=android.intent.action.SIG_STR flg=0x20000010 (has extras) }
10-19 14:50:16.520 D/LGSubScriptionUtilsWrapper_MR1( 4151): getSubIdUsingSlotId() slotId:0 -> subId:1
10-19 14:50:17.280 D/GpsLocationProvider( 1145): SV count: 26 ephemerisMask: 800 almanacMask: 31411972
10-19 14:50:17.280 D/GpsLocationProvider( 1145): sv: 2 snr: 1.17 elev: 64.0 azimuth: 330.0   AU
10-19 14:50:17.280 D/GpsLocationProvider( 1145): sv: 5 snr: 1.79 elev: 45.0 azimuth: 260.0   AU
10-19 14:50:17.280 D/GpsLocationProvider( 1145): sv: 12 snr: 1.35 elev: 14.0 azimuth: 260.0 E AU
10-19 14:50:17.280 D/GpsLocationProvider( 1145): sv: 6 snr: 0.0 elev: 59.0 azimuth: 77.0   A
10-19 14:50:17.280 D/GpsLocationProvider( 1145): sv: 7 snr: 0.0 elev: 5.0 azimuth: 102.0   A
10-19 14:50:17.280 D/GpsLocationProvider( 1145): sv: 9 snr: 0.0 elev: 37.0 azimuth: 56.0   A
10-19 14:50:17.280 D/GpsLocationProvider( 1145): sv: 13 snr: 0.0 elev: 8.0 azimuth: 191.0   A
10-19 14:50:17.280 D/GpsLocationProvider( 1145): sv: 17 snr: 0.0 elev: 16.0 azimuth: 158.0   A
10-19 14:50:17.280 D/GpsLocationProvider( 1145): sv: 23 snr: 0.0 elev: 5.0 azimuth: 36.0   A
10-19 14:50:17.280 D/GpsLocationProvider( 1145): sv: 25 snr: 0.0 elev: 9.0 azimuth: 296.0   A
10-19 14:50:17.290 D/GpsLocationProvider( 1145): sv: 29 snr: 0.0 elev: 1.0 azimuth: 323.0   A
10-19 14:50:17.290 D/GpsLocationProvider( 1145): sv: 30 snr: 0.0 elev: 0.0 azimuth: 0.0   A
10-19 14:50:17.290 D/GpsLocationProvider( 1145): sv: 70 snr: 2.27 elev: 34.0 azimuth: 233.0   A
10-19 14:50:17.290 D/GpsLocationProvider( 1145): sv: 85 snr: 1.89 elev: 26.0 azimuth: 327.0    
10-19 14:50:17.290 D/GpsLocationProvider( 1145): sv: 69 snr: 0.0 elev: 74.0 azimuth: 340.0   AU
10-19 14:50:17.290 D/GpsLocationProvider( 1145): sv: 84 snr: 0.0 elev: 78.0 azimuth: 341.0    
10-19 14:50:17.290 D/GpsLocationProvider( 1145): sv: 83 snr: 0.0 elev: 40.0 azimuth: 142.0    
10-19 14:50:17.290 D/GpsLocationProvider( 1145): sv: 68 snr: 0.0 elev: 26.0 azimuth: 33.0    
10-19 14:50:17.290 D/GpsLocationProvider( 1145): sv: 202 snr: 0.0 elev: 24.0 azimuth: 240.0    
10-19 14:50:17.290 D/GpsLocationProvider( 1145): sv: 203 snr: 0.0 elev: 41.0 azimuth: 205.0    
10-19 14:50:17.290 D/GpsLocationProvider( 1145): sv: 204 snr: 0.0 elev: 33.0 azimuth: 133.0 E AU
10-19 14:50:17.290 D/GpsLocationProvider( 1145): sv: 205 snr: 0.0 elev: 7.0 azimuth: 255.0   A
10-19 14:50:17.290 D/GpsLocationProvider( 1145): sv: 206 snr: 0.0 elev: 63.0 azimuth: 243.0    
10-19 14:50:17.290 D/GpsLocationProvider( 1145): sv: 208 snr: 0.0 elev: 68.0 azimuth: 167.0    
10-19 14:50:17.290 D/GpsLocationProvider( 1145): sv: 209 snr: 0.0 elev: 36.0 azimuth: 233.0   A
10-19 14:50:17.290 D/GpsLocationProvider( 1145): sv: 212 snr: 0.0 elev: 10.0 azimuth: 319.0    
10-19 14:50:18.280 D/GpsLocationProvider( 1145): SV count: 26 ephemerisMask: 800 almanacMask: 31411972
10-19 14:50:18.280 D/GpsLocationProvider( 1145): sv: 2 snr: 1.17 elev: 64.0 azimuth: 330.0   AU
10-19 14:50:18.280 D/GpsLocationProvider( 1145): sv: 5 snr: 1.79 elev: 45.0 azimuth: 260.0   AU
10-19 14:50:18.280 D/GpsLocationProvider( 1145): sv: 12 snr: 1.35 elev: 14.0 azimuth: 260.0 E AU
10-19 14:50:18.280 D/GpsLocationProvider( 1145): sv: 6 snr: 0.0 elev: 59.0 azimuth: 77.0   A
10-19 14:50:18.280 D/GpsLocationProvider( 1145): sv: 7 snr: 0.0 elev: 5.0 azimuth: 102.0   A
10-19 14:50:18.280 D/GpsLocationProvider( 1145): sv: 9 snr: 0.0 elev: 37.0 azimuth: 56.0   A
10-19 14:50:18.280 D/GpsLocationProvider( 1145): sv: 13 snr: 0.0 elev: 8.0 azimuth: 191.0   A
10-19 14:50:18.280 D/GpsLocationProvider( 1145): sv: 17 snr: 0.0 elev: 16.0 azimuth: 158.0   A
10-19 14:50:18.280 D/GpsLocationProvider( 1145): sv: 23 snr: 0.0 elev: 5.0 azimuth: 36.0   A
10-19 14:50:18.280 D/GpsLocationProvider( 1145): sv: 25 snr: 0.0 elev: 9.0 azimuth: 296.0   A
10-19 14:50:18.280 D/GpsLocationProvider( 1145): sv: 29 snr: 0.0 elev: 1.0 azimuth: 323.0   A
10-19 14:50:18.280 D/GpsLocationProvider( 1145): sv: 30 snr: 0.0 elev: 0.0 azimuth: 0.0   A
10-19 14:50:18.280 D/GpsLocationProvider( 1145): sv: 70 snr: 2.34 elev: 34.0 azimuth: 233.0   A
10-19 14:50:18.280 D/GpsLocationProvider( 1145): sv: 85 snr: 1.89 elev: 26.0 azimuth: 327.0    
10-19 14:50:18.290 D/GpsLocationProvider( 1145): sv: 69 snr: 0.0 elev: 74.0 azimuth: 340.0   AU
10-19 14:50:18.290 D/GpsLocationProvider( 1145): sv: 84 snr: 0.0 elev: 78.0 azimuth: 341.0    
10-19 14:50:18.290 D/GpsLocationProvider( 1145): sv: 83 snr: 0.0 elev: 40.0 azimuth: 142.0    
10-19 14:50:18.290 D/GpsLocationProvider( 1145): sv: 68 snr: 0.0 elev: 26.0 azimuth: 33.0    
10-19 14:50:18.290 D/GpsLocationProvider( 1145): sv: 202 snr: 0.0 elev: 24.0 azimuth: 240.0    
10-19 14:50:18.290 D/GpsLocationProvider( 1145): sv: 203 snr: 0.0 elev: 41.0 azimuth: 205.0    
10-19 14:50:18.290 D/GpsLocationProvider( 1145): sv: 204 snr: 0.0 elev: 33.0 azimuth: 133.0 E AU
10-19 14:50:18.290 D/GpsLocationProvider( 1145): sv: 205 snr: 0.0 elev: 7.0 azimuth: 255.0   A
10-19 14:50:18.290 D/GpsLocationProvider( 1145): sv: 206 snr: 0.0 elev: 63.0 azimuth: 243.0    
10-19 14:50:18.290 D/GpsLocationProvider( 1145): sv: 208 snr: 0.0 elev: 68.0 azimuth: 167.0    
10-19 14:50:18.290 D/GpsLocationProvider( 1145): sv: 209 snr: 0.0 elev: 36.0 azimuth: 233.0   A
10-19 14:50:18.290 D/GpsLocationProvider( 1145): sv: 212 snr: 0.0 elev: 10.0 azimuth: 319.0    
10-19 14:50:19.290 D/GpsLocationProvider( 1145): SV count: 26 ephemerisMask: 800 almanacMask: 31411972
10-19 14:50:19.290 D/GpsLocationProvider( 1145): sv: 2 snr: 1.17 elev: 64.0 azimuth: 330.0   AU
10-19 14:50:19.290 D/GpsLocationProvider( 1145): sv: 5 snr: 1.79 elev: 45.0 azimuth: 260.0   AU
10-19 14:50:19.290 D/GpsLocationProvider( 1145): sv: 6 snr: 0.0 elev: 59.0 azimuth: 77.0   A
10-19 14:50:19.290 D/GpsLocationProvider( 1145): sv: 7 snr: 0.0 elev: 5.0 azimuth: 102.0   A
10-19 14:50:19.290 D/GpsLocationProvider( 1145): sv: 9 snr: 0.0 elev: 37.0 azimuth: 56.0   A
10-19 14:50:19.290 D/GpsLocationProvider( 1145): sv: 12 snr: 0.0 elev: 14.0 azimuth: 260.0 E A
10-19 14:50:19.290 D/GpsLocationProvider( 1145): sv: 13 snr: 0.0 elev: 8.0 azimuth: 191.0   A
10-19 14:50:19.290 D/GpsLocationProvider( 1145): sv: 17 snr: 0.0 elev: 16.0 azimuth: 158.0   A
10-19 14:50:19.290 D/GpsLocationProvider( 1145): sv: 23 snr: 0.0 elev: 5.0 azimuth: 36.0   A
10-19 14:50:19.290 D/GpsLocationProvider( 1145): sv: 25 snr: 0.0 elev: 9.0 azimuth: 296.0   A
10-19 14:50:19.290 D/GpsLocationProvider( 1145): sv: 29 snr: 0.0 elev: 1.0 azimuth: 323.0   A
10-19 14:50:19.290 D/GpsLocationProvider( 1145): sv: 30 snr: 0.0 elev: 0.0 azimuth: 0.0   A
10-19 14:50:19.290 D/GpsLocationProvider( 1145): sv: 70 snr: 2.4299998 elev: 34.0 azimuth: 233.0   A
10-19 14:50:19.290 D/GpsLocationProvider( 1145): sv: 85 snr: 1.89 elev: 26.0 azimuth: 327.0    
10-19 14:50:19.290 D/GpsLocationProvider( 1145): sv: 69 snr: 0.0 elev: 74.0 azimuth: 340.0   AU
10-19 14:50:19.290 D/GpsLocationProvider( 1145): sv: 84 snr: 0.0 elev: 78.0 azimuth: 341.0    
10-19 14:50:19.290 D/GpsLocationProvider( 1145): sv: 83 snr: 0.0 elev: 40.0 azimuth: 142.0    
10-19 14:50:19.290 D/GpsLocationProvider( 1145): sv: 68 snr: 0.0 elev: 26.0 azimuth: 33.0    
10-19 14:50:19.290 D/GpsLocationProvider( 1145): sv: 202 snr: 0.0 elev: 24.0 azimuth: 240.0    
10-19 14:50:19.290 D/GpsLocationProvider( 1145): sv: 203 snr: 0.0 elev: 41.0 azimuth: 205.0    
10-19 14:50:19.290 D/GpsLocationProvider( 1145): sv: 204 snr: 0.0 elev: 33.0 azimuth: 133.0 E A
10-19 14:50:19.290 D/GpsLocationProvider( 1145): sv: 205 snr: 0.0 elev: 7.0 azimuth: 255.0   A
10-19 14:50:19.290 D/GpsLocationProvider( 1145): sv: 206 snr: 0.0 elev: 63.0 azimuth: 243.0    
10-19 14:50:19.290 D/GpsLocationProvider( 1145): sv: 208 snr: 0.0 elev: 68.0 azimuth: 167.0    
10-19 14:50:19.290 D/GpsLocationProvider( 1145): sv: 209 snr: 0.0 elev: 36.0 azimuth: 233.0   A
10-19 14:50:19.290 D/GpsLocationProvider( 1145): sv: 212 snr: 0.0 elev: 10.0 azimuth: 319.0    
10-19 14:50:20.290 D/GpsLocationProvider( 1145): SV count: 26 ephemerisMask: 800 almanacMask: 31411972
10-19 14:50:20.290 D/GpsLocationProvider( 1145): sv: 2 snr: 1.17 elev: 64.0 azimuth: 330.0   AU
10-19 14:50:20.290 D/GpsLocationProvider( 1145): sv: 5 snr: 1.79 elev: 45.0 azimuth: 260.0   AU
10-19 14:50:20.290 D/GpsLocationProvider( 1145): sv: 6 snr: 0.0 elev: 59.0 azimuth: 77.0   A
10-19 14:50:20.290 D/GpsLocationProvider( 1145): sv: 7 snr: 0.0 elev: 5.0 azimuth: 102.0   A
10-19 14:50:20.290 D/GpsLocationProvider( 1145): sv: 9 snr: 0.0 elev: 37.0 azimuth: 54.0   A
10-19 14:50:20.290 D/GpsLocationProvider( 1145): sv: 12 snr: 0.0 elev: 14.0 azimuth: 260.0 E A
10-19 14:50:20.290 D/GpsLocationProvider( 1145): sv: 13 snr: 0.0 elev: 8.0 azimuth: 191.0   A
10-19 14:50:20.290 D/GpsLocationProvider( 1145): sv: 17 snr: 0.0 elev: 16.0 azimuth: 158.0   A
10-19 14:50:20.290 D/GpsLocationProvider( 1145): sv: 23 snr: 0.0 elev: 5.0 azimuth: 36.0   A
10-19 14:50:20.290 D/GpsLocationProvider( 1145): sv: 25 snr: 0.0 elev: 9.0 azimuth: 296.0   A
10-19 14:50:20.290 D/GpsLocationProvider( 1145): sv: 29 snr: 0.0 elev: 1.0 azimuth: 323.0   A
10-19 14:50:20.290 D/GpsLocationProvider( 1145): sv: 30 snr: 0.0 elev: 0.0 azimuth: 0.0   A
10-19 14:50:20.290 D/GpsLocationProvider( 1145): sv: 70 snr: 2.33 elev: 34.0 azimuth: 233.0   A
10-19 14:50:20.290 D/GpsLocationProvider( 1145): sv: 85 snr: 1.6700001 elev: 26.0 azimuth: 327.0    
10-19 14:50:20.290 D/GpsLocationProvider( 1145): sv: 69 snr: 0.0 elev: 74.0 azimuth: 340.0   AU
10-19 14:50:20.290 D/GpsLocationProvider( 1145): sv: 84 snr: 0.0 elev: 78.0 azimuth: 341.0    
10-19 14:50:20.290 D/GpsLocationProvider( 1145): sv: 83 snr: 0.0 elev: 40.0 azimuth: 142.0    
10-19 14:50:20.290 D/GpsLocationProvider( 1145): sv: 68 snr: 0.0 elev: 26.0 azimuth: 33.0    
10-19 14:50:20.290 D/GpsLocationProvider( 1145): sv: 202 snr: 0.0 elev: 24.0 azimuth: 240.0    
10-19 14:50:20.290 D/GpsLocationProvider( 1145): sv: 203 snr: 0.0 elev: 41.0 azimuth: 205.0    
10-19 14:50:20.290 D/GpsLocationProvider( 1145): sv: 204 snr: 0.0 elev: 33.0 azimuth: 133.0 E A
10-19 14:50:20.290 D/GpsLocationProvider( 1145): sv: 205 snr: 0.0 elev: 7.0 azimuth: 255.0   A
10-19 14:50:20.290 D/GpsLocationProvider( 1145): sv: 206 snr: 0.0 elev: 63.0 azimuth: 244.0    
10-19 14:50:20.290 D/GpsLocationProvider( 1145): sv: 208 snr: 0.0 elev: 67.0 azimuth: 167.0    
10-19 14:50:20.290 D/GpsLocationProvider( 1145): sv: 209 snr: 0.0 elev: 37.0 azimuth: 234.0   A
10-19 14:50:20.290 D/GpsLocationProvider( 1145): sv: 212 snr: 0.0 elev: 10.0 azimuth: 319.0    
10-19 14:50:21.280 D/GpsLocationProvider( 1145): SV count: 26 ephemerisMask: 800 almanacMask: 31411972
10-19 14:50:21.280 D/GpsLocationProvider( 1145): sv: 2 snr: 1.17 elev: 64.0 azimuth: 330.0   AU
10-19 14:50:21.280 D/GpsLocationProvider( 1145): sv: 5 snr: 1.79 elev: 45.0 azimuth: 260.0   AU
10-19 14:50:21.280 D/GpsLocationProvider( 1145): sv: 6 snr: 0.0 elev: 59.0 azimuth: 77.0   A
10-19 14:50:21.280 D/GpsLocationProvider( 1145): sv: 7 snr: 0.0 elev: 5.0 azimuth: 102.0   A
10-19 14:50:21.280 D/GpsLocationProvider( 1145): sv: 9 snr: 0.0 elev: 37.0 azimuth: 54.0   A
10-19 14:50:21.280 D/GpsLocationProvider( 1145): sv: 12 snr: 0.0 elev: 14.0 azimuth: 260.0 E A
10-19 14:50:21.280 D/GpsLocationProvider( 1145): sv: 13 snr: 0.0 elev: 8.0 azimuth: 191.0   A
10-19 14:50:21.280 D/GpsLocationProvider( 1145): sv: 17 snr: 0.0 elev: 16.0 azimuth: 158.0   A
10-19 14:50:21.280 D/GpsLocationProvider( 1145): sv: 23 snr: 0.0 elev: 5.0 azimuth: 36.0   A
10-19 14:50:21.280 D/GpsLocationProvider( 1145): sv: 25 snr: 0.0 elev: 9.0 azimuth: 296.0   A
10-19 14:50:21.280 D/GpsLocationProvider( 1145): sv: 29 snr: 0.0 elev: 1.0 azimuth: 323.0   A
10-19 14:50:21.280 D/GpsLocationProvider( 1145): sv: 30 snr: 0.0 elev: 0.0 azimuth: 0.0   A
10-19 14:50:21.280 D/GpsLocationProvider( 1145): sv: 70 snr: 2.33 elev: 34.0 azimuth: 233.0   A
10-19 14:50:21.280 D/GpsLocationProvider( 1145): sv: 85 snr: 1.6700001 elev: 26.0 azimuth: 327.0    
10-19 14:50:21.280 D/GpsLocationProvider( 1145): sv: 69 snr: 0.0 elev: 74.0 azimuth: 340.0   AU
10-19 14:50:21.280 D/GpsLocationProvider( 1145): sv: 84 snr: 0.0 elev: 78.0 azimuth: 341.0    
10-19 14:50:21.280 D/GpsLocationProvider( 1145): sv: 83 snr: 0.0 elev: 40.0 azimuth: 142.0    
10-19 14:50:21.280 D/GpsLocationProvider( 1145): sv: 68 snr: 0.0 elev: 26.0 azimuth: 33.0    
10-19 14:50:21.280 D/GpsLocationProvider( 1145): sv: 202 snr: 0.0 elev: 24.0 azimuth: 240.0    
10-19 14:50:21.280 D/GpsLocationProvider( 1145): sv: 203 snr: 0.0 elev: 41.0 azimuth: 205.0    
10-19 14:50:21.280 D/GpsLocationProvider( 1145): sv: 204 snr: 0.0 elev: 33.0 azimuth: 133.0 E A
10-19 14:50:21.280 D/GpsLocationProvider( 1145): sv: 205 snr: 0.0 elev: 7.0 azimuth: 255.0   A
10-19 14:50:21.280 D/GpsLocationProvider( 1145): sv: 206 snr: 0.0 elev: 63.0 azimuth: 244.0    
10-19 14:50:21.280 D/GpsLocationProvider( 1145): sv: 208 snr: 0.0 elev: 67.0 azimuth: 167.0    
10-19 14:50:21.280 D/GpsLocationProvider( 1145): sv: 209 snr: 0.0 elev: 37.0 azimuth: 234.0   A
10-19 14:50:21.290 D/GpsLocationProvider( 1145): sv: 212 snr: 0.0 elev: 10.0 azimuth: 319.0    
10-19 14:50:22.280 D/GpsLocationProvider( 1145): SV count: 26 ephemerisMask: 800 almanacMask: 31411972
10-19 14:50:22.280 D/GpsLocationProvider( 1145): sv: 2 snr: 1.17 elev: 64.0 azimuth: 330.0   AU
10-19 14:50:22.280 D/GpsLocationProvider( 1145): sv: 5 snr: 1.79 elev: 45.0 azimuth: 260.0   AU
10-19 14:50:22.280 D/GpsLocationProvider( 1145): sv: 6 snr: 0.0 elev: 59.0 azimuth: 77.0   A
10-19 14:50:22.280 D/GpsLocationProvider( 1145): sv: 7 snr: 0.0 elev: 5.0 azimuth: 102.0   A
10-19 14:50:22.280 D/GpsLocationProvider( 1145): sv: 9 snr: 0.0 elev: 37.0 azimuth: 54.0   A
10-19 14:50:22.280 D/GpsLocationProvider( 1145): sv: 12 snr: 0.0 elev: 14.0 azimuth: 260.0 E A
10-19 14:50:22.280 D/GpsLocationProvider( 1145): sv: 13 snr: 0.0 elev: 8.0 azimuth: 191.0   A
10-19 14:50:22.280 D/GpsLocationProvider( 1145): sv: 17 snr: 0.0 elev: 16.0 azimuth: 158.0   A
10-19 14:50:22.280 D/GpsLocationProvider( 1145): sv: 23 snr: 0.0 elev: 5.0 azimuth: 36.0   A
10-19 14:50:22.280 D/GpsLocationProvider( 1145): sv: 25 snr: 0.0 elev: 9.0 azimuth: 296.0   A
10-19 14:50:22.280 D/GpsLocationProvider( 1145): sv: 29 snr: 0.0 elev: 1.0 azimuth: 323.0   A
10-19 14:50:22.290 D/GpsLocationProvider( 1145): sv: 30 snr: 0.0 elev: 0.0 azimuth: 0.0   A
10-19 14:50:22.290 D/GpsLocationProvider( 1145): sv: 70 snr: 2.24 elev: 34.0 azimuth: 233.0   A
10-19 14:50:22.290 D/GpsLocationProvider( 1145): sv: 85 snr: 1.68 elev: 26.0 azimuth: 327.0    
10-19 14:50:22.290 D/GpsLocationProvider( 1145): sv: 69 snr: 0.0 elev: 74.0 azimuth: 340.0   AU
10-19 14:50:22.290 D/GpsLocationProvider( 1145): sv: 84 snr: 0.0 elev: 78.0 azimuth: 341.0    
10-19 14:50:22.290 D/GpsLocationProvider( 1145): sv: 83 snr: 0.0 elev: 40.0 azimuth: 142.0    
10-19 14:50:22.290 D/GpsLocationProvider( 1145): sv: 68 snr: 0.0 elev: 26.0 azimuth: 33.0    
10-19 14:50:22.290 D/GpsLocationProvider( 1145): sv: 202 snr: 0.0 elev: 24.0 azimuth: 240.0    
10-19 14:50:22.290 D/GpsLocationProvider( 1145): sv: 203 snr: 0.0 elev: 41.0 azimuth: 205.0    
10-19 14:50:22.290 D/GpsLocationProvider( 1145): sv: 204 snr: 0.0 elev: 33.0 azimuth: 133.0 E A
10-19 14:50:22.290 D/GpsLocationProvider( 1145): sv: 205 snr: 0.0 elev: 7.0 azimuth: 255.0   A
10-19 14:50:22.290 D/GpsLocationProvider( 1145): sv: 206 snr: 0.0 elev: 63.0 azimuth: 244.0    
10-19 14:50:22.290 D/GpsLocationProvider( 1145): sv: 208 snr: 0.0 elev: 67.0 azimuth: 167.0    
10-19 14:50:22.290 D/GpsLocationProvider( 1145): sv: 209 snr: 0.0 elev: 37.0 azimuth: 234.0   A
10-19 14:50:22.290 D/GpsLocationProvider( 1145): sv: 212 snr: 0.0 elev: 10.0 azimuth: 319.0    
10-19 14:50:23.280 D/GpsLocationProvider( 1145): SV count: 26 ephemerisMask: 800 almanacMask: 31411972
10-19 14:50:23.280 D/GpsLocationProvider( 1145): sv: 2 snr: 1.17 elev: 64.0 azimuth: 330.0   AU
10-19 14:50:23.280 D/GpsLocationProvider( 1145): sv: 5 snr: 1.79 elev: 45.0 azimuth: 260.0   AU
10-19 14:50:23.280 D/GpsLocationProvider( 1145): sv: 6 snr: 0.0 elev: 59.0 azimuth: 77.0   A
10-19 14:50:23.280 D/GpsLocationProvider( 1145): sv: 7 snr: 0.0 elev: 5.0 azimuth: 102.0   A
10-19 14:50:23.280 D/GpsLocationProvider( 1145): sv: 9 snr: 0.0 elev: 37.0 azimuth: 54.0   A
10-19 14:50:23.280 D/GpsLocationProvider( 1145): sv: 12 snr: 0.0 elev: 14.0 azimuth: 260.0 E A
10-19 14:50:23.280 D/GpsLocationProvider( 1145): sv: 13 snr: 0.0 elev: 8.0 azimuth: 191.0   A
10-19 14:50:23.280 D/GpsLocationProvider( 1145): sv: 17 snr: 0.0 elev: 16.0 azimuth: 158.0   A
10-19 14:50:23.280 D/GpsLocationProvider( 1145): sv: 23 snr: 0.0 elev: 5.0 azimuth: 36.0   A
10-19 14:50:23.280 D/GpsLocationProvider( 1145): sv: 25 snr: 0.0 elev: 9.0 azimuth: 296.0   A
10-19 14:50:23.290 D/GpsLocationProvider( 1145): sv: 29 snr: 0.0 elev: 1.0 azimuth: 323.0   A
10-19 14:50:23.290 D/GpsLocationProvider( 1145): sv: 30 snr: 0.0 elev: 0.0 azimuth: 0.0   A
10-19 14:50:23.290 D/GpsLocationProvider( 1145): sv: 70 snr: 2.2 elev: 34.0 azimuth: 233.0   A
10-19 14:50:23.290 D/GpsLocationProvider( 1145): sv: 85 snr: 1.79 elev: 26.0 azimuth: 327.0    
10-19 14:50:23.290 D/GpsLocationProvider( 1145): sv: 69 snr: 0.0 elev: 74.0 azimuth: 340.0   AU
10-19 14:50:23.290 D/GpsLocationProvider( 1145): sv: 84 snr: 0.0 elev: 78.0 azimuth: 341.0    
10-19 14:50:23.290 D/GpsLocationProvider( 1145): sv: 83 snr: 0.0 elev: 40.0 azimuth: 142.0    
10-19 14:50:23.290 D/GpsLocationProvider( 1145): sv: 68 snr: 0.0 elev: 26.0 azimuth: 33.0    
10-19 14:50:23.290 D/GpsLocationProvider( 1145): sv: 202 snr: 0.0 elev: 24.0 azimuth: 240.0    
10-19 14:50:23.290 D/GpsLocationProvider( 1145): sv: 203 snr: 0.0 elev: 41.0 azimuth: 205.0    
10-19 14:50:23.290 D/GpsLocationProvider( 1145): sv: 204 snr: 0.0 elev: 33.0 azimuth: 133.0 E A
10-19 14:50:23.290 D/GpsLocationProvider( 1145): sv: 205 snr: 0.0 elev: 7.0 azimuth: 255.0   A
10-19 14:50:23.290 D/GpsLocationProvider( 1145): sv: 206 snr: 0.0 elev: 63.0 azimuth: 244.0    
10-19 14:50:23.290 D/GpsLocationProvider( 1145): sv: 208 snr: 0.0 elev: 67.0 azimuth: 167.0    
10-19 14:50:23.290 D/GpsLocationProvider( 1145): sv: 209 snr: 0.0 elev: 37.0 azimuth: 234.0   A
10-19 14:50:23.290 D/GpsLocationProvider( 1145): sv: 212 snr: 0.0 elev: 10.0 azimuth: 319.0    
10-19 14:50:24.290 D/GpsLocationProvider( 1145): SV count: 26 ephemerisMask: 800 almanacMask: 31411972
10-19 14:50:24.290 D/GpsLocationProvider( 1145): sv: 2 snr: 1.17 elev: 64.0 azimuth: 330.0   AU
10-19 14:50:24.290 D/GpsLocationProvider( 1145): sv: 5 snr: 1.79 elev: 45.0 azimuth: 260.0   AU
10-19 14:50:24.290 D/GpsLocationProvider( 1145): sv: 6 snr: 0.0 elev: 59.0 azimuth: 77.0   A
10-19 14:50:24.290 D/GpsLocationProvider( 1145): sv: 7 snr: 0.0 elev: 5.0 azimuth: 102.0   A
10-19 14:50:24.290 D/GpsLocationProvider( 1145): sv: 9 snr: 0.0 elev: 37.0 azimuth: 54.0   A
10-19 14:50:24.290 D/GpsLocationProvider( 1145): sv: 12 snr: 0.0 elev: 14.0 azimuth: 260.0 E A
10-19 14:50:24.290 D/GpsLocationProvider( 1145): sv: 13 snr: 0.0 elev: 8.0 azimuth: 191.0   A
10-19 14:50:24.290 D/GpsLocationProvider( 1145): sv: 17 snr: 0.0 elev: 16.0 azimuth: 158.0   A
10-19 14:50:24.290 D/GpsLocationProvider( 1145): sv: 23 snr: 0.0 elev: 5.0 azimuth: 36.0   A
10-19 14:50:24.290 D/GpsLocationProvider( 1145): sv: 25 snr: 0.0 elev: 9.0 azimuth: 296.0   A
10-19 14:50:24.290 D/GpsLocationProvider( 1145): sv: 29 snr: 0.0 elev: 1.0 azimuth: 323.0   A
10-19 14:50:24.290 D/GpsLocationProvider( 1145): sv: 30 snr: 0.0 elev: 0.0 azimuth: 0.0   A
10-19 14:50:24.290 D/GpsLocationProvider( 1145): sv: 70 snr: 2.23 elev: 34.0 azimuth: 233.0   A
10-19 14:50:24.290 D/GpsLocationProvider( 1145): sv: 85 snr: 1.79 elev: 26.0 azimuth: 327.0    
10-19 14:50:24.290 D/GpsLocationProvider( 1145): sv: 69 snr: 0.0 elev: 74.0 azimuth: 340.0   AU
10-19 14:50:24.290 D/GpsLocationProvider( 1145): sv: 84 snr: 0.0 elev: 78.0 azimuth: 341.0    
10-19 14:50:24.290 D/GpsLocationProvider( 1145): sv: 83 snr: 0.0 elev: 40.0 azimuth: 142.0    
10-19 14:50:24.290 D/GpsLocationProvider( 1145): sv: 68 snr: 0.0 elev: 26.0 azimuth: 33.0    
10-19 14:50:24.290 D/GpsLocationProvider( 1145): sv: 202 snr: 0.0 elev: 24.0 azimuth: 240.0    
10-19 14:50:24.290 D/GpsLocationProvider( 1145): sv: 203 snr: 0.0 elev: 41.0 azimuth: 205.0    
10-19 14:50:24.290 D/GpsLocationProvider( 1145): sv: 204 snr: 0.0 elev: 33.0 azimuth: 133.0 E A
10-19 14:50:24.290 D/GpsLocationProvider( 1145): sv: 205 snr: 0.0 elev: 7.0 azimuth: 255.0   A
10-19 14:50:24.290 D/GpsLocationProvider( 1145): sv: 206 snr: 0.0 elev: 63.0 azimuth: 244.0    
10-19 14:50:24.290 D/GpsLocationProvider( 1145): sv: 208 snr: 0.0 elev: 67.0 azimuth: 167.0    
10-19 14:50:24.290 D/GpsLocationProvider( 1145): sv: 209 snr: 0.0 elev: 37.0 azimuth: 234.0   A
10-19 14:50:24.290 D/GpsLocationProvider( 1145): sv: 212 snr: 0.0 elev: 10.0 azimuth: 319.0    
10-19 14:50:25.030 D/sensors_hal_Time( 1145): time_service_sensor1_cb: msg_type 2
10-19 14:50:25.030 D/sensors_hal_Time( 1145): time_service_sensor1_cb: Sn 24, msg Id 3, txn Id 0
10-19 14:50:25.030 D/sensors_hal_Time( 1145): tsOffsetIs: Apps: 431040321628955; DSPS: 1239571521; Offset : 393211600896772
10-19 14:50:25.290 D/GpsLocationProvider( 1145): SV count: 26 ephemerisMask: 800 almanacMask: 31411972
10-19 14:50:25.290 D/GpsLocationProvider( 1145): sv: 2 snr: 1.17 elev: 64.0 azimuth: 330.0   AU
10-19 14:50:25.290 D/GpsLocationProvider( 1145): sv: 5 snr: 1.79 elev: 45.0 azimuth: 260.0   AU
10-19 14:50:25.290 D/GpsLocationProvider( 1145): sv: 6 snr: 0.0 elev: 59.0 azimuth: 77.0   A
10-19 14:50:25.290 D/GpsLocationProvider( 1145): sv: 7 snr: 0.0 elev: 5.0 azimuth: 102.0   A
10-19 14:50:25.290 D/GpsLocationProvider( 1145): sv: 9 snr: 0.0 elev: 37.0 azimuth: 54.0   A
10-19 14:50:25.290 D/GpsLocationProvider( 1145): sv: 12 snr: 0.0 elev: 14.0 azimuth: 260.0 E A
10-19 14:50:25.290 D/GpsLocationProvider( 1145): sv: 13 snr: 0.0 elev: 8.0 azimuth: 191.0   A
10-19 14:50:25.290 D/GpsLocationProvider( 1145): sv: 17 snr: 0.0 elev: 16.0 azimuth: 158.0   A
10-19 14:50:25.290 D/GpsLocationProvider( 1145): sv: 23 snr: 0.0 elev: 5.0 azimuth: 36.0   A
10-19 14:50:25.290 D/GpsLocationProvider( 1145): sv: 25 snr: 0.0 elev: 9.0 azimuth: 296.0   A
10-19 14:50:25.290 D/GpsLocationProvider( 1145): sv: 29 snr: 0.0 elev: 1.0 azimuth: 323.0   A
10-19 14:50:25.290 D/GpsLocationProvider( 1145): sv: 30 snr: 0.0 elev: 0.0 azimuth: 0.0   A
10-19 14:50:25.290 D/GpsLocationProvider( 1145): sv: 70 snr: 2.3200002 elev: 34.0 azimuth: 233.0   A
10-19 14:50:25.290 D/GpsLocationProvider( 1145): sv: 85 snr: 1.71 elev: 26.0 azimuth: 327.0    
10-19 14:50:25.290 D/GpsLocationProvider( 1145): sv: 69 snr: 0.0 elev: 74.0 azimuth: 340.0   AU
10-19 14:50:25.290 D/GpsLocationProvider( 1145): sv: 84 snr: 0.0 elev: 78.0 azimuth: 341.0    
10-19 14:50:25.290 D/GpsLocationProvider( 1145): sv: 83 snr: 0.0 elev: 40.0 azimuth: 142.0    
10-19 14:50:25.290 D/GpsLocationProvider( 1145): sv: 68 snr: 0.0 elev: 26.0 azimuth: 33.0    
10-19 14:50:25.290 D/GpsLocationProvider( 1145): sv: 202 snr: 0.0 elev: 24.0 azimuth: 240.0    
10-19 14:50:25.290 D/GpsLocationProvider( 1145): sv: 203 snr: 0.0 elev: 41.0 azimuth: 205.0    
10-19 14:50:25.290 D/GpsLocationProvider( 1145): sv: 204 snr: 0.0 elev: 33.0 azimuth: 133.0 E A
10-19 14:50:25.290 D/GpsLocationProvider( 1145): sv: 205 snr: 0.0 elev: 7.0 azimuth: 255.0   A
10-19 14:50:25.290 D/GpsLocationProvider( 1145): sv: 206 snr: 0.0 elev: 63.0 azimuth: 244.0    
10-19 14:50:25.290 D/GpsLocationProvider( 1145): sv: 208 snr: 0.0 elev: 67.0 azimuth: 167.0    
10-19 14:50:25.290 D/GpsLocationProvider( 1145): sv: 209 snr: 0.0 elev: 37.0 azimuth: 234.0   A
10-19 14:50:25.290 D/GpsLocationProvider( 1145): sv: 212 snr: 0.0 elev: 10.0 azimuth: 319.0    
10-19 14:50:26.290 D/GpsLocationProvider( 1145): SV count: 26 ephemerisMask: 800 almanacMask: 31411972
10-19 14:50:26.290 D/GpsLocationProvider( 1145): sv: 2 snr: 1.17 elev: 64.0 azimuth: 330.0   AU
10-19 14:50:26.290 D/GpsLocationProvider( 1145): sv: 5 snr: 1.79 elev: 45.0 azimuth: 260.0   AU
10-19 14:50:26.290 D/GpsLocationProvider( 1145): sv: 6 snr: 0.0 elev: 59.0 azimuth: 77.0   A
10-19 14:50:26.290 D/GpsLocationProvider( 1145): sv: 7 snr: 0.0 elev: 5.0 azimuth: 102.0   A
10-19 14:50:26.290 D/GpsLocationProvider( 1145): sv: 9 snr: 0.0 elev: 37.0 azimuth: 54.0   A
10-19 14:50:26.290 D/GpsLocationProvider( 1145): sv: 12 snr: 0.0 elev: 14.0 azimuth: 260.0 E A
10-19 14:50:26.290 D/GpsLocationProvider( 1145): sv: 13 snr: 0.0 elev: 8.0 azimuth: 191.0   A
10-19 14:50:26.290 D/GpsLocationProvider( 1145): sv: 17 snr: 0.0 elev: 16.0 azimuth: 158.0   A
10-19 14:50:26.290 D/GpsLocationProvider( 1145): sv: 23 snr: 0.0 elev: 5.0 azimuth: 36.0   A
10-19 14:50:26.290 D/GpsLocationProvider( 1145): sv: 25 snr: 0.0 elev: 9.0 azimuth: 296.0   A
10-19 14:50:26.290 D/GpsLocationProvider( 1145): sv: 29 snr: 0.0 elev: 1.0 azimuth: 323.0   A
10-19 14:50:26.290 D/GpsLocationProvider( 1145): sv: 30 snr: 0.0 elev: 0.0 azimuth: 0.0   A
10-19 14:50:26.290 D/GpsLocationProvider( 1145): sv: 70 snr: 2.21 elev: 34.0 azimuth: 233.0   A
10-19 14:50:26.290 D/GpsLocationProvider( 1145): sv: 85 snr: 1.71 elev: 26.0 azimuth: 327.0    
10-19 14:50:26.290 D/GpsLocationProvider( 1145): sv: 69 snr: 0.0 elev: 74.0 azimuth: 340.0   AU
10-19 14:50:26.290 D/GpsLocationProvider( 1145): sv: 84 snr: 0.0 elev: 78.0 azimuth: 341.0    
10-19 14:50:26.290 D/GpsLocationProvider( 1145): sv: 83 snr: 0.0 elev: 40.0 azimuth: 142.0    
10-19 14:50:26.290 D/GpsLocationProvider( 1145): sv: 68 snr: 0.0 elev: 26.0 azimuth: 33.0    
10-19 14:50:26.290 D/GpsLocationProvider( 1145): sv: 202 snr: 0.0 elev: 24.0 azimuth: 240.0    
10-19 14:50:26.290 D/GpsLocationProvider( 1145): sv: 203 snr: 0.0 elev: 41.0 azimuth: 205.0    
10-19 14:50:26.290 D/GpsLocationProvider( 1145): sv: 204 snr: 0.0 elev: 33.0 azimuth: 133.0 E A
10-19 14:50:26.290 D/GpsLocationProvider( 1145): sv: 205 snr: 0.0 elev: 7.0 azimuth: 255.0   A
10-19 14:50:26.290 D/GpsLocationProvider( 1145): sv: 206 snr: 0.0 elev: 63.0 azimuth: 244.0    
10-19 14:50:26.290 D/GpsLocationProvider( 1145): sv: 208 snr: 0.0 elev: 67.0 azimuth: 167.0    
10-19 14:50:26.290 D/GpsLocationProvider( 1145): sv: 209 snr: 0.0 elev: 37.0 azimuth: 234.0   A
10-19 14:50:26.290 D/GpsLocationProvider( 1145): sv: 212 snr: 0.0 elev: 10.0 azimuth: 319.0    
10-19 14:50:26.790 D/KeyguardUpdateMonitor( 3333): Intent.ACTION_BATTERYEX_CHANGED EXTRA_CHARGING_CURRENT : 0 / EXTRA_HVDCP_TYPE : false
10-19 14:50:26.790 I/[SystemUI]LGPowerUI( 3333): onReceive = com.lge.android.intent.action.BATTERYEX
10-19 14:50:26.790 I/[SystemUI]LGPowerUI( 3333): levelEx = 100, plugTypeEx = 2, WirelessAlignment = 0, chargingCurrent = 0, orientation = PORTRAIT
10-19 14:50:26.790 I/[SystemUI]LGPowerUI( 3333): On Skip Timer : true
10-19 14:50:26.790 D/KeyguardUpdateMonitor( 3333): Intent.ACTION_BATTERY_CHANGED status : 5 ,plugged : 2 ,level : 100 ,temperature : 308
10-19 14:50:26.790 I/[SystemUI]LGPowerUI( 3333): onReceive = android.intent.action.BATTERY_CHANGED
10-19 14:50:26.790 I/[SystemUI]LGPowerUI( 3333): level = 100, plugType = 2, plugged = true, mCharging = false, temperature = 317
10-19 14:50:26.790 D/PowerService( 3898): isACConnected: false, isFastChargerType: false, isCharging: false, isFastChargerConnected: false
10-19 14:50:26.800 D/ClientService( 3669): Battery State Change,  status: 5
10-19 14:50:26.800 D/ClientService( 3669): Battery State Change,  Plugged: 2
10-19 14:50:26.800 D/ClientService( 3669): Battery State Change,  level: 100
10-19 14:50:26.800 D/ClientService( 3669): Battery State Change,  scale: 100
10-19 14:50:26.800 D/IPL     ( 3669): Battery level = 100
10-19 14:50:26.800 I/IPL     ( 3669): iplNeedSendGetLocationRequest, batteryLevel = 100
10-19 14:50:26.800 W/LTECommonReceiver( 6243): VoIPCallReceiver.onReceived() :android.intent.action.BATTERY_CHANGED
10-19 14:50:26.800 D/LTECommonReceiver( 6243): mReceiver: ACTION_BATTERY_CHANGED - level = 100, plugType = 2
10-19 14:50:26.800 D/[SystemUI]LGBatteryMeterView( 3333): updateBatteryIcon: typeChanged=false, type=CHARGE, level=100
10-19 14:50:26.800 D/[SystemUI]LGBatteryMeterView( 3333): updateBatteryIcon: typeChanged=false, type=CHARGE, level=100
10-19 14:50:26.800 D/[SystemUI]LGBatteryMeterView( 3333): updateBatteryIcon: typeChanged=false, type=CHARGE, level=100
10-19 14:50:26.800 I/[SystemUI]BatterySaverHandler( 3333): onReceive = android.intent.action.BATTERY_CHANGED
10-19 14:50:26.800 D/LEDHandler( 3898): ACTION_BATTERY_CHANGED : plugged type=2
10-19 14:50:26.800 D/LEDHandler( 3898): Battery Level Remaining: 100%
10-19 14:50:26.800 D/LEDHandler( 3898): Battery Temp: 308, mChargingStatus=5, mChargingStop=false
10-19 14:50:26.800 D/WifiController( 1145): battery changed pluggedType: 2
10-19 14:50:27.290 D/GpsLocationProvider( 1145): SV count: 25 ephemerisMask: 800 almanacMask: 31411970
10-19 14:50:27.290 D/GpsLocationProvider( 1145): sv: 5 snr: 1.28 elev: 45.0 azimuth: 260.0   AU
10-19 14:50:27.290 D/GpsLocationProvider( 1145): sv: 6 snr: 0.0 elev: 59.0 azimuth: 77.0   A
10-19 14:50:27.290 D/GpsLocationProvider( 1145): sv: 7 snr: 0.0 elev: 5.0 azimuth: 102.0   A
10-19 14:50:27.290 D/GpsLocationProvider( 1145): sv: 9 snr: 0.0 elev: 37.0 azimuth: 54.0   A
10-19 14:50:27.290 D/GpsLocationProvider( 1145): sv: 12 snr: 0.0 elev: 14.0 azimuth: 260.0 E A
10-19 14:50:27.290 D/GpsLocationProvider( 1145): sv: 13 snr: 0.0 elev: 8.0 azimuth: 191.0   A
10-19 14:50:27.290 D/GpsLocationProvider( 1145): sv: 17 snr: 0.0 elev: 16.0 azimuth: 158.0   A
10-19 14:50:27.290 D/GpsLocationProvider( 1145): sv: 23 snr: 0.0 elev: 5.0 azimuth: 36.0   A
10-19 14:50:27.290 D/GpsLocationProvider( 1145): sv: 25 snr: 0.0 elev: 9.0 azimuth: 296.0   A
10-19 14:50:27.290 D/GpsLocationProvider( 1145): sv: 29 snr: 0.0 elev: 1.0 azimuth: 323.0   A
10-19 14:50:27.290 D/GpsLocationProvider( 1145): sv: 30 snr: 0.0 elev: 0.0 azimuth: 0.0   A
10-19 14:50:27.290 D/GpsLocationProvider( 1145): sv: 70 snr: 2.16 elev: 34.0 azimuth: 233.0   A
10-19 14:50:27.290 D/GpsLocationProvider( 1145): sv: 85 snr: 1.71 elev: 26.0 azimuth: 327.0    
10-19 14:50:27.290 D/GpsLocationProvider( 1145): sv: 69 snr: 0.0 elev: 74.0 azimuth: 340.0   AU
10-19 14:50:27.290 D/GpsLocationProvider( 1145): sv: 84 snr: 0.0 elev: 78.0 azimuth: 341.0    
10-19 14:50:27.290 D/GpsLocationProvider( 1145): sv: 83 snr: 0.0 elev: 40.0 azimuth: 142.0    
10-19 14:50:27.290 D/GpsLocationProvider( 1145): sv: 68 snr: 0.0 elev: 26.0 azimuth: 33.0    
10-19 14:50:27.290 D/GpsLocationProvider( 1145): sv: 202 snr: 0.0 elev: 24.0 azimuth: 240.0    
10-19 14:50:27.290 D/GpsLocationProvider( 1145): sv: 203 snr: 0.0 elev: 41.0 azimuth: 205.0    
10-19 14:50:27.290 D/GpsLocationProvider( 1145): sv: 204 snr: 0.0 elev: 33.0 azimuth: 133.0 E A
10-19 14:50:27.290 D/GpsLocationProvider( 1145): sv: 205 snr: 0.0 elev: 7.0 azimuth: 255.0   A
10-19 14:50:27.290 D/GpsLocationProvider( 1145): sv: 206 snr: 0.0 elev: 63.0 azimuth: 244.0    
10-19 14:50:27.290 D/GpsLocationProvider( 1145): sv: 208 snr: 0.0 elev: 67.0 azimuth: 167.0    
10-19 14:50:27.290 D/GpsLocationProvider( 1145): sv: 209 snr: 0.0 elev: 37.0 azimuth: 234.0   A
10-19 14:50:27.290 D/GpsLocationProvider( 1145): sv: 212 snr: 0.0 elev: 10.0 azimuth: 319.0    
10-19 14:50:28.280 D/GpsLocationProvider( 1145): SV count: 26 ephemerisMask: 800 almanacMask: 31411972
10-19 14:50:28.280 D/GpsLocationProvider( 1145): sv: 5 snr: 1.28 elev: 45.0 azimuth: 260.0   AU
10-19 14:50:28.280 D/GpsLocationProvider( 1145): sv: 2 snr: 0.0 elev: 64.0 azimuth: 330.0   A
10-19 14:50:28.280 D/GpsLocationProvider( 1145): sv: 6 snr: 0.0 elev: 59.0 azimuth: 77.0   A
10-19 14:50:28.290 D/GpsLocationProvider( 1145): sv: 7 snr: 0.0 elev: 5.0 azimuth: 102.0   A
10-19 14:50:28.290 D/GpsLocationProvider( 1145): sv: 9 snr: 0.0 elev: 37.0 azimuth: 54.0   A
10-19 14:50:28.290 D/GpsLocationProvider( 1145): sv: 12 snr: 0.0 elev: 14.0 azimuth: 260.0 E A
10-19 14:50:28.290 D/GpsLocationProvider( 1145): sv: 13 snr: 0.0 elev: 8.0 azimuth: 191.0   A
10-19 14:50:28.290 D/GpsLocationProvider( 1145): sv: 17 snr: 0.0 elev: 16.0 azimuth: 158.0   A
10-19 14:50:28.290 D/GpsLocationProvider( 1145): sv: 23 snr: 0.0 elev: 5.0 azimuth: 36.0   A
10-19 14:50:28.290 D/GpsLocationProvider( 1145): sv: 25 snr: 0.0 elev: 9.0 azimuth: 296.0   A
10-19 14:50:28.290 D/GpsLocationProvider( 1145): sv: 29 snr: 0.0 elev: 1.0 azimuth: 323.0   A
10-19 14:50:28.290 D/GpsLocationProvider( 1145): sv: 30 snr: 0.0 elev: 0.0 azimuth: 0.0   A
10-19 14:50:28.290 D/GpsLocationProvider( 1145): sv: 70 snr: 2.1299999 elev: 34.0 azimuth: 233.0   A
10-19 14:50:28.290 D/GpsLocationProvider( 1145): sv: 85 snr: 1.71 elev: 26.0 azimuth: 327.0    
10-19 14:50:28.290 D/GpsLocationProvider( 1145): sv: 69 snr: 0.0 elev: 74.0 azimuth: 340.0   AU
10-19 14:50:28.290 D/GpsLocationProvider( 1145): sv: 84 snr: 0.0 elev: 78.0 azimuth: 341.0    
10-19 14:50:28.290 D/GpsLocationProvider( 1145): sv: 83 snr: 0.0 elev: 40.0 azimuth: 142.0    
10-19 14:50:28.290 D/GpsLocationProvider( 1145): sv: 68 snr: 0.0 elev: 26.0 azimuth: 33.0    
10-19 14:50:28.290 D/GpsLocationProvider( 1145): sv: 202 snr: 0.0 elev: 24.0 azimuth: 240.0    
10-19 14:50:28.290 D/GpsLocationProvider( 1145): sv: 203 snr: 0.0 elev: 41.0 azimuth: 205.0    
10-19 14:50:28.290 D/GpsLocationProvider( 1145): sv: 204 snr: 0.0 elev: 33.0 azimuth: 133.0 E A
10-19 14:50:28.290 D/GpsLocationProvider( 1145): sv: 205 snr: 0.0 elev: 7.0 azimuth: 255.0   A
10-19 14:50:28.290 D/GpsLocationProvider( 1145): sv: 206 snr: 0.0 elev: 63.0 azimuth: 244.0    
10-19 14:50:28.290 D/GpsLocationProvider( 1145): sv: 208 snr: 0.0 elev: 67.0 azimuth: 167.0    
10-19 14:50:28.290 D/GpsLocationProvider( 1145): sv: 209 snr: 0.0 elev: 37.0 azimuth: 234.0   A
10-19 14:50:28.290 D/GpsLocationProvider( 1145): sv: 212 snr: 0.0 elev: 10.0 azimuth: 319.0    
10-19 14:50:28.780 D/[SystemUI]1( 3333): onSignalStrengthsChanged signalStrength=SignalStrength: 99 0 -120 -160 -120 -1 -1 31 -68 -15 258 2147483647 2147483647 2147483647 2147483647 gsm|lte 14 0 level=4
10-19 14:50:28.780 D/[SystemUI]NetworkController( 3333): updateTelephonySignalStrength: hasService=true ss=SignalStrength: 99 0 -120 -160 -120 -1 -1 31 -68 -15 258 2147483647 2147483647 2147483647 2147483647 gsm|lte 14 0
10-19 14:50:28.790 D/PhoneInterfaceManager( 4151): [PhoneIntfMgr] mSigLevel = 4
10-19 14:50:28.790 I/[SystemUI]NetworkController( 3333): onReceive: intent=Intent { act=android.intent.action.SIG_STR flg=0x20000010 (has extras) }
10-19 14:50:28.790 D/LGSubScriptionUtilsWrapper_MR1( 4151): getSubIdUsingSlotId() slotId:0 -> subId:1
10-19 14:50:29.280 D/GpsLocationProvider( 1145): SV count: 26 ephemerisMask: 800 almanacMask: 31411972
10-19 14:50:29.280 D/GpsLocationProvider( 1145): sv: 5 snr: 1.28 elev: 45.0 azimuth: 260.0   AU
10-19 14:50:29.280 D/GpsLocationProvider( 1145): sv: 2 snr: 0.0 elev: 64.0 azimuth: 330.0   A
10-19 14:50:29.280 D/GpsLocationProvider( 1145): sv: 6 snr: 0.0 elev: 59.0 azimuth: 77.0   A
10-19 14:50:29.280 D/GpsLocationProvider( 1145): sv: 7 snr: 0.0 elev: 5.0 azimuth: 102.0   A
10-19 14:50:29.280 D/GpsLocationProvider( 1145): sv: 9 snr: 0.0 elev: 37.0 azimuth: 54.0   A
10-19 14:50:29.280 D/GpsLocationProvider( 1145): sv: 12 snr: 0.0 elev: 14.0 azimuth: 260.0 E A
10-19 14:50:29.280 D/GpsLocationProvider( 1145): sv: 13 snr: 0.0 elev: 8.0 azimuth: 191.0   A
10-19 14:50:29.280 D/GpsLocationProvider( 1145): sv: 17 snr: 0.0 elev: 16.0 azimuth: 158.0   A
10-19 14:50:29.280 D/GpsLocationProvider( 1145): sv: 23 snr: 0.0 elev: 5.0 azimuth: 36.0   A
10-19 14:50:29.280 D/GpsLocationProvider( 1145): sv: 25 snr: 0.0 elev: 9.0 azimuth: 296.0   A
10-19 14:50:29.280 D/GpsLocationProvider( 1145): sv: 29 snr: 0.0 elev: 1.0 azimuth: 323.0   A
10-19 14:50:29.280 D/GpsLocationProvider( 1145): sv: 30 snr: 0.0 elev: 0.0 azimuth: 0.0   A
10-19 14:50:29.280 D/GpsLocationProvider( 1145): sv: 70 snr: 2.3600001 elev: 34.0 azimuth: 233.0   A
10-19 14:50:29.280 D/GpsLocationProvider( 1145): sv: 85 snr: 1.4100001 elev: 26.0 azimuth: 327.0    
10-19 14:50:29.280 D/GpsLocationProvider( 1145): sv: 69 snr: 0.0 elev: 74.0 azimuth: 340.0   AU
10-19 14:50:29.280 D/GpsLocationProvider( 1145): sv: 84 snr: 0.0 elev: 78.0 azimuth: 341.0    
10-19 14:50:29.280 D/GpsLocationProvider( 1145): sv: 83 snr: 0.0 elev: 40.0 azimuth: 142.0    
10-19 14:50:29.280 D/GpsLocationProvider( 1145): sv: 68 snr: 0.0 elev: 26.0 azimuth: 33.0    
10-19 14:50:29.280 D/GpsLocationProvider( 1145): sv: 202 snr: 0.0 elev: 24.0 azimuth: 240.0    
10-19 14:50:29.280 D/GpsLocationProvider( 1145): sv: 203 snr: 0.0 elev: 41.0 azimuth: 205.0    
10-19 14:50:29.280 D/GpsLocationProvider( 1145): sv: 204 snr: 0.0 elev: 33.0 azimuth: 133.0 E A
10-19 14:50:29.280 D/GpsLocationProvider( 1145): sv: 205 snr: 0.0 elev: 7.0 azimuth: 255.0   A
10-19 14:50:29.280 D/GpsLocationProvider( 1145): sv: 206 snr: 0.0 elev: 63.0 azimuth: 244.0    
10-19 14:50:29.280 D/GpsLocationProvider( 1145): sv: 208 snr: 0.0 elev: 67.0 azimuth: 167.0    
10-19 14:50:29.280 D/GpsLocationProvider( 1145): sv: 209 snr: 0.0 elev: 37.0 azimuth: 234.0   A
10-19 14:50:29.280 D/GpsLocationProvider( 1145): sv: 212 snr: 0.0 elev: 10.0 azimuth: 319.0    
10-19 14:50:30.280 D/GpsLocationProvider( 1145): SV count: 26 ephemerisMask: 800 almanacMask: 31411972
10-19 14:50:30.280 D/GpsLocationProvider( 1145): sv: 5 snr: 1.28 elev: 45.0 azimuth: 260.0   AU
10-19 14:50:30.280 D/GpsLocationProvider( 1145): sv: 2 snr: 0.0 elev: 64.0 azimuth: 330.0   A
10-19 14:50:30.280 D/GpsLocationProvider( 1145): sv: 6 snr: 0.0 elev: 59.0 azimuth: 77.0   A
10-19 14:50:30.280 D/GpsLocationProvider( 1145): sv: 7 snr: 0.0 elev: 5.0 azimuth: 102.0   A
10-19 14:50:30.280 D/GpsLocationProvider( 1145): sv: 9 snr: 0.0 elev: 37.0 azimuth: 54.0   A
10-19 14:50:30.280 D/GpsLocationProvider( 1145): sv: 12 snr: 0.0 elev: 14.0 azimuth: 260.0 E A
10-19 14:50:30.280 D/GpsLocationProvider( 1145): sv: 13 snr: 0.0 elev: 8.0 azimuth: 191.0   A
10-19 14:50:30.280 D/GpsLocationProvider( 1145): sv: 17 snr: 0.0 elev: 16.0 azimuth: 158.0   A
10-19 14:50:30.280 D/GpsLocationProvider( 1145): sv: 23 snr: 0.0 elev: 5.0 azimuth: 36.0   A
10-19 14:50:30.280 D/GpsLocationProvider( 1145): sv: 25 snr: 0.0 elev: 9.0 azimuth: 296.0   A
10-19 14:50:30.280 D/GpsLocationProvider( 1145): sv: 29 snr: 0.0 elev: 1.0 azimuth: 323.0   A
10-19 14:50:30.280 D/GpsLocationProvider( 1145): sv: 30 snr: 0.0 elev: 0.0 azimuth: 0.0   A
10-19 14:50:30.280 D/GpsLocationProvider( 1145): sv: 70 snr: 2.25 elev: 34.0 azimuth: 233.0   A
10-19 14:50:30.280 D/GpsLocationProvider( 1145): sv: 85 snr: 1.4100001 elev: 26.0 azimuth: 327.0    
10-19 14:50:30.280 D/GpsLocationProvider( 1145): sv: 69 snr: 0.0 elev: 74.0 azimuth: 340.0   AU
10-19 14:50:30.290 D/GpsLocationProvider( 1145): sv: 84 snr: 0.0 elev: 78.0 azimuth: 341.0    
10-19 14:50:30.290 D/GpsLocationProvider( 1145): sv: 83 snr: 0.0 elev: 40.0 azimuth: 142.0    
10-19 14:50:30.290 D/GpsLocationProvider( 1145): sv: 68 snr: 0.0 elev: 26.0 azimuth: 33.0    
10-19 14:50:30.290 D/GpsLocationProvider( 1145): sv: 202 snr: 0.0 elev: 24.0 azimuth: 240.0    
10-19 14:50:30.290 D/GpsLocationProvider( 1145): sv: 203 snr: 0.0 elev: 41.0 azimuth: 205.0    
10-19 14:50:30.290 D/GpsLocationProvider( 1145): sv: 204 snr: 0.0 elev: 33.0 azimuth: 133.0 E A
10-19 14:50:30.290 D/GpsLocationProvider( 1145): sv: 205 snr: 0.0 elev: 7.0 azimuth: 255.0   A
10-19 14:50:30.290 D/GpsLocationProvider( 1145): sv: 206 snr: 0.0 elev: 63.0 azimuth: 244.0    
10-19 14:50:30.290 D/GpsLocationProvider( 1145): sv: 208 snr: 0.0 elev: 67.0 azimuth: 167.0    
10-19 14:50:30.290 D/GpsLocationProvider( 1145): sv: 209 snr: 0.0 elev: 37.0 azimuth: 234.0   A
10-19 14:50:30.290 D/GpsLocationProvider( 1145): sv: 212 snr: 0.0 elev: 10.0 azimuth: 319.0    
10-19 14:50:31.280 D/GpsLocationProvider( 1145): SV count: 26 ephemerisMask: 800 almanacMask: 31411972
10-19 14:50:31.280 D/GpsLocationProvider( 1145): sv: 5 snr: 1.28 elev: 45.0 azimuth: 260.0   AU
10-19 14:50:31.280 D/GpsLocationProvider( 1145): sv: 2 snr: 0.0 elev: 64.0 azimuth: 330.0   A
10-19 14:50:31.280 D/GpsLocationProvider( 1145): sv: 6 snr: 0.0 elev: 59.0 azimuth: 77.0   A
10-19 14:50:31.280 D/GpsLocationProvider( 1145): sv: 7 snr: 0.0 elev: 5.0 azimuth: 102.0   A
10-19 14:50:31.280 D/GpsLocationProvider( 1145): sv: 9 snr: 0.0 elev: 37.0 azimuth: 54.0   A
10-19 14:50:31.280 D/GpsLocationProvider( 1145): sv: 12 snr: 0.0 elev: 14.0 azimuth: 260.0 E A
10-19 14:50:31.280 D/GpsLocationProvider( 1145): sv: 13 snr: 0.0 elev: 8.0 azimuth: 191.0   A
10-19 14:50:31.280 D/GpsLocationProvider( 1145): sv: 17 snr: 0.0 elev: 16.0 azimuth: 158.0   A
