10-19 14:23:00.000 D/PowerManagerServiceEx( 1145): acquireWakeLockInternal: lock=145193235, flags=0x40000001, tag="*alarm*", ws=WorkSource{1000}, historyTag=*alarm*:android.intent.action.TIME_TICK, uid=1000, pid=1145
10-19 14:23:00.010 D/PowerManagerServiceEx( 1145): releaseWakeLockInternal: lock=145193235 [*alarm*], flags=0x0
10-19 14:23:26.790 D/PowerService( 3898): isACConnected: false, isFastChargerType: false, isCharging: false, isFastChargerConnected: false
10-19 14:23:26.800 D/WifiController( 1145): battery changed pluggedType: 2
10-19 14:23:26.800 D/LEDHandler( 3898): ACTION_BATTERY_CHANGED : plugged type=2
10-19 14:23:26.800 D/LEDHandler( 3898): Battery Level Remaining: 100%
10-19 14:23:26.800 D/LEDHandler( 3898): Battery Temp: 309, mChargingStatus=5, mChargingStop=false
10-19 14:24:00.000 D/PowerManagerServiceEx( 1145): acquireWakeLockInternal: lock=145193235, flags=0x40000001, tag="*alarm*", ws=WorkSource{1000}, historyTag=*alarm*:android.intent.action.TIME_TICK, uid=1000, pid=1145
10-19 14:24:00.010 D/PowerManagerServiceEx( 1145): releaseWakeLockInternal: lock=145193235 [*alarm*], flags=0x0
10-19 14:24:21.300 W/AlarmManager( 1145): Suspiciously short interval 30000 millis; expanding to 60 seconds
10-19 14:24:26.780 D/PowerService( 3898): isACConnected: false, isFastChargerType: false, isCharging: false, isFastChargerConnected: false
10-19 14:24:26.800 D/LEDHandler( 3898): ACTION_BATTERY_CHANGED : plugged type=2
10-19 14:24:26.800 D/LEDHandler( 3898): Battery Level Remaining: 100%
10-19 14:24:26.800 D/LEDHandler( 3898): Battery Temp: 308, mChargingStatus=5, mChargingStop=false
10-19 14:24:26.800 D/WifiController( 1145): battery changed pluggedType: 2
10-19 14:24:33.290 V/AlarmManager( 1145): ELAPSED_WAKEUP set : Alarm{1bcfd6e6 type 2 when 429488581 com.google.android.gms} when 429488581
10-19 14:24:33.300 W/AlarmManager( 1145): Suspiciously short interval 30000 millis; expanding to 60 seconds
10-19 14:24:33.320 D/WifiServiceImplEx( 1145): acquireWifiLock pid=5864, uid=10008, packageName=com.google.uid.shared:10008, tag=NlpWifiLock
10-19 14:24:33.520 D/NetworkManagementService( 1145): onDataConnectionRealTimeInfoChanged: mTime=429488817443505 mDcPowerState=3
10-19 14:24:34.990 D/WifiServiceImplEx( 1145): releaseWifiLock pid=5864, uid=10008, packageName=com.google.uid.shared:10008
10-19 14:24:34.990 D/WifiServiceImplEx( 1145): acquireWifiLock pid=5864, uid=10008, packageName=com.google.uid.shared:10008, tag=NlpWifiLock
10-19 14:24:35.460 D/WifiServiceImplEx( 1145): releaseWifiLock pid=5864, uid=10008, packageName=com.google.uid.shared:10008
10-19 14:24:38.330 D/WifiServiceImplEx( 1145): acquireWifiLock pid=5864, uid=10008, packageName=com.google.uid.shared:10008, tag=NlpWifiLock
10-19 14:24:38.330 D/WifiServiceImplEx( 1145): startScan pid=5864, uid=10008, packageName=com.google.uid.shared:10008
10-19 14:24:41.600 D/WifiServiceImplEx( 1145): releaseWifiLock pid=5864, uid=10008, packageName=com.google.uid.shared:10008
10-19 14:24:46.680 D/NetworkManagementService( 1145): onDataConnectionRealTimeInfoChanged: mTime=429501972214125 mDcPowerState=1
10-19 14:24:59.990 D/PowerManagerServiceEx( 1145): acquireWakeLockInternal: lock=145193235, flags=0x40000001, tag="*alarm*", ws=WorkSource{1000}, historyTag=*alarm*:android.intent.action.TIME_TICK, uid=1000, pid=1145
10-19 14:25:00.010 D/PowerManagerServiceEx( 1145): releaseWakeLockInternal: lock=145193235 [*alarm*], flags=0x0
10-19 14:25:05.300 W/AlarmManager( 1145): Suspiciously short interval 30000 millis; expanding to 60 seconds
10-19 14:25:05.330 V/AlarmManager( 1145): ELAPSED_WAKEUP set : Alarm{1baa6358 type 2 when 429513621 com.google.android.gms} when 429513621
10-19 14:25:05.340 D/WifiServiceImplEx( 1145): acquireWifiLock pid=5864, uid=10008, packageName=com.google.uid.shared:10008, tag=NlpWifiLock
10-19 14:25:05.340 D/WifiServiceImplEx( 1145): startScan pid=5864, uid=10008, packageName=com.google.uid.shared:10008
10-19 14:25:05.540 D/PowerService( 3898): isACConnected: false, isFastChargerType: false, isCharging: false, isFastChargerConnected: false
10-19 14:25:05.550 D/LEDHandler( 3898): ACTION_BATTERY_CHANGED : plugged type=2
10-19 14:25:05.550 D/LEDHandler( 3898): Battery Level Remaining: 100%
10-19 14:25:05.550 D/LEDHandler( 3898): Battery Temp: 309, mChargingStatus=5, mChargingStop=false
10-19 14:25:05.550 D/WifiController( 1145): battery changed pluggedType: 2
10-19 14:25:07.030 D/PowerService( 3898): isACConnected: false, isFastChargerType: false, isCharging: false, isFastChargerConnected: false
10-19 14:25:08.620 D/WifiServiceImplEx( 1145): releaseWifiLock pid=5864, uid=10008, packageName=com.google.uid.shared:10008
10-19 14:25:09.300 W/AlarmManager( 1145): Suspiciously short interval 30000 millis; expanding to 60 seconds
10-19 14:25:26.790 D/PowerService( 3898): isACConnected: false, isFastChargerType: false, isCharging: false, isFastChargerConnected: false
10-19 14:25:26.800 D/LEDHandler( 3898): ACTION_BATTERY_CHANGED : plugged type=2
10-19 14:25:26.800 D/LEDHandler( 3898): Battery Level Remaining: 100%
10-19 14:25:26.800 D/LEDHandler( 3898): Battery Temp: 309, mChargingStatus=5, mChargingStop=false
10-19 14:25:26.800 D/WifiController( 1145): battery changed pluggedType: 2
10-19 14:25:35.300 W/AlarmManager( 1145): Suspiciously short interval 30000 millis; expanding to 60 seconds
10-19 14:25:59.990 D/PowerManagerServiceEx( 1145): acquireWakeLockInternal: lock=145193235, flags=0x40000001, tag="*alarm*", ws=WorkSource{1000}, historyTag=*alarm*:android.intent.action.TIME_TICK, uid=1000, pid=1145
10-19 14:26:00.010 D/PowerManagerServiceEx( 1145): releaseWakeLockInternal: lock=145193235 [*alarm*], flags=0x0
10-19 14:26:04.300 W/AlarmManager( 1145): Suspiciously short interval 30000 millis; expanding to 60 seconds
10-19 14:26:22.300 W/AlarmManager( 1145): Suspiciously short interval 30000 millis; expanding to 60 seconds
10-19 14:26:26.790 D/PowerService( 3898): isACConnected: false, isFastChargerType: false, isCharging: false, isFastChargerConnected: false
10-19 14:26:26.800 D/LEDHandler( 3898): ACTION_BATTERY_CHANGED : plugged type=2
10-19 14:26:26.800 D/LEDHandler( 3898): Battery Level Remaining: 100%
10-19 14:26:26.800 D/LEDHandler( 3898): Battery Temp: 309, mChargingStatus=5, mChargingStop=false
10-19 14:26:26.800 D/WifiController( 1145): battery changed pluggedType: 2
10-19 14:27:00.000 D/PowerManagerServiceEx( 1145): acquireWakeLockInternal: lock=145193235, flags=0x40000001, tag="*alarm*", ws=WorkSource{1000}, historyTag=*alarm*:android.intent.action.TIME_TICK, uid=1000, pid=1145
10-19 14:27:00.010 D/PowerManagerServiceEx( 1145): releaseWakeLockInternal: lock=145193235 [*alarm*], flags=0x0
10-19 14:27:02.300 W/AlarmManager( 1145): Suspiciously short interval 30000 millis; expanding to 60 seconds
10-19 14:27:26.800 D/PowerService( 3898): isACConnected: false, isFastChargerType: false, isCharging: false, isFastChargerConnected: false
10-19 14:27:26.800 D/LEDHandler( 3898): ACTION_BATTERY_CHANGED : plugged type=2
10-19 14:27:26.800 D/LEDHandler( 3898): Battery Level Remaining: 100%
10-19 14:27:26.800 D/LEDHandler( 3898): Battery Temp: 309, mChargingStatus=5, mChargingStop=false
10-19 14:27:26.810 D/WifiController( 1145): battery changed pluggedType: 2
10-19 14:27:27.300 W/AlarmManager( 1145): Suspiciously short interval 30000 millis; expanding to 60 seconds
10-19 14:27:49.780 V/AlarmManager( 1145): RTC_WAKEUP set : Alarm{1170a2a5 type 0 when 1445232438332 com.google.android.gms} when 1445232438332
10-19 14:27:49.870 W/ActivityManager( 1145): getRecentTasks: caller 10147 does not hold GET_TASKS; limiting output
10-19 14:27:59.990 D/PowerManagerServiceEx( 1145): acquireWakeLockInternal: lock=145193235, flags=0x40000001, tag="*alarm*", ws=WorkSource{1000}, historyTag=*alarm*:android.intent.action.TIME_TICK, uid=1000, pid=1145
10-19 14:28:00.010 D/PowerManagerServiceEx( 1145): releaseWakeLockInternal: lock=145193235 [*alarm*], flags=0x0
10-19 14:28:26.800 D/PowerService( 3898): isACConnected: false, isFastChargerType: false, isCharging: false, isFastChargerConnected: false
10-19 14:28:35.960 D/NetworkManagementService( 1145): onDataConnectionRealTimeInfoChanged: mTime=429731248466173 mDcPowerState=3
10-19 14:28:46.730 D/NetworkManagementService( 1145): onDataConnectionRealTimeInfoChanged: mTime=429742024270283 mDcPowerState=1
10-19 14:28:49.980 V/AlarmManager( 1145): ELAPSED_WAKEUP set : Alarm{3094b22a type 2 when 429706165 com.skmc.okcashbag.home_google} when 429706165
10-19 14:29:00.000 D/PowerManagerServiceEx( 1145): acquireWakeLockInternal: lock=145193235, flags=0x40000001, tag="*alarm*", ws=WorkSource{1000}, historyTag=*alarm*:android.intent.action.TIME_TICK, uid=1000, pid=1145
10-19 14:29:00.010 D/PowerManagerServiceEx( 1145): releaseWakeLockInternal: lock=145193235 [*alarm*], flags=0x0
10-19 14:29:26.790 D/PowerService( 3898): isACConnected: false, isFastChargerType: false, isCharging: false, isFastChargerConnected: false
10-19 14:29:35.300 W/AlarmManager( 1145): Suspiciously short interval 30000 millis; expanding to 60 seconds
10-19 14:29:39.330 D/WifiServiceImplEx( 1145): acquireWifiLock pid=5864, uid=10008, packageName=com.google.uid.shared:10008, tag=NlpWifiLock
10-19 14:29:39.330 D/WifiServiceImplEx( 1145): startScan pid=5864, uid=10008, packageName=com.google.uid.shared:10008
10-19 14:29:42.620 D/WifiServiceImplEx( 1145): releaseWifiLock pid=5864, uid=10008, packageName=com.google.uid.shared:10008
10-19 14:29:59.990 D/PowerManagerServiceEx( 1145): acquireWakeLockInternal: lock=145193235, flags=0x40000001, tag="*alarm*", ws=WorkSource{1000}, historyTag=*alarm*:android.intent.action.TIME_TICK, uid=1000, pid=1145
10-19 14:30:00.010 D/PowerManagerServiceEx( 1145): releaseWakeLockInternal: lock=145193235 [*alarm*], flags=0x0
10-19 14:30:26.790 D/PowerService( 3898): isACConnected: false, isFastChargerType: false, isCharging: false, isFastChargerConnected: false
10-19 14:30:35.300 V/AlarmManager( 1145): ELAPSED_WAKEUP set : Alarm{e55f9da type 2 when 429814627 com.google.android.gms} when 429814627
10-19 14:30:35.310 D/WifiServiceImplEx( 1145): acquireWifiLock pid=5864, uid=10008, packageName=com.google.uid.shared:10008, tag=NlpWifiLock
10-19 14:30:35.310 D/WifiServiceImplEx( 1145): startScan pid=5864, uid=10008, packageName=com.google.uid.shared:10008
10-19 14:30:38.550 D/WifiServiceImplEx( 1145): releaseWifiLock pid=5864, uid=10008, packageName=com.google.uid.shared:10008
10-19 14:31:00.000 D/PowerManagerServiceEx( 1145): acquireWakeLockInternal: lock=145193235, flags=0x40000001, tag="*alarm*", ws=WorkSource{1000}, historyTag=*alarm*:android.intent.action.TIME_TICK, uid=1000, pid=1145
10-19 14:31:00.010 D/PowerManagerServiceEx( 1145): releaseWakeLockInternal: lock=145193235 [*alarm*], flags=0x0
10-19 14:31:26.790 D/PowerService( 3898): isACConnected: false, isFastChargerType: false, isCharging: false, isFastChargerConnected: false
10-19 14:32:00.000 D/PowerManagerServiceEx( 1145): acquireWakeLockInternal: lock=145193235, flags=0x40000001, tag="*alarm*", ws=WorkSource{1000}, historyTag=*alarm*:android.intent.action.TIME_TICK, uid=1000, pid=1145
10-19 14:32:00.010 D/PowerManagerServiceEx( 1145): releaseWakeLockInternal: lock=145193235 [*alarm*], flags=0x0
10-19 14:32:26.790 D/PowerService( 3898): isACConnected: false, isFastChargerType: false, isCharging: false, isFastChargerConnected: false
10-19 14:32:26.800 D/LEDHandler( 3898): ACTION_BATTERY_CHANGED : plugged type=2
10-19 14:32:26.800 D/LEDHandler( 3898): Battery Level Remaining: 100%
10-19 14:32:26.800 D/LEDHandler( 3898): Battery Temp: 308, mChargingStatus=5, mChargingStop=false
10-19 14:32:26.800 D/WifiController( 1145): battery changed pluggedType: 2
10-19 14:32:59.990 D/PowerManagerServiceEx( 1145): acquireWakeLockInternal: lock=145193235, flags=0x40000001, tag="*alarm*", ws=WorkSource{1000}, historyTag=*alarm*:android.intent.action.TIME_TICK, uid=1000, pid=1145
10-19 14:33:00.010 D/PowerManagerServiceEx( 1145): releaseWakeLockInternal: lock=145193235 [*alarm*], flags=0x0
10-19 14:33:26.300 W/AlarmManager( 1145): Suspiciously short interval 30000 millis; expanding to 60 seconds
10-19 14:33:26.790 D/PowerService( 3898): isACConnected: false, isFastChargerType: false, isCharging: false, isFastChargerConnected: false
10-19 14:33:26.800 D/LEDHandler( 3898): ACTION_BATTERY_CHANGED : plugged type=2
10-19 14:33:26.800 D/LEDHandler( 3898): Battery Level Remaining: 100%
10-19 14:33:26.800 D/LEDHandler( 3898): Battery Temp: 308, mChargingStatus=5, mChargingStop=false
10-19 14:33:26.800 D/WifiController( 1145): battery changed pluggedType: 2
10-19 14:33:37.290 V/AlarmManager( 1145): ELAPSED_WAKEUP set : Alarm{279f2818 type 2 when 430032585 com.google.android.gms} when 430032585
10-19 14:33:37.320 D/WifiServiceImplEx( 1145): acquireWifiLock pid=5864, uid=10008, packageName=com.google.uid.shared:10008, tag=NlpWifiLock
10-19 14:33:37.540 D/NetworkManagementService( 1145): onDataConnectionRealTimeInfoChanged: mTime=430032829871579 mDcPowerState=3
10-19 14:33:37.620 D/PowerService( 3898): isACConnected: false, isFastChargerType: false, isCharging: false, isFastChargerConnected: false
10-19 14:33:37.630 D/LEDHandler( 3898): ACTION_BATTERY_CHANGED : plugged type=2
10-19 14:33:37.630 D/LEDHandler( 3898): Battery Level Remaining: 100%
10-19 14:33:37.630 D/LEDHandler( 3898): Battery Temp: 308, mChargingStatus=5, mChargingStop=false
10-19 14:33:37.630 D/WifiController( 1145): battery changed pluggedType: 2
10-19 14:33:38.510 D/WifiServiceImplEx( 1145): releaseWifiLock pid=5864, uid=10008, packageName=com.google.uid.shared:10008
10-19 14:33:53.990 D/NetworkManagementService( 1145): onDataConnectionRealTimeInfoChanged: mTime=430049283544853 mDcPowerState=1
10-19 14:33:59.990 D/PowerManagerServiceEx( 1145): acquireWakeLockInternal: lock=145193235, flags=0x40000001, tag="*alarm*", ws=WorkSource{1000}, historyTag=*alarm*:android.intent.action.TIME_TICK, uid=1000, pid=1145
10-19 14:34:00.010 D/PowerManagerServiceEx( 1145): releaseWakeLockInternal: lock=145193235 [*alarm*], flags=0x0
10-19 14:34:12.120 D/NetworkManagementService( 1145): onDataConnectionRealTimeInfoChanged: mTime=430067408990107 mDcPowerState=3
10-19 14:34:26.790 D/PowerService( 3898): isACConnected: false, isFastChargerType: false, isCharging: false, isFastChargerConnected: false
10-19 14:34:26.800 D/WifiController( 1145): battery changed pluggedType: 2
10-19 14:34:26.800 D/LEDHandler( 3898): ACTION_BATTERY_CHANGED : plugged type=2
10-19 14:34:26.800 D/LEDHandler( 3898): Battery Level Remaining: 100%
10-19 14:34:26.800 D/LEDHandler( 3898): Battery Temp: 309, mChargingStatus=5, mChargingStop=false
10-19 14:34:33.710 D/NetworkManagementService( 1145): onDataConnectionRealTimeInfoChanged: mTime=430089002123276 mDcPowerState=1
10-19 14:34:37.860 D/WifiController( 1145): battery changed pluggedType: 2
10-19 14:34:37.860 D/PowerService( 3898): isACConnected: false, isFastChargerType: false, isCharging: false, isFastChargerConnected: false
10-19 14:34:37.860 D/LEDHandler( 3898): ACTION_BATTERY_CHANGED : plugged type=2
10-19 14:34:37.860 D/LEDHandler( 3898): Battery Level Remaining: 100%
10-19 14:34:37.860 D/LEDHandler( 3898): Battery Temp: 309, mChargingStatus=5, mChargingStop=false
10-19 14:34:50.490 V/AlarmManager( 1145): ELAPSED_WAKEUP set : Alarm{1cd9f63 type 2 when 430098054 com.google.android.gms} when 430098054
10-19 14:34:50.500 D/WifiServiceImplEx( 1145): acquireWifiLock pid=5864, uid=10008, packageName=com.google.uid.shared:10008, tag=NlpWifiLock
10-19 14:34:50.600 D/WifiServiceImplEx( 1145): releaseWifiLock pid=5864, uid=10008, packageName=com.google.uid.shared:10008
10-19 14:34:50.820 D/PowerService( 3898): isACConnected: false, isFastChargerType: false, isCharging: false, isFastChargerConnected: false
10-19 14:34:50.830 D/LEDHandler( 3898): ACTION_BATTERY_CHANGED : plugged type=2
10-19 14:34:50.830 D/LEDHandler( 3898): Battery Level Remaining: 100%
10-19 14:34:50.830 D/LEDHandler( 3898): Battery Temp: 312, mChargingStatus=5, mChargingStop=false
10-19 14:34:50.840 D/WifiController( 1145): battery changed pluggedType: 2
10-19 14:34:55.600 D/PowerService( 3898): isACConnected: false, isFastChargerType: false, isCharging: false, isFastChargerConnected: false
10-19 14:34:59.990 D/PowerManagerServiceEx( 1145): acquireWakeLockInternal: lock=145193235, flags=0x40000001, tag="*alarm*", ws=WorkSource{1000}, historyTag=*alarm*:android.intent.action.TIME_TICK, uid=1000, pid=1145
10-19 14:35:00.010 D/PowerManagerServiceEx( 1145): releaseWakeLockInternal: lock=145193235 [*alarm*], flags=0x0
10-19 14:35:26.780 D/PowerService( 3898): isACConnected: false, isFastChargerType: false, isCharging: false, isFastChargerConnected: false
10-19 14:35:26.800 D/LEDHandler( 3898): ACTION_BATTERY_CHANGED : plugged type=2
10-19 14:35:26.800 D/LEDHandler( 3898): Battery Level Remaining: 100%
10-19 14:35:26.800 D/LEDHandler( 3898): Battery Temp: 312, mChargingStatus=5, mChargingStop=false
10-19 14:35:26.800 D/WifiController( 1145): battery changed pluggedType: 2
10-19 14:35:59.990 D/PowerManagerServiceEx( 1145): acquireWakeLockInternal: lock=145193235, flags=0x40000001, tag="*alarm*", ws=WorkSource{1000}, historyTag=*alarm*:android.intent.action.TIME_TICK, uid=1000, pid=1145
10-19 14:36:00.010 D/PowerManagerServiceEx( 1145): releaseWakeLockInternal: lock=145193235 [*alarm*], flags=0x0
10-19 14:36:26.790 D/PowerService( 3898): isACConnected: false, isFastChargerType: false, isCharging: false, isFastChargerConnected: false
10-19 14:36:26.800 D/WifiController( 1145): battery changed pluggedType: 2
10-19 14:36:26.800 D/LEDHandler( 3898): ACTION_BATTERY_CHANGED : plugged type=2
10-19 14:36:26.800 D/LEDHandler( 3898): Battery Level Remaining: 100%
10-19 14:36:26.800 D/LEDHandler( 3898): Battery Temp: 309, mChargingStatus=5, mChargingStop=false
10-19 14:36:59.990 D/PowerManagerServiceEx( 1145): acquireWakeLockInternal: lock=145193235, flags=0x40000001, tag="*alarm*", ws=WorkSource{1000}, historyTag=*alarm*:android.intent.action.TIME_TICK, uid=1000, pid=1145
10-19 14:37:00.010 D/PowerManagerServiceEx( 1145): releaseWakeLockInternal: lock=145193235 [*alarm*], flags=0x0
10-19 14:37:25.300 W/AlarmManager( 1145): Suspiciously short interval 30000 millis; expanding to 60 seconds
10-19 14:37:26.790 D/PowerService( 3898): isACConnected: false, isFastChargerType: false, isCharging: false, isFastChargerConnected: false
10-19 14:37:26.800 D/WifiController( 1145): battery changed pluggedType: 2
10-19 14:37:26.800 D/LEDHandler( 3898): ACTION_BATTERY_CHANGED : plugged type=2
10-19 14:37:26.800 D/LEDHandler( 3898): Battery Level Remaining: 100%
10-19 14:37:26.800 D/LEDHandler( 3898): Battery Temp: 309, mChargingStatus=5, mChargingStop=false
10-19 14:37:37.300 W/AlarmManager( 1145): Suspiciously short interval 30000 millis; expanding to 60 seconds
10-19 14:37:40.010 D/NetworkManagementService( 1145): onDataConnectionRealTimeInfoChanged: mTime=430275300295496 mDcPowerState=3
10-19 14:37:50.730 V/AlarmManager( 1145): ELAPSED_WAKEUP set : Alarm{3b152753 type 2 when 430220142 android} when 430220142
10-19 14:37:50.730 V/AlarmManager( 1145): ELAPSED_WAKEUP set : Alarm{172f3890 type 2 when 430220147 android} when 430220147
10-19 14:37:50.730 V/AlarmManager( 1145): ELAPSED_WAKEUP set : Alarm{11b72589 type 2 when 430220153 android} when 430220153
10-19 14:37:50.840 W/ActivityManager( 1145): getRecentTasks: caller 10147 does not hold GET_TASKS; limiting output
10-19 14:37:54.100 D/NetworkManagementService( 1145): onDataConnectionRealTimeInfoChanged: mTime=430289385381533 mDcPowerState=1
10-19 14:37:57.300 W/AlarmManager( 1145): Suspiciously short interval 30000 millis; expanding to 60 seconds
10-19 14:38:00.000 D/PowerManagerServiceEx( 1145): acquireWakeLockInternal: lock=145193235, flags=0x40000001, tag="*alarm*", ws=WorkSource{1000}, historyTag=*alarm*:android.intent.action.TIME_TICK, uid=1000, pid=1145
10-19 14:38:00.010 D/PowerManagerServiceEx( 1145): releaseWakeLockInternal: lock=145193235 [*alarm*], flags=0x0
10-19 14:38:02.340 D/WifiServiceImplEx( 1145): acquireWifiLock pid=5864, uid=10008, packageName=com.google.uid.shared:10008, tag=NlpWifiLock
10-19 14:38:02.340 D/WifiServiceImplEx( 1145): startScan pid=5864, uid=10008, packageName=com.google.uid.shared:10008
10-19 14:38:05.620 D/WifiServiceImplEx( 1145): releaseWifiLock pid=5864, uid=10008, packageName=com.google.uid.shared:10008
10-19 14:38:13.310 D/NetworkManagementService( 1145): onDataConnectionRealTimeInfoChanged: mTime=430308603844234 mDcPowerState=3
10-19 14:38:22.290 W/AlarmManager( 1145): Suspiciously short interval 30000 millis; expanding to 60 seconds
10-19 14:38:24.300 D/NetworkManagementService( 1145): onDataConnectionRealTimeInfoChanged: mTime=430319594550584 mDcPowerState=1
10-19 14:38:26.800 D/WifiController( 1145): battery changed pluggedType: 2
10-19 14:38:26.800 D/PowerService( 3898): isACConnected: false, isFastChargerType: false, isCharging: false, isFastChargerConnected: false
10-19 14:38:26.800 D/LEDHandler( 3898): ACTION_BATTERY_CHANGED : plugged type=2
10-19 14:38:26.800 D/LEDHandler( 3898): Battery Level Remaining: 100%
10-19 14:38:26.800 D/LEDHandler( 3898): Battery Temp: 309, mChargingStatus=5, mChargingStop=false
10-19 14:38:50.850 V/AlarmManager( 1145): ELAPSED_WAKEUP set : Alarm{270fa3fd type 2 when 430317635 com.google.android.gms} when 430317635
10-19 14:38:50.850 D/WifiServiceImplEx( 1145): acquireWifiLock pid=5864, uid=10008, packageName=com.google.uid.shared:10008, tag=NlpWifiLock
10-19 14:38:50.860 D/WifiServiceImplEx( 1145): startScan pid=5864, uid=10008, packageName=com.google.uid.shared:10008
10-19 14:38:54.150 D/WifiServiceImplEx( 1145): releaseWifiLock pid=5864, uid=10008, packageName=com.google.uid.shared:10008
10-19 14:38:54.310 W/AlarmManager( 1145): Suspiciously short interval 30000 millis; expanding to 60 seconds
10-19 14:38:59.990 D/PowerManagerServiceEx( 1145): acquireWakeLockInternal: lock=145193235, flags=0x40000001, tag="*alarm*", ws=WorkSource{1000}, historyTag=*alarm*:android.intent.action.TIME_TICK, uid=1000, pid=1145
10-19 14:39:00.010 D/PowerManagerServiceEx( 1145): releaseWakeLockInternal: lock=145193235 [*alarm*], flags=0x0
10-19 14:39:07.300 W/AlarmManager( 1145): Suspiciously short interval 30000 millis; expanding to 60 seconds
10-19 14:39:26.790 D/PowerService( 3898): isACConnected: false, isFastChargerType: false, isCharging: false, isFastChargerConnected: false
10-19 14:39:26.800 D/LEDHandler( 3898): ACTION_BATTERY_CHANGED : plugged type=2
10-19 14:39:26.800 D/LEDHandler( 3898): Battery Level Remaining: 100%
10-19 14:39:26.800 D/LEDHandler( 3898): Battery Temp: 309, mChargingStatus=5, mChargingStop=false
10-19 14:39:26.800 D/WifiController( 1145): battery changed pluggedType: 2
10-19 14:40:00.000 D/PowerManagerServiceEx( 1145): acquireWakeLockInternal: lock=145193235, flags=0x40000001, tag="*alarm*", ws=WorkSource{1000}, historyTag=*alarm*:android.intent.action.TIME_TICK, uid=1000, pid=1145
10-19 14:40:00.010 D/PowerManagerServiceEx( 1145): releaseWakeLockInternal: lock=145193235 [*alarm*], flags=0x0
10-19 14:40:05.300 W/AlarmManager( 1145): Suspiciously short interval 30000 millis; expanding to 60 seconds
10-19 14:40:26.790 D/PowerService( 3898): isACConnected: false, isFastChargerType: false, isCharging: false, isFastChargerConnected: false
10-19 14:40:26.790 D/LEDHandler( 3898): ACTION_BATTERY_CHANGED : plugged type=2
10-19 14:40:26.790 D/LEDHandler( 3898): Battery Level Remaining: 100%
10-19 14:40:26.790 D/LEDHandler( 3898): Battery Temp: 309, mChargingStatus=5, mChargingStop=false
10-19 14:40:26.800 D/WifiController( 1145): battery changed pluggedType: 2
10-19 14:40:29.290 W/AlarmManager( 1145): Suspiciously short interval 30000 millis; expanding to 60 seconds
10-19 14:40:59.990 D/PowerManagerServiceEx( 1145): acquireWakeLockInternal: lock=145193235, flags=0x40000001, tag="*alarm*", ws=WorkSource{1000}, historyTag=*alarm*:android.intent.action.TIME_TICK, uid=1000, pid=1145
10-19 14:41:00.000 D/PowerManagerServiceEx( 1145): releaseWakeLockInternal: lock=145193235 [*alarm*], flags=0x0
10-19 14:41:26.790 D/PowerService( 3898): isACConnected: false, isFastChargerType: false, isCharging: false, isFastChargerConnected: false
10-19 14:41:26.800 D/LEDHandler( 3898): ACTION_BATTERY_CHANGED : plugged type=2
10-19 14:41:26.800 D/LEDHandler( 3898): Battery Level Remaining: 100%
10-19 14:41:26.800 D/LEDHandler( 3898): Battery Temp: 309, mChargingStatus=5, mChargingStop=false
10-19 14:41:26.800 D/WifiController( 1145): battery changed pluggedType: 2
10-19 14:41:35.300 W/AlarmManager( 1145): Suspiciously short interval 30000 millis; expanding to 60 seconds
10-19 14:41:40.320 D/WifiServiceImplEx( 1145): acquireWifiLock pid=5864, uid=10008, packageName=com.google.uid.shared:10008, tag=NlpWifiLock
10-19 14:41:40.320 D/WifiServiceImplEx( 1145): startScan pid=5864, uid=10008, packageName=com.google.uid.shared:10008
10-19 14:41:43.610 D/WifiServiceImplEx( 1145): releaseWifiLock pid=5864, uid=10008, packageName=com.google.uid.shared:10008
10-19 14:41:59.990 D/PowerManagerServiceEx( 1145): acquireWakeLockInternal: lock=145193235, flags=0x40000001, tag="*alarm*", ws=WorkSource{1000}, historyTag=*alarm*:android.intent.action.TIME_TICK, uid=1000, pid=1145
10-19 14:42:00.010 D/PowerManagerServiceEx( 1145): releaseWakeLockInternal: lock=145193235 [*alarm*], flags=0x0
10-19 14:42:00.290 W/AlarmManager( 1145): Suspiciously short interval 30000 millis; expanding to 60 seconds
10-19 14:42:11.300 V/AlarmManager( 1145): ELAPSED_WAKEUP set : Alarm{13c7efa1 type 2 when 430535618 com.google.android.gms} when 430535618
10-19 14:42:11.300 V/AlarmManager( 1145): ELAPSED_WAKEUP set : Alarm{eaa45c6 type 2 when 430546590 com.google.android.gms} when 430546590
10-19 14:42:11.310 D/WifiServiceImplEx( 1145): acquireWifiLock pid=5864, uid=10008, packageName=com.google.uid.shared:10008, tag=NlpWifiLock
10-19 14:42:11.310 D/WifiServiceImplEx( 1145): startScan pid=5864, uid=10008, packageName=com.google.uid.shared:10008
10-19 14:42:11.380 D/WifiServiceImplEx( 1145): acquireWifiLock pid=5864, uid=10008, packageName=com.google.uid.shared:10008, tag=NlpWifiLock
10-19 14:42:11.620 D/NetworkManagementService( 1145): onDataConnectionRealTimeInfoChanged: mTime=430546918333622 mDcPowerState=3
10-19 14:42:11.810 D/PowerService( 3898): isACConnected: false, isFastChargerType: false, isCharging: false, isFastChargerConnected: false
10-19 14:42:12.680 D/WifiServiceImplEx( 1145): releaseWifiLock pid=5864, uid=10008, packageName=com.google.uid.shared:10008
10-19 14:42:13.280 D/PowerService( 3898): isACConnected: false, isFastChargerType: false, isCharging: false, isFastChargerConnected: false
10-19 14:42:14.620 D/WifiServiceImplEx( 1145): releaseWifiLock pid=5864, uid=10008, packageName=com.google.uid.shared:10008
10-19 14:42:14.760 D/PowerService( 3898): isACConnected: false, isFastChargerType: false, isCharging: false, isFastChargerConnected: false
10-19 14:42:15.290 W/AlarmManager( 1145): Suspiciously short interval 30000 millis; expanding to 60 seconds
10-19 14:42:16.240 D/PowerService( 3898): isACConnected: false, isFastChargerType: false, isCharging: false, isFastChargerConnected: false
10-19 14:42:23.930 D/NetworkManagementService( 1145): onDataConnectionRealTimeInfoChanged: mTime=430559220953096 mDcPowerState=1
10-19 14:42:26.790 D/PowerService( 3898): isACConnected: false, isFastChargerType: false, isCharging: false, isFastChargerConnected: false
10-19 14:42:26.800 D/LEDHandler( 3898): ACTION_BATTERY_CHANGED : plugged type=2
10-19 14:42:26.800 D/LEDHandler( 3898): Battery Level Remaining: 100%
10-19 14:42:26.800 D/LEDHandler( 3898): Battery Temp: 309, mChargingStatus=5, mChargingStop=false
10-19 14:42:26.800 D/WifiController( 1145): battery changed pluggedType: 2
10-19 14:42:41.290 W/AlarmManager( 1145): Suspiciously short interval 30000 millis; expanding to 60 seconds
10-19 14:42:53.220 D/PowerService( 3898): isACConnected: false, isFastChargerType: false, isCharging: false, isFastChargerConnected: false
10-19 14:43:00.000 D/PowerManagerServiceEx( 1145): acquireWakeLockInternal: lock=145193235, flags=0x40000001, tag="*alarm*", ws=WorkSource{1000}, historyTag=*alarm*:android.intent.action.TIME_TICK, uid=1000, pid=1145
10-19 14:43:00.010 D/PowerManagerServiceEx( 1145): releaseWakeLockInternal: lock=145193235 [*alarm*], flags=0x0
10-19 14:43:26.790 D/PowerService( 3898): isACConnected: false, isFastChargerType: false, isCharging: false, isFastChargerConnected: false
10-19 14:43:26.800 D/LEDHandler( 3898): ACTION_BATTERY_CHANGED : plugged type=2
10-19 14:43:26.800 D/LEDHandler( 3898): Battery Level Remaining: 100%
10-19 14:43:26.800 D/LEDHandler( 3898): Battery Temp: 309, mChargingStatus=5, mChargingStop=false
10-19 14:43:26.800 D/WifiController( 1145): battery changed pluggedType: 2
10-19 14:43:59.990 D/PowerManagerServiceEx( 1145): acquireWakeLockInternal: lock=145193235, flags=0x40000001, tag="*alarm*", ws=WorkSource{1000}, historyTag=*alarm*:android.intent.action.TIME_TICK, uid=1000, pid=1145
10-19 14:44:00.010 D/PowerManagerServiceEx( 1145): releaseWakeLockInternal: lock=145193235 [*alarm*], flags=0x0
10-19 14:44:26.790 D/PowerService( 3898): isACConnected: false, isFastChargerType: false, isCharging: false, isFastChargerConnected: false
10-19 14:44:26.800 D/WifiController( 1145): battery changed pluggedType: 2
10-19 14:44:26.800 D/LEDHandler( 3898): ACTION_BATTERY_CHANGED : plugged type=2
10-19 14:44:26.800 D/LEDHandler( 3898): Battery Level Remaining: 100%
10-19 14:44:26.800 D/LEDHandler( 3898): Battery Temp: 308, mChargingStatus=5, mChargingStop=false
10-19 14:44:55.300 W/AlarmManager( 1145): Suspiciously short interval 30000 millis; expanding to 60 seconds
10-19 14:44:59.990 D/PowerManagerServiceEx( 1145): acquireWakeLockInternal: lock=145193235, flags=0x40000001, tag="*alarm*", ws=WorkSource{1000}, historyTag=*alarm*:android.intent.action.TIME_TICK, uid=1000, pid=1145
10-19 14:45:00.010 D/PowerManagerServiceEx( 1145): releaseWakeLockInternal: lock=145193235 [*alarm*], flags=0x0
10-19 14:45:13.320 D/WifiServiceImplEx( 1145): acquireWifiLock pid=5864, uid=10008, packageName=com.google.uid.shared:10008, tag=NlpWifiLock
10-19 14:45:13.330 D/WifiServiceImplEx( 1145): startScan pid=5864, uid=10008, packageName=com.google.uid.shared:10008
10-19 14:45:16.570 D/WifiServiceImplEx( 1145): releaseWifiLock pid=5864, uid=10008, packageName=com.google.uid.shared:10008
10-19 14:45:26.790 D/PowerService( 3898): isACConnected: false, isFastChargerType: false, isCharging: false, isFastChargerConnected: false
10-19 14:45:26.800 D/LEDHandler( 3898): ACTION_BATTERY_CHANGED : plugged type=2
10-19 14:45:26.800 D/LEDHandler( 3898): Battery Level Remaining: 100%
10-19 14:45:26.800 D/LEDHandler( 3898): Battery Temp: 308, mChargingStatus=5, mChargingStop=false
10-19 14:45:26.800 D/WifiController( 1145): battery changed pluggedType: 2
10-19 14:45:31.290 W/AlarmManager( 1145): Suspiciously short interval 30000 millis; expanding to 60 seconds
10-19 14:45:51.440 V/AlarmManager( 1145): ELAPSED_WAKEUP set : Alarm{310f167c type 2 when 430748620 com.google.android.gms} when 430748620
10-19 14:45:51.440 D/WifiServiceImplEx( 1145): acquireWifiLock pid=5864, uid=10008, packageName=com.google.uid.shared:10008, tag=NlpWifiLock
10-19 14:45:51.440 D/WifiServiceImplEx( 1145): startScan pid=5864, uid=10008, packageName=com.google.uid.shared:10008
10-19 14:45:54.760 D/WifiServiceImplEx( 1145): releaseWifiLock pid=5864, uid=10008, packageName=com.google.uid.shared:10008
10-19 14:45:55.300 W/AlarmManager( 1145): Suspiciously short interval 30000 millis; expanding to 60 seconds
10-19 14:46:00.000 D/PowerManagerServiceEx( 1145): acquireWakeLockInternal: lock=145193235, flags=0x40000001, tag="*alarm*", ws=WorkSource{1000}, historyTag=*alarm*:android.intent.action.TIME_TICK, uid=1000, pid=1145
10-19 14:46:00.010 D/PowerManagerServiceEx( 1145): releaseWakeLockInternal: lock=145193235 [*alarm*], flags=0x0
10-19 14:46:10.290 W/AlarmManager( 1145): Suspiciously short interval 30000 millis; expanding to 60 seconds
10-19 14:46:13.230 D/NetworkManagementService( 1145): onDataConnectionRealTimeInfoChanged: mTime=430788527873946 mDcPowerState=3
10-19 14:46:24.080 D/NetworkManagementService( 1145): onDataConnectionRealTimeInfoChanged: mTime=430799367896442 mDcPowerState=1
10-19 14:46:26.790 D/PowerService( 3898): isACConnected: false, isFastChargerType: false, isCharging: false, isFastChargerConnected: false
10-19 14:46:31.430 D/LEDHandler( 3898): ACTION_BATTERY_CHANGED : plugged type=2
10-19 14:46:31.430 D/LEDHandler( 3898): Battery Level Remaining: 100%
10-19 14:46:31.430 D/LEDHandler( 3898): Battery Temp: 308, mChargingStatus=5, mChargingStop=false
10-19 14:46:31.440 D/WifiController( 1145): battery changed pluggedType: 2
10-19 14:46:48.300 W/AlarmManager( 1145): Suspiciously short interval 30000 millis; expanding to 60 seconds
10-19 14:46:53.350 D/WifiServiceImplEx( 1145): acquireWifiLock pid=5864, uid=10008, packageName=com.google.uid.shared:10008, tag=NlpWifiLock
10-19 14:46:53.350 D/WifiServiceImplEx( 1145): startScan pid=5864, uid=10008, packageName=com.google.uid.shared:10008
10-19 14:46:56.590 D/WifiServiceImplEx( 1145): releaseWifiLock pid=5864, uid=10008, packageName=com.google.uid.shared:10008
10-19 14:47:00.000 D/PowerManagerServiceEx( 1145): acquireWakeLockInternal: lock=145193235, flags=0x40000001, tag="*alarm*", ws=WorkSource{1000}, historyTag=*alarm*:android.intent.action.TIME_TICK, uid=1000, pid=1145
10-19 14:47:00.010 D/PowerManagerServiceEx( 1145): releaseWakeLockInternal: lock=145193235 [*alarm*], flags=0x0
10-19 14:47:13.350 V/AlarmManager( 1145): ELAPSED_WAKEUP set : Alarm{251bdb0a type 2 when 430848642 com.google.android.gms} when 430848642
10-19 14:47:13.380 D/WifiServiceImplEx( 1145): acquireWifiLock pid=5864, uid=10008, packageName=com.google.uid.shared:10008, tag=NlpWifiLock
10-19 14:47:13.380 D/WifiServiceImplEx( 1145): startScan pid=5864, uid=10008, packageName=com.google.uid.shared:10008
10-19 14:47:16.650 D/WifiServiceImplEx( 1145): releaseWifiLock pid=5864, uid=10008, packageName=com.google.uid.shared:10008
10-19 14:47:26.790 D/PowerService( 3898): isACConnected: false, isFastChargerType: false, isCharging: false, isFastChargerConnected: false
10-19 14:47:34.290 W/AlarmManager( 1145): Suspiciously short interval 30000 millis; expanding to 60 seconds
10-19 14:47:51.670 W/ActivityManager( 1145): getRecentTasks: caller 10147 does not hold GET_TASKS; limiting output
10-19 14:47:59.990 D/PowerManagerServiceEx( 1145): acquireWakeLockInternal: lock=145193235, flags=0x40000001, tag="*alarm*", ws=WorkSource{1000}, historyTag=*alarm*:android.intent.action.TIME_TICK, uid=1000, pid=1145
10-19 14:48:00.010 D/PowerManagerServiceEx( 1145): releaseWakeLockInternal: lock=145193235 [*alarm*], flags=0x0
10-19 14:48:02.220 D/PowerService( 3898): isACConnected: false, isFastChargerType: false, isCharging: false, isFastChargerConnected: false
10-19 14:48:02.230 D/WifiController( 1145): battery changed pluggedType: 2
10-19 14:48:02.230 D/LEDHandler( 3898): ACTION_BATTERY_CHANGED : plugged type=2
10-19 14:48:02.230 D/LEDHandler( 3898): Battery Level Remaining: 100%
10-19 14:48:02.230 D/LEDHandler( 3898): Battery Temp: 309, mChargingStatus=5, mChargingStop=false
10-19 14:48:26.790 D/PowerService( 3898): isACConnected: false, isFastChargerType: false, isCharging: false, isFastChargerConnected: false
10-19 14:48:59.990 D/PowerManagerServiceEx( 1145): acquireWakeLockInternal: lock=145193235, flags=0x40000001, tag="*alarm*", ws=WorkSource{1000}, historyTag=*alarm*:android.intent.action.TIME_TICK, uid=1000, pid=1145
10-19 14:49:00.010 D/PowerManagerServiceEx( 1145): releaseWakeLockInternal: lock=145193235 [*alarm*], flags=0x0
10-19 14:49:26.790 D/PowerService( 3898): isACConnected: false, isFastChargerType: false, isCharging: false, isFastChargerConnected: false
10-19 14:49:26.790 D/LEDHandler( 3898): ACTION_BATTERY_CHANGED : plugged type=2
10-19 14:49:26.790 D/LEDHandler( 3898): Battery Level Remaining: 100%
10-19 14:49:26.800 D/LEDHandler( 3898): Battery Temp: 308, mChargingStatus=5, mChargingStop=false
10-19 14:49:26.800 D/WifiController( 1145): battery changed pluggedType: 2
--------- beginning of main
10-19 14:49:31.290 D/GpsLocationProvider( 1145): sv: 68 snr: 0.0 elev: 28.0 azimuth: 33.0    
10-19 14:49:31.290 D/GpsLocationProvider( 1145): sv: 202 snr: 0.0 elev: 24.0 azimuth: 240.0    
10-19 14:49:31.290 D/GpsLocationProvider( 1145): sv: 203 snr: 0.0 elev: 41.0 azimuth: 205.0    
10-19 14:49:31.290 D/GpsLocationProvider( 1145): sv: 204 snr: 0.0 elev: 33.0 azimuth: 133.0 E AU
10-19 14:49:31.290 D/GpsLocationProvider( 1145): sv: 205 snr: 0.0 elev: 7.0 azimuth: 255.0   A
10-19 14:49:31.290 D/GpsLocationProvider( 1145): sv: 206 snr: 0.0 elev: 63.0 azimuth: 243.0    
10-19 14:49:31.290 D/GpsLocationProvider( 1145): sv: 208 snr: 0.0 elev: 67.0 azimuth: 167.0    
10-19 14:49:31.290 D/GpsLocationProvider( 1145): sv: 209 snr: 0.0 elev: 37.0 azimuth: 234.0   A
10-19 14:49:31.290 D/GpsLocationProvider( 1145): sv: 212 snr: 0.0 elev: 10.0 azimuth: 319.0    
10-19 14:49:32.290 D/GpsLocationProvider( 1145): SV count: 26 ephemerisMask: 800 almanacMask: 31411972
10-19 14:49:32.290 D/GpsLocationProvider( 1145): sv: 2 snr: 1.33 elev: 64.0 azimuth: 330.0   AU
10-19 14:49:32.290 D/GpsLocationProvider( 1145): sv: 5 snr: 1.48 elev: 45.0 azimuth: 260.0   AU
10-19 14:49:32.290 D/GpsLocationProvider( 1145): sv: 12 snr: 1.24 elev: 14.0 azimuth: 260.0 E AU
10-19 14:49:32.290 D/GpsLocationProvider( 1145): sv: 25 snr: 1.24 elev: 9.0 azimuth: 296.0   AU
10-19 14:49:32.290 D/GpsLocationProvider( 1145): sv: 6 snr: 0.0 elev: 59.0 azimuth: 77.0   A
10-19 14:49:32.290 D/GpsLocationProvider( 1145): sv: 7 snr: 0.0 elev: 5.0 azimuth: 102.0   A
10-19 14:49:32.290 D/GpsLocationProvider( 1145): sv: 9 snr: 0.0 elev: 37.0 azimuth: 56.0   A
10-19 14:49:32.290 D/GpsLocationProvider( 1145): sv: 13 snr: 0.0 elev: 8.0 azimuth: 191.0   A
10-19 14:49:32.290 D/GpsLocationProvider( 1145): sv: 17 snr: 0.0 elev: 16.0 azimuth: 158.0   A
10-19 14:49:32.290 D/GpsLocationProvider( 1145): sv: 23 snr: 0.0 elev: 5.0 azimuth: 36.0   A
10-19 14:49:32.290 D/GpsLocationProvider( 1145): sv: 29 snr: 0.0 elev: 1.0 azimuth: 323.0   A
10-19 14:49:32.290 D/GpsLocationProvider( 1145): sv: 30 snr: 0.0 elev: 0.0 azimuth: 0.0   A
10-19 14:49:32.290 D/GpsLocationProvider( 1145): sv: 70 snr: 1.61 elev: 33.0 azimuth: 233.0   A
10-19 14:49:32.290 D/GpsLocationProvider( 1145): sv: 85 snr: 1.6200001 elev: 26.0 azimuth: 326.0    
10-19 14:49:32.290 D/GpsLocationProvider( 1145): sv: 69 snr: 0.0 elev: 75.0 azimuth: 336.0   AU
10-19 14:49:32.290 D/GpsLocationProvider( 1145): sv: 84 snr: 0.0 elev: 78.0 azimuth: 343.0    
10-19 14:49:32.290 D/GpsLocationProvider( 1145): sv: 83 snr: 0.0 elev: 42.0 azimuth: 142.0    
10-19 14:49:32.290 D/GpsLocationProvider( 1145): sv: 68 snr: 0.0 elev: 28.0 azimuth: 33.0    
10-19 14:49:32.290 D/GpsLocationProvider( 1145): sv: 202 snr: 0.0 elev: 24.0 azimuth: 240.0    
10-19 14:49:32.290 D/GpsLocationProvider( 1145): sv: 203 snr: 0.0 elev: 41.0 azimuth: 205.0    
10-19 14:49:32.290 D/GpsLocationProvider( 1145): sv: 204 snr: 0.0 elev: 33.0 azimuth: 133.0 E AU
10-19 14:49:32.290 D/GpsLocationProvider( 1145): sv: 205 snr: 0.0 elev: 7.0 azimuth: 255.0   A
10-19 14:49:32.290 D/GpsLocationProvider( 1145): sv: 206 snr: 0.0 elev: 63.0 azimuth: 243.0    
10-19 14:49:32.290 D/GpsLocationProvider( 1145): sv: 208 snr: 0.0 elev: 67.0 azimuth: 167.0    
10-19 14:49:32.290 D/GpsLocationProvider( 1145): sv: 209 snr: 0.0 elev: 37.0 azimuth: 234.0   A
10-19 14:49:32.290 D/GpsLocationProvider( 1145): sv: 212 snr: 0.0 elev: 10.0 azimuth: 319.0    
10-19 14:49:33.280 D/GpsLocationProvider( 1145): SV count: 26 ephemerisMask: 800 almanacMask: 31411972
10-19 14:49:33.280 D/GpsLocationProvider( 1145): sv: 2 snr: 1.33 elev: 64.0 azimuth: 330.0   AU
10-19 14:49:33.280 D/GpsLocationProvider( 1145): sv: 5 snr: 1.48 elev: 45.0 azimuth: 260.0   AU
10-19 14:49:33.280 D/GpsLocationProvider( 1145): sv: 12 snr: 1.24 elev: 14.0 azimuth: 260.0 E AU
10-19 14:49:33.280 D/GpsLocationProvider( 1145): sv: 25 snr: 1.24 elev: 9.0 azimuth: 296.0   AU
10-19 14:49:33.280 D/GpsLocationProvider( 1145): sv: 6 snr: 0.0 elev: 59.0 azimuth: 77.0   A
10-19 14:49:33.280 D/GpsLocationProvider( 1145): sv: 7 snr: 0.0 elev: 5.0 azimuth: 102.0   A
10-19 14:49:33.280 D/GpsLocationProvider( 1145): sv: 9 snr: 0.0 elev: 37.0 azimuth: 56.0   A
10-19 14:49:33.280 D/GpsLocationProvider( 1145): sv: 13 snr: 0.0 elev: 8.0 azimuth: 191.0   A
10-19 14:49:33.280 D/GpsLocationProvider( 1145): sv: 17 snr: 0.0 elev: 16.0 azimuth: 158.0   A
10-19 14:49:33.280 D/GpsLocationProvider( 1145): sv: 23 snr: 0.0 elev: 5.0 azimuth: 36.0   A
10-19 14:49:33.280 D/GpsLocationProvider( 1145): sv: 29 snr: 0.0 elev: 1.0 azimuth: 323.0   A
10-19 14:49:33.280 D/GpsLocationProvider( 1145): sv: 30 snr: 0.0 elev: 0.0 azimuth: 0.0   A
10-19 14:49:33.280 D/GpsLocationProvider( 1145): sv: 70 snr: 1.79 elev: 33.0 azimuth: 233.0   A
10-19 14:49:33.280 D/GpsLocationProvider( 1145): sv: 85 snr: 1.6200001 elev: 26.0 azimuth: 326.0    
10-19 14:49:33.280 D/GpsLocationProvider( 1145): sv: 69 snr: 0.0 elev: 75.0 azimuth: 336.0   AU
10-19 14:49:33.280 D/GpsLocationProvider( 1145): sv: 84 snr: 0.0 elev: 78.0 azimuth: 343.0    
10-19 14:49:33.280 D/GpsLocationProvider( 1145): sv: 83 snr: 0.0 elev: 42.0 azimuth: 142.0    
10-19 14:49:33.280 D/GpsLocationProvider( 1145): sv: 68 snr: 0.0 elev: 28.0 azimuth: 33.0    
10-19 14:49:33.280 D/GpsLocationProvider( 1145): sv: 202 snr: 0.0 elev: 24.0 azimuth: 240.0    
10-19 14:49:33.290 D/GpsLocationProvider( 1145): sv: 203 snr: 0.0 elev: 41.0 azimuth: 205.0    
10-19 14:49:33.290 D/GpsLocationProvider( 1145): sv: 204 snr: 0.0 elev: 33.0 azimuth: 133.0 E AU
10-19 14:49:33.290 D/GpsLocationProvider( 1145): sv: 205 snr: 0.0 elev: 7.0 azimuth: 255.0   A
10-19 14:49:33.290 D/GpsLocationProvider( 1145): sv: 206 snr: 0.0 elev: 63.0 azimuth: 243.0    
10-19 14:49:33.290 D/GpsLocationProvider( 1145): sv: 208 snr: 0.0 elev: 67.0 azimuth: 167.0    
10-19 14:49:33.290 D/GpsLocationProvider( 1145): sv: 209 snr: 0.0 elev: 37.0 azimuth: 234.0   A
10-19 14:49:33.290 D/GpsLocationProvider( 1145): sv: 212 snr: 0.0 elev: 10.0 azimuth: 319.0    
10-19 14:49:34.290 D/GpsLocationProvider( 1145): SV count: 26 ephemerisMask: 800 almanacMask: 31411972
10-19 14:49:34.290 D/GpsLocationProvider( 1145): sv: 2 snr: 1.33 elev: 64.0 azimuth: 330.0   AU
10-19 14:49:34.290 D/GpsLocationProvider( 1145): sv: 5 snr: 1.48 elev: 45.0 azimuth: 260.0   AU
10-19 14:49:34.290 D/GpsLocationProvider( 1145): sv: 12 snr: 1.24 elev: 14.0 azimuth: 260.0 E AU
10-19 14:49:34.290 D/GpsLocationProvider( 1145): sv: 25 snr: 1.24 elev: 9.0 azimuth: 296.0   AU
10-19 14:49:34.290 D/GpsLocationProvider( 1145): sv: 6 snr: 0.0 elev: 59.0 azimuth: 77.0   A
10-19 14:49:34.290 D/GpsLocationProvider( 1145): sv: 7 snr: 0.0 elev: 5.0 azimuth: 102.0   A
10-19 14:49:34.290 D/GpsLocationProvider( 1145): sv: 9 snr: 0.0 elev: 37.0 azimuth: 56.0   A
10-19 14:49:34.290 D/GpsLocationProvider( 1145): sv: 13 snr: 0.0 elev: 8.0 azimuth: 191.0   A
10-19 14:49:34.290 D/GpsLocationProvider( 1145): sv: 17 snr: 0.0 elev: 16.0 azimuth: 158.0   A
10-19 14:49:34.290 D/GpsLocationProvider( 1145): sv: 23 snr: 0.0 elev: 5.0 azimuth: 36.0   A
10-19 14:49:34.290 D/GpsLocationProvider( 1145): sv: 29 snr: 0.0 elev: 1.0 azimuth: 323.0   A
10-19 14:49:34.290 D/GpsLocationProvider( 1145): sv: 30 snr: 0.0 elev: 0.0 azimuth: 0.0   A
10-19 14:49:34.290 D/GpsLocationProvider( 1145): sv: 70 snr: 1.79 elev: 33.0 azimuth: 233.0   A
10-19 14:49:34.290 D/GpsLocationProvider( 1145): sv: 85 snr: 1.6200001 elev: 26.0 azimuth: 326.0    
10-19 14:49:34.290 D/GpsLocationProvider( 1145): sv: 69 snr: 0.0 elev: 75.0 azimuth: 336.0   AU
10-19 14:49:34.290 D/GpsLocationProvider( 1145): sv: 84 snr: 0.0 elev: 78.0 azimuth: 343.0    
10-19 14:49:34.290 D/GpsLocationProvider( 1145): sv: 83 snr: 0.0 elev: 42.0 azimuth: 142.0    
10-19 14:49:34.290 D/GpsLocationProvider( 1145): sv: 68 snr: 0.0 elev: 28.0 azimuth: 33.0    
10-19 14:49:34.290 D/GpsLocationProvider( 1145): sv: 202 snr: 0.0 elev: 24.0 azimuth: 240.0    
10-19 14:49:34.290 D/GpsLocationProvider( 1145): sv: 203 snr: 0.0 elev: 41.0 azimuth: 205.0    
10-19 14:49:34.290 D/GpsLocationProvider( 1145): sv: 204 snr: 0.0 elev: 33.0 azimuth: 133.0 E AU
10-19 14:49:34.290 D/GpsLocationProvider( 1145): sv: 205 snr: 0.0 elev: 7.0 azimuth: 255.0   A
10-19 14:49:34.290 D/GpsLocationProvider( 1145): sv: 206 snr: 0.0 elev: 63.0 azimuth: 243.0    
10-19 14:49:34.290 D/GpsLocationProvider( 1145): sv: 208 snr: 0.0 elev: 67.0 azimuth: 167.0    
10-19 14:49:34.290 D/GpsLocationProvider( 1145): sv: 209 snr: 0.0 elev: 37.0 azimuth: 234.0   A
10-19 14:49:34.290 D/GpsLocationProvider( 1145): sv: 212 snr: 0.0 elev: 10.0 azimuth: 319.0    
10-19 14:49:35.290 D/GpsLocationProvider( 1145): SV count: 26 ephemerisMask: 800 almanacMask: 31411972
10-19 14:49:35.290 D/GpsLocationProvider( 1145): sv: 2 snr: 1.33 elev: 64.0 azimuth: 330.0   AU
10-19 14:49:35.290 D/GpsLocationProvider( 1145): sv: 5 snr: 1.48 elev: 45.0 azimuth: 260.0   AU
10-19 14:49:35.290 D/GpsLocationProvider( 1145): sv: 12 snr: 1.38 elev: 14.0 azimuth: 260.0 E AU
10-19 14:49:35.290 D/GpsLocationProvider( 1145): sv: 25 snr: 1.36 elev: 9.0 azimuth: 296.0   AU
10-19 14:49:35.290 D/GpsLocationProvider( 1145): sv: 6 snr: 0.0 elev: 59.0 azimuth: 77.0   A
10-19 14:49:35.290 D/GpsLocationProvider( 1145): sv: 7 snr: 0.0 elev: 5.0 azimuth: 102.0   A
10-19 14:49:35.290 D/GpsLocationProvider( 1145): sv: 9 snr: 0.0 elev: 37.0 azimuth: 56.0   A
10-19 14:49:35.290 D/GpsLocationProvider( 1145): sv: 13 snr: 0.0 elev: 8.0 azimuth: 191.0   A
10-19 14:49:35.290 D/GpsLocationProvider( 1145): sv: 17 snr: 0.0 elev: 16.0 azimuth: 158.0   A
10-19 14:49:35.290 D/GpsLocationProvider( 1145): sv: 23 snr: 0.0 elev: 5.0 azimuth: 36.0   A
10-19 14:49:35.290 D/GpsLocationProvider( 1145): sv: 29 snr: 0.0 elev: 1.0 azimuth: 323.0   A
10-19 14:49:35.290 D/GpsLocationProvider( 1145): sv: 30 snr: 0.0 elev: 0.0 azimuth: 0.0   A
10-19 14:49:35.290 D/GpsLocationProvider( 1145): sv: 70 snr: 1.6700001 elev: 33.0 azimuth: 233.0   A
10-19 14:49:35.290 D/GpsLocationProvider( 1145): sv: 85 snr: 1.6200001 elev: 26.0 azimuth: 326.0    
10-19 14:49:35.290 D/GpsLocationProvider( 1145): sv: 69 snr: 0.0 elev: 75.0 azimuth: 336.0   AU
10-19 14:49:35.290 D/GpsLocationProvider( 1145): sv: 84 snr: 0.0 elev: 78.0 azimuth: 343.0    
10-19 14:49:35.290 D/GpsLocationProvider( 1145): sv: 83 snr: 0.0 elev: 42.0 azimuth: 142.0    
10-19 14:49:35.290 D/GpsLocationProvider( 1145): sv: 68 snr: 0.0 elev: 28.0 azimuth: 33.0    
10-19 14:49:35.290 D/GpsLocationProvider( 1145): sv: 202 snr: 0.0 elev: 24.0 azimuth: 240.0    
10-19 14:49:35.290 D/GpsLocationProvider( 1145): sv: 203 snr: 0.0 elev: 41.0 azimuth: 205.0    
10-19 14:49:35.290 D/GpsLocationProvider( 1145): sv: 204 snr: 0.0 elev: 33.0 azimuth: 133.0 E AU
10-19 14:49:35.290 D/GpsLocationProvider( 1145): sv: 205 snr: 0.0 elev: 7.0 azimuth: 255.0   A
10-19 14:49:35.290 D/GpsLocationProvider( 1145): sv: 206 snr: 0.0 elev: 63.0 azimuth: 243.0    
10-19 14:49:35.290 D/GpsLocationProvider( 1145): sv: 208 snr: 0.0 elev: 67.0 azimuth: 167.0    
10-19 14:49:35.290 D/GpsLocationProvider( 1145): sv: 209 snr: 0.0 elev: 37.0 azimuth: 234.0   A
10-19 14:49:35.290 D/GpsLocationProvider( 1145): sv: 212 snr: 0.0 elev: 10.0 azimuth: 319.0    
10-19 14:49:36.280 D/GpsLocationProvider( 1145): SV count: 26 ephemerisMask: 800 almanacMask: 31411972
10-19 14:49:36.280 D/GpsLocationProvider( 1145): sv: 2 snr: 1.33 elev: 64.0 azimuth: 330.0   AU
10-19 14:49:36.280 D/GpsLocationProvider( 1145): sv: 5 snr: 1.48 elev: 45.0 azimuth: 260.0   AU
10-19 14:49:36.280 D/GpsLocationProvider( 1145): sv: 12 snr: 1.38 elev: 14.0 azimuth: 260.0 E AU
10-19 14:49:36.280 D/GpsLocationProvider( 1145): sv: 25 snr: 1.36 elev: 9.0 azimuth: 296.0   AU
10-19 14:49:36.280 D/GpsLocationProvider( 1145): sv: 6 snr: 0.0 elev: 59.0 azimuth: 77.0   A
10-19 14:49:36.280 D/GpsLocationProvider( 1145): sv: 7 snr: 0.0 elev: 5.0 azimuth: 102.0   A
10-19 14:49:36.280 D/GpsLocationProvider( 1145): sv: 9 snr: 0.0 elev: 37.0 azimuth: 56.0   A
10-19 14:49:36.280 D/GpsLocationProvider( 1145): sv: 13 snr: 0.0 elev: 8.0 azimuth: 191.0   A
10-19 14:49:36.280 D/GpsLocationProvider( 1145): sv: 17 snr: 0.0 elev: 16.0 azimuth: 158.0   A
10-19 14:49:36.280 D/GpsLocationProvider( 1145): sv: 23 snr: 0.0 elev: 5.0 azimuth: 36.0   A
10-19 14:49:36.280 D/GpsLocationProvider( 1145): sv: 29 snr: 0.0 elev: 1.0 azimuth: 323.0   A
10-19 14:49:36.280 D/GpsLocationProvider( 1145): sv: 30 snr: 0.0 elev: 0.0 azimuth: 0.0   A
10-19 14:49:36.280 D/GpsLocationProvider( 1145): sv: 70 snr: 2.0700002 elev: 33.0 azimuth: 233.0   A
10-19 14:49:36.280 D/GpsLocationProvider( 1145): sv: 85 snr: 1.6200001 elev: 26.0 azimuth: 326.0    
10-19 14:49:36.280 D/GpsLocationProvider( 1145): sv: 69 snr: 0.0 elev: 75.0 azimuth: 336.0   AU
10-19 14:49:36.280 D/GpsLocationProvider( 1145): sv: 84 snr: 0.0 elev: 78.0 azimuth: 343.0    
10-19 14:49:36.280 D/GpsLocationProvider( 1145): sv: 83 snr: 0.0 elev: 42.0 azimuth: 142.0    
10-19 14:49:36.280 D/GpsLocationProvider( 1145): sv: 68 snr: 0.0 elev: 28.0 azimuth: 33.0    
10-19 14:49:36.280 D/GpsLocationProvider( 1145): sv: 202 snr: 0.0 elev: 24.0 azimuth: 240.0    
10-19 14:49:36.280 D/GpsLocationProvider( 1145): sv: 203 snr: 0.0 elev: 41.0 azimuth: 205.0    
10-19 14:49:36.280 D/GpsLocationProvider( 1145): sv: 204 snr: 0.0 elev: 33.0 azimuth: 133.0 E AU
