10-19 13:50:59.990 D/PowerManagerServiceEx( 1145): acquireWakeLockInternal: lock=145193235, flags=0x40000001, tag="*alarm*", ws=WorkSource{1000}, historyTag=*alarm*:android.intent.action.TIME_TICK, uid=1000, pid=1145
10-19 13:51:00.010 D/PowerManagerServiceEx( 1145): releaseWakeLockInternal: lock=145193235 [*alarm*], flags=0x0
10-19 13:51:26.790 D/PowerService( 3898): isACConnected: false, isFastChargerType: false, isCharging: false, isFastChargerConnected: false
10-19 13:51:26.800 D/LEDHandler( 3898): ACTION_BATTERY_CHANGED : plugged type=2
10-19 13:51:26.800 D/LEDHandler( 3898): Battery Level Remaining: 100%
10-19 13:51:26.800 D/LEDHandler( 3898): Battery Temp: 309, mChargingStatus=5, mChargingStop=false
10-19 13:51:26.800 D/WifiController( 1145): battery changed pluggedType: 2
10-19 13:51:32.300 W/AlarmManager( 1145): Suspiciously short interval 30000 millis; expanding to 60 seconds
10-19 13:51:34.320 D/WifiServiceImplEx( 1145): acquireWifiLock pid=5864, uid=10008, packageName=com.google.uid.shared:10008, tag=NlpWifiLock
10-19 13:51:34.320 D/WifiServiceImplEx( 1145): startScan pid=5864, uid=10008, packageName=com.google.uid.shared:10008
10-19 13:51:37.630 D/WifiServiceImplEx( 1145): releaseWifiLock pid=5864, uid=10008, packageName=com.google.uid.shared:10008
10-19 13:51:38.310 W/AlarmManager( 1145): Suspiciously short interval 30000 millis; expanding to 60 seconds
10-19 13:51:59.990 D/PowerManagerServiceEx( 1145): acquireWakeLockInternal: lock=145193235, flags=0x40000001, tag="*alarm*", ws=WorkSource{1000}, historyTag=*alarm*:android.intent.action.TIME_TICK, uid=1000, pid=1145
10-19 13:52:00.010 I/ProcessStatsService( 1145): Prepared write state in 11ms
10-19 13:52:00.020 D/PowerManagerServiceEx( 1145): releaseWakeLockInternal: lock=145193235 [*alarm*], flags=0x0
10-19 13:52:14.320 D/WifiServiceImplEx( 1145): acquireWifiLock pid=5864, uid=10008, packageName=com.google.uid.shared:10008, tag=NlpWifiLock
10-19 13:52:14.320 D/WifiServiceImplEx( 1145): startScan pid=5864, uid=10008, packageName=com.google.uid.shared:10008
10-19 13:52:17.310 W/AlarmManager( 1145): Suspiciously short interval 30000 millis; expanding to 60 seconds
10-19 13:52:17.560 D/WifiServiceImplEx( 1145): releaseWifiLock pid=5864, uid=10008, packageName=com.google.uid.shared:10008
10-19 13:52:18.310 W/AlarmManager( 1145): Suspiciously short interval 30000 millis; expanding to 60 seconds
10-19 13:52:26.790 D/PowerService( 3898): isACConnected: false, isFastChargerType: false, isCharging: false, isFastChargerConnected: false
10-19 13:52:26.800 D/LEDHandler( 3898): ACTION_BATTERY_CHANGED : plugged type=2
10-19 13:52:26.800 D/LEDHandler( 3898): Battery Level Remaining: 100%
10-19 13:52:26.800 D/LEDHandler( 3898): Battery Temp: 309, mChargingStatus=5, mChargingStop=false
10-19 13:52:26.800 D/WifiController( 1145): battery changed pluggedType: 2
10-19 13:52:27.320 D/WifiServiceImplEx( 1145): acquireWifiLock pid=5864, uid=10008, packageName=com.google.uid.shared:10008, tag=NlpWifiLock
10-19 13:52:27.320 D/WifiServiceImplEx( 1145): startScan pid=5864, uid=10008, packageName=com.google.uid.shared:10008
10-19 13:52:30.580 D/WifiServiceImplEx( 1145): releaseWifiLock pid=5864, uid=10008, packageName=com.google.uid.shared:10008
10-19 13:52:53.310 W/AlarmManager( 1145): Suspiciously short interval 30000 millis; expanding to 60 seconds
10-19 13:52:59.990 D/PowerManagerServiceEx( 1145): acquireWakeLockInternal: lock=145193235, flags=0x40000001, tag="*alarm*", ws=WorkSource{1000}, historyTag=*alarm*:android.intent.action.TIME_TICK, uid=1000, pid=1145
10-19 13:53:00.010 D/PowerManagerServiceEx( 1145): releaseWakeLockInternal: lock=145193235 [*alarm*], flags=0x0
10-19 13:53:15.000 D/NetworkManagementService( 1145): onDataConnectionRealTimeInfoChanged: mTime=427610287701044 mDcPowerState=3
10-19 13:53:17.480 V/AlarmManager( 1145): ELAPSED_WAKEUP set : Alarm{1a241549 type 2 when 427582612 com.google.android.gms} when 427582612
10-19 13:53:17.490 D/WifiServiceImplEx( 1145): acquireWifiLock pid=5864, uid=10008, packageName=com.google.uid.shared:10008, tag=NlpWifiLock
10-19 13:53:17.490 D/WifiServiceImplEx( 1145): startScan pid=5864, uid=10008, packageName=com.google.uid.shared:10008
10-19 13:53:20.770 D/WifiServiceImplEx( 1145): releaseWifiLock pid=5864, uid=10008, packageName=com.google.uid.shared:10008
10-19 13:53:20.860 D/PowerService( 3898): isACConnected: false, isFastChargerType: false, isCharging: false, isFastChargerConnected: false
10-19 13:53:20.860 D/LEDHandler( 3898): ACTION_BATTERY_CHANGED : plugged type=2
10-19 13:53:20.860 D/LEDHandler( 3898): Battery Level Remaining: 100%
10-19 13:53:20.860 D/LEDHandler( 3898): Battery Temp: 309, mChargingStatus=5, mChargingStop=false
10-19 13:53:20.870 D/WifiController( 1145): battery changed pluggedType: 2
10-19 13:53:22.340 D/PowerService( 3898): isACConnected: false, isFastChargerType: false, isCharging: false, isFastChargerConnected: false
10-19 13:53:25.600 D/NetworkManagementService( 1145): onDataConnectionRealTimeInfoChanged: mTime=427620898068749 mDcPowerState=1
10-19 13:53:26.790 D/PowerService( 3898): isACConnected: false, isFastChargerType: false, isCharging: false, isFastChargerConnected: false
10-19 13:54:00.000 D/PowerManagerServiceEx( 1145): acquireWakeLockInternal: lock=145193235, flags=0x40000001, tag="*alarm*", ws=WorkSource{1000}, historyTag=*alarm*:android.intent.action.TIME_TICK, uid=1000, pid=1145
10-19 13:54:00.010 D/PowerManagerServiceEx( 1145): releaseWakeLockInternal: lock=145193235 [*alarm*], flags=0x0
10-19 13:54:12.320 D/WifiServiceImplEx( 1145): acquireWifiLock pid=5864, uid=10008, packageName=com.google.uid.shared:10008, tag=NlpWifiLock
10-19 13:54:12.330 D/WifiServiceImplEx( 1145): startScan pid=5864, uid=10008, packageName=com.google.uid.shared:10008
10-19 13:54:15.610 D/WifiServiceImplEx( 1145): releaseWifiLock pid=5864, uid=10008, packageName=com.google.uid.shared:10008
10-19 13:54:16.310 W/AlarmManager( 1145): Suspiciously short interval 30000 millis; expanding to 60 seconds
10-19 13:54:26.790 D/PowerService( 3898): isACConnected: false, isFastChargerType: false, isCharging: false, isFastChargerConnected: false
10-19 13:54:26.800 D/LEDHandler( 3898): ACTION_BATTERY_CHANGED : plugged type=2
10-19 13:54:26.800 D/LEDHandler( 3898): Battery Level Remaining: 100%
10-19 13:54:26.800 D/LEDHandler( 3898): Battery Temp: 312, mChargingStatus=5, mChargingStop=false
10-19 13:54:26.800 D/WifiController( 1145): battery changed pluggedType: 2
10-19 13:54:32.330 V/AlarmManager( 1145): ELAPSED_WAKEUP set : Alarm{29655e5f type 2 when 427687620 com.google.android.gms} when 427687620
10-19 13:54:32.330 D/WifiServiceImplEx( 1145): acquireWifiLock pid=5864, uid=10008, packageName=com.google.uid.shared:10008, tag=NlpWifiLock
10-19 13:54:32.340 D/WifiServiceImplEx( 1145): startScan pid=5864, uid=10008, packageName=com.google.uid.shared:10008
10-19 13:54:35.650 D/WifiServiceImplEx( 1145): releaseWifiLock pid=5864, uid=10008, packageName=com.google.uid.shared:10008
10-19 13:54:58.300 W/AlarmManager( 1145): Suspiciously short interval 30000 millis; expanding to 60 seconds
10-19 13:54:58.920 D/NetworkManagementService( 1145): onDataConnectionRealTimeInfoChanged: mTime=427714208138557 mDcPowerState=3
10-19 13:54:59.990 D/PowerManagerServiceEx( 1145): acquireWakeLockInternal: lock=145193235, flags=0x40000001, tag="*alarm*", ws=WorkSource{1000}, historyTag=*alarm*:android.intent.action.TIME_TICK, uid=1000, pid=1145
10-19 13:55:00.010 D/PowerManagerServiceEx( 1145): releaseWakeLockInternal: lock=145193235 [*alarm*], flags=0x0
10-19 13:55:20.680 D/NetworkManagementService( 1145): onDataConnectionRealTimeInfoChanged: mTime=427735969206153 mDcPowerState=1
10-19 13:55:26.790 D/PowerService( 3898): isACConnected: false, isFastChargerType: false, isCharging: false, isFastChargerConnected: false
10-19 13:55:26.800 D/LEDHandler( 3898): ACTION_BATTERY_CHANGED : plugged type=2
10-19 13:55:26.800 D/LEDHandler( 3898): Battery Level Remaining: 100%
10-19 13:55:26.800 D/LEDHandler( 3898): Battery Temp: 312, mChargingStatus=5, mChargingStop=false
10-19 13:55:26.800 D/WifiController( 1145): battery changed pluggedType: 2
10-19 13:55:59.990 D/PowerManagerServiceEx( 1145): acquireWakeLockInternal: lock=145193235, flags=0x40000001, tag="*alarm*", ws=WorkSource{1000}, historyTag=*alarm*:android.intent.action.TIME_TICK, uid=1000, pid=1145
10-19 13:56:00.010 D/PowerManagerServiceEx( 1145): releaseWakeLockInternal: lock=145193235 [*alarm*], flags=0x0
10-19 13:56:26.790 D/PowerService( 3898): isACConnected: false, isFastChargerType: false, isCharging: false, isFastChargerConnected: false
10-19 13:56:26.800 D/LEDHandler( 3898): ACTION_BATTERY_CHANGED : plugged type=2
10-19 13:56:26.800 D/LEDHandler( 3898): Battery Level Remaining: 100%
10-19 13:56:26.800 D/WifiController( 1145): battery changed pluggedType: 2
10-19 13:56:26.800 D/LEDHandler( 3898): Battery Temp: 312, mChargingStatus=5, mChargingStop=false
10-19 13:56:57.300 W/AlarmManager( 1145): Suspiciously short interval 30000 millis; expanding to 60 seconds
10-19 13:56:59.330 D/WifiServiceImplEx( 1145): acquireWifiLock pid=5864, uid=10008, packageName=com.google.uid.shared:10008, tag=NlpWifiLock
10-19 13:56:59.330 D/WifiServiceImplEx( 1145): startScan pid=5864, uid=10008, packageName=com.google.uid.shared:10008
10-19 13:56:59.990 D/PowerManagerServiceEx( 1145): acquireWakeLockInternal: lock=145193235, flags=0x40000001, tag="*alarm*", ws=WorkSource{1000}, historyTag=*alarm*:android.intent.action.TIME_TICK, uid=1000, pid=1145
10-19 13:57:00.010 D/PowerManagerServiceEx( 1145): releaseWakeLockInternal: lock=145193235 [*alarm*], flags=0x0
10-19 13:57:02.580 D/WifiServiceImplEx( 1145): releaseWifiLock pid=5864, uid=10008, packageName=com.google.uid.shared:10008
10-19 13:57:16.320 D/WifiServiceImplEx( 1145): acquireWifiLock pid=5864, uid=10008, packageName=com.google.uid.shared:10008, tag=NlpWifiLock
10-19 13:57:16.320 D/WifiServiceImplEx( 1145): startScan pid=5864, uid=10008, packageName=com.google.uid.shared:10008
10-19 13:57:17.940 V/AlarmManager( 1145): RTC_WAKEUP set : Alarm{3c99f761 type 0 when 1445230604376 com.google.android.gms} when 1445230604376
10-19 13:57:19.600 D/WifiServiceImplEx( 1145): releaseWifiLock pid=5864, uid=10008, packageName=com.google.uid.shared:10008
10-19 13:57:21.300 W/AlarmManager( 1145): Suspiciously short interval 30000 millis; expanding to 60 seconds
10-19 13:57:26.790 D/PowerService( 3898): isACConnected: false, isFastChargerType: false, isCharging: false, isFastChargerConnected: false
10-19 13:57:36.330 V/AlarmManager( 1145): ELAPSED_WAKEUP set : Alarm{2eed950c type 2 when 427871615 com.google.android.gms} when 427871615
10-19 13:57:36.330 D/WifiServiceImplEx( 1145): acquireWifiLock pid=5864, uid=10008, packageName=com.google.uid.shared:10008, tag=NlpWifiLock
10-19 13:57:36.330 D/WifiServiceImplEx( 1145): startScan pid=5864, uid=10008, packageName=com.google.uid.shared:10008
10-19 13:57:36.430 W/ActivityManager( 1145): getRecentTasks: caller 10147 does not hold GET_TASKS; limiting output
10-19 13:57:39.600 D/WifiServiceImplEx( 1145): releaseWifiLock pid=5864, uid=10008, packageName=com.google.uid.shared:10008
10-19 13:57:59.990 D/PowerManagerServiceEx( 1145): acquireWakeLockInternal: lock=145193235, flags=0x40000001, tag="*alarm*", ws=WorkSource{1000}, historyTag=*alarm*:android.intent.action.TIME_TICK, uid=1000, pid=1145
10-19 13:58:00.010 D/PowerManagerServiceEx( 1145): releaseWakeLockInternal: lock=145193235 [*alarm*], flags=0x0
10-19 13:58:26.790 D/PowerService( 3898): isACConnected: false, isFastChargerType: false, isCharging: false, isFastChargerConnected: false
10-19 13:58:26.800 D/WifiController( 1145): battery changed pluggedType: 2
10-19 13:58:26.800 D/LEDHandler( 3898): ACTION_BATTERY_CHANGED : plugged type=2
10-19 13:58:26.800 D/LEDHandler( 3898): Battery Level Remaining: 100%
10-19 13:58:26.800 D/LEDHandler( 3898): Battery Temp: 312, mChargingStatus=5, mChargingStop=false
10-19 13:59:00.000 D/PowerManagerServiceEx( 1145): acquireWakeLockInternal: lock=145193235, flags=0x40000001, tag="*alarm*", ws=WorkSource{1000}, historyTag=*alarm*:android.intent.action.TIME_TICK, uid=1000, pid=1145
10-19 13:59:00.010 D/PowerManagerServiceEx( 1145): releaseWakeLockInternal: lock=145193235 [*alarm*], flags=0x0
10-19 13:59:00.580 D/NetworkManagementService( 1145): onDataConnectionRealTimeInfoChanged: mTime=427955876700548 mDcPowerState=3
10-19 13:59:12.060 D/NetworkManagementService( 1145): onDataConnectionRealTimeInfoChanged: mTime=427967349652158 mDcPowerState=1
10-19 13:59:26.790 D/PowerService( 3898): isACConnected: false, isFastChargerType: false, isCharging: false, isFastChargerConnected: false
10-19 13:59:26.790 D/LEDHandler( 3898): ACTION_BATTERY_CHANGED : plugged type=2
10-19 13:59:26.790 D/LEDHandler( 3898): Battery Level Remaining: 100%
10-19 13:59:26.790 D/LEDHandler( 3898): Battery Temp: 312, mChargingStatus=5, mChargingStop=false
10-19 13:59:26.800 D/WifiController( 1145): battery changed pluggedType: 2
10-19 13:59:50.960 V/AlarmManager( 1145): ELAPSED_WAKEUP set : Alarm{2614b309 type 2 when 428006247 com.google.android.gms} when 428006247
10-19 13:59:59.990 D/PowerManagerServiceEx( 1145): acquireWakeLockInternal: lock=145193235, flags=0x40000001, tag="*alarm*", ws=WorkSource{1000}, historyTag=*alarm*:android.intent.action.TIME_TICK, uid=1000, pid=1145
10-19 14:00:00.010 D/PowerManagerServiceEx( 1145): releaseWakeLockInternal: lock=145193235 [*alarm*], flags=0x0
10-19 14:00:00.970 V/AlarmManager( 1145): ELAPSED_WAKEUP set : Alarm{753290e type 2 when 428016260 com.google.android.gms} when 428016260
10-19 14:00:22.310 W/AlarmManager( 1145): Suspiciously short interval 30000 millis; expanding to 60 seconds
10-19 14:00:26.800 D/PowerService( 3898): isACConnected: false, isFastChargerType: false, isCharging: false, isFastChargerConnected: false
10-19 14:00:26.800 D/LEDHandler( 3898): ACTION_BATTERY_CHANGED : plugged type=2
10-19 14:00:26.800 D/LEDHandler( 3898): Battery Level Remaining: 100%
10-19 14:00:26.800 D/LEDHandler( 3898): Battery Temp: 312, mChargingStatus=5, mChargingStop=false
10-19 14:00:26.800 D/WifiController( 1145): battery changed pluggedType: 2
10-19 14:00:33.300 W/AlarmManager( 1145): Suspiciously short interval 30000 millis; expanding to 60 seconds
10-19 14:00:44.300 V/AlarmManager( 1145): ELAPSED_WAKEUP set : Alarm{36fdcd28 type 2 when 428059594 com.google.android.gms} when 428059594
10-19 14:01:00.000 D/PowerManagerServiceEx( 1145): acquireWakeLockInternal: lock=145193235, flags=0x40000001, tag="*alarm*", ws=WorkSource{1000}, historyTag=*alarm*:android.intent.action.TIME_TICK, uid=1000, pid=1145
10-19 14:01:00.010 D/PowerManagerServiceEx( 1145): releaseWakeLockInternal: lock=145193235 [*alarm*], flags=0x0
10-19 14:01:26.790 D/PowerService( 3898): isACConnected: false, isFastChargerType: false, isCharging: false, isFastChargerConnected: false
10-19 14:01:26.800 D/LEDHandler( 3898): ACTION_BATTERY_CHANGED : plugged type=2
10-19 14:01:26.800 D/LEDHandler( 3898): Battery Level Remaining: 100%
10-19 14:01:26.800 D/LEDHandler( 3898): Battery Temp: 309, mChargingStatus=5, mChargingStop=false
10-19 14:01:26.800 D/WifiController( 1145): battery changed pluggedType: 2
10-19 14:01:47.300 W/AlarmManager( 1145): Suspiciously short interval 30000 millis; expanding to 60 seconds
10-19 14:01:51.320 D/WifiServiceImplEx( 1145): acquireWifiLock pid=5864, uid=10008, packageName=com.google.uid.shared:10008, tag=NlpWifiLock
10-19 14:01:51.330 D/WifiServiceImplEx( 1145): startScan pid=5864, uid=10008, packageName=com.google.uid.shared:10008
10-19 14:01:54.620 D/WifiServiceImplEx( 1145): releaseWifiLock pid=5864, uid=10008, packageName=com.google.uid.shared:10008
10-19 14:01:59.990 D/PowerManagerServiceEx( 1145): acquireWakeLockInternal: lock=145193235, flags=0x40000001, tag="*alarm*", ws=WorkSource{1000}, historyTag=*alarm*:android.intent.action.TIME_TICK, uid=1000, pid=1145
10-19 14:02:00.010 D/PowerManagerServiceEx( 1145): releaseWakeLockInternal: lock=145193235 [*alarm*], flags=0x0
10-19 14:02:26.800 D/PowerService( 3898): isACConnected: false, isFastChargerType: false, isCharging: false, isFastChargerConnected: false
10-19 14:02:26.810 D/WifiController( 1145): battery changed pluggedType: 2
10-19 14:02:26.810 D/LEDHandler( 3898): ACTION_BATTERY_CHANGED : plugged type=2
10-19 14:02:26.810 D/LEDHandler( 3898): Battery Level Remaining: 100%
10-19 14:02:26.810 D/LEDHandler( 3898): Battery Temp: 309, mChargingStatus=5, mChargingStop=false
10-19 14:02:38.300 W/AlarmManager( 1145): Suspiciously short interval 30000 millis; expanding to 60 seconds
10-19 14:02:38.330 V/AlarmManager( 1145): ELAPSED_WAKEUP set : Alarm{2050021f type 2 when 428146620 com.google.android.gms} when 428146620
10-19 14:02:38.330 D/WifiServiceImplEx( 1145): acquireWifiLock pid=5864, uid=10008, packageName=com.google.uid.shared:10008, tag=NlpWifiLock
10-19 14:02:38.330 D/WifiServiceImplEx( 1145): startScan pid=5864, uid=10008, packageName=com.google.uid.shared:10008
10-19 14:02:41.600 D/WifiServiceImplEx( 1145): releaseWifiLock pid=5864, uid=10008, packageName=com.google.uid.shared:10008
10-19 14:02:42.310 W/AlarmManager( 1145): Suspiciously short interval 30000 millis; expanding to 60 seconds
10-19 14:02:59.990 D/PowerManagerServiceEx( 1145): acquireWakeLockInternal: lock=145193235, flags=0x40000001, tag="*alarm*", ws=WorkSource{1000}, historyTag=*alarm*:android.intent.action.TIME_TICK, uid=1000, pid=1145
10-19 14:03:00.010 D/PowerManagerServiceEx( 1145): releaseWakeLockInternal: lock=145193235 [*alarm*], flags=0x0
10-19 14:03:07.340 V/AlarmManager( 1145): ELAPSED_WAKEUP set : Alarm{3a99aa22 type 2 when 428202625 com.google.android.gms} when 428202625
10-19 14:03:07.340 D/WifiServiceImplEx( 1145): acquireWifiLock pid=5864, uid=10008, packageName=com.google.uid.shared:10008, tag=NlpWifiLock
10-19 14:03:07.340 D/WifiServiceImplEx( 1145): startScan pid=5864, uid=10008, packageName=com.google.uid.shared:10008
10-19 14:03:10.650 D/WifiServiceImplEx( 1145): releaseWifiLock pid=5864, uid=10008, packageName=com.google.uid.shared:10008
10-19 14:03:25.320 D/WifiServiceImplEx( 1145): acquireWifiLock pid=5864, uid=10008, packageName=com.google.uid.shared:10008, tag=NlpWifiLock
10-19 14:03:25.320 D/WifiServiceImplEx( 1145): startScan pid=5864, uid=10008, packageName=com.google.uid.shared:10008
10-19 14:03:26.790 D/PowerService( 3898): isACConnected: false, isFastChargerType: false, isCharging: false, isFastChargerConnected: false
10-19 14:03:26.800 D/LEDHandler( 3898): ACTION_BATTERY_CHANGED : plugged type=2
10-19 14:03:26.800 D/LEDHandler( 3898): Battery Level Remaining: 100%
10-19 14:03:26.800 D/LEDHandler( 3898): Battery Temp: 312, mChargingStatus=5, mChargingStop=false
10-19 14:03:26.800 D/WifiController( 1145): battery changed pluggedType: 2
10-19 14:03:28.580 D/WifiServiceImplEx( 1145): releaseWifiLock pid=5864, uid=10008, packageName=com.google.uid.shared:10008
10-19 14:03:45.330 V/AlarmManager( 1145): ELAPSED_WAKEUP set : Alarm{3e4dfd2 type 2 when 428240615 com.google.android.gms} when 428240615
10-19 14:03:45.330 D/WifiServiceImplEx( 1145): acquireWifiLock pid=5864, uid=10008, packageName=com.google.uid.shared:10008, tag=NlpWifiLock
10-19 14:03:45.330 D/WifiServiceImplEx( 1145): startScan pid=5864, uid=10008, packageName=com.google.uid.shared:10008
10-19 14:03:48.310 W/AlarmManager( 1145): Suspiciously short interval 30000 millis; expanding to 60 seconds
10-19 14:03:48.560 D/WifiServiceImplEx( 1145): releaseWifiLock pid=5864, uid=10008, packageName=com.google.uid.shared:10008
10-19 14:03:49.310 W/AlarmManager( 1145): Suspiciously short interval 30000 millis; expanding to 60 seconds
10-19 14:04:00.000 D/PowerManagerServiceEx( 1145): acquireWakeLockInternal: lock=145193235, flags=0x40000001, tag="*alarm*", ws=WorkSource{1000 com.qualcomm.location}, historyTag=*alarm*:android.intent.action.TIME_TICK, uid=1000, pid=1145
10-19 14:04:00.010 D/PowerManagerServiceEx( 1145): releaseWakeLockInternal: lock=145193235 [*alarm*], flags=0x0
10-19 14:04:05.330 V/AlarmManager( 1145): ELAPSED_WAKEUP set : Alarm{2452dcc type 2 when 428260623 com.google.android.gms} when 428260623
10-19 14:04:05.330 D/WifiServiceImplEx( 1145): acquireWifiLock pid=5864, uid=10008, packageName=com.google.uid.shared:10008, tag=NlpWifiLock
10-19 14:04:05.330 D/WifiServiceImplEx( 1145): startScan pid=5864, uid=10008, packageName=com.google.uid.shared:10008
10-19 14:04:08.590 D/WifiServiceImplEx( 1145): releaseWifiLock pid=5864, uid=10008, packageName=com.google.uid.shared:10008
10-19 14:04:26.790 D/PowerService( 3898): isACConnected: false, isFastChargerType: false, isCharging: false, isFastChargerConnected: false
10-19 14:04:26.800 D/LEDHandler( 3898): ACTION_BATTERY_CHANGED : plugged type=2
10-19 14:04:26.800 D/LEDHandler( 3898): Battery Level Remaining: 100%
10-19 14:04:26.800 D/LEDHandler( 3898): Battery Temp: 312, mChargingStatus=5, mChargingStop=false
10-19 14:04:26.800 D/WifiController( 1145): battery changed pluggedType: 2
10-19 14:04:38.300 W/AlarmManager( 1145): Suspiciously short interval 30000 millis; expanding to 60 seconds
10-19 14:04:38.510 V/AlarmManager( 1145): ELAPSED_WAKEUP set : Alarm{2c2b591b type 2 when 428280627 com.google.android.gms} when 428280627
10-19 14:04:38.520 D/WifiServiceImplEx( 1145): acquireWifiLock pid=5864, uid=10008, packageName=com.google.uid.shared:10008, tag=NlpWifiLock
10-19 14:04:38.520 D/WifiServiceImplEx( 1145): startScan pid=5864, uid=10008, packageName=com.google.uid.shared:10008
10-19 14:04:41.780 D/WifiServiceImplEx( 1145): releaseWifiLock pid=5864, uid=10008, packageName=com.google.uid.shared:10008
10-19 14:04:42.310 W/AlarmManager( 1145): Suspiciously short interval 30000 millis; expanding to 60 seconds
10-19 14:05:00.000 D/PowerManagerServiceEx( 1145): acquireWakeLockInternal: lock=145193235, flags=0x40000001, tag="*alarm*", ws=WorkSource{1000}, historyTag=*alarm*:android.intent.action.TIME_TICK, uid=1000, pid=1145
10-19 14:05:00.010 D/PowerManagerServiceEx( 1145): releaseWakeLockInternal: lock=145193235 [*alarm*], flags=0x0
10-19 14:05:07.320 V/AlarmManager( 1145): ELAPSED_WAKEUP set : Alarm{170ee2ef type 2 when 428322616 com.google.android.gms} when 428322616
10-19 14:05:07.330 D/WifiServiceImplEx( 1145): acquireWifiLock pid=5864, uid=10008, packageName=com.google.uid.shared:10008, tag=NlpWifiLock
10-19 14:05:07.330 D/WifiServiceImplEx( 1145): startScan pid=5864, uid=10008, packageName=com.google.uid.shared:10008
10-19 14:05:10.570 D/WifiServiceImplEx( 1145): releaseWifiLock pid=5864, uid=10008, packageName=com.google.uid.shared:10008
10-19 14:05:26.790 D/PowerService( 3898): isACConnected: false, isFastChargerType: false, isCharging: false, isFastChargerConnected: false
10-19 14:05:26.790 D/LEDHandler( 3898): ACTION_BATTERY_CHANGED : plugged type=2
10-19 14:05:26.790 D/LEDHandler( 3898): Battery Level Remaining: 100%
10-19 14:05:26.790 D/LEDHandler( 3898): Battery Temp: 312, mChargingStatus=5, mChargingStop=false
10-19 14:05:26.800 D/WifiController( 1145): battery changed pluggedType: 2
10-19 14:05:42.310 V/AlarmManager( 1145): ELAPSED_WAKEUP set : Alarm{31e51eda type 2 when 428342621 com.google.android.gms} when 428342621
10-19 14:05:42.320 D/WifiServiceImplEx( 1145): acquireWifiLock pid=5864, uid=10008, packageName=com.google.uid.shared:10008, tag=NlpWifiLock
10-19 14:05:42.330 D/WifiServiceImplEx( 1145): startScan pid=5864, uid=10008, packageName=com.google.uid.shared:10008
10-19 14:05:45.580 D/WifiServiceImplEx( 1145): releaseWifiLock pid=5864, uid=10008, packageName=com.google.uid.shared:10008
10-19 14:06:00.000 D/PowerManagerServiceEx( 1145): acquireWakeLockInternal: lock=145193235, flags=0x40000001, tag="*alarm*", ws=WorkSource{1000}, historyTag=*alarm*:android.intent.action.TIME_TICK, uid=1000, pid=1145
10-19 14:06:00.010 D/PowerManagerServiceEx( 1145): releaseWakeLockInternal: lock=145193235 [*alarm*], flags=0x0
10-19 14:06:13.300 W/AlarmManager( 1145): Suspiciously short interval 30000 millis; expanding to 60 seconds
10-19 14:06:26.790 D/PowerService( 3898): isACConnected: false, isFastChargerType: false, isCharging: false, isFastChargerConnected: false
10-19 14:06:26.800 D/LEDHandler( 3898): ACTION_BATTERY_CHANGED : plugged type=2
10-19 14:06:26.800 D/LEDHandler( 3898): Battery Level Remaining: 100%
10-19 14:06:26.800 D/LEDHandler( 3898): Battery Temp: 312, mChargingStatus=5, mChargingStop=false
10-19 14:06:26.800 D/WifiController( 1145): battery changed pluggedType: 2
10-19 14:06:44.870 V/AlarmManager( 1145): ELAPSED_WAKEUP set : Alarm{39b8af32 type 2 when 428420142 android} when 428420142
10-19 14:06:44.870 V/AlarmManager( 1145): ELAPSED_WAKEUP set : Alarm{bb00483 type 2 when 428420147 android} when 428420147
10-19 14:06:44.870 V/AlarmManager( 1145): ELAPSED_WAKEUP set : Alarm{1ba40600 type 2 when 428420153 android} when 428420153
10-19 14:06:48.310 W/AlarmManager( 1145): Suspiciously short interval 30000 millis; expanding to 60 seconds
10-19 14:06:53.330 D/WifiServiceImplEx( 1145): acquireWifiLock pid=5864, uid=10008, packageName=com.google.uid.shared:10008, tag=NlpWifiLock
10-19 14:06:53.330 D/WifiServiceImplEx( 1145): startScan pid=5864, uid=10008, packageName=com.google.uid.shared:10008
10-19 14:06:56.570 D/WifiServiceImplEx( 1145): releaseWifiLock pid=5864, uid=10008, packageName=com.google.uid.shared:10008
10-19 14:06:59.990 D/PowerManagerServiceEx( 1145): acquireWakeLockInternal: lock=145193235, flags=0x40000001, tag="*alarm*", ws=WorkSource{1000}, historyTag=*alarm*:android.intent.action.TIME_TICK, uid=1000, pid=1145
10-19 14:07:00.010 D/PowerManagerServiceEx( 1145): releaseWakeLockInternal: lock=145193235 [*alarm*], flags=0x0
10-19 14:07:19.310 D/WifiServiceImplEx( 1145): acquireWifiLock pid=5864, uid=10008, packageName=com.google.uid.shared:10008, tag=NlpWifiLock
10-19 14:07:19.320 D/WifiServiceImplEx( 1145): startScan pid=5864, uid=10008, packageName=com.google.uid.shared:10008
10-19 14:07:22.600 D/WifiServiceImplEx( 1145): releaseWifiLock pid=5864, uid=10008, packageName=com.google.uid.shared:10008
10-19 14:07:23.310 W/AlarmManager( 1145): Suspiciously short interval 30000 millis; expanding to 60 seconds
10-19 14:07:23.340 W/AlarmManager( 1145): Suspiciously short interval 30000 millis; expanding to 60 seconds
10-19 14:07:26.800 D/PowerService( 3898): isACConnected: false, isFastChargerType: false, isCharging: false, isFastChargerConnected: false
10-19 14:07:39.320 V/AlarmManager( 1145): ELAPSED_WAKEUP set : Alarm{385884cf type 2 when 428474610 com.google.android.gms} when 428474610
10-19 14:07:39.320 D/WifiServiceImplEx( 1145): acquireWifiLock pid=5864, uid=10008, packageName=com.google.uid.shared:10008, tag=NlpWifiLock
10-19 14:07:39.330 D/WifiServiceImplEx( 1145): startScan pid=5864, uid=10008, packageName=com.google.uid.shared:10008
10-19 14:07:42.560 D/WifiServiceImplEx( 1145): releaseWifiLock pid=5864, uid=10008, packageName=com.google.uid.shared:10008
10-19 14:07:45.070 W/ActivityManager( 1145): getRecentTasks: caller 10147 does not hold GET_TASKS; limiting output
10-19 14:08:00.000 D/PowerManagerServiceEx( 1145): acquireWakeLockInternal: lock=145193235, flags=0x40000001, tag="*alarm*", ws=WorkSource{1000}, historyTag=*alarm*:android.intent.action.TIME_TICK, uid=1000, pid=1145
10-19 14:08:00.010 D/PowerManagerServiceEx( 1145): releaseWakeLockInternal: lock=145193235 [*alarm*], flags=0x0
10-19 14:08:01.320 D/WifiServiceImplEx( 1145): acquireWifiLock pid=5864, uid=10008, packageName=com.google.uid.shared:10008, tag=NlpWifiLock
10-19 14:08:01.320 D/WifiServiceImplEx( 1145): startScan pid=5864, uid=10008, packageName=com.google.uid.shared:10008
10-19 14:08:04.700 D/WifiServiceImplEx( 1145): releaseWifiLock pid=5864, uid=10008, packageName=com.google.uid.shared:10008
10-19 14:08:21.300 W/AlarmManager( 1145): Suspiciously short interval 30000 millis; expanding to 60 seconds
10-19 14:08:21.320 V/AlarmManager( 1145): ELAPSED_WAKEUP set : Alarm{25ca3fbf type 2 when 428516613 com.google.android.gms} when 428516613
10-19 14:08:21.330 D/WifiServiceImplEx( 1145): acquireWifiLock pid=5864, uid=10008, packageName=com.google.uid.shared:10008, tag=NlpWifiLock
10-19 14:08:21.330 D/WifiServiceImplEx( 1145): startScan pid=5864, uid=10008, packageName=com.google.uid.shared:10008
10-19 14:08:24.570 D/WifiServiceImplEx( 1145): releaseWifiLock pid=5864, uid=10008, packageName=com.google.uid.shared:10008
10-19 14:08:25.300 W/AlarmManager( 1145): Suspiciously short interval 30000 millis; expanding to 60 seconds
10-19 14:08:26.790 D/PowerService( 3898): isACConnected: false, isFastChargerType: false, isCharging: false, isFastChargerConnected: false
10-19 14:08:26.800 D/LEDHandler( 3898): ACTION_BATTERY_CHANGED : plugged type=2
10-19 14:08:26.800 D/LEDHandler( 3898): Battery Level Remaining: 100%
10-19 14:08:26.800 D/LEDHandler( 3898): Battery Temp: 312, mChargingStatus=5, mChargingStop=false
10-19 14:08:26.800 D/WifiController( 1145): battery changed pluggedType: 2
10-19 14:08:41.330 V/AlarmManager( 1145): ELAPSED_WAKEUP set : Alarm{34a50651 type 2 when 428536623 com.google.android.gms} when 428536623
10-19 14:08:41.330 D/WifiServiceImplEx( 1145): acquireWifiLock pid=5864, uid=10008, packageName=com.google.uid.shared:10008, tag=NlpWifiLock
10-19 14:08:41.330 D/WifiServiceImplEx( 1145): startScan pid=5864, uid=10008, packageName=com.google.uid.shared:10008
10-19 14:08:43.300 W/AlarmManager( 1145): Suspiciously short interval 30000 millis; expanding to 60 seconds
10-19 14:08:44.560 D/WifiServiceImplEx( 1145): releaseWifiLock pid=5864, uid=10008, packageName=com.google.uid.shared:10008
10-19 14:08:45.300 W/AlarmManager( 1145): Suspiciously short interval 30000 millis; expanding to 60 seconds
10-19 14:09:00.000 D/PowerManagerServiceEx( 1145): acquireWakeLockInternal: lock=145193235, flags=0x40000001, tag="*alarm*", ws=WorkSource{1000}, historyTag=*alarm*:android.intent.action.TIME_TICK, uid=1000, pid=1145
10-19 14:09:00.010 D/PowerManagerServiceEx( 1145): releaseWakeLockInternal: lock=145193235 [*alarm*], flags=0x0
10-19 14:09:01.340 V/AlarmManager( 1145): ELAPSED_WAKEUP set : Alarm{2efbaabc type 2 when 428556629 com.google.android.gms} when 428556629
10-19 14:09:01.340 D/WifiServiceImplEx( 1145): acquireWifiLock pid=5864, uid=10008, packageName=com.google.uid.shared:10008, tag=NlpWifiLock
10-19 14:09:01.350 D/WifiServiceImplEx( 1145): startScan pid=5864, uid=10008, packageName=com.google.uid.shared:10008
10-19 14:09:03.290 W/AlarmManager( 1145): Suspiciously short interval 30000 millis; expanding to 60 seconds
10-19 14:09:04.600 D/WifiServiceImplEx( 1145): releaseWifiLock pid=5864, uid=10008, packageName=com.google.uid.shared:10008
10-19 14:09:05.300 W/AlarmManager( 1145): Suspiciously short interval 30000 millis; expanding to 60 seconds
10-19 14:09:21.350 V/AlarmManager( 1145): ELAPSED_WAKEUP set : Alarm{297e1166 type 2 when 428576639 com.google.android.gms} when 428576639
10-19 14:09:21.350 D/WifiServiceImplEx( 1145): acquireWifiLock pid=5864, uid=10008, packageName=com.google.uid.shared:10008, tag=NlpWifiLock
10-19 14:09:21.350 D/WifiServiceImplEx( 1145): startScan pid=5864, uid=10008, packageName=com.google.uid.shared:10008
10-19 14:09:24.600 D/WifiServiceImplEx( 1145): releaseWifiLock pid=5864, uid=10008, packageName=com.google.uid.shared:10008
10-19 14:09:26.790 D/PowerService( 3898): isACConnected: false, isFastChargerType: false, isCharging: false, isFastChargerConnected: false
10-19 14:09:26.800 D/WifiController( 1145): battery changed pluggedType: 2
10-19 14:09:26.800 D/LEDHandler( 3898): ACTION_BATTERY_CHANGED : plugged type=2
10-19 14:09:26.800 D/LEDHandler( 3898): Battery Level Remaining: 100%
10-19 14:09:26.800 D/LEDHandler( 3898): Battery Temp: 312, mChargingStatus=5, mChargingStop=false
10-19 14:09:45.150 V/AlarmManager( 1145): ELAPSED_WAKEUP set : Alarm{10bb5cfd type 2 when 428596645 com.google.android.gms} when 428596645
10-19 14:09:45.150 D/WifiServiceImplEx( 1145): acquireWifiLock pid=5864, uid=10008, packageName=com.google.uid.shared:10008, tag=NlpWifiLock
10-19 14:09:45.150 D/WifiServiceImplEx( 1145): startScan pid=5864, uid=10008, packageName=com.google.uid.shared:10008
10-19 14:09:48.390 D/WifiServiceImplEx( 1145): releaseWifiLock pid=5864, uid=10008, packageName=com.google.uid.shared:10008
10-19 14:09:59.990 D/PowerManagerServiceEx( 1145): acquireWakeLockInternal: lock=145193235, flags=0x40000001, tag="*alarm*", ws=WorkSource{1000}, historyTag=*alarm*:android.intent.action.TIME_TICK, uid=1000, pid=1145
10-19 14:10:00.010 D/PowerManagerServiceEx( 1145): releaseWakeLockInternal: lock=145193235 [*alarm*], flags=0x0
10-19 14:10:12.610 D/NetworkManagementService( 1145): onDataConnectionRealTimeInfoChanged: mTime=428627904172948 mDcPowerState=3
10-19 14:10:23.710 D/NetworkManagementService( 1145): onDataConnectionRealTimeInfoChanged: mTime=428638999882319 mDcPowerState=1
10-19 14:10:26.790 D/PowerService( 3898): isACConnected: false, isFastChargerType: false, isCharging: false, isFastChargerConnected: false
10-19 14:10:26.790 D/LEDHandler( 3898): ACTION_BATTERY_CHANGED : plugged type=2
10-19 14:10:26.790 D/LEDHandler( 3898): Battery Level Remaining: 100%
10-19 14:10:26.790 D/LEDHandler( 3898): Battery Temp: 312, mChargingStatus=5, mChargingStop=false
10-19 14:10:26.800 D/WifiController( 1145): battery changed pluggedType: 2
10-19 14:10:35.320 D/WifiServiceImplEx( 1145): acquireWifiLock pid=5864, uid=10008, packageName=com.google.uid.shared:10008, tag=NlpWifiLock
10-19 14:10:35.320 D/WifiServiceImplEx( 1145): startScan pid=5864, uid=10008, packageName=com.google.uid.shared:10008
10-19 14:10:38.570 D/WifiServiceImplEx( 1145): releaseWifiLock pid=5864, uid=10008, packageName=com.google.uid.shared:10008
10-19 14:10:56.300 W/AlarmManager( 1145): Suspiciously short interval 30000 millis; expanding to 60 seconds
10-19 14:10:59.990 D/PowerManagerServiceEx( 1145): acquireWakeLockInternal: lock=145193235, flags=0x40000001, tag="*alarm*", ws=WorkSource{1000}, historyTag=*alarm*:android.intent.action.TIME_TICK, uid=1000, pid=1145
10-19 14:11:00.010 D/PowerManagerServiceEx( 1145): releaseWakeLockInternal: lock=145193235 [*alarm*], flags=0x0
10-19 14:11:08.300 V/AlarmManager( 1145): ELAPSED_WAKEUP set : Alarm{2e03ec33 type 2 when 428670617 com.google.android.gms} when 428670617
10-19 14:11:08.300 V/AlarmManager( 1145): ELAPSED_WAKEUP set : Alarm{2c154bf0 type 2 when 428683584 com.google.android.gms} when 428683584
10-19 14:11:08.310 D/WifiServiceImplEx( 1145): acquireWifiLock pid=5864, uid=10008, packageName=com.google.uid.shared:10008, tag=NlpWifiLock
10-19 14:11:08.310 D/WifiServiceImplEx( 1145): startScan pid=5864, uid=10008, packageName=com.google.uid.shared:10008
10-19 14:11:08.370 D/WifiServiceImplEx( 1145): acquireWifiLock pid=5864, uid=10008, packageName=com.google.uid.shared:10008, tag=NlpWifiLock
10-19 14:11:08.580 D/NetworkManagementService( 1145): onDataConnectionRealTimeInfoChanged: mTime=428683869918604 mDcPowerState=3
10-19 14:11:09.580 D/WifiServiceImplEx( 1145): releaseWifiLock pid=5864, uid=10008, packageName=com.google.uid.shared:10008
10-19 14:11:11.560 D/WifiServiceImplEx( 1145): releaseWifiLock pid=5864, uid=10008, packageName=com.google.uid.shared:10008
10-19 14:11:12.300 W/AlarmManager( 1145): Suspiciously short interval 30000 millis; expanding to 60 seconds
10-19 14:11:20.010 D/NetworkManagementService( 1145): onDataConnectionRealTimeInfoChanged: mTime=428695301643078 mDcPowerState=1
10-19 14:11:26.790 D/PowerService( 3898): isACConnected: false, isFastChargerType: false, isCharging: false, isFastChargerConnected: false
10-19 14:11:26.800 D/LEDHandler( 3898): ACTION_BATTERY_CHANGED : plugged type=2
10-19 14:11:26.800 D/LEDHandler( 3898): Battery Level Remaining: 100%
10-19 14:11:26.800 D/LEDHandler( 3898): Battery Temp: 312, mChargingStatus=5, mChargingStop=false
10-19 14:11:26.800 D/WifiController( 1145): battery changed pluggedType: 2
10-19 14:11:59.990 D/PowerManagerServiceEx( 1145): acquireWakeLockInternal: lock=145193235, flags=0x40000001, tag="*alarm*", ws=WorkSource{1000}, historyTag=*alarm*:android.intent.action.TIME_TICK, uid=1000, pid=1145
10-19 14:12:00.010 D/PowerManagerServiceEx( 1145): releaseWakeLockInternal: lock=145193235 [*alarm*], flags=0x0
10-19 14:12:12.320 D/WifiServiceImplEx( 1145): acquireWifiLock pid=5864, uid=10008, packageName=com.google.uid.shared:10008, tag=NlpWifiLock
10-19 14:12:12.320 D/WifiServiceImplEx( 1145): startScan pid=5864, uid=10008, packageName=com.google.uid.shared:10008
10-19 14:12:15.590 D/WifiServiceImplEx( 1145): releaseWifiLock pid=5864, uid=10008, packageName=com.google.uid.shared:10008
10-19 14:12:26.780 D/PowerService( 3898): isACConnected: false, isFastChargerType: false, isCharging: false, isFastChargerConnected: false
10-19 14:12:26.800 D/WifiController( 1145): battery changed pluggedType: 2
10-19 14:12:26.800 D/LEDHandler( 3898): ACTION_BATTERY_CHANGED : plugged type=2
10-19 14:12:26.800 D/LEDHandler( 3898): Battery Level Remaining: 100%
10-19 14:12:26.800 D/LEDHandler( 3898): Battery Temp: 312, mChargingStatus=5, mChargingStop=false
10-19 14:12:28.330 D/WifiServiceImplEx( 1145): acquireWifiLock pid=5864, uid=10008, packageName=com.google.uid.shared:10008, tag=NlpWifiLock
10-19 14:12:28.340 D/WifiServiceImplEx( 1145): startScan pid=5864, uid=10008, packageName=com.google.uid.shared:10008
10-19 14:12:31.590 D/WifiServiceImplEx( 1145): releaseWifiLock pid=5864, uid=10008, packageName=com.google.uid.shared:10008
10-19 14:12:48.340 V/AlarmManager( 1145): ELAPSED_WAKEUP set : Alarm{4c38013 type 2 when 428783629 com.google.android.gms} when 428783629
10-19 14:12:48.340 D/WifiServiceImplEx( 1145): acquireWifiLock pid=5864, uid=10008, packageName=com.google.uid.shared:10008, tag=NlpWifiLock
10-19 14:12:48.350 D/WifiServiceImplEx( 1145): startScan pid=5864, uid=10008, packageName=com.google.uid.shared:10008
10-19 14:12:49.300 W/AlarmManager( 1145): Suspiciously short interval 30000 millis; expanding to 60 seconds
10-19 14:12:51.590 D/WifiServiceImplEx( 1145): releaseWifiLock pid=5864, uid=10008, packageName=com.google.uid.shared:10008
10-19 14:12:52.310 W/AlarmManager( 1145): Suspiciously short interval 30000 millis; expanding to 60 seconds
10-19 14:13:00.000 D/PowerManagerServiceEx( 1145): acquireWakeLockInternal: lock=145193235, flags=0x40000001, tag="*alarm*", ws=WorkSource{1000 com.qualcomm.location}, historyTag=*alarm*:android.intent.action.TIME_TICK, uid=1000, pid=1145
10-19 14:13:00.010 D/PowerManagerServiceEx( 1145): releaseWakeLockInternal: lock=145193235 [*alarm*], flags=0x0
10-19 14:13:07.300 W/AlarmManager( 1145): Suspiciously short interval 30000 millis; expanding to 60 seconds
10-19 14:13:26.790 D/PowerService( 3898): isACConnected: false, isFastChargerType: false, isCharging: false, isFastChargerConnected: false
10-19 14:13:45.450 V/AlarmManager( 1145): ELAPSED_WAKEUP set : Alarm{2092a94e type 2 when 428803639 com.google.android.gms} when 428803639
10-19 14:13:45.450 D/WifiServiceImplEx( 1145): acquireWifiLock pid=5864, uid=10008, packageName=com.google.uid.shared:10008, tag=NlpWifiLock
10-19 14:13:45.450 D/WifiServiceImplEx( 1145): startScan pid=5864, uid=10008, packageName=com.google.uid.shared:10008
10-19 14:13:48.740 D/WifiServiceImplEx( 1145): releaseWifiLock pid=5864, uid=10008, packageName=com.google.uid.shared:10008
10-19 14:14:00.000 D/PowerManagerServiceEx( 1145): acquireWakeLockInternal: lock=145193235, flags=0x40000001, tag="*alarm*", ws=WorkSource{1000}, historyTag=*alarm*:android.intent.action.TIME_TICK, uid=1000, pid=1145
10-19 14:14:00.010 D/PowerManagerServiceEx( 1145): releaseWakeLockInternal: lock=145193235 [*alarm*], flags=0x0
10-19 14:14:26.790 D/PowerService( 3898): isACConnected: false, isFastChargerType: false, isCharging: false, isFastChargerConnected: false
10-19 14:14:26.800 D/LEDHandler( 3898): ACTION_BATTERY_CHANGED : plugged type=2
10-19 14:14:26.800 D/LEDHandler( 3898): Battery Level Remaining: 100%
10-19 14:14:26.800 D/LEDHandler( 3898): Battery Temp: 312, mChargingStatus=5, mChargingStop=false
10-19 14:14:26.800 D/WifiController( 1145): battery changed pluggedType: 2
10-19 14:14:59.990 D/PowerManagerServiceEx( 1145): acquireWakeLockInternal: lock=145193235, flags=0x40000001, tag="*alarm*", ws=WorkSource{1000}, historyTag=*alarm*:android.intent.action.TIME_TICK, uid=1000, pid=1145
10-19 14:15:00.010 D/PowerManagerServiceEx( 1145): releaseWakeLockInternal: lock=145193235 [*alarm*], flags=0x0
10-19 14:15:10.880 D/NetworkManagementService( 1145): onDataConnectionRealTimeInfoChanged: mTime=428926171866376 mDcPowerState=3
10-19 14:15:21.790 D/NetworkManagementService( 1145): onDataConnectionRealTimeInfoChanged: mTime=428937079536528 mDcPowerState=1
10-19 14:15:26.800 D/PowerService( 3898): isACConnected: false, isFastChargerType: false, isCharging: false, isFastChargerConnected: false
10-19 14:15:26.800 D/LEDHandler( 3898): ACTION_BATTERY_CHANGED : plugged type=2
10-19 14:15:26.800 D/LEDHandler( 3898): Battery Level Remaining: 100%
10-19 14:15:26.800 D/LEDHandler( 3898): Battery Temp: 309, mChargingStatus=5, mChargingStop=false
10-19 14:15:26.800 D/WifiController( 1145): battery changed pluggedType: 2
10-19 14:16:00.000 D/PowerManagerServiceEx( 1145): acquireWakeLockInternal: lock=145193235, flags=0x40000001, tag="*alarm*", ws=WorkSource{1000}, historyTag=*alarm*:android.intent.action.TIME_TICK, uid=1000, pid=1145
10-19 14:16:00.010 D/PowerManagerServiceEx( 1145): releaseWakeLockInternal: lock=145193235 [*alarm*], flags=0x0
10-19 14:16:26.790 D/PowerService( 3898): isACConnected: false, isFastChargerType: false, isCharging: false, isFastChargerConnected: false
10-19 14:16:26.800 D/LEDHandler( 3898): ACTION_BATTERY_CHANGED : plugged type=2
10-19 14:16:26.800 D/LEDHandler( 3898): Battery Level Remaining: 100%
10-19 14:16:26.800 D/LEDHandler( 3898): Battery Temp: 309, mChargingStatus=5, mChargingStop=false
10-19 14:16:26.800 D/WifiController( 1145): battery changed pluggedType: 2
10-19 14:16:31.430 D/WifiController( 1145): battery changed pluggedType: 2
10-19 14:16:31.430 D/LEDHandler( 3898): ACTION_BATTERY_CHANGED : plugged type=2
10-19 14:16:31.430 D/LEDHandler( 3898): Battery Level Remaining: 100%
10-19 14:16:31.430 D/LEDHandler( 3898): Battery Temp: 309, mChargingStatus=5, mChargingStop=false
10-19 14:17:00.000 D/PowerManagerServiceEx( 1145): acquireWakeLockInternal: lock=145193235, flags=0x40000001, tag="*alarm*", ws=WorkSource{1000}, historyTag=*alarm*:android.intent.action.TIME_TICK, uid=1000, pid=1145
10-19 14:17:00.010 D/PowerManagerServiceEx( 1145): releaseWakeLockInternal: lock=145193235 [*alarm*], flags=0x0
10-19 14:17:26.800 D/WifiController( 1145): battery changed pluggedType: 2
10-19 14:17:26.800 D/PowerService( 3898): isACConnected: false, isFastChargerType: false, isCharging: false, isFastChargerConnected: false
10-19 14:17:26.800 D/LEDHandler( 3898): ACTION_BATTERY_CHANGED : plugged type=2
10-19 14:17:26.800 D/LEDHandler( 3898): Battery Level Remaining: 100%
10-19 14:17:26.800 D/LEDHandler( 3898): Battery Temp: 309, mChargingStatus=5, mChargingStop=false
10-19 14:17:48.550 V/AlarmManager( 1145): ELAPSED_WAKEUP set : Alarm{3d12c6f1 type 2 when 429083835 com.lge.ims} when 429083835
10-19 14:17:48.760 D/NetworkManagementService( 1145): onDataConnectionRealTimeInfoChanged: mTime=429084054141420 mDcPowerState=3
10-19 14:17:48.860 W/ActivityManager( 1145): getRecentTasks: caller 10147 does not hold GET_TASKS; limiting output
10-19 14:18:00.000 D/PowerManagerServiceEx( 1145): acquireWakeLockInternal: lock=145193235, flags=0x40000001, tag="*alarm*", ws=WorkSource{1000}, historyTag=*alarm*:android.intent.action.TIME_TICK, uid=1000, pid=1145
10-19 14:18:00.010 D/PowerManagerServiceEx( 1145): releaseWakeLockInternal: lock=145193235 [*alarm*], flags=0x0
10-19 14:18:00.350 D/NetworkManagementService( 1145): onDataConnectionRealTimeInfoChanged: mTime=429095641237092 mDcPowerState=1
10-19 14:18:05.910 V/AlarmManager( 1145): ELAPSED_WAKEUP set : Alarm{251a83f3 type 2 when 429101202 com.lge.ims} when 429101202
10-19 14:18:06.130 V/AlarmManager( 1145): ELAPSED_WAKEUP set : Alarm{217068b0 type 2 when 429101406 com.lge.ims} when 429101406
10-19 14:18:07.300 V/AlarmManager( 1145): ELAPSED_WAKEUP set : Alarm{24e26329 type 2 when 429086902 com.google.android.gms} when 429086902
10-19 14:18:07.310 D/WifiServiceImplEx( 1145): acquireWifiLock pid=5864, uid=10008, packageName=com.google.uid.shared:10008, tag=NlpWifiLock
10-19 14:18:07.400 D/WifiServiceImplEx( 1145): releaseWifiLock pid=5864, uid=10008, packageName=com.google.uid.shared:10008
10-19 14:18:26.790 D/PowerService( 3898): isACConnected: false, isFastChargerType: false, isCharging: false, isFastChargerConnected: false
10-19 14:18:26.800 D/LEDHandler( 3898): ACTION_BATTERY_CHANGED : plugged type=2
10-19 14:18:26.800 D/LEDHandler( 3898): Battery Level Remaining: 100%
10-19 14:18:26.800 D/LEDHandler( 3898): Battery Temp: 309, mChargingStatus=5, mChargingStop=false
10-19 14:18:26.800 D/WifiController( 1145): battery changed pluggedType: 2
10-19 14:19:00.000 D/PowerManagerServiceEx( 1145): acquireWakeLockInternal: lock=145193235, flags=0x40000001, tag="*alarm*", ws=WorkSource{1000}, historyTag=*alarm*:android.intent.action.TIME_TICK, uid=1000, pid=1145
10-19 14:19:00.010 D/PowerManagerServiceEx( 1145): releaseWakeLockInternal: lock=145193235 [*alarm*], flags=0x0
10-19 14:19:26.790 D/PowerService( 3898): isACConnected: false, isFastChargerType: false, isCharging: false, isFastChargerConnected: false
10-19 14:19:26.800 D/LEDHandler( 3898): ACTION_BATTERY_CHANGED : plugged type=2
10-19 14:19:26.800 D/LEDHandler( 3898): Battery Level Remaining: 100%
10-19 14:19:26.800 D/LEDHandler( 3898): Battery Temp: 309, mChargingStatus=5, mChargingStop=false
10-19 14:19:26.800 D/WifiController( 1145): battery changed pluggedType: 2
10-19 14:20:00.000 D/PowerManagerServiceEx( 1145): acquireWakeLockInternal: lock=145193235, flags=0x40000001, tag="*alarm*", ws=WorkSource{1000}, historyTag=*alarm*:android.intent.action.TIME_TICK, uid=1000, pid=1145
10-19 14:20:00.010 D/PowerManagerServiceEx( 1145): releaseWakeLockInternal: lock=145193235 [*alarm*], flags=0x0
10-19 14:20:26.780 D/PowerService( 3898): isACConnected: false, isFastChargerType: false, isCharging: false, isFastChargerConnected: false
10-19 14:20:26.800 D/WifiController( 1145): battery changed pluggedType: 2
10-19 14:20:26.800 D/LEDHandler( 3898): ACTION_BATTERY_CHANGED : plugged type=2
10-19 14:20:26.800 D/LEDHandler( 3898): Battery Level Remaining: 100%
10-19 14:20:26.800 D/LEDHandler( 3898): Battery Temp: 309, mChargingStatus=5, mChargingStop=false
10-19 14:20:38.330 V/AlarmManager( 1145): RTC_WAKEUP set : Alarm{3ee1ce74 type 0 when 1445232038333 com.skt.skaf.OA00199800} when 1445232038333
10-19 14:20:38.560 D/NetworkManagementService( 1145): onDataConnectionRealTimeInfoChanged: mTime=429253852319115 mDcPowerState=3
10-19 14:20:44.300 W/AlarmManager( 1145): Suspiciously short interval 30000 millis; expanding to 60 seconds
10-19 14:20:49.330 D/WifiServiceImplEx( 1145): acquireWifiLock pid=5864, uid=10008, packageName=com.google.uid.shared:10008, tag=NlpWifiLock
10-19 14:20:49.330 D/WifiServiceImplEx( 1145): startScan pid=5864, uid=10008, packageName=com.google.uid.shared:10008
10-19 14:20:49.550 D/NetworkManagementService( 1145): onDataConnectionRealTimeInfoChanged: mTime=429264841466819 mDcPowerState=1
10-19 14:20:52.940 D/WifiServiceImplEx( 1145): releaseWifiLock pid=5864, uid=10008, packageName=com.google.uid.shared:10008
10-19 14:21:00.000 D/PowerManagerServiceEx( 1145): acquireWakeLockInternal: lock=145193235, flags=0x40000001, tag="*alarm*", ws=WorkSource{1000}, historyTag=*alarm*:android.intent.action.TIME_TICK, uid=1000, pid=1145
10-19 14:21:00.010 D/PowerManagerServiceEx( 1145): releaseWakeLockInternal: lock=145193235 [*alarm*], flags=0x0
10-19 14:21:26.790 D/PowerService( 3898): isACConnected: false, isFastChargerType: false, isCharging: false, isFastChargerConnected: false
10-19 14:21:26.800 D/LEDHandler( 3898): ACTION_BATTERY_CHANGED : plugged type=2
10-19 14:21:26.800 D/LEDHandler( 3898): Battery Level Remaining: 100%
10-19 14:21:26.800 D/LEDHandler( 3898): Battery Temp: 309, mChargingStatus=5, mChargingStop=false
10-19 14:21:26.800 D/WifiController( 1145): battery changed pluggedType: 2
10-19 14:21:44.300 V/AlarmManager( 1145): ELAPSED_WAKEUP set : Alarm{ab708f8 type 2 when 429284623 com.google.android.gms} when 429284623
10-19 14:21:44.310 D/WifiServiceImplEx( 1145): acquireWifiLock pid=5864, uid=10008, packageName=com.google.uid.shared:10008, tag=NlpWifiLock
10-19 14:21:44.310 D/WifiServiceImplEx( 1145): startScan pid=5864, uid=10008, packageName=com.google.uid.shared:10008
10-19 14:21:47.570 D/WifiServiceImplEx( 1145): releaseWifiLock pid=5864, uid=10008, packageName=com.google.uid.shared:10008
10-19 14:22:00.000 D/PowerManagerServiceEx( 1145): acquireWakeLockInternal: lock=145193235, flags=0x40000001, tag="*alarm*", ws=WorkSource{1000}, historyTag=*alarm*:android.intent.action.TIME_TICK, uid=1000, pid=1145
10-19 14:22:00.010 D/PowerManagerServiceEx( 1145): releaseWakeLockInternal: lock=145193235 [*alarm*], flags=0x0
10-19 14:22:26.790 D/PowerService( 3898): isACConnected: false, isFastChargerType: false, isCharging: false, isFastChargerConnected: false
10-19 14:22:49.230 I/ProcessStatsService( 1145): Prepared write state in 11ms
10-19 14:22:49.240 I/ProcessStatsService( 1145): Prepared write state in 11ms
