10-19 13:19:12.755 I/PassiveLocTracker( 3583): GPS Satllite Status
10-19 13:19:13.755 D/libgps  ( 3583): OnGpsExtensionMessage: message_id(1), data(0x9ca0c838), size(2432)
10-19 13:19:13.755 D/libgps  ( 3583): proxy__gps_sv_status_cb : called
10-19 13:19:13.760 D/GpsLocationProvider_ex( 3583): SV Count : 1 / TOP5 : 21 18 0 0 0 
10-19 13:19:13.760 I/PassiveLocTracker( 3583): GPS Satllite Status
10-19 13:19:14.755 D/libgps  ( 3583): OnGpsExtensionMessage: message_id(1), data(0x9ca0c838), size(2432)
10-19 13:19:14.755 D/libgps  ( 3583): proxy__gps_sv_status_cb : called
10-19 13:19:14.760 D/GpsLocationProvider_ex( 3583): SV Count : 1 / TOP5 : 21 18 0 0 0 
10-19 13:19:14.760 I/PassiveLocTracker( 3583): GPS Satllite Status
10-19 13:19:15.105 D/SSRM:n  ( 3583): SIOP:: AP = 310, PST = 317, CUR = -167
10-19 13:19:15.680 D/StatusBar.NetworkController( 3756): onSignalStrengthsChanged signalStrength=SignalStrength: 99 99 -120 -160 -120 -1 -1 62 -65 -5 170 15 2147483647 0x4 gsm|lte level=4
10-19 13:19:15.680 D/StatusBar.NetworkController( 3756): updateTelephonySignalStrength: hasService=true ss=SignalStrength: 99 99 -120 -160 -120 -1 -1 62 -65 -5 170 15 2147483647 0x4 gsm|lte
10-19 13:19:15.680 D/StatusBar.NetworkController( 3756): updateTelephonySignalStrength -mTransitionState : false
10-19 13:19:15.685 D/StatusBar.NetworkController( 3756): refreshViews connected={ data } level=4 combinedSignalIconId=0x7f0205fe/com.android.systemui:drawable/stat_sys_signal_4_auto_rotate mobileLabel=SKTelecom wifiLabel= emergencyOnly=false combinedLabel=SKTelecom mAirplaneMode=false mDataActivity=0 mPhoneSignalIconId=0x7f0205fe/com.android.systemui:drawable/stat_sys_signal_4_auto_rotate mQSPhoneSignalIconId=0x7f0201ac/com.android.systemui:drawable/ic_qs_signal_no_signal mDataDirectionIconId=0x7f020484/com.android.systemui:drawable/stat_sys_data_fully_connected_lte mDataSignalIconId=0x7f0205fe/com.android.systemui:drawable/stat_sys_signal_4_auto_rotate mDataTypeIconId=0x7f02046a/com.android.systemui:drawable/stat_sys_data_connected_lte mQSDataTypeIconId=0x7f0201ab/com.android.systemui:drawable/ic_qs_signal_lte mNoSimIconId=0x0/(null) mWifiIconId=0x0/(null) mQSWifiIconId=0x0/(null) mWifiActivityIconId=0x0/(null) mBluetoothTetherIconId=0x10808ee/android:drawable/stat_sys_tether_bluetooth
10-19 13:19:15.685 D/STATUSBAR-WifiQuickSettingButton( 3756): onWifiSignalChanged enabled=false enabledDesc:null
10-19 13:19:15.685 D/StatusBar.NetworkController( 3756): UPDATE_STRENGTH -mPreSvcSate: 2, mCurSvcSate: 2
10-19 13:19:15.685 D/StatusBar.NetworkController( 3756): mKeepFakeState =false
10-19 13:19:15.690 D/StatusBar.NetworkController( 3756): UPDATE_STRENGTH - 4, 4
10-19 13:19:15.690 D/StatusBar.NetworkController( 3756): UPDATE_STRENGTH(IN_SVC) -no diff 4, 4
10-19 13:19:15.755 D/libgps  ( 3583): OnGpsExtensionMessage: message_id(1), data(0x9ca0c838), size(2432)
10-19 13:19:15.755 D/libgps  ( 3583): proxy__gps_sv_status_cb : called
10-19 13:19:15.760 D/GpsLocationProvider_ex( 3583): SV Count : 1 / TOP5 : 21 18 0 0 0 
10-19 13:19:15.760 I/PassiveLocTracker( 3583): GPS Satllite Status
10-19 13:19:16.760 D/libgps  ( 3583): OnGpsExtensionMessage: message_id(1), data(0x9ca0c838), size(2432)
10-19 13:19:16.760 D/libgps  ( 3583): proxy__gps_sv_status_cb : called
10-19 13:19:16.760 D/GpsLocationProvider_ex( 3583): SV Count : 1 / TOP5 : 21 18 0 0 0 
10-19 13:19:16.760 I/PassiveLocTracker( 3583): GPS Satllite Status
10-19 13:19:17.750 D/libgps  ( 3583): OnGpsExtensionMessage: message_id(1), data(0x9ca0c838), size(2432)
10-19 13:19:17.750 D/libgps  ( 3583): proxy__gps_sv_status_cb : called
10-19 13:19:17.750 D/GpsLocationProvider_ex( 3583): SV Count : 1 / TOP5 : 21 18 0 0 0 
10-19 13:19:17.750 I/PassiveLocTracker( 3583): GPS Satllite Status
10-19 13:19:18.750 D/libgps  ( 3583): OnGpsExtensionMessage: message_id(1), data(0x9ca0c838), size(2432)
10-19 13:19:18.750 D/libgps  ( 3583): proxy__gps_sv_status_cb : called
10-19 13:19:18.750 D/GpsLocationProvider_ex( 3583): SV Count : 1 / TOP5 : 21 18 0 0 0 
10-19 13:19:18.750 I/PassiveLocTracker( 3583): GPS Satllite Status
10-19 13:19:19.745 D/libgps  ( 3583): OnGpsExtensionMessage: message_id(1), data(0x9ca0c838), size(2432)
10-19 13:19:19.745 D/libgps  ( 3583): proxy__gps_sv_status_cb : called
10-19 13:19:19.745 D/GpsLocationProvider_ex( 3583): SV Count : 1 / TOP5 : 21 18 0 0 0 
10-19 13:19:19.745 I/PassiveLocTracker( 3583): GPS Satllite Status
10-19 13:19:20.750 D/libgps  ( 3583): OnGpsExtensionMessage: message_id(1), data(0x9ca0c838), size(2432)
10-19 13:19:20.750 D/libgps  ( 3583): proxy__gps_sv_status_cb : called
10-19 13:19:20.750 D/GpsLocationProvider_ex( 3583): SV Count : 1 / TOP5 : 21 18 0 0 0 
10-19 13:19:20.750 I/PassiveLocTracker( 3583): GPS Satllite Status
10-19 13:19:21.735 D/libgps  ( 3583): OnGpsExtensionMessage: message_id(1), data(0x9ca0c838), size(2432)
10-19 13:19:21.735 D/libgps  ( 3583): proxy__gps_sv_status_cb : called
10-19 13:19:21.740 D/GpsLocationProvider_ex( 3583): SV Count : 1 / TOP5 : 21 18 0 0 0 
10-19 13:19:21.740 I/PassiveLocTracker( 3583): GPS Satllite Status
10-19 13:19:21.785 D/BatteryService( 3583): !@BatteryListener : batteryPropertiesChanged!
10-19 13:19:21.785 D/BatteryService( 3583): level:43, scale:100, status:2, health:2, present:true, voltage: 3974, temperature: 315, technology: Li-ion, AC powered:false, USB powered:true, Wireless powered:false, icon:17303721, invalid charger:0
10-19 13:19:21.785 D/BatteryService( 3583): online:4, current avg:-166, charge type:1, power sharing:false, high voltage charger:false, capacity:322000, current_now:-155
10-19 13:19:21.785 D/BatteryService( 3583): Sending ACTION_BATTERY_CHANGED.
10-19 13:19:21.785 I/MotionRecognitionService( 3583): Plugged
10-19 13:19:21.785 I/MotionRecognitionService( 3583): setPowerConnected  = true
10-19 13:19:21.790 D/KeyguardUpdateMonitor( 3756): received broadcast android.intent.action.BATTERY_CHANGED
10-19 13:19:21.790 D/KeyguardUpdateMonitor( 3756): handleBatteryUpdate
10-19 13:19:21.790 D/KeyguardFestivalEffect( 3756): onReceive: android.intent.action.BATTERY_CHANGED
10-19 13:19:21.795 D/STATUSBAR-PhoneStatusBar( 3756):  mBrightnessEnablebySettings = true mBrightnessEnablebyBattery = true mBrightnessEnablebyDisableFlag = true mPmsBrightnessEnablebySettings = true
10-19 13:19:21.795 D/BatteryMeterView( 3756): ACTION_BATTERY_CHANGED : level:43 status:2 health:2
10-19 13:19:21.800 I/BusinessExecutor( 4098): registered Task#33784 : PowerInfoEventSource$1
10-19 13:19:21.800 I/BusinessExecutor( 4098): Task#33784 : #run() called
10-19 13:19:21.800 I/BusinessExecutor( 4098): Task#33784 : #run() ended
10-19 13:19:21.800 D/ClientService( 4999): Battery State Change,  status: 2
10-19 13:19:21.800 D/ClientService( 4999): Battery State Change,  Plugged: 2
10-19 13:19:21.800 D/ClientService( 4999): Battery State Change,  level: 43
10-19 13:19:21.800 D/ClientService( 4999): Battery State Change,  scale: 100
10-19 13:19:21.800 D/BatteryMeterView( 3756): ACTION_BATTERY_CHANGED : level:43 status:2 health:2
10-19 13:19:21.800 D/BatteryMeterView( 3756): ACTION_BATTERY_CHANGED : level:43 status:2 health:2
10-19 13:19:22.755 D/libgps  ( 3583): OnGpsExtensionMessage: message_id(1), data(0x9ca0c838), size(2432)
10-19 13:19:22.755 D/libgps  ( 3583): proxy__gps_sv_status_cb : called
10-19 13:19:22.755 D/GpsLocationProvider_ex( 3583): SV Count : 1 / TOP5 : 21 18 0 0 0 
10-19 13:19:22.755 I/PassiveLocTracker( 3583): GPS Satllite Status
10-19 13:19:23.755 D/libgps  ( 3583): OnGpsExtensionMessage: message_id(1), data(0x9ca0c838), size(2432)
10-19 13:19:23.755 D/libgps  ( 3583): proxy__gps_sv_status_cb : called
10-19 13:19:23.760 D/GpsLocationProvider_ex( 3583): SV Count : 1 / TOP5 : 21 18 0 0 0 
10-19 13:19:23.760 I/PassiveLocTracker( 3583): GPS Satllite Status
10-19 13:19:24.755 D/libgps  ( 3583): OnGpsExtensionMessage: message_id(1), data(0x9ca0c838), size(2432)
10-19 13:19:24.755 D/libgps  ( 3583): proxy__gps_sv_status_cb : called
10-19 13:19:24.760 D/GpsLocationProvider_ex( 3583): SV Count : 1 / TOP5 : 21 18 0 0 0 
10-19 13:19:24.760 I/PassiveLocTracker( 3583): GPS Satllite Status
10-19 13:19:25.125 D/SSRM:n  ( 3583): SIOP:: AP = 310, PST = 317, CUR = -166
10-19 13:19:25.745 D/libgps  ( 3583): OnGpsExtensionMessage: message_id(1), data(0x9ca0c838), size(2432)
10-19 13:19:25.745 D/libgps  ( 3583): proxy__gps_sv_status_cb : called
10-19 13:19:25.745 D/GpsLocationProvider_ex( 3583): SV Count : 1 / TOP5 : 21 18 0 0 0 
10-19 13:19:25.750 I/PassiveLocTracker( 3583): GPS Satllite Status
10-19 13:19:26.760 D/libgps  ( 3583): OnGpsExtensionMessage: message_id(1), data(0x9ca0c838), size(2432)
10-19 13:19:26.760 D/libgps  ( 3583): proxy__gps_sv_status_cb : called
10-19 13:19:26.765 D/GpsLocationProvider_ex( 3583): SV Count : 1 / TOP5 : 20 18 0 0 0 
10-19 13:19:26.765 I/PassiveLocTracker( 3583): GPS Satllite Status
10-19 13:19:27.750 D/libgps  ( 3583): OnGpsExtensionMessage: message_id(1), data(0x9ca0c838), size(2432)
10-19 13:19:27.750 D/libgps  ( 3583): proxy__gps_sv_status_cb : called
10-19 13:19:27.750 D/GpsLocationProvider_ex( 3583): SV Count : 1 / TOP5 : 20 18 0 0 0 
10-19 13:19:27.750 I/PassiveLocTracker( 3583): GPS Satllite Status
10-19 13:19:28.745 D/libgps  ( 3583): OnGpsExtensionMessage: message_id(1), data(0x9ca0c838), size(2432)
10-19 13:19:28.745 D/libgps  ( 3583): proxy__gps_sv_status_cb : called
10-19 13:19:28.750 D/GpsLocationProvider_ex( 3583): SV Count : 1 / TOP5 : 20 18 0 0 0 
10-19 13:19:28.750 I/PassiveLocTracker( 3583): GPS Satllite Status
10-19 13:19:29.750 D/libgps  ( 3583): OnGpsExtensionMessage: message_id(1), data(0x9ca0c838), size(2432)
10-19 13:19:29.750 D/libgps  ( 3583): proxy__gps_sv_status_cb : called
10-19 13:19:29.750 D/GpsLocationProvider_ex( 3583): SV Count : 1 / TOP5 : 20 18 0 0 0 
10-19 13:19:29.750 I/PassiveLocTracker( 3583): GPS Satllite Status
10-19 13:19:30.755 D/libgps  ( 3583): OnGpsExtensionMessage: message_id(1), data(0x9ca0c838), size(2432)
10-19 13:19:30.755 D/libgps  ( 3583): proxy__gps_sv_status_cb : called
10-19 13:19:30.755 D/GpsLocationProvider_ex( 3583): SV Count : 1 / TOP5 : 20 18 0 0 0 
10-19 13:19:30.755 I/PassiveLocTracker( 3583): GPS Satllite Status
10-19 13:19:31.750 D/libgps  ( 3583): OnGpsExtensionMessage: message_id(1), data(0x9ca0c838), size(2432)
10-19 13:19:31.750 D/libgps  ( 3583): proxy__gps_sv_status_cb : called
10-19 13:19:31.750 D/GpsLocationProvider_ex( 3583): SV Count : 1 / TOP5 : 19 18 0 0 0 
10-19 13:19:31.750 I/PassiveLocTracker( 3583): GPS Satllite Status
10-19 13:19:31.865 D/BatteryService( 3583): !@BatteryListener : batteryPropertiesChanged!
10-19 13:19:31.865 D/BatteryService( 3583): level:43, scale:100, status:2, health:2, present:true, voltage: 3970, temperature: 316, technology: Li-ion, AC powered:false, USB powered:true, Wireless powered:false, icon:17303721, invalid charger:0
10-19 13:19:31.865 D/BatteryService( 3583): online:4, current avg:-162, charge type:1, power sharing:false, high voltage charger:false, capacity:322000, current_now:-193
10-19 13:19:31.865 D/BatteryService( 3583): Sending ACTION_BATTERY_CHANGED.
10-19 13:19:31.870 D/KeyguardUpdateMonitor( 3756): received broadcast android.intent.action.BATTERY_CHANGED
10-19 13:19:31.870 I/MotionRecognitionService( 3583): Plugged
10-19 13:19:31.870 I/MotionRecognitionService( 3583): setPowerConnected  = true
10-19 13:19:31.875 D/KeyguardUpdateMonitor( 3756): handleBatteryUpdate
10-19 13:19:31.875 D/KeyguardFestivalEffect( 3756): onReceive: android.intent.action.BATTERY_CHANGED
10-19 13:19:31.880 I/BusinessExecutor( 4098): registered Task#33785 : PowerInfoEventSource$1
10-19 13:19:31.880 I/BusinessExecutor( 4098): Task#33785 : #run() called
10-19 13:19:31.880 I/BusinessExecutor( 4098): Task#33785 : #run() ended
10-19 13:19:31.880 D/STATUSBAR-PhoneStatusBar( 3756):  mBrightnessEnablebySettings = true mBrightnessEnablebyBattery = true mBrightnessEnablebyDisableFlag = true mPmsBrightnessEnablebySettings = true
10-19 13:19:31.880 D/BatteryMeterView( 3756): ACTION_BATTERY_CHANGED : level:43 status:2 health:2
10-19 13:19:31.880 D/BatteryMeterView( 3756): ACTION_BATTERY_CHANGED : level:43 status:2 health:2
10-19 13:19:31.885 D/ClientService( 4999): Battery State Change,  status: 2
10-19 13:19:31.885 D/ClientService( 4999): Battery State Change,  Plugged: 2
10-19 13:19:31.885 D/ClientService( 4999): Battery State Change,  level: 43
10-19 13:19:31.885 D/ClientService( 4999): Battery State Change,  scale: 100
10-19 13:19:31.885 D/BatteryMeterView( 3756): ACTION_BATTERY_CHANGED : level:43 status:2 health:2
10-19 13:19:32.755 D/libgps  ( 3583): OnGpsExtensionMessage: message_id(1), data(0x9ca0c838), size(2432)
10-19 13:19:32.755 D/libgps  ( 3583): proxy__gps_sv_status_cb : called
10-19 13:19:32.755 D/GpsLocationProvider_ex( 3583): SV Count : 1 / TOP5 : 19 18 0 0 0 
10-19 13:19:32.755 I/PassiveLocTracker( 3583): GPS Satllite Status
10-19 13:19:33.755 D/libgps  ( 3583): OnGpsExtensionMessage: message_id(1), data(0x9ca0c838), size(2432)
10-19 13:19:33.755 D/libgps  ( 3583): proxy__gps_sv_status_cb : called
10-19 13:19:33.755 D/GpsLocationProvider_ex( 3583): SV Count : 1 / TOP5 : 19 18 0 0 0 
10-19 13:19:33.755 I/PassiveLocTracker( 3583): GPS Satllite Status
10-19 13:19:34.290 E/Watchdog( 3583): !@Sync 14042
10-19 13:19:34.750 D/libgps  ( 3583): OnGpsExtensionMessage: message_id(1), data(0x9ca0c838), size(2432)
10-19 13:19:34.750 D/libgps  ( 3583): proxy__gps_sv_status_cb : called
10-19 13:19:34.755 D/GpsLocationProvider_ex( 3583): SV Count : 1 / TOP5 : 19 18 0 0 0 
10-19 13:19:34.755 I/PassiveLocTracker( 3583): GPS Satllite Status
10-19 13:19:35.135 D/SSRM:n  ( 3583): SIOP:: AP = 310, PST = 317, CUR = -162
10-19 13:19:35.750 D/libgps  ( 3583): OnGpsExtensionMessage: message_id(1), data(0x9ca0c838), size(2432)
10-19 13:19:35.750 D/libgps  ( 3583): proxy__gps_sv_status_cb : called
10-19 13:19:35.755 D/GpsLocationProvider_ex( 3583): SV Count : 1 / TOP5 : 19 18 0 0 0 
10-19 13:19:35.755 I/PassiveLocTracker( 3583): GPS Satllite Status
10-19 13:19:36.750 D/libgps  ( 3583): OnGpsExtensionMessage: message_id(1), data(0x9ca0c838), size(2432)
10-19 13:19:36.750 D/libgps  ( 3583): proxy__gps_sv_status_cb : called
10-19 13:19:36.750 D/GpsLocationProvider_ex( 3583): SV Count : 1 / TOP5 : 18 18 0 0 0 
10-19 13:19:36.750 I/PassiveLocTracker( 3583): GPS Satllite Status
10-19 13:19:37.750 D/libgps  ( 3583): OnGpsExtensionMessage: message_id(1), data(0x9ca0c838), size(2432)
10-19 13:19:37.750 D/libgps  ( 3583): proxy__gps_sv_status_cb : called
10-19 13:19:37.750 D/GpsLocationProvider_ex( 3583): SV Count : 1 / TOP5 : 18 18 0 0 0 
10-19 13:19:37.750 I/PassiveLocTracker( 3583): GPS Satllite Status
10-19 13:19:38.755 D/libgps  ( 3583): OnGpsExtensionMessage: message_id(1), data(0x9ca0c838), size(2432)
10-19 13:19:38.755 D/libgps  ( 3583): proxy__gps_sv_status_cb : called
10-19 13:19:38.755 D/GpsLocationProvider_ex( 3583): SV Count : 1 / TOP5 : 18 18 0 0 0 
10-19 13:19:38.755 I/PassiveLocTracker( 3583): GPS Satllite Status
10-19 13:19:39.750 D/libgps  ( 3583): OnGpsExtensionMessage: message_id(1), data(0x9ca0c838), size(2432)
10-19 13:19:39.750 D/libgps  ( 3583): proxy__gps_sv_status_cb : called
10-19 13:19:39.750 D/GpsLocationProvider_ex( 3583): SV Count : 1 / TOP5 : 18 18 0 0 0 
10-19 13:19:39.750 I/PassiveLocTracker( 3583): GPS Satllite Status
10-19 13:19:40.755 D/libgps  ( 3583): OnGpsExtensionMessage: message_id(1), data(0x9ca0c838), size(2432)
10-19 13:19:40.755 D/libgps  ( 3583): proxy__gps_sv_status_cb : called
10-19 13:19:40.760 D/GpsLocationProvider_ex( 3583): SV Count : 1 / TOP5 : 18 18 0 0 0 
10-19 13:19:40.760 I/PassiveLocTracker( 3583): GPS Satllite Status
10-19 13:19:41.280 D/StatusBar.NetworkController( 3756): onSignalStrengthsChanged signalStrength=SignalStrength: 99 99 -120 -160 -120 -1 -1 63 -69 -7 200 15 2147483647 0x4 gsm|lte level=4
10-19 13:19:41.280 D/StatusBar.NetworkController( 3756): updateTelephonySignalStrength: hasService=true ss=SignalStrength: 99 99 -120 -160 -120 -1 -1 63 -69 -7 200 15 2147483647 0x4 gsm|lte
10-19 13:19:41.280 D/StatusBar.NetworkController( 3756): updateTelephonySignalStrength -mTransitionState : false
10-19 13:19:41.285 D/StatusBar.NetworkController( 3756): refreshViews connected={ data } level=4 combinedSignalIconId=0x7f0205fe/com.android.systemui:drawable/stat_sys_signal_4_auto_rotate mobileLabel=SKTelecom wifiLabel= emergencyOnly=false combinedLabel=SKTelecom mAirplaneMode=false mDataActivity=0 mPhoneSignalIconId=0x7f0205fe/com.android.systemui:drawable/stat_sys_signal_4_auto_rotate mQSPhoneSignalIconId=0x7f0201ac/com.android.systemui:drawable/ic_qs_signal_no_signal mDataDirectionIconId=0x7f020484/com.android.systemui:drawable/stat_sys_data_fully_connected_lte mDataSignalIconId=0x7f0205fe/com.android.systemui:drawable/stat_sys_signal_4_auto_rotate mDataTypeIconId=0x7f02046a/com.android.systemui:drawable/stat_sys_data_connected_lte mQSDataTypeIconId=0x7f0201ab/com.android.systemui:drawable/ic_qs_signal_lte mNoSimIconId=0x0/(null) mWifiIconId=0x0/(null) mQSWifiIconId=0x0/(null) mWifiActivityIconId=0x0/(null) mBluetoothTetherIconId=0x10808ee/android:drawable/stat_sys_tether_bluetooth
10-19 13:19:41.285 D/STATUSBAR-WifiQuickSettingButton( 3756): onWifiSignalChanged enabled=false enabledDesc:null
10-19 13:19:41.290 D/StatusBar.NetworkController( 3756): UPDATE_STRENGTH -mPreSvcSate: 2, mCurSvcSate: 2
10-19 13:19:41.290 D/StatusBar.NetworkController( 3756): mKeepFakeState =false
10-19 13:19:41.290 D/StatusBar.NetworkController( 3756): UPDATE_STRENGTH - 4, 4
10-19 13:19:41.290 D/StatusBar.NetworkController( 3756): UPDATE_STRENGTH(IN_SVC) -no diff 4, 4
10-19 13:19:41.755 D/libgps  ( 3583): OnGpsExtensionMessage: message_id(1), data(0x9ca0c838), size(2432)
10-19 13:19:41.755 D/libgps  ( 3583): proxy__gps_sv_status_cb : called
10-19 13:19:41.760 D/GpsLocationProvider_ex( 3583): SV Count : 1 / TOP5 : 18 18 0 0 0 
10-19 13:19:41.760 I/PassiveLocTracker( 3583): GPS Satllite Status
10-19 13:19:41.970 D/BatteryService( 3583): !@BatteryListener : batteryPropertiesChanged!
10-19 13:19:41.970 D/BatteryService( 3583): level:43, scale:100, status:2, health:2, present:true, voltage: 3969, temperature: 315, technology: Li-ion, AC powered:false, USB powered:true, Wireless powered:false, icon:17303721, invalid charger:0
10-19 13:19:41.970 D/BatteryService( 3583): online:4, current avg:-162, charge type:1, power sharing:false, high voltage charger:false, capacity:322000, current_now:-211
10-19 13:19:41.970 D/BatteryService( 3583): Sending ACTION_BATTERY_CHANGED.
10-19 13:19:41.970 I/MotionRecognitionService( 3583): Plugged
10-19 13:19:41.970 I/MotionRecognitionService( 3583): setPowerConnected  = true
10-19 13:19:41.975 D/KeyguardUpdateMonitor( 3756): received broadcast android.intent.action.BATTERY_CHANGED
10-19 13:19:41.975 D/KeyguardUpdateMonitor( 3756): handleBatteryUpdate
10-19 13:19:41.975 D/KeyguardFestivalEffect( 3756): onReceive: android.intent.action.BATTERY_CHANGED
10-19 13:19:41.985 I/BusinessExecutor( 4098): registered Task#33786 : PowerInfoEventSource$1
10-19 13:19:41.985 I/BusinessExecutor( 4098): Task#33786 : #run() called
10-19 13:19:41.985 I/BusinessExecutor( 4098): Task#33786 : #run() ended
10-19 13:19:41.985 D/STATUSBAR-PhoneStatusBar( 3756):  mBrightnessEnablebySettings = true mBrightnessEnablebyBattery = true mBrightnessEnablebyDisableFlag = true mPmsBrightnessEnablebySettings = true
10-19 13:19:41.985 D/BatteryMeterView( 3756): ACTION_BATTERY_CHANGED : level:43 status:2 health:2
10-19 13:19:41.990 D/ClientService( 4999): Battery State Change,  status: 2
10-19 13:19:41.990 D/ClientService( 4999): Battery State Change,  Plugged: 2
10-19 13:19:41.990 D/ClientService( 4999): Battery State Change,  level: 43
10-19 13:19:41.990 D/ClientService( 4999): Battery State Change,  scale: 100
10-19 13:19:41.990 D/BatteryMeterView( 3756): ACTION_BATTERY_CHANGED : level:43 status:2 health:2
10-19 13:19:41.990 D/BatteryMeterView( 3756): ACTION_BATTERY_CHANGED : level:43 status:2 health:2
10-19 13:19:42.755 D/libgps  ( 3583): OnGpsExtensionMessage: message_id(1), data(0x9ca0c838), size(2432)
10-19 13:19:42.755 D/libgps  ( 3583): proxy__gps_sv_status_cb : called
10-19 13:19:42.760 D/GpsLocationProvider_ex( 3583): SV Count : 1 / TOP5 : 19 18 0 0 0 
10-19 13:19:42.760 I/PassiveLocTracker( 3583): GPS Satllite Status
10-19 13:19:43.750 D/libgps  ( 3583): OnGpsExtensionMessage: message_id(1), data(0x9ca0c838), size(2432)
10-19 13:19:43.750 D/libgps  ( 3583): proxy__gps_sv_status_cb : called
10-19 13:19:43.750 D/GpsLocationProvider_ex( 3583): SV Count : 1 / TOP5 : 19 18 0 0 0 
10-19 13:19:43.750 I/PassiveLocTracker( 3583): GPS Satllite Status
10-19 13:19:44.755 D/libgps  ( 3583): OnGpsExtensionMessage: message_id(1), data(0x9ca0c838), size(2432)
10-19 13:19:44.755 D/libgps  ( 3583): proxy__gps_sv_status_cb : called
10-19 13:19:44.755 D/GpsLocationProvider_ex( 3583): SV Count : 1 / TOP5 : 19 18 0 0 0 
10-19 13:19:44.755 I/PassiveLocTracker( 3583): GPS Satllite Status
10-19 13:19:45.145 D/SSRM:n  ( 3583): SIOP:: AP = 310, PST = 316, CUR = -162
10-19 13:19:45.760 D/libgps  ( 3583): OnGpsExtensionMessage: message_id(1), data(0x9ca0c838), size(2432)
10-19 13:19:45.760 D/libgps  ( 3583): proxy__gps_sv_status_cb : called
10-19 13:19:45.760 D/GpsLocationProvider_ex( 3583): SV Count : 1 / TOP5 : 18 18 0 0 0 
10-19 13:19:45.760 I/PassiveLocTracker( 3583): GPS Satllite Status
10-19 13:19:46.765 D/libgps  ( 3583): OnGpsExtensionMessage: message_id(1), data(0x9ca0c838), size(2432)
10-19 13:19:46.765 D/libgps  ( 3583): proxy__gps_sv_status_cb : called
10-19 13:19:46.765 D/GpsLocationProvider_ex( 3583): SV Count : 1 / TOP5 : 18 18 0 0 0 
10-19 13:19:46.765 I/PassiveLocTracker( 3583): GPS Satllite Status
10-19 13:19:47.750 D/libgps  ( 3583): OnGpsExtensionMessage: message_id(1), data(0x9ca0c838), size(2432)
10-19 13:19:47.750 D/libgps  ( 3583): proxy__gps_sv_status_cb : called
10-19 13:19:47.750 D/GpsLocationProvider_ex( 3583): SV Count : 1 / TOP5 : 18 18 0 0 0 
10-19 13:19:47.755 I/PassiveLocTracker( 3583): GPS Satllite Status
10-19 13:19:48.750 D/libgps  ( 3583): OnGpsExtensionMessage: message_id(1), data(0x9ca0c838), size(2432)
10-19 13:19:48.750 D/libgps  ( 3583): proxy__gps_sv_status_cb : called
10-19 13:19:48.750 D/GpsLocationProvider_ex( 3583): SV Count : 1 / TOP5 : 18 18 0 0 0 
10-19 13:19:48.755 I/PassiveLocTracker( 3583): GPS Satllite Status
10-19 13:19:49.740 D/libgps  ( 3583): OnGpsExtensionMessage: message_id(1), data(0x9ca0c838), size(2432)
10-19 13:19:49.740 D/libgps  ( 3583): proxy__gps_sv_status_cb : called
10-19 13:19:49.740 D/GpsLocationProvider_ex( 3583): SV Count : 1 / TOP5 : 18 18 0 0 0 
10-19 13:19:49.740 I/PassiveLocTracker( 3583): GPS Satllite Status
10-19 13:19:50.755 D/libgps  ( 3583): OnGpsExtensionMessage: message_id(1), data(0x9ca0c838), size(2432)
10-19 13:19:50.755 D/libgps  ( 3583): proxy__gps_sv_status_cb : called
10-19 13:19:50.755 D/GpsLocationProvider_ex( 3583): SV Count : 1 / TOP5 : 18 18 0 0 0 
10-19 13:19:50.755 I/PassiveLocTracker( 3583): GPS Satllite Status
10-19 13:19:51.760 D/libgps  ( 3583): OnGpsExtensionMessage: message_id(1), data(0x9ca0c838), size(2432)
10-19 13:19:51.760 D/libgps  ( 3583): proxy__gps_sv_status_cb : called
10-19 13:19:51.760 D/GpsLocationProvider_ex( 3583): SV Count : 1 / TOP5 : 18 18 0 0 0 
10-19 13:19:51.760 I/PassiveLocTracker( 3583): GPS Satllite Status
10-19 13:19:52.065 D/BatteryService( 3583): !@BatteryListener : batteryPropertiesChanged!
10-19 13:19:52.065 D/BatteryService( 3583): level:43, scale:100, status:2, health:2, present:true, voltage: 3978, temperature: 315, technology: Li-ion, AC powered:false, USB powered:true, Wireless powered:false, icon:17303721, invalid charger:0
10-19 13:19:52.065 D/BatteryService( 3583): online:4, current avg:-164, charge type:1, power sharing:false, high voltage charger:false, capacity:322000, current_now:-133
10-19 13:19:52.065 D/BatteryService( 3583): Sending ACTION_BATTERY_CHANGED.
10-19 13:19:52.070 I/MotionRecognitionService( 3583): Plugged
10-19 13:19:52.070 I/MotionRecognitionService( 3583): setPowerConnected  = true
10-19 13:19:52.075 D/KeyguardUpdateMonitor( 3756): received broadcast android.intent.action.BATTERY_CHANGED
10-19 13:19:52.075 D/KeyguardUpdateMonitor( 3756): handleBatteryUpdate
10-19 13:19:52.075 D/KeyguardFestivalEffect( 3756): onReceive: android.intent.action.BATTERY_CHANGED
10-19 13:19:52.080 D/STATUSBAR-PhoneStatusBar( 3756):  mBrightnessEnablebySettings = true mBrightnessEnablebyBattery = true mBrightnessEnablebyDisableFlag = true mPmsBrightnessEnablebySettings = true
10-19 13:19:52.085 I/BusinessExecutor( 4098): registered Task#33787 : PowerInfoEventSource$1
10-19 13:19:52.085 I/BusinessExecutor( 4098): Task#33787 : #run() called
10-19 13:19:52.085 I/BusinessExecutor( 4098): Task#33787 : #run() ended
10-19 13:19:52.085 D/BatteryMeterView( 3756): ACTION_BATTERY_CHANGED : level:43 status:2 health:2
10-19 13:19:52.085 D/BatteryMeterView( 3756): ACTION_BATTERY_CHANGED : level:43 status:2 health:2
10-19 13:19:52.085 D/BatteryMeterView( 3756): ACTION_BATTERY_CHANGED : level:43 status:2 health:2
10-19 13:19:52.090 D/ClientService( 4999): Battery State Change,  status: 2
10-19 13:19:52.090 D/ClientService( 4999): Battery State Change,  Plugged: 2
10-19 13:19:52.090 D/ClientService( 4999): Battery State Change,  level: 43
10-19 13:19:52.090 D/ClientService( 4999): Battery State Change,  scale: 100
10-19 13:19:52.755 D/libgps  ( 3583): OnGpsExtensionMessage: message_id(1), data(0x9ca0c838), size(2432)
10-19 13:19:52.755 D/libgps  ( 3583): proxy__gps_sv_status_cb : called
10-19 13:19:52.755 D/GpsLocationProvider_ex( 3583): SV Count : 1 / TOP5 : 18 17 0 0 0 
10-19 13:19:52.755 I/PassiveLocTracker( 3583): GPS Satllite Status
10-19 13:19:53.740 D/libgps  ( 3583): OnGpsExtensionMessage: message_id(1), data(0x9ca0c838), size(2432)
10-19 13:19:53.740 D/libgps  ( 3583): proxy__gps_sv_status_cb : called
10-19 13:19:53.745 D/GpsLocationProvider_ex( 3583): SV Count : 1 / TOP5 : 18 17 0 0 0 
10-19 13:19:53.750 I/PassiveLocTracker( 3583): GPS Satllite Status
10-19 13:19:54.065 I/System.out( 4036): Broadcasting: Intent { act=android.intent.action.CELL_INFO_RES (has extras) }
10-19 13:19:54.075 I/CpLocTracker( 3583): Received Intent : android.intent.action.CELL_INFO_RES
10-19 13:19:54.075 I/CpLocTracker( 3583): Received Data
10-19 13:19:54.075 I/CpLocTracker( 3583): 01009400226D6363223A3435302C226D6E63223A352C22746163223A323035332C22676C6F62616C43656C6C4964223A363837343933392C22706879736963616C43656C6C4964223A38332C2265617266636E444C223A313335302C2272737369223A2D33362C2272737271223A2D31322C22736E72223A31392C2272737270223A2D36382C2274696D696E67416476616E6365223A2D3100
10-19 13:19:54.075 I/CpLocTracker( 3583): rat : 1
10-19 13:19:54.075 I/CpLocTracker( 3583): gps : 0
10-19 13:19:54.075 I/CpLocTracker( 3583): cellinfo : 0094226D6363223A3435302C226D6E63223A352C22746163223A323035332C22676C6F62616C43656C6C4964223A363837343933392C22706879736963616C43656C6C4964223A38332C2265617266636E444C223A313335302C2272737369223A2D33362C2272737271223A2D31322C22736E72223A31392C2272737270223A2D36382C2274696D696E67416476616E6365223A2D3100
10-19 13:19:54.075 I/CLocInfoService( 3583): Rat Type : 1, AttachedGPS : 0
10-19 13:19:54.075 I/CLocInfoService( 3583): CellInfo : 0094226D6363223A3435302C226D6E63223A352C22746163223A323035332C22676C6F62616C43656C6C4964223A363837343933392C22706879736963616C43656C6C4964223A38332C2265617266636E444C223A313335302C2272737369223A2D33362C2272737271223A2D31322C22736E72223A31392C2272737270223A2D36382C2274696D696E67416476616E6365223A2D3100
10-19 13:19:54.075 I/CLocInfoCtrl( 3583): getPolicyGpsAccuracy 1
10-19 13:19:54.075 I/CLocInfoCtrl( 3583): Accuracy String : 20
10-19 13:19:54.075 I/CLocInfoCtrl( 3583): Accuracy value : 20
10-19 13:19:54.075 I/CLocInfoService( 3583): Policy Accuracy : 20
10-19 13:19:54.075 I/CLocInfoCtrl( 3583): Default Server URL Home country, mcc = 450
10-19 13:19:54.740 D/libgps  ( 3583): OnGpsExtensionMessage: message_id(1), data(0x9ca0c838), size(2432)
10-19 13:19:54.740 D/libgps  ( 3583): proxy__gps_sv_status_cb : called
10-19 13:19:54.745 D/GpsLocationProvider_ex( 3583): SV Count : 1 / TOP5 : 18 17 0 0 0 
10-19 13:19:54.745 I/PassiveLocTracker( 3583): GPS Satllite Status
10-19 13:19:55.155 D/SSRM:n  ( 3583): SIOP:: AP = 310, PST = 316, CUR = -164
10-19 13:19:55.750 D/libgps  ( 3583): OnGpsExtensionMessage: message_id(1), data(0x9ca0c838), size(2432)
10-19 13:19:55.750 D/libgps  ( 3583): proxy__gps_sv_status_cb : called
10-19 13:19:55.750 D/GpsLocationProvider_ex( 3583): SV Count : 1 / TOP5 : 18 17 0 0 0 
10-19 13:19:55.750 I/PassiveLocTracker( 3583): GPS Satllite Status
10-19 13:19:56.740 D/libgps  ( 3583): OnGpsExtensionMessage: message_id(1), data(0x9ca0c838), size(2432)
10-19 13:19:56.740 D/libgps  ( 3583): proxy__gps_sv_status_cb : called
10-19 13:19:56.740 D/GpsLocationProvider_ex( 3583): SV Count : 1 / TOP5 : 18 17 0 0 0 
10-19 13:19:56.740 I/PassiveLocTracker( 3583): GPS Satllite Status
10-19 13:19:57.745 D/libgps  ( 3583): OnGpsExtensionMessage: message_id(1), data(0x9ca0c838), size(2432)
10-19 13:19:57.745 D/libgps  ( 3583): proxy__gps_sv_status_cb : called
10-19 13:19:57.745 D/GpsLocationProvider_ex( 3583): SV Count : 1 / TOP5 : 18 18 0 0 0 
10-19 13:19:57.750 I/PassiveLocTracker( 3583): GPS Satllite Status
10-19 13:19:58.755 D/libgps  ( 3583): OnGpsExtensionMessage: message_id(1), data(0x9ca0c838), size(2432)
10-19 13:19:58.755 D/libgps  ( 3583): proxy__gps_sv_status_cb : called
10-19 13:19:58.755 D/GpsLocationProvider_ex( 3583): SV Count : 1 / TOP5 : 18 17 0 0 0 
10-19 13:19:58.755 I/PassiveLocTracker( 3583): GPS Satllite Status
10-19 13:19:59.745 D/libgps  ( 3583): OnGpsExtensionMessage: message_id(1), data(0x9ca0c838), size(2432)
10-19 13:19:59.745 D/libgps  ( 3583): proxy__gps_sv_status_cb : called
10-19 13:19:59.750 D/GpsLocationProvider_ex( 3583): SV Count : 1 / TOP5 : 18 17 0 0 0 
10-19 13:19:59.750 I/PassiveLocTracker( 3583): GPS Satllite Status
10-19 13:19:59.995 V/AlarmManager( 3583): waitForAlarm result :8
10-19 13:20:00.010 V/AlarmManager( 3583): waitForAlarm result :8
10-19 13:20:00.025 D/KeyguardUpdateMonitor( 3756): received broadcast android.intent.action.TIME_TICK
10-19 13:20:00.025 D/KeyguardUpdateMonitor( 3756): handleTimeUpdate
10-19 13:20:00.080 D/DateView( 3756): regionalDateFormat = 3333. 11. 22. isRTLlanguage = false returnDateFormat = MMMM d일 E요일
10-19 13:20:00.085 D/DateView( 3756): regionalDateFormat = 3333. 11. 22. isRTLlanguage = false returnDateFormat = MMMM d일 E요일
10-19 13:20:00.085 D/KeyguardEffectViewController( 3756): onReceive action : android.intent.action.TIME_TICK
10-19 13:20:00.085 I/KeyguardEffectViewController( 3756): *** don't update sliding image ***
10-19 13:20:00.745 D/libgps  ( 3583): OnGpsExtensionMessage: message_id(1), data(0x9ca0c838), size(2432)
10-19 13:20:00.745 D/libgps  ( 3583): proxy__gps_sv_status_cb : called
10-19 13:20:00.745 D/GpsLocationProvider_ex( 3583): SV Count : 1 / TOP5 : 18 16 0 0 0 
10-19 13:20:00.745 I/PassiveLocTracker( 3583): GPS Satllite Status
10-19 13:20:01.750 D/libgps  ( 3583): OnGpsExtensionMessage: message_id(1), data(0x9ca0c838), size(2432)
10-19 13:20:01.755 D/libgps  ( 3583): proxy__gps_sv_status_cb : called
10-19 13:20:01.755 D/GpsLocationProvider_ex( 3583): SV Count : 1 / TOP5 : 18 16 0 0 0 
10-19 13:20:01.755 I/PassiveLocTracker( 3583): GPS Satllite Status
10-19 13:20:02.165 D/BatteryService( 3583): !@BatteryListener : batteryPropertiesChanged!
10-19 13:20:02.165 D/BatteryService( 3583): level:43, scale:100, status:2, health:2, present:true, voltage: 3976, temperature: 315, technology: Li-ion, AC powered:false, USB powered:true, Wireless powered:false, icon:17303721, invalid charger:0
10-19 13:20:02.165 D/BatteryService( 3583): online:4, current avg:-166, charge type:1, power sharing:false, high voltage charger:false, capacity:322000, current_now:-134
10-19 13:20:02.165 D/BatteryService( 3583): Sending ACTION_BATTERY_CHANGED.
10-19 13:20:02.170 I/MotionRecognitionService( 3583): Plugged
10-19 13:20:02.170 I/MotionRecognitionService( 3583): setPowerConnected  = true
10-19 13:20:02.175 D/KeyguardUpdateMonitor( 3756): received broadcast android.intent.action.BATTERY_CHANGED
10-19 13:20:02.175 D/KeyguardUpdateMonitor( 3756): handleBatteryUpdate
10-19 13:20:02.175 D/KeyguardFestivalEffect( 3756): onReceive: android.intent.action.BATTERY_CHANGED
10-19 13:20:02.180 D/STATUSBAR-PhoneStatusBar( 3756):  mBrightnessEnablebySettings = true mBrightnessEnablebyBattery = true mBrightnessEnablebyDisableFlag = true mPmsBrightnessEnablebySettings = true
10-19 13:20:02.185 I/BusinessExecutor( 4098): registered Task#33788 : PowerInfoEventSource$1
10-19 13:20:02.185 I/BusinessExecutor( 4098): Task#33788 : #run() called
10-19 13:20:02.185 I/BusinessExecutor( 4098): Task#33788 : #run() ended
10-19 13:20:02.185 D/BatteryMeterView( 3756): ACTION_BATTERY_CHANGED : level:43 status:2 health:2
10-19 13:20:02.185 D/BatteryMeterView( 3756): ACTION_BATTERY_CHANGED : level:43 status:2 health:2
10-19 13:20:02.185 D/BatteryMeterView( 3756): ACTION_BATTERY_CHANGED : level:43 status:2 health:2
10-19 13:20:02.190 D/ClientService( 4999): Battery State Change,  status: 2
10-19 13:20:02.190 D/ClientService( 4999): Battery State Change,  Plugged: 2
10-19 13:20:02.190 D/ClientService( 4999): Battery State Change,  level: 43
10-19 13:20:02.190 D/ClientService( 4999): Battery State Change,  scale: 100
10-19 13:20:02.755 D/libgps  ( 3583): OnGpsExtensionMessage: message_id(1), data(0x9ca0c838), size(2432)
10-19 13:20:02.755 D/libgps  ( 3583): proxy__gps_sv_status_cb : called
10-19 13:20:02.755 D/GpsLocationProvider_ex( 3583): SV Count : 1 / TOP5 : 18 16 0 0 0 
10-19 13:20:02.755 I/PassiveLocTracker( 3583): GPS Satllite Status
10-19 13:20:03.750 D/libgps  ( 3583): OnGpsExtensionMessage: message_id(1), data(0x9ca0c838), size(2432)
10-19 13:20:03.750 D/libgps  ( 3583): proxy__gps_sv_status_cb : called
10-19 13:20:03.750 D/GpsLocationProvider_ex( 3583): SV Count : 1 / TOP5 : 18 15 0 0 0 
10-19 13:20:03.750 I/PassiveLocTracker( 3583): GPS Satllite Status
10-19 13:20:04.295 E/Watchdog( 3583): !@Sync 14043
10-19 13:20:04.755 D/libgps  ( 3583): OnGpsExtensionMessage: message_id(1), data(0x9ca0c838), size(2432)
10-19 13:20:04.755 D/libgps  ( 3583): proxy__gps_sv_status_cb : called
10-19 13:20:04.755 D/GpsLocationProvider_ex( 3583): SV Count : 1 / TOP5 : 18 15 0 0 0 
10-19 13:20:04.755 I/PassiveLocTracker( 3583): GPS Satllite Status
10-19 13:20:05.170 D/SSRM:n  ( 3583): SIOP:: AP = 310, PST = 316, CUR = -166
10-19 13:20:05.745 D/libgps  ( 3583): OnGpsExtensionMessage: message_id(1), data(0x9ca0c838), size(2432)
10-19 13:20:05.745 D/libgps  ( 3583): proxy__gps_sv_status_cb : called
10-19 13:20:05.745 D/GpsLocationProvider_ex( 3583): SV Count : 1 / TOP5 : 18 15 0 0 0 
10-19 13:20:05.745 I/PassiveLocTracker( 3583): GPS Satllite Status
10-19 13:20:06.745 D/libgps  ( 3583): OnGpsExtensionMessage: message_id(1), data(0x9ca0c838), size(2432)
10-19 13:20:06.745 D/libgps  ( 3583): proxy__gps_sv_status_cb : called
10-19 13:20:06.750 D/GpsLocationProvider_ex( 3583): SV Count : 1 / TOP5 : 18 15 0 0 0 
10-19 13:20:06.750 I/PassiveLocTracker( 3583): GPS Satllite Status
10-19 13:20:06.880 D/StatusBar.NetworkController( 3756): onSignalStrengthsChanged signalStrength=SignalStrength: 99 99 -120 -160 -120 -1 -1 63 -69 -8 200 15 2147483647 0x4 gsm|lte level=4
10-19 13:20:06.880 D/StatusBar.NetworkController( 3756): updateTelephonySignalStrength: hasService=true ss=SignalStrength: 99 99 -120 -160 -120 -1 -1 63 -69 -8 200 15 2147483647 0x4 gsm|lte
10-19 13:20:06.880 D/StatusBar.NetworkController( 3756): updateTelephonySignalStrength -mTransitionState : false
10-19 13:20:06.880 D/StatusBar.NetworkController( 3756): refreshViews connected={ data } level=4 combinedSignalIconId=0x7f0205fe/com.android.systemui:drawable/stat_sys_signal_4_auto_rotate mobileLabel=SKTelecom wifiLabel= emergencyOnly=false combinedLabel=SKTelecom mAirplaneMode=false mDataActivity=0 mPhoneSignalIconId=0x7f0205fe/com.android.systemui:drawable/stat_sys_signal_4_auto_rotate mQSPhoneSignalIconId=0x7f0201ac/com.android.systemui:drawable/ic_qs_signal_no_signal mDataDirectionIconId=0x7f020484/com.android.systemui:drawable/stat_sys_data_fully_connected_lte mDataSignalIconId=0x7f0205fe/com.android.systemui:drawable/stat_sys_signal_4_auto_rotate mDataTypeIconId=0x7f02046a/com.android.systemui:drawable/stat_sys_data_connected_lte mQSDataTypeIconId=0x7f0201ab/com.android.systemui:drawable/ic_qs_signal_lte mNoSimIconId=0x0/(null) mWifiIconId=0x0/(null) mQSWifiIconId=0x0/(null) mWifiActivityIconId=0x0/(null) mBluetoothTetherIconId=0x10808ee/android:drawable/stat_sys_tether_bluetooth
10-19 13:20:06.885 D/STATUSBAR-WifiQuickSettingButton( 3756): onWifiSignalChanged enabled=false enabledDesc:null
10-19 13:20:06.885 D/StatusBar.NetworkController( 3756): UPDATE_STRENGTH -mPreSvcSate: 2, mCurSvcSate: 2
10-19 13:20:06.885 D/StatusBar.NetworkController( 3756): mKeepFakeState =false
10-19 13:20:06.885 D/StatusBar.NetworkController( 3756): UPDATE_STRENGTH - 4, 4
10-19 13:20:06.885 D/StatusBar.NetworkController( 3756): UPDATE_STRENGTH(IN_SVC) -no diff 4, 4
10-19 13:20:07.745 D/libgps  ( 3583): OnGpsExtensionMessage: message_id(1), data(0x9ca0c838), size(2432)
10-19 13:20:07.745 D/libgps  ( 3583): proxy__gps_sv_status_cb : called
10-19 13:20:07.745 D/GpsLocationProvider_ex( 3583): SV Count : 1 / TOP5 : 18 15 0 0 0 
10-19 13:20:07.745 I/PassiveLocTracker( 3583): GPS Satllite Status
10-19 13:20:08.025 D/NetworkStatsFactory( 3583): UpdateStatsForKnox
10-19 13:20:08.740 D/libgps  ( 3583): OnGpsExtensionMessage: message_id(1), data(0x9ca0c838), size(2432)
10-19 13:20:08.740 D/libgps  ( 3583): proxy__gps_sv_status_cb : called
10-19 13:20:08.745 D/GpsLocationProvider_ex( 3583): SV Count : 1 / TOP5 : 18 14 0 0 0 
10-19 13:20:08.745 I/PassiveLocTracker( 3583): GPS Satllite Status
10-19 13:20:09.740 D/libgps  ( 3583): OnGpsExtensionMessage: message_id(1), data(0x9ca0c838), size(2432)
10-19 13:20:09.740 D/libgps  ( 3583): proxy__gps_sv_status_cb : called
10-19 13:20:09.745 D/GpsLocationProvider_ex( 3583): SV Count : 1 / TOP5 : 18 14 0 0 0 
10-19 13:20:09.745 I/PassiveLocTracker( 3583): GPS Satllite Status
10-19 13:20:10.750 D/libgps  ( 3583): OnGpsExtensionMessage: message_id(1), data(0x9ca0c838), size(2432)
10-19 13:20:10.750 D/libgps  ( 3583): proxy__gps_sv_status_cb : called
10-19 13:20:10.750 D/GpsLocationProvider_ex( 3583): SV Count : 1 / TOP5 : 18 14 0 0 0 
10-19 13:20:10.750 I/PassiveLocTracker( 3583): GPS Satllite Status
10-19 13:20:11.740 D/libgps  ( 3583): OnGpsExtensionMessage: message_id(1), data(0x9ca0c838), size(2432)
10-19 13:20:11.740 D/libgps  ( 3583): proxy__gps_sv_status_cb : called
10-19 13:20:11.745 D/GpsLocationProvider_ex( 3583): SV Count : 1 / TOP5 : 18 14 0 0 0 
10-19 13:20:11.745 I/PassiveLocTracker( 3583): GPS Satllite Status
10-19 13:20:12.260 D/BatteryService( 3583): !@BatteryListener : batteryPropertiesChanged!
10-19 13:20:12.260 D/BatteryService( 3583): level:43, scale:100, status:2, health:2, present:true, voltage: 3980, temperature: 315, technology: Li-ion, AC powered:false, USB powered:true, Wireless powered:false, icon:17303721, invalid charger:0
10-19 13:20:12.260 D/BatteryService( 3583): online:4, current avg:-168, charge type:1, power sharing:false, high voltage charger:false, capacity:322000, current_now:-140
10-19 13:20:12.260 D/BatteryService( 3583): Sending ACTION_BATTERY_CHANGED.
10-19 13:20:12.265 I/MotionRecognitionService( 3583): Plugged
10-19 13:20:12.265 I/MotionRecognitionService( 3583): setPowerConnected  = true
10-19 13:20:12.270 D/KeyguardUpdateMonitor( 3756): received broadcast android.intent.action.BATTERY_CHANGED
10-19 13:20:12.270 D/KeyguardUpdateMonitor( 3756): handleBatteryUpdate
10-19 13:20:12.270 D/KeyguardFestivalEffect( 3756): onReceive: android.intent.action.BATTERY_CHANGED
10-19 13:20:12.275 D/STATUSBAR-PhoneStatusBar( 3756):  mBrightnessEnablebySettings = true mBrightnessEnablebyBattery = true mBrightnessEnablebyDisableFlag = true mPmsBrightnessEnablebySettings = true
10-19 13:20:12.275 D/BatteryMeterView( 3756): ACTION_BATTERY_CHANGED : level:43 status:2 health:2
10-19 13:20:12.280 I/BusinessExecutor( 4098): registered Task#33789 : PowerInfoEventSource$1
10-19 13:20:12.280 I/BusinessExecutor( 4098): Task#33789 : #run() called
10-19 13:20:12.280 I/BusinessExecutor( 4098): Task#33789 : #run() ended
10-19 13:20:12.280 D/ClientService( 4999): Battery State Change,  status: 2
10-19 13:20:12.280 D/ClientService( 4999): Battery State Change,  Plugged: 2
10-19 13:20:12.280 D/ClientService( 4999): Battery State Change,  level: 43
10-19 13:20:12.280 D/ClientService( 4999): Battery State Change,  scale: 100
10-19 13:20:12.280 D/BatteryMeterView( 3756): ACTION_BATTERY_CHANGED : level:43 status:2 health:2
10-19 13:20:12.280 D/BatteryMeterView( 3756): ACTION_BATTERY_CHANGED : level:43 status:2 health:2
10-19 13:20:12.735 D/libgps  ( 3583): OnGpsExtensionMessage: message_id(1), data(0x9ca0c838), size(2432)
10-19 13:20:12.735 D/libgps  ( 3583): proxy__gps_sv_status_cb : called
10-19 13:20:12.740 D/GpsLocationProvider_ex( 3583): SV Count : 1 / TOP5 : 18 14 0 0 0 
10-19 13:20:12.740 I/PassiveLocTracker( 3583): GPS Satllite Status
10-19 13:20:13.740 D/libgps  ( 3583): OnGpsExtensionMessage: message_id(1), data(0x9ca0c838), size(2432)
10-19 13:20:13.740 D/libgps  ( 3583): proxy__gps_sv_status_cb : called
10-19 13:20:13.740 D/GpsLocationProvider_ex( 3583): SV Count : 1 / TOP5 : 18 14 0 0 0 
10-19 13:20:13.740 I/PassiveLocTracker( 3583): GPS Satllite Status
10-19 13:20:14.740 D/libgps  ( 3583): OnGpsExtensionMessage: message_id(1), data(0x9ca0c838), size(2432)
10-19 13:20:14.740 D/libgps  ( 3583): proxy__gps_sv_status_cb : called
10-19 13:20:14.745 D/GpsLocationProvider_ex( 3583): SV Count : 1 / TOP5 : 18 14 0 0 0 
10-19 13:20:14.745 I/PassiveLocTracker( 3583): GPS Satllite Status
10-19 13:20:15.185 D/SSRM:n  ( 3583): SIOP:: AP = 310, PST = 316, CUR = -168
10-19 13:20:15.740 D/libgps  ( 3583): OnGpsExtensionMessage: message_id(1), data(0x9ca0c838), size(2432)
10-19 13:20:15.740 D/libgps  ( 3583): proxy__gps_sv_status_cb : called
10-19 13:20:15.745 D/GpsLocationProvider_ex( 3583): SV Count : 1 / TOP5 : 18 14 0 0 0 
10-19 13:20:15.745 I/PassiveLocTracker( 3583): GPS Satllite Status
10-19 13:20:16.740 D/libgps  ( 3583): OnGpsExtensionMessage: message_id(1), data(0x9ca0c838), size(2432)
10-19 13:20:16.740 D/libgps  ( 3583): proxy__gps_sv_status_cb : called
10-19 13:20:16.745 D/GpsLocationProvider_ex( 3583): SV Count : 1 / TOP5 : 18 14 0 0 0 
10-19 13:20:16.745 I/PassiveLocTracker( 3583): GPS Satllite Status
10-19 13:20:17.745 D/libgps  ( 3583): OnGpsExtensionMessage: message_id(1), data(0x9ca0c838), size(2432)
10-19 13:20:17.745 D/libgps  ( 3583): proxy__gps_sv_status_cb : called
10-19 13:20:17.745 D/GpsLocationProvider_ex( 3583): SV Count : 1 / TOP5 : 18 14 0 0 0 
10-19 13:20:17.745 I/PassiveLocTracker( 3583): GPS Satllite Status
10-19 13:20:18.745 D/libgps  ( 3583): OnGpsExtensionMessage: message_id(1), data(0x9ca0c838), size(2432)
10-19 13:20:18.745 D/libgps  ( 3583): proxy__gps_sv_status_cb : called
10-19 13:20:18.745 D/GpsLocationProvider_ex( 3583): SV Count : 1 / TOP5 : 18 14 0 0 0 
10-19 13:20:18.745 I/PassiveLocTracker( 3583): GPS Satllite Status
10-19 13:20:19.745 D/libgps  ( 3583): OnGpsExtensionMessage: message_id(1), data(0x9ca0c838), size(2432)
10-19 13:20:19.745 D/libgps  ( 3583): proxy__gps_sv_status_cb : called
10-19 13:20:19.750 D/GpsLocationProvider_ex( 3583): SV Count : 1 / TOP5 : 18 13 0 0 0 
10-19 13:20:19.750 I/PassiveLocTracker( 3583): GPS Satllite Status
10-19 13:20:20.750 D/libgps  ( 3583): OnGpsExtensionMessage: message_id(1), data(0x9ca0c838), size(2432)
10-19 13:20:20.750 D/libgps  ( 3583): proxy__gps_sv_status_cb : called
10-19 13:20:20.750 D/GpsLocationProvider_ex( 3583): SV Count : 1 / TOP5 : 18 13 0 0 0 
10-19 13:20:20.750 I/PassiveLocTracker( 3583): GPS Satllite Status
10-19 13:20:21.750 D/libgps  ( 3583): OnGpsExtensionMessage: message_id(1), data(0x9ca0c838), size(2432)
10-19 13:20:21.750 D/libgps  ( 3583): proxy__gps_sv_status_cb : called
10-19 13:20:21.755 D/GpsLocationProvider_ex( 3583): SV Count : 1 / TOP5 : 18 13 0 0 0 
10-19 13:20:21.755 I/PassiveLocTracker( 3583): GPS Satllite Status
10-19 13:20:22.355 D/BatteryService( 3583): !@BatteryListener : batteryPropertiesChanged!
10-19 13:20:22.355 D/BatteryService( 3583): level:43, scale:100, status:2, health:2, present:true, voltage: 3964, temperature: 315, technology: Li-ion, AC powered:false, USB powered:true, Wireless powered:false, icon:17303721, invalid charger:0
10-19 13:20:22.355 D/BatteryService( 3583): online:4, current avg:-167, charge type:1, power sharing:false, high voltage charger:false, capacity:322000, current_now:-249
10-19 13:20:22.355 D/BatteryService( 3583): Sending ACTION_BATTERY_CHANGED.
10-19 13:20:22.360 D/KeyguardUpdateMonitor( 3756): received broadcast android.intent.action.BATTERY_CHANGED
10-19 13:20:22.360 D/KeyguardUpdateMonitor( 3756): handleBatteryUpdate
10-19 13:20:22.360 I/MotionRecognitionService( 3583): Plugged
10-19 13:20:22.360 I/MotionRecognitionService( 3583): setPowerConnected  = true
10-19 13:20:22.365 D/KeyguardFestivalEffect( 3756): onReceive: android.intent.action.BATTERY_CHANGED
10-19 13:20:22.370 I/BusinessExecutor( 4098): registered Task#33790 : PowerInfoEventSource$1
10-19 13:20:22.370 I/BusinessExecutor( 4098): Task#33790 : #run() called
10-19 13:20:22.370 D/STATUSBAR-PhoneStatusBar( 3756):  mBrightnessEnablebySettings = true mBrightnessEnablebyBattery = true mBrightnessEnablebyDisableFlag = true mPmsBrightnessEnablebySettings = true
10-19 13:20:22.370 D/BatteryMeterView( 3756): ACTION_BATTERY_CHANGED : level:43 status:2 health:2
10-19 13:20:22.375 I/BusinessExecutor( 4098): Task#33790 : #run() ended
10-19 13:20:22.375 D/ClientService( 4999): Battery State Change,  status: 2
10-19 13:20:22.375 D/ClientService( 4999): Battery State Change,  Plugged: 2
10-19 13:20:22.375 D/ClientService( 4999): Battery State Change,  level: 43
10-19 13:20:22.375 D/ClientService( 4999): Battery State Change,  scale: 100
10-19 13:20:22.375 D/BatteryMeterView( 3756): ACTION_BATTERY_CHANGED : level:43 status:2 health:2
10-19 13:20:22.375 D/BatteryMeterView( 3756): ACTION_BATTERY_CHANGED : level:43 status:2 health:2
10-19 13:20:22.745 D/libgps  ( 3583): OnGpsExtensionMessage: message_id(1), data(0x9ca0c838), size(2432)
10-19 13:20:22.745 D/libgps  ( 3583): proxy__gps_sv_status_cb : called
10-19 13:20:22.745 D/GpsLocationProvider_ex( 3583): SV Count : 1 / TOP5 : 18 13 0 0 0 
10-19 13:20:22.745 I/PassiveLocTracker( 3583): GPS Satllite Status
10-19 13:20:23.745 D/libgps  ( 3583): OnGpsExtensionMessage: message_id(1), data(0x9ca0c838), size(2432)
10-19 13:20:23.745 D/libgps  ( 3583): proxy__gps_sv_status_cb : called
10-19 13:20:23.745 D/GpsLocationProvider_ex( 3583): SV Count : 1 / TOP5 : 18 13 0 0 0 
10-19 13:20:23.745 I/PassiveLocTracker( 3583): GPS Satllite Status
10-19 13:20:24.425 V/AlarmManager( 3583): waitForAlarm result :8
10-19 13:20:24.750 D/libgps  ( 3583): OnGpsExtensionMessage: message_id(1), data(0x9ca0c838), size(2432)
10-19 13:20:24.750 D/libgps  ( 3583): proxy__gps_sv_status_cb : called
10-19 13:20:24.750 D/GpsLocationProvider_ex( 3583): SV Count : 1 / TOP5 : 18 13 0 0 0 
10-19 13:20:24.750 I/PassiveLocTracker( 3583): GPS Satllite Status
10-19 13:20:25.205 D/SSRM:n  ( 3583): SIOP:: AP = 310, PST = 316, CUR = -167
10-19 13:20:25.755 D/libgps  ( 3583): OnGpsExtensionMessage: message_id(1), data(0x9ca0c838), size(2432)
10-19 13:20:25.755 D/libgps  ( 3583): proxy__gps_sv_status_cb : called
10-19 13:20:25.755 D/GpsLocationProvider_ex( 3583): SV Count : 1 / TOP5 : 18 13 0 0 0 
10-19 13:20:25.755 I/PassiveLocTracker( 3583): GPS Satllite Status
10-19 13:20:26.745 D/libgps  ( 3583): OnGpsExtensionMessage: message_id(1), data(0x9ca0c838), size(2432)
10-19 13:20:26.745 D/libgps  ( 3583): proxy__gps_sv_status_cb : called
10-19 13:20:26.750 D/GpsLocationProvider_ex( 3583): SV Count : 1 / TOP5 : 18 13 0 0 0 
10-19 13:20:26.750 I/PassiveLocTracker( 3583): GPS Satllite Status
10-19 13:20:27.750 D/libgps  ( 3583): OnGpsExtensionMessage: message_id(1), data(0x9ca0c838), size(2432)
10-19 13:20:27.750 D/libgps  ( 3583): proxy__gps_sv_status_cb : called
10-19 13:20:27.750 D/GpsLocationProvider_ex( 3583): SV Count : 1 / TOP5 : 18 13 0 0 0 
10-19 13:20:27.750 I/PassiveLocTracker( 3583): GPS Satllite Status
10-19 13:20:28.750 D/libgps  ( 3583): OnGpsExtensionMessage: message_id(1), data(0x9ca0c838), size(2432)
10-19 13:20:28.750 D/libgps  ( 3583): proxy__gps_sv_status_cb : called
10-19 13:20:28.750 D/GpsLocationProvider_ex( 3583): SV Count : 1 / TOP5 : 18 13 0 0 0 
10-19 13:20:28.750 I/PassiveLocTracker( 3583): GPS Satllite Status
10-19 13:20:29.750 D/libgps  ( 3583): OnGpsExtensionMessage: message_id(1), data(0x9ca0c838), size(2432)
10-19 13:20:29.750 D/libgps  ( 3583): proxy__gps_sv_status_cb : called
10-19 13:20:29.750 D/GpsLocationProvider_ex( 3583): SV Count : 1 / TOP5 : 18 12 0 0 0 
10-19 13:20:29.750 I/PassiveLocTracker( 3583): GPS Satllite Status
10-19 13:20:30.745 D/libgps  ( 3583): OnGpsExtensionMessage: message_id(1), data(0x9ca0c838), size(2432)
10-19 13:20:30.745 D/libgps  ( 3583): proxy__gps_sv_status_cb : called
10-19 13:20:30.745 D/GpsLocationProvider_ex( 3583): SV Count : 1 / TOP5 : 18 12 0 0 0 
10-19 13:20:30.745 I/PassiveLocTracker( 3583): GPS Satllite Status
