10-19 13:18:00.070 D/DateView( 3756): regionalDateFormat = 3333. 11. 22. isRTLlanguage = false returnDateFormat = MMMM d일 E요일
10-19 13:18:00.075 D/DateView( 3756): regionalDateFormat = 3333. 11. 22. isRTLlanguage = false returnDateFormat = MMMM d일 E요일
10-19 13:18:00.080 D/KeyguardEffectViewController( 3756): onReceive action : android.intent.action.TIME_TICK
10-19 13:18:00.080 I/KeyguardEffectViewController( 3756): *** don't update sliding image ***
10-19 13:18:00.745 D/libgps  ( 3583): OnGpsExtensionMessage: message_id(1), data(0x9ca0c838), size(2432)
10-19 13:18:00.745 D/libgps  ( 3583): proxy__gps_sv_status_cb : called
10-19 13:18:00.745 D/GpsLocationProvider_ex( 3583): SV Count : 1 / TOP5 : 18 18 0 0 0 
10-19 13:18:00.745 I/PassiveLocTracker( 3583): GPS Satllite Status
10-19 13:18:01.020 D/BatteryService( 3583): !@BatteryListener : batteryPropertiesChanged!
10-19 13:18:01.020 D/BatteryService( 3583): level:43, scale:100, status:2, health:2, present:true, voltage: 3976, temperature: 315, technology: Li-ion, AC powered:false, USB powered:true, Wireless powered:false, icon:17303721, invalid charger:0
10-19 13:18:01.020 D/BatteryService( 3583): online:4, current avg:-169, charge type:1, power sharing:false, high voltage charger:false, capacity:322000, current_now:-132
10-19 13:18:01.020 D/BatteryService( 3583): Sending ACTION_BATTERY_CHANGED.
10-19 13:18:01.030 I/MotionRecognitionService( 3583): Plugged
10-19 13:18:01.030 I/MotionRecognitionService( 3583): setPowerConnected  = true
10-19 13:18:01.040 D/KeyguardUpdateMonitor( 3756): received broadcast android.intent.action.BATTERY_CHANGED
10-19 13:18:01.040 D/KeyguardUpdateMonitor( 3756): handleBatteryUpdate
10-19 13:18:01.040 D/KeyguardFestivalEffect( 3756): onReceive: android.intent.action.BATTERY_CHANGED
10-19 13:18:01.055 D/STATUSBAR-PhoneStatusBar( 3756):  mBrightnessEnablebySettings = true mBrightnessEnablebyBattery = true mBrightnessEnablebyDisableFlag = true mPmsBrightnessEnablebySettings = true
10-19 13:18:01.060 I/BusinessExecutor( 4098): registered Task#33776 : PowerInfoEventSource$1
10-19 13:18:01.060 I/BusinessExecutor( 4098): Task#33776 : #run() called
10-19 13:18:01.060 D/BatteryMeterView( 3756): ACTION_BATTERY_CHANGED : level:43 status:2 health:2
10-19 13:18:01.065 I/BusinessExecutor( 4098): Task#33776 : #run() ended
10-19 13:18:01.065 D/BatteryMeterView( 3756): ACTION_BATTERY_CHANGED : level:43 status:2 health:2
10-19 13:18:01.065 D/BatteryMeterView( 3756): ACTION_BATTERY_CHANGED : level:43 status:2 health:2
10-19 13:18:01.070 D/ClientService( 4999): Battery State Change,  status: 2
10-19 13:18:01.070 D/ClientService( 4999): Battery State Change,  Plugged: 2
10-19 13:18:01.070 D/ClientService( 4999): Battery State Change,  level: 43
10-19 13:18:01.070 D/ClientService( 4999): Battery State Change,  scale: 100
10-19 13:18:01.385 V/AlarmManager( 3583): waitForAlarm result :4
10-19 13:18:01.410 D/WifiService( 3583): acquireWifiLockLocked: WifiLock{NlpWifiLock type=2 binder=android.os.BinderProxy@aa94e88}
10-19 13:18:01.530 D/WifiService( 3583): releaseWifiLockLocked: WifiLock{NlpWifiLock type=2 binder=android.os.BinderProxy@aa94e88}
10-19 13:18:01.750 D/libgps  ( 3583): OnGpsExtensionMessage: message_id(1), data(0x9ca0c838), size(2432)
10-19 13:18:01.750 D/libgps  ( 3583): proxy__gps_sv_status_cb : called
10-19 13:18:01.750 D/GpsLocationProvider_ex( 3583): SV Count : 1 / TOP5 : 18 17 0 0 0 
10-19 13:18:01.750 I/PassiveLocTracker( 3583): GPS Satllite Status
10-19 13:18:02.740 D/libgps  ( 3583): OnGpsExtensionMessage: message_id(1), data(0x9ca0c838), size(2432)
10-19 13:18:02.740 D/libgps  ( 3583): proxy__gps_sv_status_cb : called
10-19 13:18:02.740 D/GpsLocationProvider_ex( 3583): SV Count : 1 / TOP5 : 19 18 0 0 0 
10-19 13:18:02.740 I/PassiveLocTracker( 3583): GPS Satllite Status
10-19 13:18:03.215 D/NetworkStatsFactory( 3583): UpdateStatsForKnox
10-19 13:18:03.740 D/libgps  ( 3583): OnGpsExtensionMessage: message_id(1), data(0x9ca0c838), size(2432)
10-19 13:18:03.740 D/libgps  ( 3583): proxy__gps_sv_status_cb : called
10-19 13:18:03.740 D/GpsLocationProvider_ex( 3583): SV Count : 1 / TOP5 : 18 18 0 0 0 
10-19 13:18:03.740 I/PassiveLocTracker( 3583): GPS Satllite Status
10-19 13:18:04.285 E/Watchdog( 3583): !@Sync 14039
10-19 13:18:04.745 D/libgps  ( 3583): OnGpsExtensionMessage: message_id(1), data(0x9ca0c838), size(2432)
10-19 13:18:04.745 D/libgps  ( 3583): proxy__gps_sv_status_cb : called
10-19 13:18:04.745 D/GpsLocationProvider_ex( 3583): SV Count : 1 / TOP5 : 18 18 0 0 0 
10-19 13:18:04.745 I/PassiveLocTracker( 3583): GPS Satllite Status
10-19 13:18:05.000 D/SSRM:n  ( 3583): SIOP:: AP = 320, PST = 316, CUR = -169
10-19 13:18:05.745 D/libgps  ( 3583): OnGpsExtensionMessage: message_id(1), data(0x9ca0c838), size(2432)
10-19 13:18:05.745 D/libgps  ( 3583): proxy__gps_sv_status_cb : called
10-19 13:18:05.750 D/GpsLocationProvider_ex( 3583): SV Count : 1 / TOP5 : 19 18 0 0 0 
10-19 13:18:05.750 I/PassiveLocTracker( 3583): GPS Satllite Status
10-19 13:18:06.740 D/libgps  ( 3583): OnGpsExtensionMessage: message_id(1), data(0x9ca0c838), size(2432)
10-19 13:18:06.740 D/libgps  ( 3583): proxy__gps_sv_status_cb : called
10-19 13:18:06.740 D/GpsLocationProvider_ex( 3583): SV Count : 1 / TOP5 : 19 18 0 0 0 
10-19 13:18:06.740 I/PassiveLocTracker( 3583): GPS Satllite Status
10-19 13:18:07.740 D/libgps  ( 3583): OnGpsExtensionMessage: message_id(1), data(0x9ca0c838), size(2432)
10-19 13:18:07.740 D/libgps  ( 3583): proxy__gps_sv_status_cb : called
10-19 13:18:07.745 D/GpsLocationProvider_ex( 3583): SV Count : 1 / TOP5 : 19 18 0 0 0 
10-19 13:18:07.745 I/PassiveLocTracker( 3583): GPS Satllite Status
10-19 13:18:08.750 D/libgps  ( 3583): OnGpsExtensionMessage: message_id(1), data(0x9ca0c838), size(2432)
10-19 13:18:08.750 D/libgps  ( 3583): proxy__gps_sv_status_cb : called
10-19 13:18:08.750 D/GpsLocationProvider_ex( 3583): SV Count : 1 / TOP5 : 19 18 0 0 0 
10-19 13:18:08.750 I/PassiveLocTracker( 3583): GPS Satllite Status
10-19 13:18:09.755 D/libgps  ( 3583): OnGpsExtensionMessage: message_id(1), data(0x9ca0c838), size(2432)
10-19 13:18:09.755 D/libgps  ( 3583): proxy__gps_sv_status_cb : called
10-19 13:18:09.755 D/GpsLocationProvider_ex( 3583): SV Count : 1 / TOP5 : 19 18 0 0 0 
10-19 13:18:09.755 I/PassiveLocTracker( 3583): GPS Satllite Status
10-19 13:18:10.750 D/libgps  ( 3583): OnGpsExtensionMessage: message_id(1), data(0x9ca0c838), size(2432)
10-19 13:18:10.750 D/libgps  ( 3583): proxy__gps_sv_status_cb : called
10-19 13:18:10.750 D/GpsLocationProvider_ex( 3583): SV Count : 1 / TOP5 : 19 18 0 0 0 
10-19 13:18:10.750 I/PassiveLocTracker( 3583): GPS Satllite Status
10-19 13:18:11.110 D/BatteryService( 3583): !@BatteryListener : batteryPropertiesChanged!
10-19 13:18:11.110 D/BatteryService( 3583): level:43, scale:100, status:2, health:2, present:true, voltage: 3978, temperature: 316, technology: Li-ion, AC powered:false, USB powered:true, Wireless powered:false, icon:17303721, invalid charger:0
10-19 13:18:11.110 D/BatteryService( 3583): online:4, current avg:-167, charge type:1, power sharing:false, high voltage charger:false, capacity:322000, current_now:-143
10-19 13:18:11.110 D/BatteryService( 3583): Sending ACTION_BATTERY_CHANGED.
10-19 13:18:11.115 I/MotionRecognitionService( 3583): Plugged
10-19 13:18:11.115 I/MotionRecognitionService( 3583): setPowerConnected  = true
10-19 13:18:11.120 D/KeyguardUpdateMonitor( 3756): received broadcast android.intent.action.BATTERY_CHANGED
10-19 13:18:11.120 D/KeyguardUpdateMonitor( 3756): handleBatteryUpdate
10-19 13:18:11.120 D/KeyguardFestivalEffect( 3756): onReceive: android.intent.action.BATTERY_CHANGED
10-19 13:18:11.125 D/STATUSBAR-PhoneStatusBar( 3756):  mBrightnessEnablebySettings = true mBrightnessEnablebyBattery = true mBrightnessEnablebyDisableFlag = true mPmsBrightnessEnablebySettings = true
10-19 13:18:11.130 I/BusinessExecutor( 4098): registered Task#33777 : PowerInfoEventSource$1
10-19 13:18:11.130 I/BusinessExecutor( 4098): Task#33777 : #run() called
10-19 13:18:11.130 I/BusinessExecutor( 4098): Task#33777 : #run() ended
10-19 13:18:11.130 D/BatteryMeterView( 3756): ACTION_BATTERY_CHANGED : level:43 status:2 health:2
10-19 13:18:11.135 D/ClientService( 4999): Battery State Change,  status: 2
10-19 13:18:11.135 D/ClientService( 4999): Battery State Change,  Plugged: 2
10-19 13:18:11.135 D/ClientService( 4999): Battery State Change,  level: 43
10-19 13:18:11.135 D/ClientService( 4999): Battery State Change,  scale: 100
10-19 13:18:11.135 D/BatteryMeterView( 3756): ACTION_BATTERY_CHANGED : level:43 status:2 health:2
10-19 13:18:11.135 D/BatteryMeterView( 3756): ACTION_BATTERY_CHANGED : level:43 status:2 health:2
10-19 13:18:11.425 I/EntropyMixer( 3583): Added HW RNG output to entropy pool
10-19 13:18:11.425 I/EntropyMixer( 3583): Writing entropy...
10-19 13:18:11.520 D/TimaService( 3583): TIMA: TimaService scheduler is intialized. 
10-19 13:18:11.520 D/TimaService( 3583): TIMA: checkEvent, operation: 50000 subject: 10000
10-19 13:18:11.520 D/TimaService( 3583): TimaServiceHandler.handleMessage what =1
10-19 13:18:11.755 D/libgps  ( 3583): OnGpsExtensionMessage: message_id(1), data(0x9ca0c838), size(2432)
10-19 13:18:11.755 D/libgps  ( 3583): proxy__gps_sv_status_cb : called
10-19 13:18:11.760 D/GpsLocationProvider_ex( 3583): SV Count : 1 / TOP5 : 19 18 0 0 0 
10-19 13:18:11.760 I/PassiveLocTracker( 3583): GPS Satllite Status
10-19 13:18:12.760 D/libgps  ( 3583): OnGpsExtensionMessage: message_id(1), data(0x9ca0c838), size(2432)
10-19 13:18:12.760 D/libgps  ( 3583): proxy__gps_sv_status_cb : called
10-19 13:18:12.760 D/GpsLocationProvider_ex( 3583): SV Count : 1 / TOP5 : 19 18 0 0 0 
10-19 13:18:12.760 I/PassiveLocTracker( 3583): GPS Satllite Status
10-19 13:18:13.765 D/libgps  ( 3583): OnGpsExtensionMessage: message_id(1), data(0x9ca0c838), size(2432)
10-19 13:18:13.765 D/libgps  ( 3583): proxy__gps_sv_status_cb : called
10-19 13:18:13.765 D/GpsLocationProvider_ex( 3583): SV Count : 1 / TOP5 : 18 18 0 0 0 
10-19 13:18:13.765 I/PassiveLocTracker( 3583): GPS Satllite Status
10-19 13:18:14.155 I/TLC_TIMA_PKM_measure_kernel( 3583): TIMA: response_id = 3
10-19 13:18:14.155 I/TLC_TIMA_PKM_measure_kernel( 3583): TIMA: response ret = 0, result_ondemand = MSG=Kernel Verification Success;
10-19 13:18:14.175 D/TimaService( 3583): TIMA MEASUREMENT Result: TIMA_STATUS=0;MSG=Kernel Verification Success;
10-19 13:18:14.180 D/TimaService( 3583): TIMA MEASUREMENT success status: TIMA_STATUS=0;MSG=Kernel Verification Success;
10-19 13:18:14.755 D/libgps  ( 3583): OnGpsExtensionMessage: message_id(1), data(0x9ca0c838), size(2432)
10-19 13:18:14.755 D/libgps  ( 3583): proxy__gps_sv_status_cb : called
10-19 13:18:14.755 D/GpsLocationProvider_ex( 3583): SV Count : 1 / TOP5 : 18 18 0 0 0 
10-19 13:18:14.755 I/PassiveLocTracker( 3583): GPS Satllite Status
10-19 13:18:15.020 D/SSRM:n  ( 3583): SIOP:: AP = 320, PST = 316, CUR = -167
10-19 13:18:15.745 D/libgps  ( 3583): OnGpsExtensionMessage: message_id(1), data(0x9ca0c838), size(2432)
10-19 13:18:15.745 D/libgps  ( 3583): proxy__gps_sv_status_cb : called
10-19 13:18:15.745 D/GpsLocationProvider_ex( 3583): SV Count : 1 / TOP5 : 18 18 0 0 0 
10-19 13:18:15.745 I/PassiveLocTracker( 3583): GPS Satllite Status
10-19 13:18:16.760 D/libgps  ( 3583): OnGpsExtensionMessage: message_id(1), data(0x9ca0c838), size(2432)
10-19 13:18:16.760 D/libgps  ( 3583): proxy__gps_sv_status_cb : called
10-19 13:18:16.765 D/GpsLocationProvider_ex( 3583): SV Count : 1 / TOP5 : 18 18 0 0 0 
10-19 13:18:16.765 I/PassiveLocTracker( 3583): GPS Satllite Status
10-19 13:18:17.750 D/libgps  ( 3583): OnGpsExtensionMessage: message_id(1), data(0x9ca0c838), size(2432)
10-19 13:18:17.750 D/libgps  ( 3583): proxy__gps_sv_status_cb : called
10-19 13:18:17.750 D/GpsLocationProvider_ex( 3583): SV Count : 1 / TOP5 : 18 18 0 0 0 
10-19 13:18:17.750 I/PassiveLocTracker( 3583): GPS Satllite Status
10-19 13:18:18.735 D/libgps  ( 3583): OnGpsExtensionMessage: message_id(1), data(0x9ca0c838), size(2432)
10-19 13:18:18.735 D/libgps  ( 3583): proxy__gps_sv_status_cb : called
10-19 13:18:18.740 D/GpsLocationProvider_ex( 3583): SV Count : 1 / TOP5 : 18 17 0 0 0 
10-19 13:18:18.740 I/PassiveLocTracker( 3583): GPS Satllite Status
10-19 13:18:19.765 D/libgps  ( 3583): OnGpsExtensionMessage: message_id(1), data(0x9ca0c838), size(2432)
10-19 13:18:19.765 D/libgps  ( 3583): proxy__gps_sv_status_cb : called
10-19 13:18:19.765 D/GpsLocationProvider_ex( 3583): SV Count : 1 / TOP5 : 18 17 0 0 0 
10-19 13:18:19.765 I/PassiveLocTracker( 3583): GPS Satllite Status
10-19 13:18:20.760 D/libgps  ( 3583): OnGpsExtensionMessage: message_id(1), data(0x9ca0c838), size(2432)
10-19 13:18:20.760 D/libgps  ( 3583): proxy__gps_sv_status_cb : called
10-19 13:18:20.765 D/GpsLocationProvider_ex( 3583): SV Count : 1 / TOP5 : 18 17 0 0 0 
10-19 13:18:20.765 I/PassiveLocTracker( 3583): GPS Satllite Status
10-19 13:18:21.210 D/BatteryService( 3583): !@BatteryListener : batteryPropertiesChanged!
10-19 13:18:21.210 D/BatteryService( 3583): level:43, scale:100, status:2, health:2, present:true, voltage: 3975, temperature: 316, technology: Li-ion, AC powered:false, USB powered:true, Wireless powered:false, icon:17303721, invalid charger:0
10-19 13:18:21.210 D/BatteryService( 3583): online:4, current avg:-166, charge type:1, power sharing:false, high voltage charger:false, capacity:322000, current_now:-157
10-19 13:18:21.215 D/BatteryService( 3583): Sending ACTION_BATTERY_CHANGED.
10-19 13:18:21.215 I/MotionRecognitionService( 3583): Plugged
10-19 13:18:21.215 I/MotionRecognitionService( 3583): setPowerConnected  = true
10-19 13:18:21.220 D/KeyguardUpdateMonitor( 3756): received broadcast android.intent.action.BATTERY_CHANGED
10-19 13:18:21.220 D/KeyguardUpdateMonitor( 3756): handleBatteryUpdate
10-19 13:18:21.220 D/KeyguardFestivalEffect( 3756): onReceive: android.intent.action.BATTERY_CHANGED
10-19 13:18:21.225 D/STATUSBAR-PhoneStatusBar( 3756):  mBrightnessEnablebySettings = true mBrightnessEnablebyBattery = true mBrightnessEnablebyDisableFlag = true mPmsBrightnessEnablebySettings = true
10-19 13:18:21.230 I/BusinessExecutor( 4098): registered Task#33778 : PowerInfoEventSource$1
10-19 13:18:21.230 I/BusinessExecutor( 4098): Task#33778 : #run() called
10-19 13:18:21.230 I/BusinessExecutor( 4098): Task#33778 : #run() ended
10-19 13:18:21.230 D/BatteryMeterView( 3756): ACTION_BATTERY_CHANGED : level:43 status:2 health:2
10-19 13:18:21.230 D/BatteryMeterView( 3756): ACTION_BATTERY_CHANGED : level:43 status:2 health:2
10-19 13:18:21.235 D/ClientService( 4999): Battery State Change,  status: 2
10-19 13:18:21.235 D/ClientService( 4999): Battery State Change,  Plugged: 2
10-19 13:18:21.235 D/ClientService( 4999): Battery State Change,  level: 43
10-19 13:18:21.235 D/ClientService( 4999): Battery State Change,  scale: 100
10-19 13:18:21.235 D/BatteryMeterView( 3756): ACTION_BATTERY_CHANGED : level:43 status:2 health:2
10-19 13:18:21.750 D/libgps  ( 3583): OnGpsExtensionMessage: message_id(1), data(0x9ca0c838), size(2432)
10-19 13:18:21.755 D/libgps  ( 3583): proxy__gps_sv_status_cb : called
10-19 13:18:21.755 D/GpsLocationProvider_ex( 3583): SV Count : 1 / TOP5 : 18 17 0 0 0 
10-19 13:18:21.755 I/PassiveLocTracker( 3583): GPS Satllite Status
10-19 13:18:22.760 D/libgps  ( 3583): OnGpsExtensionMessage: message_id(1), data(0x9ca0c838), size(2432)
10-19 13:18:22.760 D/libgps  ( 3583): proxy__gps_sv_status_cb : called
10-19 13:18:22.765 D/GpsLocationProvider_ex( 3583): SV Count : 1 / TOP5 : 18 17 0 0 0 
10-19 13:18:22.765 I/PassiveLocTracker( 3583): GPS Satllite Status
10-19 13:18:23.745 D/libgps  ( 3583): OnGpsExtensionMessage: message_id(1), data(0x9ca0c838), size(2432)
10-19 13:18:23.745 D/libgps  ( 3583): proxy__gps_sv_status_cb : called
10-19 13:18:23.745 D/GpsLocationProvider_ex( 3583): SV Count : 1 / TOP5 : 18 17 0 0 0 
10-19 13:18:23.745 I/PassiveLocTracker( 3583): GPS Satllite Status
10-19 13:18:24.480 D/StatusBar.NetworkController( 3756): onSignalStrengthsChanged signalStrength=SignalStrength: 99 99 -120 -160 -120 -1 -1 63 -70 -7 170 12 2147483647 0x4 gsm|lte level=4
10-19 13:18:24.480 D/StatusBar.NetworkController( 3756): updateTelephonySignalStrength: hasService=true ss=SignalStrength: 99 99 -120 -160 -120 -1 -1 63 -70 -7 170 12 2147483647 0x4 gsm|lte
10-19 13:18:24.480 D/StatusBar.NetworkController( 3756): updateTelephonySignalStrength -mTransitionState : false
10-19 13:18:24.485 D/StatusBar.NetworkController( 3756): refreshViews connected={ data } level=4 combinedSignalIconId=0x7f0205fe/com.android.systemui:drawable/stat_sys_signal_4_auto_rotate mobileLabel=SKTelecom wifiLabel= emergencyOnly=false combinedLabel=SKTelecom mAirplaneMode=false mDataActivity=0 mPhoneSignalIconId=0x7f0205fe/com.android.systemui:drawable/stat_sys_signal_4_auto_rotate mQSPhoneSignalIconId=0x7f0201ac/com.android.systemui:drawable/ic_qs_signal_no_signal mDataDirectionIconId=0x7f020484/com.android.systemui:drawable/stat_sys_data_fully_connected_lte mDataSignalIconId=0x7f0205fe/com.android.systemui:drawable/stat_sys_signal_4_auto_rotate mDataTypeIconId=0x7f02046a/com.android.systemui:drawable/stat_sys_data_connected_lte mQSDataTypeIconId=0x7f0201ab/com.android.systemui:drawable/ic_qs_signal_lte mNoSimIconId=0x0/(null) mWifiIconId=0x0/(null) mQSWifiIconId=0x0/(null) mWifiActivityIconId=0x0/(null) mBluetoothTetherIconId=0x10808ee/android:drawable/stat_sys_tether_bluetooth
10-19 13:18:24.485 D/STATUSBAR-WifiQuickSettingButton( 3756): onWifiSignalChanged enabled=false enabledDesc:null
10-19 13:18:24.485 D/StatusBar.NetworkController( 3756): UPDATE_STRENGTH -mPreSvcSate: 2, mCurSvcSate: 2
10-19 13:18:24.485 D/StatusBar.NetworkController( 3756): mKeepFakeState =false
10-19 13:18:24.485 D/StatusBar.NetworkController( 3756): UPDATE_STRENGTH - 4, 4
10-19 13:18:24.485 D/StatusBar.NetworkController( 3756): UPDATE_STRENGTH(IN_SVC) -no diff 4, 4
10-19 13:18:24.750 D/libgps  ( 3583): OnGpsExtensionMessage: message_id(1), data(0x9ca0c838), size(2432)
10-19 13:18:24.750 D/libgps  ( 3583): proxy__gps_sv_status_cb : called
10-19 13:18:24.750 D/GpsLocationProvider_ex( 3583): SV Count : 1 / TOP5 : 18 17 0 0 0 
10-19 13:18:24.750 I/PassiveLocTracker( 3583): GPS Satllite Status
10-19 13:18:25.035 D/SSRM:n  ( 3583): SIOP:: AP = 320, PST = 316, CUR = -166
10-19 13:18:25.745 D/libgps  ( 3583): OnGpsExtensionMessage: message_id(1), data(0x9ca0c838), size(2432)
10-19 13:18:25.745 D/libgps  ( 3583): proxy__gps_sv_status_cb : called
10-19 13:18:25.750 D/GpsLocationProvider_ex( 3583): SV Count : 1 / TOP5 : 18 17 0 0 0 
10-19 13:18:25.750 I/PassiveLocTracker( 3583): GPS Satllite Status
10-19 13:18:26.760 D/libgps  ( 3583): OnGpsExtensionMessage: message_id(1), data(0x9ca0c838), size(2432)
10-19 13:18:26.760 D/libgps  ( 3583): proxy__gps_sv_status_cb : called
10-19 13:18:26.765 D/GpsLocationProvider_ex( 3583): SV Count : 1 / TOP5 : 18 18 0 0 0 
10-19 13:18:26.765 I/PassiveLocTracker( 3583): GPS Satllite Status
10-19 13:18:27.755 D/libgps  ( 3583): OnGpsExtensionMessage: message_id(1), data(0x9ca0c838), size(2432)
10-19 13:18:27.755 D/libgps  ( 3583): proxy__gps_sv_status_cb : called
10-19 13:18:27.755 D/GpsLocationProvider_ex( 3583): SV Count : 1 / TOP5 : 19 18 0 0 0 
10-19 13:18:27.755 I/PassiveLocTracker( 3583): GPS Satllite Status
10-19 13:18:28.755 D/libgps  ( 3583): OnGpsExtensionMessage: message_id(1), data(0x9ca0c838), size(2432)
10-19 13:18:28.755 D/libgps  ( 3583): proxy__gps_sv_status_cb : called
10-19 13:18:28.755 D/GpsLocationProvider_ex( 3583): SV Count : 1 / TOP5 : 19 18 0 0 0 
10-19 13:18:28.755 I/PassiveLocTracker( 3583): GPS Satllite Status
10-19 13:18:29.750 D/libgps  ( 3583): OnGpsExtensionMessage: message_id(1), data(0x9ca0c838), size(2432)
10-19 13:18:29.750 D/libgps  ( 3583): proxy__gps_sv_status_cb : called
10-19 13:18:29.750 D/GpsLocationProvider_ex( 3583): SV Count : 1 / TOP5 : 20 18 0 0 0 
10-19 13:18:29.750 I/PassiveLocTracker( 3583): GPS Satllite Status
10-19 13:18:30.745 D/libgps  ( 3583): OnGpsExtensionMessage: message_id(1), data(0x9ca0c838), size(2432)
10-19 13:18:30.745 D/libgps  ( 3583): proxy__gps_sv_status_cb : called
10-19 13:18:30.750 D/GpsLocationProvider_ex( 3583): SV Count : 1 / TOP5 : 20 18 0 0 0 
10-19 13:18:30.750 I/PassiveLocTracker( 3583): GPS Satllite Status
10-19 13:18:31.310 D/BatteryService( 3583): !@BatteryListener : batteryPropertiesChanged!
10-19 13:18:31.310 D/BatteryService( 3583): level:43, scale:100, status:2, health:2, present:true, voltage: 3973, temperature: 315, technology: Li-ion, AC powered:false, USB powered:true, Wireless powered:false, icon:17303721, invalid charger:0
10-19 13:18:31.310 D/BatteryService( 3583): online:4, current avg:-167, charge type:1, power sharing:false, high voltage charger:false, capacity:322000, current_now:-186
10-19 13:18:31.310 D/BatteryService( 3583): Sending ACTION_BATTERY_CHANGED.
10-19 13:18:31.310 I/MotionRecognitionService( 3583): Plugged
10-19 13:18:31.310 I/MotionRecognitionService( 3583): setPowerConnected  = true
10-19 13:18:31.315 D/KeyguardUpdateMonitor( 3756): received broadcast android.intent.action.BATTERY_CHANGED
10-19 13:18:31.315 D/KeyguardUpdateMonitor( 3756): handleBatteryUpdate
10-19 13:18:31.320 D/KeyguardFestivalEffect( 3756): onReceive: android.intent.action.BATTERY_CHANGED
10-19 13:18:31.325 D/STATUSBAR-PhoneStatusBar( 3756):  mBrightnessEnablebySettings = true mBrightnessEnablebyBattery = true mBrightnessEnablebyDisableFlag = true mPmsBrightnessEnablebySettings = true
10-19 13:18:31.325 D/BatteryMeterView( 3756): ACTION_BATTERY_CHANGED : level:43 status:2 health:2
10-19 13:18:31.330 I/BusinessExecutor( 4098): registered Task#33779 : PowerInfoEventSource$1
10-19 13:18:31.330 I/BusinessExecutor( 4098): Task#33779 : #run() called
10-19 13:18:31.330 I/BusinessExecutor( 4098): Task#33779 : #run() ended
10-19 13:18:31.330 D/BatteryMeterView( 3756): ACTION_BATTERY_CHANGED : level:43 status:2 health:2
10-19 13:18:31.330 D/BatteryMeterView( 3756): ACTION_BATTERY_CHANGED : level:43 status:2 health:2
10-19 13:18:31.335 D/ClientService( 4999): Battery State Change,  status: 2
10-19 13:18:31.335 D/ClientService( 4999): Battery State Change,  Plugged: 2
10-19 13:18:31.335 D/ClientService( 4999): Battery State Change,  level: 43
10-19 13:18:31.335 D/ClientService( 4999): Battery State Change,  scale: 100
10-19 13:18:31.755 D/libgps  ( 3583): OnGpsExtensionMessage: message_id(1), data(0x9ca0c838), size(2432)
10-19 13:18:31.755 D/libgps  ( 3583): proxy__gps_sv_status_cb : called
10-19 13:18:31.760 D/GpsLocationProvider_ex( 3583): SV Count : 1 / TOP5 : 20 18 0 0 0 
10-19 13:18:31.760 I/PassiveLocTracker( 3583): GPS Satllite Status
10-19 13:18:32.755 D/libgps  ( 3583): OnGpsExtensionMessage: message_id(1), data(0x9ca0c838), size(2432)
10-19 13:18:32.755 D/libgps  ( 3583): proxy__gps_sv_status_cb : called
10-19 13:18:32.760 D/GpsLocationProvider_ex( 3583): SV Count : 1 / TOP5 : 20 18 0 0 0 
10-19 13:18:32.760 I/PassiveLocTracker( 3583): GPS Satllite Status
10-19 13:18:33.755 D/libgps  ( 3583): OnGpsExtensionMessage: message_id(1), data(0x9ca0c838), size(2432)
10-19 13:18:33.755 D/libgps  ( 3583): proxy__gps_sv_status_cb : called
10-19 13:18:33.760 D/GpsLocationProvider_ex( 3583): SV Count : 1 / TOP5 : 20 18 0 0 0 
10-19 13:18:33.760 I/PassiveLocTracker( 3583): GPS Satllite Status
10-19 13:18:34.290 E/Watchdog( 3583): !@Sync 14040
10-19 13:18:34.750 D/libgps  ( 3583): OnGpsExtensionMessage: message_id(1), data(0x9ca0c838), size(2432)
10-19 13:18:34.750 D/libgps  ( 3583): proxy__gps_sv_status_cb : called
10-19 13:18:34.750 D/GpsLocationProvider_ex( 3583): SV Count : 1 / TOP5 : 19 18 0 0 0 
10-19 13:18:34.750 I/PassiveLocTracker( 3583): GPS Satllite Status
10-19 13:18:35.050 D/SSRM:n  ( 3583): SIOP:: AP = 320, PST = 316, CUR = -167
10-19 13:18:35.750 D/libgps  ( 3583): OnGpsExtensionMessage: message_id(1), data(0x9ca0c838), size(2432)
10-19 13:18:35.750 D/libgps  ( 3583): proxy__gps_sv_status_cb : called
10-19 13:18:35.755 D/GpsLocationProvider_ex( 3583): SV Count : 1 / TOP5 : 19 18 0 0 0 
10-19 13:18:35.755 I/PassiveLocTracker( 3583): GPS Satllite Status
10-19 13:18:36.755 D/libgps  ( 3583): OnGpsExtensionMessage: message_id(1), data(0x9ca0c838), size(2432)
10-19 13:18:36.755 D/libgps  ( 3583): proxy__gps_sv_status_cb : called
10-19 13:18:36.760 D/GpsLocationProvider_ex( 3583): SV Count : 1 / TOP5 : 19 18 0 0 0 
10-19 13:18:36.760 I/PassiveLocTracker( 3583): GPS Satllite Status
10-19 13:18:37.750 D/libgps  ( 3583): OnGpsExtensionMessage: message_id(1), data(0x9ca0c838), size(2432)
10-19 13:18:37.750 D/libgps  ( 3583): proxy__gps_sv_status_cb : called
10-19 13:18:37.750 D/GpsLocationProvider_ex( 3583): SV Count : 1 / TOP5 : 19 18 0 0 0 
10-19 13:18:37.750 I/PassiveLocTracker( 3583): GPS Satllite Status
10-19 13:18:38.750 D/libgps  ( 3583): OnGpsExtensionMessage: message_id(1), data(0x9ca0c838), size(2432)
10-19 13:18:38.750 D/libgps  ( 3583): proxy__gps_sv_status_cb : called
10-19 13:18:38.750 D/GpsLocationProvider_ex( 3583): SV Count : 1 / TOP5 : 20 18 0 0 0 
10-19 13:18:38.750 I/PassiveLocTracker( 3583): GPS Satllite Status
10-19 13:18:39.755 D/libgps  ( 3583): OnGpsExtensionMessage: message_id(1), data(0x9ca0c838), size(2432)
10-19 13:18:39.755 D/libgps  ( 3583): proxy__gps_sv_status_cb : called
10-19 13:18:39.755 D/GpsLocationProvider_ex( 3583): SV Count : 1 / TOP5 : 21 18 0 0 0 
10-19 13:18:39.755 I/PassiveLocTracker( 3583): GPS Satllite Status
10-19 13:18:40.755 D/libgps  ( 3583): OnGpsExtensionMessage: message_id(1), data(0x9ca0c838), size(2432)
10-19 13:18:40.755 D/libgps  ( 3583): proxy__gps_sv_status_cb : called
10-19 13:18:40.755 D/GpsLocationProvider_ex( 3583): SV Count : 1 / TOP5 : 21 18 0 0 0 
10-19 13:18:40.755 I/PassiveLocTracker( 3583): GPS Satllite Status
10-19 13:18:41.410 D/BatteryService( 3583): !@BatteryListener : batteryPropertiesChanged!
10-19 13:18:41.410 D/BatteryService( 3583): level:43, scale:100, status:2, health:2, present:true, voltage: 3976, temperature: 315, technology: Li-ion, AC powered:false, USB powered:true, Wireless powered:false, icon:17303721, invalid charger:0
10-19 13:18:41.410 D/BatteryService( 3583): online:4, current avg:-169, charge type:1, power sharing:false, high voltage charger:false, capacity:322000, current_now:-168
10-19 13:18:41.410 D/BatteryService( 3583): Sending ACTION_BATTERY_CHANGED.
10-19 13:18:41.410 I/MotionRecognitionService( 3583): Plugged
10-19 13:18:41.410 I/MotionRecognitionService( 3583): setPowerConnected  = true
10-19 13:18:41.415 D/KeyguardUpdateMonitor( 3756): received broadcast android.intent.action.BATTERY_CHANGED
10-19 13:18:41.415 D/KeyguardUpdateMonitor( 3756): handleBatteryUpdate
10-19 13:18:41.415 D/KeyguardFestivalEffect( 3756): onReceive: android.intent.action.BATTERY_CHANGED
10-19 13:18:41.420 D/STATUSBAR-PhoneStatusBar( 3756):  mBrightnessEnablebySettings = true mBrightnessEnablebyBattery = true mBrightnessEnablebyDisableFlag = true mPmsBrightnessEnablebySettings = true
10-19 13:18:41.425 I/BusinessExecutor( 4098): registered Task#33780 : PowerInfoEventSource$1
10-19 13:18:41.425 I/BusinessExecutor( 4098): Task#33780 : #run() called
10-19 13:18:41.425 I/BusinessExecutor( 4098): Task#33780 : #run() ended
10-19 13:18:41.425 D/BatteryMeterView( 3756): ACTION_BATTERY_CHANGED : level:43 status:2 health:2
10-19 13:18:41.425 D/BatteryMeterView( 3756): ACTION_BATTERY_CHANGED : level:43 status:2 health:2
10-19 13:18:41.430 D/ClientService( 4999): Battery State Change,  status: 2
10-19 13:18:41.430 D/ClientService( 4999): Battery State Change,  Plugged: 2
10-19 13:18:41.430 D/ClientService( 4999): Battery State Change,  level: 43
10-19 13:18:41.430 D/ClientService( 4999): Battery State Change,  scale: 100
10-19 13:18:41.430 D/BatteryMeterView( 3756): ACTION_BATTERY_CHANGED : level:43 status:2 health:2
10-19 13:18:41.740 D/libgps  ( 3583): OnGpsExtensionMessage: message_id(1), data(0x9ca0c838), size(2432)
10-19 13:18:41.740 D/libgps  ( 3583): proxy__gps_sv_status_cb : called
10-19 13:18:41.745 D/GpsLocationProvider_ex( 3583): SV Count : 1 / TOP5 : 20 18 0 0 0 
10-19 13:18:41.745 I/PassiveLocTracker( 3583): GPS Satllite Status
10-19 13:18:42.745 D/libgps  ( 3583): OnGpsExtensionMessage: message_id(1), data(0x9ca0c838), size(2432)
10-19 13:18:42.750 D/libgps  ( 3583): proxy__gps_sv_status_cb : called
10-19 13:18:42.750 D/GpsLocationProvider_ex( 3583): SV Count : 1 / TOP5 : 20 18 0 0 0 
10-19 13:18:42.750 I/PassiveLocTracker( 3583): GPS Satllite Status
10-19 13:18:43.755 D/libgps  ( 3583): OnGpsExtensionMessage: message_id(1), data(0x9ca0c838), size(2432)
10-19 13:18:43.755 D/libgps  ( 3583): proxy__gps_sv_status_cb : called
10-19 13:18:43.760 D/GpsLocationProvider_ex( 3583): SV Count : 1 / TOP5 : 20 18 0 0 0 
10-19 13:18:43.760 I/PassiveLocTracker( 3583): GPS Satllite Status
10-19 13:18:44.755 D/libgps  ( 3583): OnGpsExtensionMessage: message_id(1), data(0x9ca0c838), size(2432)
10-19 13:18:44.755 D/libgps  ( 3583): proxy__gps_sv_status_cb : called
10-19 13:18:44.755 D/GpsLocationProvider_ex( 3583): SV Count : 1 / TOP5 : 20 18 0 0 0 
10-19 13:18:44.755 I/PassiveLocTracker( 3583): GPS Satllite Status
10-19 13:18:45.070 D/SSRM:n  ( 3583): SIOP:: AP = 320, PST = 317, CUR = -169
10-19 13:18:45.755 D/libgps  ( 3583): OnGpsExtensionMessage: message_id(1), data(0x9ca0c838), size(2432)
10-19 13:18:45.755 D/libgps  ( 3583): proxy__gps_sv_status_cb : called
10-19 13:18:45.755 D/GpsLocationProvider_ex( 3583): SV Count : 1 / TOP5 : 20 18 0 0 0 
10-19 13:18:45.760 I/PassiveLocTracker( 3583): GPS Satllite Status
10-19 13:18:46.740 D/libgps  ( 3583): OnGpsExtensionMessage: message_id(1), data(0x9ca0c838), size(2432)
10-19 13:18:46.740 D/libgps  ( 3583): proxy__gps_sv_status_cb : called
10-19 13:18:46.740 D/GpsLocationProvider_ex( 3583): SV Count : 1 / TOP5 : 19 18 0 0 0 
10-19 13:18:46.740 I/PassiveLocTracker( 3583): GPS Satllite Status
10-19 13:18:47.750 D/libgps  ( 3583): OnGpsExtensionMessage: message_id(1), data(0x9ca0c838), size(2432)
10-19 13:18:47.750 D/libgps  ( 3583): proxy__gps_sv_status_cb : called
10-19 13:18:47.750 D/GpsLocationProvider_ex( 3583): SV Count : 1 / TOP5 : 19 18 0 0 0 
10-19 13:18:47.750 I/PassiveLocTracker( 3583): GPS Satllite Status
10-19 13:18:48.750 D/libgps  ( 3583): OnGpsExtensionMessage: message_id(1), data(0x9ca0c838), size(2432)
10-19 13:18:48.750 D/libgps  ( 3583): proxy__gps_sv_status_cb : called
10-19 13:18:48.750 D/GpsLocationProvider_ex( 3583): SV Count : 1 / TOP5 : 19 18 0 0 0 
10-19 13:18:48.750 I/PassiveLocTracker( 3583): GPS Satllite Status
10-19 13:18:49.760 D/libgps  ( 3583): OnGpsExtensionMessage: message_id(1), data(0x9ca0c838), size(2432)
10-19 13:18:49.765 D/libgps  ( 3583): proxy__gps_sv_status_cb : called
10-19 13:18:49.765 D/GpsLocationProvider_ex( 3583): SV Count : 1 / TOP5 : 19 18 0 0 0 
10-19 13:18:49.765 I/PassiveLocTracker( 3583): GPS Satllite Status
10-19 13:18:50.080 D/StatusBar.NetworkController( 3756): onSignalStrengthsChanged signalStrength=SignalStrength: 99 99 -120 -160 -120 -1 -1 63 -70 -8 190 15 2147483647 0x4 gsm|lte level=4
10-19 13:18:50.080 D/StatusBar.NetworkController( 3756): updateTelephonySignalStrength: hasService=true ss=SignalStrength: 99 99 -120 -160 -120 -1 -1 63 -70 -8 190 15 2147483647 0x4 gsm|lte
10-19 13:18:50.080 D/StatusBar.NetworkController( 3756): updateTelephonySignalStrength -mTransitionState : false
10-19 13:18:50.085 D/StatusBar.NetworkController( 3756): refreshViews connected={ data } level=4 combinedSignalIconId=0x7f0205fe/com.android.systemui:drawable/stat_sys_signal_4_auto_rotate mobileLabel=SKTelecom wifiLabel= emergencyOnly=false combinedLabel=SKTelecom mAirplaneMode=false mDataActivity=0 mPhoneSignalIconId=0x7f0205fe/com.android.systemui:drawable/stat_sys_signal_4_auto_rotate mQSPhoneSignalIconId=0x7f0201ac/com.android.systemui:drawable/ic_qs_signal_no_signal mDataDirectionIconId=0x7f020484/com.android.systemui:drawable/stat_sys_data_fully_connected_lte mDataSignalIconId=0x7f0205fe/com.android.systemui:drawable/stat_sys_signal_4_auto_rotate mDataTypeIconId=0x7f02046a/com.android.systemui:drawable/stat_sys_data_connected_lte mQSDataTypeIconId=0x7f0201ab/com.android.systemui:drawable/ic_qs_signal_lte mNoSimIconId=0x0/(null) mWifiIconId=0x0/(null) mQSWifiIconId=0x0/(null) mWifiActivityIconId=0x0/(null) mBluetoothTetherIconId=0x10808ee/android:drawable/stat_sys_tether_bluetooth
10-19 13:18:50.085 D/STATUSBAR-WifiQuickSettingButton( 3756): onWifiSignalChanged enabled=false enabledDesc:null
10-19 13:18:50.085 D/StatusBar.NetworkController( 3756): UPDATE_STRENGTH -mPreSvcSate: 2, mCurSvcSate: 2
10-19 13:18:50.085 D/StatusBar.NetworkController( 3756): mKeepFakeState =false
10-19 13:18:50.090 D/StatusBar.NetworkController( 3756): UPDATE_STRENGTH - 4, 4
10-19 13:18:50.090 D/StatusBar.NetworkController( 3756): UPDATE_STRENGTH(IN_SVC) -no diff 4, 4
10-19 13:18:50.755 D/libgps  ( 3583): OnGpsExtensionMessage: message_id(1), data(0x9ca0c838), size(2432)
10-19 13:18:50.755 D/libgps  ( 3583): proxy__gps_sv_status_cb : called
10-19 13:18:50.755 D/GpsLocationProvider_ex( 3583): SV Count : 1 / TOP5 : 19 18 0 0 0 
10-19 13:18:50.755 I/PassiveLocTracker( 3583): GPS Satllite Status
10-19 13:18:51.500 D/BatteryService( 3583): !@BatteryListener : batteryPropertiesChanged!
10-19 13:18:51.505 D/BatteryService( 3583): level:43, scale:100, status:2, health:2, present:true, voltage: 3976, temperature: 316, technology: Li-ion, AC powered:false, USB powered:true, Wireless powered:false, icon:17303721, invalid charger:0
10-19 13:18:51.505 D/BatteryService( 3583): online:4, current avg:-168, charge type:1, power sharing:false, high voltage charger:false, capacity:322000, current_now:-145
10-19 13:18:51.505 D/BatteryService( 3583): Sending ACTION_BATTERY_CHANGED.
10-19 13:18:51.505 I/MotionRecognitionService( 3583): Plugged
10-19 13:18:51.505 I/MotionRecognitionService( 3583): setPowerConnected  = true
10-19 13:18:51.510 D/KeyguardUpdateMonitor( 3756): received broadcast android.intent.action.BATTERY_CHANGED
10-19 13:18:51.510 D/KeyguardUpdateMonitor( 3756): handleBatteryUpdate
10-19 13:18:51.510 D/KeyguardFestivalEffect( 3756): onReceive: android.intent.action.BATTERY_CHANGED
10-19 13:18:51.520 I/BusinessExecutor( 4098): registered Task#33781 : PowerInfoEventSource$1
10-19 13:18:51.520 I/BusinessExecutor( 4098): Task#33781 : #run() called
10-19 13:18:51.520 I/BusinessExecutor( 4098): Task#33781 : #run() ended
10-19 13:18:51.520 D/STATUSBAR-PhoneStatusBar( 3756):  mBrightnessEnablebySettings = true mBrightnessEnablebyBattery = true mBrightnessEnablebyDisableFlag = true mPmsBrightnessEnablebySettings = true
10-19 13:18:51.520 D/BatteryMeterView( 3756): ACTION_BATTERY_CHANGED : level:43 status:2 health:2
10-19 13:18:51.520 D/BatteryMeterView( 3756): ACTION_BATTERY_CHANGED : level:43 status:2 health:2
10-19 13:18:51.525 D/ClientService( 4999): Battery State Change,  status: 2
10-19 13:18:51.525 D/ClientService( 4999): Battery State Change,  Plugged: 2
10-19 13:18:51.525 D/ClientService( 4999): Battery State Change,  level: 43
10-19 13:18:51.525 D/ClientService( 4999): Battery State Change,  scale: 100
10-19 13:18:51.525 D/BatteryMeterView( 3756): ACTION_BATTERY_CHANGED : level:43 status:2 health:2
10-19 13:18:51.755 D/libgps  ( 3583): OnGpsExtensionMessage: message_id(1), data(0x9ca0c838), size(2432)
10-19 13:18:51.755 D/libgps  ( 3583): proxy__gps_sv_status_cb : called
10-19 13:18:51.760 D/GpsLocationProvider_ex( 3583): SV Count : 1 / TOP5 : 19 18 0 0 0 
10-19 13:18:51.760 I/PassiveLocTracker( 3583): GPS Satllite Status
10-19 13:18:52.750 D/libgps  ( 3583): OnGpsExtensionMessage: message_id(1), data(0x9ca0c838), size(2432)
10-19 13:18:52.750 D/libgps  ( 3583): proxy__gps_sv_status_cb : called
10-19 13:18:52.750 D/GpsLocationProvider_ex( 3583): SV Count : 1 / TOP5 : 19 18 0 0 0 
10-19 13:18:52.750 I/PassiveLocTracker( 3583): GPS Satllite Status
10-19 13:18:53.755 D/libgps  ( 3583): OnGpsExtensionMessage: message_id(1), data(0x9ca0c838), size(2432)
10-19 13:18:53.755 D/libgps  ( 3583): proxy__gps_sv_status_cb : called
10-19 13:18:53.755 D/GpsLocationProvider_ex( 3583): SV Count : 1 / TOP5 : 21 18 0 0 0 
10-19 13:18:53.755 I/PassiveLocTracker( 3583): GPS Satllite Status
10-19 13:18:53.905 I/System.out( 4036): Broadcasting: Intent { act=android.intent.action.CELL_INFO_RES (has extras) }
10-19 13:18:53.915 I/CpLocTracker( 3583): Received Intent : android.intent.action.CELL_INFO_RES
10-19 13:18:53.915 I/CpLocTracker( 3583): Received Data
10-19 13:18:53.915 I/CpLocTracker( 3583): 01009300226D6363223A3435302C226D6E63223A352C22746163223A323035332C22676C6F62616C43656C6C4964223A363837343933392C22706879736963616C43656C6C4964223A38332C2265617266636E444C223A313335302C2272737369223A2D34312C2272737271223A2D362C22736E72223A31392C2272737270223A2D36392C2274696D696E67416476616E6365223A2D3100
10-19 13:18:53.915 I/CpLocTracker( 3583): rat : 1
10-19 13:18:53.915 I/CpLocTracker( 3583): gps : 0
10-19 13:18:53.915 I/CpLocTracker( 3583): cellinfo : 0093226D6363223A3435302C226D6E63223A352C22746163223A323035332C22676C6F62616C43656C6C4964223A363837343933392C22706879736963616C43656C6C4964223A38332C2265617266636E444C223A313335302C2272737369223A2D34312C2272737271223A2D362C22736E72223A31392C2272737270223A2D36392C2274696D696E67416476616E6365223A2D3100
10-19 13:18:53.915 I/CLocInfoService( 3583): Rat Type : 1, AttachedGPS : 0
10-19 13:18:53.915 I/CLocInfoService( 3583): CellInfo : 0093226D6363223A3435302C226D6E63223A352C22746163223A323035332C22676C6F62616C43656C6C4964223A363837343933392C22706879736963616C43656C6C4964223A38332C2265617266636E444C223A313335302C2272737369223A2D34312C2272737271223A2D362C22736E72223A31392C2272737270223A2D36392C2274696D696E67416476616E6365223A2D3100
10-19 13:18:53.915 I/CLocInfoCtrl( 3583): getPolicyGpsAccuracy 1
10-19 13:18:53.915 I/CLocInfoCtrl( 3583): Accuracy String : 20
10-19 13:18:53.915 I/CLocInfoCtrl( 3583): Accuracy value : 20
10-19 13:18:53.915 I/CLocInfoService( 3583): Policy Accuracy : 20
10-19 13:18:53.915 I/CLocInfoCtrl( 3583): Default Server URL Home country, mcc = 450
10-19 13:18:54.750 D/libgps  ( 3583): OnGpsExtensionMessage: message_id(1), data(0x9ca0c838), size(2432)
10-19 13:18:54.750 D/libgps  ( 3583): proxy__gps_sv_status_cb : called
10-19 13:18:54.750 D/GpsLocationProvider_ex( 3583): SV Count : 1 / TOP5 : 21 18 0 0 0 
10-19 13:18:54.750 I/PassiveLocTracker( 3583): GPS Satllite Status
10-19 13:18:55.085 D/SSRM:n  ( 3583): SIOP:: AP = 320, PST = 317, CUR = -168
10-19 13:18:55.755 D/libgps  ( 3583): OnGpsExtensionMessage: message_id(1), data(0x9ca0c838), size(2432)
10-19 13:18:55.755 D/libgps  ( 3583): proxy__gps_sv_status_cb : called
10-19 13:18:55.755 D/GpsLocationProvider_ex( 3583): SV Count : 1 / TOP5 : 21 18 0 0 0 
10-19 13:18:55.755 I/PassiveLocTracker( 3583): GPS Satllite Status
10-19 13:18:56.755 D/libgps  ( 3583): OnGpsExtensionMessage: message_id(1), data(0x9ca0c838), size(2432)
10-19 13:18:56.755 D/libgps  ( 3583): proxy__gps_sv_status_cb : called
10-19 13:18:56.760 D/GpsLocationProvider_ex( 3583): SV Count : 1 / TOP5 : 21 18 0 0 0 
10-19 13:18:56.760 I/PassiveLocTracker( 3583): GPS Satllite Status
10-19 13:18:57.755 D/libgps  ( 3583): OnGpsExtensionMessage: message_id(1), data(0x9ca0c838), size(2432)
10-19 13:18:57.755 D/libgps  ( 3583): proxy__gps_sv_status_cb : called
10-19 13:18:57.755 D/GpsLocationProvider_ex( 3583): SV Count : 1 / TOP5 : 21 18 0 0 0 
10-19 13:18:57.755 I/PassiveLocTracker( 3583): GPS Satllite Status
10-19 13:18:58.750 D/libgps  ( 3583): OnGpsExtensionMessage: message_id(1), data(0x9ca0c838), size(2432)
10-19 13:18:58.750 D/libgps  ( 3583): proxy__gps_sv_status_cb : called
10-19 13:18:58.750 D/GpsLocationProvider_ex( 3583): SV Count : 1 / TOP5 : 21 18 0 0 0 
10-19 13:18:58.750 I/PassiveLocTracker( 3583): GPS Satllite Status
10-19 13:18:59.755 D/libgps  ( 3583): OnGpsExtensionMessage: message_id(1), data(0x9ca0c838), size(2432)
10-19 13:18:59.755 D/libgps  ( 3583): proxy__gps_sv_status_cb : called
10-19 13:18:59.755 D/GpsLocationProvider_ex( 3583): SV Count : 1 / TOP5 : 21 18 0 0 0 
10-19 13:18:59.755 I/PassiveLocTracker( 3583): GPS Satllite Status
10-19 13:18:59.995 V/AlarmManager( 3583): waitForAlarm result :8
10-19 13:19:00.005 D/KeyguardUpdateMonitor( 3756): received broadcast android.intent.action.TIME_TICK
10-19 13:19:00.005 D/KeyguardUpdateMonitor( 3756): handleTimeUpdate
10-19 13:19:00.005 V/AlarmManager( 3583): ___SyncScheduler (v3) ACTIVATED___
10-19 13:19:00.005 V/AlarmManager( 3583): <AppSync3 Whitelist>
10-19 13:19:00.005 V/AlarmManager( 3583): (AppSync) ### 0 added ###
10-19 13:19:00.060 D/DateView( 3756): regionalDateFormat = 3333. 11. 22. isRTLlanguage = false returnDateFormat = MMMM d일 E요일
10-19 13:19:00.065 D/DateView( 3756): regionalDateFormat = 3333. 11. 22. isRTLlanguage = false returnDateFormat = MMMM d일 E요일
10-19 13:19:00.070 D/KeyguardEffectViewController( 3756): onReceive action : android.intent.action.TIME_TICK
10-19 13:19:00.070 I/KeyguardEffectViewController( 3756): *** don't update sliding image ***
10-19 13:19:00.750 D/libgps  ( 3583): OnGpsExtensionMessage: message_id(1), data(0x9ca0c838), size(2432)
10-19 13:19:00.750 D/libgps  ( 3583): proxy__gps_sv_status_cb : called
10-19 13:19:00.750 D/GpsLocationProvider_ex( 3583): SV Count : 1 / TOP5 : 20 18 0 0 0 
10-19 13:19:00.750 I/PassiveLocTracker( 3583): GPS Satllite Status
10-19 13:19:01.500 V/AlarmManager( 3583): waitForAlarm result :8
10-19 13:19:01.595 D/BatteryService( 3583): !@BatteryListener : batteryPropertiesChanged!
10-19 13:19:01.595 D/BatteryService( 3583): level:43, scale:100, status:2, health:2, present:true, voltage: 3978, temperature: 315, technology: Li-ion, AC powered:false, USB powered:true, Wireless powered:false, icon:17303721, invalid charger:0
10-19 13:19:01.595 D/BatteryService( 3583): online:4, current avg:-170, charge type:1, power sharing:false, high voltage charger:false, capacity:322000, current_now:-148
10-19 13:19:01.595 D/BatteryService( 3583): Sending ACTION_BATTERY_CHANGED.
10-19 13:19:01.595 I/MotionRecognitionService( 3583): Plugged
10-19 13:19:01.595 I/MotionRecognitionService( 3583): setPowerConnected  = true
10-19 13:19:01.600 D/KeyguardUpdateMonitor( 3756): received broadcast android.intent.action.BATTERY_CHANGED
10-19 13:19:01.600 D/KeyguardUpdateMonitor( 3756): handleBatteryUpdate
10-19 13:19:01.600 D/KeyguardFestivalEffect( 3756): onReceive: android.intent.action.BATTERY_CHANGED
10-19 13:19:01.605 I/BusinessExecutor( 4098): registered Task#33782 : PowerInfoEventSource$1
10-19 13:19:01.605 I/BusinessExecutor( 4098): Task#33782 : #run() called
10-19 13:19:01.605 I/BusinessExecutor( 4098): Task#33782 : #run() ended
10-19 13:19:01.605 D/ClientService( 4999): Battery State Change,  status: 2
10-19 13:19:01.605 D/ClientService( 4999): Battery State Change,  Plugged: 2
10-19 13:19:01.605 D/ClientService( 4999): Battery State Change,  level: 43
10-19 13:19:01.605 D/ClientService( 4999): Battery State Change,  scale: 100
10-19 13:19:01.605 D/STATUSBAR-PhoneStatusBar( 3756):  mBrightnessEnablebySettings = true mBrightnessEnablebyBattery = true mBrightnessEnablebyDisableFlag = true mPmsBrightnessEnablebySettings = true
10-19 13:19:01.605 D/BatteryMeterView( 3756): ACTION_BATTERY_CHANGED : level:43 status:2 health:2
10-19 13:19:01.605 D/BatteryMeterView( 3756): ACTION_BATTERY_CHANGED : level:43 status:2 health:2
10-19 13:19:01.605 D/BatteryMeterView( 3756): ACTION_BATTERY_CHANGED : level:43 status:2 health:2
10-19 13:19:01.745 D/libgps  ( 3583): OnGpsExtensionMessage: message_id(1), data(0x9ca0c838), size(2432)
10-19 13:19:01.745 D/libgps  ( 3583): proxy__gps_sv_status_cb : called
10-19 13:19:01.750 D/GpsLocationProvider_ex( 3583): SV Count : 1 / TOP5 : 20 18 0 0 0 
10-19 13:19:01.750 I/PassiveLocTracker( 3583): GPS Satllite Status
10-19 13:19:02.745 D/libgps  ( 3583): OnGpsExtensionMessage: message_id(1), data(0x9ca0c838), size(2432)
10-19 13:19:02.745 D/libgps  ( 3583): proxy__gps_sv_status_cb : called
10-19 13:19:02.745 D/GpsLocationProvider_ex( 3583): SV Count : 1 / TOP5 : 20 18 0 0 0 
10-19 13:19:02.745 I/PassiveLocTracker( 3583): GPS Satllite Status
10-19 13:19:03.760 D/libgps  ( 3583): OnGpsExtensionMessage: message_id(1), data(0x9ca0c838), size(2432)
10-19 13:19:03.760 D/libgps  ( 3583): proxy__gps_sv_status_cb : called
10-19 13:19:03.765 D/GpsLocationProvider_ex( 3583): SV Count : 1 / TOP5 : 20 18 0 0 0 
10-19 13:19:03.765 I/PassiveLocTracker( 3583): GPS Satllite Status
10-19 13:19:04.290 E/Watchdog( 3583): !@Sync 14041
10-19 13:19:04.755 D/libgps  ( 3583): OnGpsExtensionMessage: message_id(1), data(0x9ca0c838), size(2432)
10-19 13:19:04.755 D/libgps  ( 3583): proxy__gps_sv_status_cb : called
10-19 13:19:04.755 D/GpsLocationProvider_ex( 3583): SV Count : 1 / TOP5 : 20 18 0 0 0 
10-19 13:19:04.755 I/PassiveLocTracker( 3583): GPS Satllite Status
10-19 13:19:05.095 D/SSRM:n  ( 3583): SIOP:: AP = 310, PST = 317, CUR = -170
10-19 13:19:05.755 D/libgps  ( 3583): OnGpsExtensionMessage: message_id(1), data(0x9ca0c838), size(2432)
10-19 13:19:05.755 D/libgps  ( 3583): proxy__gps_sv_status_cb : called
10-19 13:19:05.760 D/GpsLocationProvider_ex( 3583): SV Count : 1 / TOP5 : 20 18 0 0 0 
10-19 13:19:05.760 I/PassiveLocTracker( 3583): GPS Satllite Status
10-19 13:19:06.755 D/libgps  ( 3583): OnGpsExtensionMessage: message_id(1), data(0x9ca0c838), size(2432)
10-19 13:19:06.755 D/libgps  ( 3583): proxy__gps_sv_status_cb : called
10-19 13:19:06.755 D/GpsLocationProvider_ex( 3583): SV Count : 1 / TOP5 : 20 18 0 0 0 
10-19 13:19:06.755 I/PassiveLocTracker( 3583): GPS Satllite Status
10-19 13:19:07.755 D/libgps  ( 3583): OnGpsExtensionMessage: message_id(1), data(0x9ca0c838), size(2432)
10-19 13:19:07.755 D/libgps  ( 3583): proxy__gps_sv_status_cb : called
10-19 13:19:07.755 D/GpsLocationProvider_ex( 3583): SV Count : 1 / TOP5 : 20 18 0 0 0 
10-19 13:19:07.755 I/PassiveLocTracker( 3583): GPS Satllite Status
10-19 13:19:08.755 D/libgps  ( 3583): OnGpsExtensionMessage: message_id(1), data(0x9ca0c838), size(2432)
10-19 13:19:08.755 D/libgps  ( 3583): proxy__gps_sv_status_cb : called
10-19 13:19:08.760 D/GpsLocationProvider_ex( 3583): SV Count : 1 / TOP5 : 22 18 0 0 0 
10-19 13:19:08.760 I/PassiveLocTracker( 3583): GPS Satllite Status
10-19 13:19:09.755 D/libgps  ( 3583): OnGpsExtensionMessage: message_id(1), data(0x9ca0c838), size(2432)
10-19 13:19:09.755 D/libgps  ( 3583): proxy__gps_sv_status_cb : called
10-19 13:19:09.760 D/GpsLocationProvider_ex( 3583): SV Count : 1 / TOP5 : 21 18 0 0 0 
10-19 13:19:09.760 I/PassiveLocTracker( 3583): GPS Satllite Status
10-19 13:19:10.755 D/libgps  ( 3583): OnGpsExtensionMessage: message_id(1), data(0x9ca0c838), size(2432)
10-19 13:19:10.755 D/libgps  ( 3583): proxy__gps_sv_status_cb : called
10-19 13:19:10.755 D/GpsLocationProvider_ex( 3583): SV Count : 1 / TOP5 : 21 18 0 0 0 
10-19 13:19:10.755 I/PassiveLocTracker( 3583): GPS Satllite Status
10-19 13:19:11.695 D/BatteryService( 3583): !@BatteryListener : batteryPropertiesChanged!
10-19 13:19:11.695 D/BatteryService( 3583): level:43, scale:100, status:2, health:2, present:true, voltage: 3978, temperature: 316, technology: Li-ion, AC powered:false, USB powered:true, Wireless powered:false, icon:17303721, invalid charger:0
10-19 13:19:11.695 D/BatteryService( 3583): online:4, current avg:-167, charge type:1, power sharing:false, high voltage charger:false, capacity:322000, current_now:-131
10-19 13:19:11.695 D/BatteryService( 3583): Sending ACTION_BATTERY_CHANGED.
10-19 13:19:11.700 I/MotionRecognitionService( 3583): Plugged
10-19 13:19:11.700 I/MotionRecognitionService( 3583): setPowerConnected  = true
10-19 13:19:11.705 D/KeyguardUpdateMonitor( 3756): received broadcast android.intent.action.BATTERY_CHANGED
10-19 13:19:11.705 D/KeyguardUpdateMonitor( 3756): handleBatteryUpdate
10-19 13:19:11.705 D/KeyguardFestivalEffect( 3756): onReceive: android.intent.action.BATTERY_CHANGED
10-19 13:19:11.710 I/BusinessExecutor( 4098): registered Task#33783 : PowerInfoEventSource$1
10-19 13:19:11.710 I/BusinessExecutor( 4098): Task#33783 : #run() called
10-19 13:19:11.710 D/STATUSBAR-PhoneStatusBar( 3756):  mBrightnessEnablebySettings = true mBrightnessEnablebyBattery = true mBrightnessEnablebyDisableFlag = true mPmsBrightnessEnablebySettings = true
10-19 13:19:11.710 D/BatteryMeterView( 3756): ACTION_BATTERY_CHANGED : level:43 status:2 health:2
10-19 13:19:11.715 I/BusinessExecutor( 4098): Task#33783 : #run() ended
10-19 13:19:11.715 D/ClientService( 4999): Battery State Change,  status: 2
10-19 13:19:11.715 D/ClientService( 4999): Battery State Change,  Plugged: 2
10-19 13:19:11.715 D/ClientService( 4999): Battery State Change,  level: 43
10-19 13:19:11.715 D/ClientService( 4999): Battery State Change,  scale: 100
10-19 13:19:11.715 D/BatteryMeterView( 3756): ACTION_BATTERY_CHANGED : level:43 status:2 health:2
10-19 13:19:11.715 D/BatteryMeterView( 3756): ACTION_BATTERY_CHANGED : level:43 status:2 health:2
10-19 13:19:11.735 D/libgps  ( 3583): OnGpsExtensionMessage: message_id(1), data(0x9ca0c838), size(2432)
10-19 13:19:11.735 D/libgps  ( 3583): proxy__gps_sv_status_cb : called
10-19 13:19:11.735 D/GpsLocationProvider_ex( 3583): SV Count : 1 / TOP5 : 21 18 0 0 0 
10-19 13:19:11.735 I/PassiveLocTracker( 3583): GPS Satllite Status
10-19 13:19:12.755 D/libgps  ( 3583): OnGpsExtensionMessage: message_id(1), data(0x9ca0c838), size(2432)
10-19 13:19:12.755 D/libgps  ( 3583): proxy__gps_sv_status_cb : called
10-19 13:19:12.755 D/GpsLocationProvider_ex( 3583): SV Count : 1 / TOP5 : 21 18 0 0 0 
