--------- beginning of main
10-19 13:15:27.310 D/NetworkStatsFactory( 3583): UpdateStatsForKnox
10-19 13:15:27.760 D/libgps  ( 3583): OnGpsExtensionMessage: message_id(1), data(0x9ca0c838), size(2432)
10-19 13:15:27.760 D/libgps  ( 3583): proxy__gps_sv_status_cb : called
10-19 13:15:27.760 D/GpsLocationProvider_ex( 3583): SV Count : 2 / TOP5 : 19 15 0 0 0 
--------- beginning of system
10-19 13:15:27.760 I/PassiveLocTracker( 3583): GPS Satllite Status
10-19 13:15:28.755 D/libgps  ( 3583): OnGpsExtensionMessage: message_id(1), data(0x9ca0c838), size(2432)
10-19 13:15:28.755 D/libgps  ( 3583): proxy__gps_sv_status_cb : called
10-19 13:15:28.755 D/GpsLocationProvider_ex( 3583): SV Count : 2 / TOP5 : 20 15 0 0 0 
10-19 13:15:28.755 I/PassiveLocTracker( 3583): GPS Satllite Status
10-19 13:15:29.570 D/BatteryService( 3583): !@BatteryListener : batteryPropertiesChanged!
10-19 13:15:29.570 D/BatteryService( 3583): level:43, scale:100, status:2, health:2, present:true, voltage: 3974, temperature: 316, technology: Li-ion, AC powered:false, USB powered:true, Wireless powered:false, icon:17303721, invalid charger:0
10-19 13:15:29.570 D/BatteryService( 3583): online:4, current avg:-170, charge type:1, power sharing:false, high voltage charger:false, capacity:322000, current_now:-174
10-19 13:15:29.570 D/BatteryService( 3583): Sending ACTION_BATTERY_CHANGED.
10-19 13:15:29.575 I/MotionRecognitionService( 3583): Plugged
10-19 13:15:29.575 I/MotionRecognitionService( 3583): setPowerConnected  = true
10-19 13:15:29.580 D/KeyguardUpdateMonitor( 3756): received broadcast android.intent.action.BATTERY_CHANGED
10-19 13:15:29.580 D/KeyguardUpdateMonitor( 3756): handleBatteryUpdate
10-19 13:15:29.580 D/KeyguardFestivalEffect( 3756): onReceive: android.intent.action.BATTERY_CHANGED
10-19 13:15:29.585 D/STATUSBAR-PhoneStatusBar( 3756):  mBrightnessEnablebySettings = true mBrightnessEnablebyBattery = true mBrightnessEnablebyDisableFlag = true mPmsBrightnessEnablebySettings = true
10-19 13:15:29.585 D/BatteryMeterView( 3756): ACTION_BATTERY_CHANGED : level:43 status:2 health:2
10-19 13:15:29.590 I/BusinessExecutor( 4098): registered Task#33761 : PowerInfoEventSource$1
10-19 13:15:29.590 I/BusinessExecutor( 4098): Task#33761 : #run() called
10-19 13:15:29.590 I/BusinessExecutor( 4098): Task#33761 : #run() ended
10-19 13:15:29.590 D/BatteryMeterView( 3756): ACTION_BATTERY_CHANGED : level:43 status:2 health:2
10-19 13:15:29.595 D/ClientService( 4999): Battery State Change,  status: 2
10-19 13:15:29.595 D/ClientService( 4999): Battery State Change,  Plugged: 2
10-19 13:15:29.595 D/ClientService( 4999): Battery State Change,  level: 43
10-19 13:15:29.595 D/ClientService( 4999): Battery State Change,  scale: 100
10-19 13:15:29.595 D/BatteryMeterView( 3756): ACTION_BATTERY_CHANGED : level:43 status:2 health:2
10-19 13:15:29.755 D/libgps  ( 3583): OnGpsExtensionMessage: message_id(1), data(0x9ca0c838), size(2432)
10-19 13:15:29.755 D/libgps  ( 3583): proxy__gps_sv_status_cb : called
10-19 13:15:29.755 D/GpsLocationProvider_ex( 3583): SV Count : 2 / TOP5 : 20 15 0 0 0 
10-19 13:15:29.755 I/PassiveLocTracker( 3583): GPS Satllite Status
10-19 13:15:30.755 D/libgps  ( 3583): OnGpsExtensionMessage: message_id(1), data(0x9ca0c838), size(2432)
10-19 13:15:30.755 D/libgps  ( 3583): proxy__gps_sv_status_cb : called
10-19 13:15:30.755 D/GpsLocationProvider_ex( 3583): SV Count : 2 / TOP5 : 20 16 0 0 0 
10-19 13:15:30.760 I/PassiveLocTracker( 3583): GPS Satllite Status
10-19 13:15:31.765 D/libgps  ( 3583): OnGpsExtensionMessage: message_id(1), data(0x9ca0c838), size(2432)
10-19 13:15:31.765 D/libgps  ( 3583): proxy__gps_sv_status_cb : called
10-19 13:15:31.765 D/GpsLocationProvider_ex( 3583): SV Count : 2 / TOP5 : 20 18 0 0 0 
10-19 13:15:31.765 I/PassiveLocTracker( 3583): GPS Satllite Status
10-19 13:15:32.760 D/libgps  ( 3583): OnGpsExtensionMessage: message_id(1), data(0x9ca0c838), size(2432)
10-19 13:15:32.760 D/libgps  ( 3583): proxy__gps_sv_status_cb : called
10-19 13:15:32.765 D/GpsLocationProvider_ex( 3583): SV Count : 2 / TOP5 : 20 18 0 0 0 
10-19 13:15:32.765 I/PassiveLocTracker( 3583): GPS Satllite Status
10-19 13:15:33.760 D/libgps  ( 3583): OnGpsExtensionMessage: message_id(1), data(0x9ca0c838), size(2432)
10-19 13:15:33.760 D/libgps  ( 3583): proxy__gps_sv_status_cb : called
10-19 13:15:33.760 D/GpsLocationProvider_ex( 3583): SV Count : 2 / TOP5 : 20 18 0 0 0 
10-19 13:15:33.760 I/PassiveLocTracker( 3583): GPS Satllite Status
10-19 13:15:34.280 E/Watchdog( 3583): !@Sync 14034
10-19 13:15:34.755 D/libgps  ( 3583): OnGpsExtensionMessage: message_id(1), data(0x9ca0c838), size(2432)
10-19 13:15:34.755 D/libgps  ( 3583): proxy__gps_sv_status_cb : called
10-19 13:15:34.755 D/GpsLocationProvider_ex( 3583): SV Count : 2 / TOP5 : 20 18 0 0 0 
10-19 13:15:34.755 I/PassiveLocTracker( 3583): GPS Satllite Status
10-19 13:15:34.790 D/SSRM:n  ( 3583): SIOP:: AP = 320, PST = 317, CUR = -170
10-19 13:15:35.770 D/libgps  ( 3583): OnGpsExtensionMessage: message_id(1), data(0x9ca0c838), size(2432)
10-19 13:15:35.770 D/libgps  ( 3583): proxy__gps_sv_status_cb : called
10-19 13:15:35.770 D/GpsLocationProvider_ex( 3583): SV Count : 2 / TOP5 : 20 18 0 0 0 
10-19 13:15:35.770 I/PassiveLocTracker( 3583): GPS Satllite Status
10-19 13:15:36.765 D/libgps  ( 3583): OnGpsExtensionMessage: message_id(1), data(0x9ca0c838), size(2432)
10-19 13:15:36.765 D/libgps  ( 3583): proxy__gps_sv_status_cb : called
10-19 13:15:36.770 D/GpsLocationProvider_ex( 3583): SV Count : 2 / TOP5 : 20 17 0 0 0 
10-19 13:15:36.770 I/PassiveLocTracker( 3583): GPS Satllite Status
10-19 13:15:37.765 D/libgps  ( 3583): OnGpsExtensionMessage: message_id(1), data(0x9ca0c838), size(2432)
10-19 13:15:37.765 D/libgps  ( 3583): proxy__gps_sv_status_cb : called
10-19 13:15:37.770 D/GpsLocationProvider_ex( 3583): SV Count : 2 / TOP5 : 19 17 0 0 0 
10-19 13:15:37.770 I/PassiveLocTracker( 3583): GPS Satllite Status
10-19 13:15:38.755 D/libgps  ( 3583): OnGpsExtensionMessage: message_id(1), data(0x9ca0c838), size(2432)
10-19 13:15:38.755 D/libgps  ( 3583): proxy__gps_sv_status_cb : called
10-19 13:15:38.755 D/GpsLocationProvider_ex( 3583): SV Count : 2 / TOP5 : 19 17 0 0 0 
10-19 13:15:38.755 I/PassiveLocTracker( 3583): GPS Satllite Status
10-19 13:15:39.670 D/BatteryService( 3583): !@BatteryListener : batteryPropertiesChanged!
10-19 13:15:39.675 D/BatteryService( 3583): level:43, scale:100, status:2, health:2, present:true, voltage: 3980, temperature: 315, technology: Li-ion, AC powered:false, USB powered:true, Wireless powered:false, icon:17303721, invalid charger:0
10-19 13:15:39.675 D/BatteryService( 3583): online:4, current avg:-165, charge type:1, power sharing:false, high voltage charger:false, capacity:322000, current_now:-130
10-19 13:15:39.675 D/BatteryService( 3583): Sending ACTION_BATTERY_CHANGED.
10-19 13:15:39.680 I/MotionRecognitionService( 3583): Plugged
10-19 13:15:39.680 I/MotionRecognitionService( 3583): setPowerConnected  = true
10-19 13:15:39.690 D/KeyguardUpdateMonitor( 3756): received broadcast android.intent.action.BATTERY_CHANGED
10-19 13:15:39.695 D/KeyguardUpdateMonitor( 3756): handleBatteryUpdate
10-19 13:15:39.695 D/KeyguardFestivalEffect( 3756): onReceive: android.intent.action.BATTERY_CHANGED
10-19 13:15:39.700 D/STATUSBAR-PhoneStatusBar( 3756):  mBrightnessEnablebySettings = true mBrightnessEnablebyBattery = true mBrightnessEnablebyDisableFlag = true mPmsBrightnessEnablebySettings = true
10-19 13:15:39.705 I/BusinessExecutor( 4098): registered Task#33762 : PowerInfoEventSource$1
10-19 13:15:39.705 I/BusinessExecutor( 4098): Task#33762 : #run() called
10-19 13:15:39.705 I/BusinessExecutor( 4098): Task#33762 : #run() ended
10-19 13:15:39.705 D/BatteryMeterView( 3756): ACTION_BATTERY_CHANGED : level:43 status:2 health:2
10-19 13:15:39.705 D/BatteryMeterView( 3756): ACTION_BATTERY_CHANGED : level:43 status:2 health:2
10-19 13:15:39.710 D/ClientService( 4999): Battery State Change,  status: 2
10-19 13:15:39.710 D/ClientService( 4999): Battery State Change,  Plugged: 2
10-19 13:15:39.710 D/ClientService( 4999): Battery State Change,  level: 43
10-19 13:15:39.710 D/ClientService( 4999): Battery State Change,  scale: 100
10-19 13:15:39.710 D/BatteryMeterView( 3756): ACTION_BATTERY_CHANGED : level:43 status:2 health:2
10-19 13:15:39.740 D/libgps  ( 3583): OnGpsExtensionMessage: message_id(1), data(0x9ca0c838), size(2432)
10-19 13:15:39.740 D/libgps  ( 3583): proxy__gps_sv_status_cb : called
10-19 13:15:39.745 D/GpsLocationProvider_ex( 3583): SV Count : 2 / TOP5 : 19 17 0 0 0 
10-19 13:15:39.745 I/PassiveLocTracker( 3583): GPS Satllite Status
10-19 13:15:40.760 D/libgps  ( 3583): OnGpsExtensionMessage: message_id(1), data(0x9ca0c838), size(2432)
10-19 13:15:40.760 D/libgps  ( 3583): proxy__gps_sv_status_cb : called
10-19 13:15:40.765 D/GpsLocationProvider_ex( 3583): SV Count : 2 / TOP5 : 19 17 0 0 0 
10-19 13:15:40.765 I/PassiveLocTracker( 3583): GPS Satllite Status
10-19 13:15:41.765 D/libgps  ( 3583): OnGpsExtensionMessage: message_id(1), data(0x9ca0c838), size(2432)
10-19 13:15:41.765 D/libgps  ( 3583): proxy__gps_sv_status_cb : called
10-19 13:15:41.765 D/GpsLocationProvider_ex( 3583): SV Count : 2 / TOP5 : 20 16 0 0 0 
10-19 13:15:41.765 I/PassiveLocTracker( 3583): GPS Satllite Status
10-19 13:15:42.755 D/libgps  ( 3583): OnGpsExtensionMessage: message_id(1), data(0x9ca0c838), size(2432)
10-19 13:15:42.755 D/libgps  ( 3583): proxy__gps_sv_status_cb : called
10-19 13:15:42.755 D/GpsLocationProvider_ex( 3583): SV Count : 2 / TOP5 : 20 16 0 0 0 
10-19 13:15:42.755 I/PassiveLocTracker( 3583): GPS Satllite Status
10-19 13:15:43.760 D/libgps  ( 3583): OnGpsExtensionMessage: message_id(1), data(0x9ca0c838), size(2432)
10-19 13:15:43.760 D/libgps  ( 3583): proxy__gps_sv_status_cb : called
10-19 13:15:43.760 D/GpsLocationProvider_ex( 3583): SV Count : 2 / TOP5 : 19 16 0 0 0 
10-19 13:15:43.760 I/PassiveLocTracker( 3583): GPS Satllite Status
10-19 13:15:44.760 D/libgps  ( 3583): OnGpsExtensionMessage: message_id(1), data(0x9ca0c838), size(2432)
10-19 13:15:44.760 D/libgps  ( 3583): proxy__gps_sv_status_cb : called
10-19 13:15:44.765 D/GpsLocationProvider_ex( 3583): SV Count : 2 / TOP5 : 19 16 0 0 0 
10-19 13:15:44.765 I/PassiveLocTracker( 3583): GPS Satllite Status
10-19 13:15:44.795 D/SSRM:n  ( 3583): SIOP:: AP = 310, PST = 317, CUR = -165
10-19 13:15:45.755 D/libgps  ( 3583): OnGpsExtensionMessage: message_id(1), data(0x9ca0c838), size(2432)
10-19 13:15:45.755 D/libgps  ( 3583): proxy__gps_sv_status_cb : called
10-19 13:15:45.755 D/GpsLocationProvider_ex( 3583): SV Count : 2 / TOP5 : 19 15 0 0 0 
10-19 13:15:45.755 I/PassiveLocTracker( 3583): GPS Satllite Status
10-19 13:15:46.740 D/libgps  ( 3583): OnGpsExtensionMessage: message_id(1), data(0x9ca0c838), size(2432)
10-19 13:15:46.740 D/libgps  ( 3583): proxy__gps_sv_status_cb : called
10-19 13:15:46.745 D/GpsLocationProvider_ex( 3583): SV Count : 2 / TOP5 : 19 15 0 0 0 
10-19 13:15:46.745 I/PassiveLocTracker( 3583): GPS Satllite Status
10-19 13:15:47.770 D/libgps  ( 3583): OnGpsExtensionMessage: message_id(1), data(0x9ca0c838), size(2432)
10-19 13:15:47.770 D/libgps  ( 3583): proxy__gps_sv_status_cb : called
10-19 13:15:47.775 D/GpsLocationProvider_ex( 3583): SV Count : 2 / TOP5 : 19 15 0 0 0 
10-19 13:15:47.775 I/PassiveLocTracker( 3583): GPS Satllite Status
10-19 13:15:48.755 D/libgps  ( 3583): OnGpsExtensionMessage: message_id(1), data(0x9ca0c838), size(2432)
10-19 13:15:48.755 D/libgps  ( 3583): proxy__gps_sv_status_cb : called
10-19 13:15:48.755 D/GpsLocationProvider_ex( 3583): SV Count : 2 / TOP5 : 19 14 0 0 0 
10-19 13:15:48.755 I/PassiveLocTracker( 3583): GPS Satllite Status
10-19 13:15:49.740 D/libgps  ( 3583): OnGpsExtensionMessage: message_id(1), data(0x9ca0c838), size(2432)
10-19 13:15:49.740 D/libgps  ( 3583): proxy__gps_sv_status_cb : called
10-19 13:15:49.745 D/GpsLocationProvider_ex( 3583): SV Count : 2 / TOP5 : 19 14 0 0 0 
10-19 13:15:49.745 I/PassiveLocTracker( 3583): GPS Satllite Status
10-19 13:15:49.770 D/BatteryService( 3583): !@BatteryListener : batteryPropertiesChanged!
10-19 13:15:49.770 D/BatteryService( 3583): level:43, scale:100, status:2, health:2, present:true, voltage: 3964, temperature: 316, technology: Li-ion, AC powered:false, USB powered:true, Wireless powered:false, icon:17303721, invalid charger:0
10-19 13:15:49.770 D/BatteryService( 3583): online:4, current avg:-162, charge type:1, power sharing:false, high voltage charger:false, capacity:322000, current_now:-259
10-19 13:15:49.770 D/BatteryService( 3583): Sending ACTION_BATTERY_CHANGED.
10-19 13:15:49.770 I/MotionRecognitionService( 3583): Plugged
10-19 13:15:49.770 I/MotionRecognitionService( 3583): setPowerConnected  = true
10-19 13:15:49.775 D/KeyguardUpdateMonitor( 3756): received broadcast android.intent.action.BATTERY_CHANGED
10-19 13:15:49.775 D/KeyguardUpdateMonitor( 3756): handleBatteryUpdate
10-19 13:15:49.775 D/KeyguardFestivalEffect( 3756): onReceive: android.intent.action.BATTERY_CHANGED
10-19 13:15:49.780 D/STATUSBAR-PhoneStatusBar( 3756):  mBrightnessEnablebySettings = true mBrightnessEnablebyBattery = true mBrightnessEnablebyDisableFlag = true mPmsBrightnessEnablebySettings = true
10-19 13:15:49.785 I/BusinessExecutor( 4098): registered Task#33763 : PowerInfoEventSource$1
10-19 13:15:49.785 I/BusinessExecutor( 4098): Task#33763 : #run() called
10-19 13:15:49.785 I/BusinessExecutor( 4098): Task#33763 : #run() ended
10-19 13:15:49.785 D/BatteryMeterView( 3756): ACTION_BATTERY_CHANGED : level:43 status:2 health:2
10-19 13:15:49.785 D/BatteryMeterView( 3756): ACTION_BATTERY_CHANGED : level:43 status:2 health:2
10-19 13:15:49.785 D/BatteryMeterView( 3756): ACTION_BATTERY_CHANGED : level:43 status:2 health:2
10-19 13:15:49.790 D/ClientService( 4999): Battery State Change,  status: 2
10-19 13:15:49.790 D/ClientService( 4999): Battery State Change,  Plugged: 2
10-19 13:15:49.790 D/ClientService( 4999): Battery State Change,  level: 43
10-19 13:15:49.790 D/ClientService( 4999): Battery State Change,  scale: 100
10-19 13:15:50.760 D/libgps  ( 3583): OnGpsExtensionMessage: message_id(1), data(0x9ca0c838), size(2432)
10-19 13:15:50.760 D/libgps  ( 3583): proxy__gps_sv_status_cb : called
10-19 13:15:50.765 D/GpsLocationProvider_ex( 3583): SV Count : 2 / TOP5 : 19 14 0 0 0 
10-19 13:15:50.765 I/PassiveLocTracker( 3583): GPS Satllite Status
10-19 13:15:51.755 D/libgps  ( 3583): OnGpsExtensionMessage: message_id(1), data(0x9ca0c838), size(2432)
10-19 13:15:51.755 D/libgps  ( 3583): proxy__gps_sv_status_cb : called
10-19 13:15:51.755 D/GpsLocationProvider_ex( 3583): SV Count : 2 / TOP5 : 19 14 0 0 0 
10-19 13:15:51.755 I/PassiveLocTracker( 3583): GPS Satllite Status
10-19 13:15:52.760 D/libgps  ( 3583): OnGpsExtensionMessage: message_id(1), data(0x9ca0c838), size(2432)
10-19 13:15:52.760 D/libgps  ( 3583): proxy__gps_sv_status_cb : called
10-19 13:15:52.760 D/GpsLocationProvider_ex( 3583): SV Count : 2 / TOP5 : 19 14 0 0 0 
10-19 13:15:52.760 I/PassiveLocTracker( 3583): GPS Satllite Status
10-19 13:15:53.425 I/System.out( 4036): Broadcasting: Intent { act=android.intent.action.CELL_INFO_RES (has extras) }
10-19 13:15:53.430 I/CpLocTracker( 3583): Received Intent : android.intent.action.CELL_INFO_RES
10-19 13:15:53.435 I/CpLocTracker( 3583): Received Data
10-19 13:15:53.435 I/CpLocTracker( 3583): 01009300226D6363223A3435302C226D6E63223A352C22746163223A323035332C22676C6F62616C43656C6C4964223A363837343933392C22706879736963616C43656C6C4964223A38332C2265617266636E444C223A313335302C2272737369223A2D33372C2272737271223A2D392C22736E72223A32342C2272737270223A2D36332C2274696D696E67416476616E6365223A2D3100
10-19 13:15:53.435 I/CpLocTracker( 3583): rat : 1
10-19 13:15:53.435 I/CpLocTracker( 3583): gps : 0
10-19 13:15:53.435 I/CpLocTracker( 3583): cellinfo : 0093226D6363223A3435302C226D6E63223A352C22746163223A323035332C22676C6F62616C43656C6C4964223A363837343933392C22706879736963616C43656C6C4964223A38332C2265617266636E444C223A313335302C2272737369223A2D33372C2272737271223A2D392C22736E72223A32342C2272737270223A2D36332C2274696D696E67416476616E6365223A2D3100
10-19 13:15:53.435 I/CLocInfoService( 3583): Rat Type : 1, AttachedGPS : 0
10-19 13:15:53.435 I/CLocInfoService( 3583): CellInfo : 0093226D6363223A3435302C226D6E63223A352C22746163223A323035332C22676C6F62616C43656C6C4964223A363837343933392C22706879736963616C43656C6C4964223A38332C2265617266636E444C223A313335302C2272737369223A2D33372C2272737271223A2D392C22736E72223A32342C2272737270223A2D36332C2274696D696E67416476616E6365223A2D3100
10-19 13:15:53.435 I/CLocInfoCtrl( 3583): getPolicyGpsAccuracy 1
10-19 13:15:53.435 I/CLocInfoCtrl( 3583): Accuracy String : 20
10-19 13:15:53.435 I/CLocInfoCtrl( 3583): Accuracy value : 20
10-19 13:15:53.435 I/CLocInfoService( 3583): Policy Accuracy : 20
10-19 13:15:53.435 I/CLocInfoCtrl( 3583): Default Server URL Home country, mcc = 450
10-19 13:15:53.760 D/libgps  ( 3583): OnGpsExtensionMessage: message_id(1), data(0x9ca0c838), size(2432)
10-19 13:15:53.760 D/libgps  ( 3583): proxy__gps_sv_status_cb : called
10-19 13:15:53.760 D/GpsLocationProvider_ex( 3583): SV Count : 2 / TOP5 : 19 13 0 0 0 
10-19 13:15:53.760 I/PassiveLocTracker( 3583): GPS Satllite Status
10-19 13:15:54.765 D/libgps  ( 3583): OnGpsExtensionMessage: message_id(1), data(0x9ca0c838), size(2432)
10-19 13:15:54.765 D/libgps  ( 3583): proxy__gps_sv_status_cb : called
10-19 13:15:54.765 D/GpsLocationProvider_ex( 3583): SV Count : 2 / TOP5 : 18 13 0 0 0 
10-19 13:15:54.765 I/PassiveLocTracker( 3583): GPS Satllite Status
10-19 13:15:54.800 D/SSRM:n  ( 3583): SIOP:: AP = 310, PST = 316, CUR = -162
10-19 13:15:55.755 D/libgps  ( 3583): OnGpsExtensionMessage: message_id(1), data(0x9ca0c838), size(2432)
10-19 13:15:55.755 D/libgps  ( 3583): proxy__gps_sv_status_cb : called
10-19 13:15:55.755 D/GpsLocationProvider_ex( 3583): SV Count : 2 / TOP5 : 18 13 0 0 0 
10-19 13:15:55.755 I/PassiveLocTracker( 3583): GPS Satllite Status
10-19 13:15:56.755 D/libgps  ( 3583): OnGpsExtensionMessage: message_id(1), data(0x9ca0c838), size(2432)
10-19 13:15:56.755 D/libgps  ( 3583): proxy__gps_sv_status_cb : called
10-19 13:15:56.760 D/GpsLocationProvider_ex( 3583): SV Count : 2 / TOP5 : 18 13 0 0 0 
10-19 13:15:56.760 I/PassiveLocTracker( 3583): GPS Satllite Status
10-19 13:15:57.750 D/libgps  ( 3583): OnGpsExtensionMessage: message_id(1), data(0x9ca0c838), size(2432)
10-19 13:15:57.750 D/libgps  ( 3583): proxy__gps_sv_status_cb : called
10-19 13:15:57.755 D/GpsLocationProvider_ex( 3583): SV Count : 2 / TOP5 : 18 13 0 0 0 
10-19 13:15:57.755 I/PassiveLocTracker( 3583): GPS Satllite Status
10-19 13:15:58.755 D/libgps  ( 3583): OnGpsExtensionMessage: message_id(1), data(0x9ca0c838), size(2432)
10-19 13:15:58.755 D/libgps  ( 3583): proxy__gps_sv_status_cb : called
10-19 13:15:58.755 D/GpsLocationProvider_ex( 3583): SV Count : 2 / TOP5 : 18 13 0 0 0 
10-19 13:15:58.755 I/PassiveLocTracker( 3583): GPS Satllite Status
10-19 13:15:59.755 D/libgps  ( 3583): OnGpsExtensionMessage: message_id(1), data(0x9ca0c838), size(2432)
10-19 13:15:59.755 D/libgps  ( 3583): proxy__gps_sv_status_cb : called
10-19 13:15:59.755 D/GpsLocationProvider_ex( 3583): SV Count : 2 / TOP5 : 18 13 0 0 0 
10-19 13:15:59.760 I/PassiveLocTracker( 3583): GPS Satllite Status
10-19 13:15:59.850 D/BatteryService( 3583): !@BatteryListener : batteryPropertiesChanged!
10-19 13:15:59.850 D/BatteryService( 3583): level:43, scale:100, status:2, health:2, present:true, voltage: 3972, temperature: 316, technology: Li-ion, AC powered:false, USB powered:true, Wireless powered:false, icon:17303721, invalid charger:0
10-19 13:15:59.850 D/BatteryService( 3583): online:4, current avg:-164, charge type:1, power sharing:false, high voltage charger:false, capacity:322000, current_now:-181
10-19 13:15:59.850 D/BatteryService( 3583): Sending ACTION_BATTERY_CHANGED.
10-19 13:15:59.850 I/MotionRecognitionService( 3583): Plugged
10-19 13:15:59.850 I/MotionRecognitionService( 3583): setPowerConnected  = true
10-19 13:15:59.855 D/KeyguardUpdateMonitor( 3756): received broadcast android.intent.action.BATTERY_CHANGED
10-19 13:15:59.855 D/KeyguardUpdateMonitor( 3756): handleBatteryUpdate
10-19 13:15:59.855 D/KeyguardFestivalEffect( 3756): onReceive: android.intent.action.BATTERY_CHANGED
10-19 13:15:59.860 I/BusinessExecutor( 4098): registered Task#33764 : PowerInfoEventSource$1
10-19 13:15:59.860 D/STATUSBAR-PhoneStatusBar( 3756):  mBrightnessEnablebySettings = true mBrightnessEnablebyBattery = true mBrightnessEnablebyDisableFlag = true mPmsBrightnessEnablebySettings = true
10-19 13:15:59.860 D/BatteryMeterView( 3756): ACTION_BATTERY_CHANGED : level:43 status:2 health:2
10-19 13:15:59.860 D/BatteryMeterView( 3756): ACTION_BATTERY_CHANGED : level:43 status:2 health:2
10-19 13:15:59.865 I/BusinessExecutor( 4098): Task#33764 : #run() called
10-19 13:15:59.865 I/BusinessExecutor( 4098): Task#33764 : #run() ended
10-19 13:15:59.865 D/ClientService( 4999): Battery State Change,  status: 2
10-19 13:15:59.865 D/ClientService( 4999): Battery State Change,  Plugged: 2
10-19 13:15:59.865 D/ClientService( 4999): Battery State Change,  level: 43
10-19 13:15:59.865 D/ClientService( 4999): Battery State Change,  scale: 100
10-19 13:15:59.865 D/BatteryMeterView( 3756): ACTION_BATTERY_CHANGED : level:43 status:2 health:2
10-19 13:15:59.995 V/AlarmManager( 3583): waitForAlarm result :8
10-19 13:16:00.015 D/KeyguardUpdateMonitor( 3756): received broadcast android.intent.action.TIME_TICK
10-19 13:16:00.015 D/KeyguardUpdateMonitor( 3756): handleTimeUpdate
10-19 13:16:00.080 D/DateView( 3756): regionalDateFormat = 3333. 11. 22. isRTLlanguage = false returnDateFormat = MMMM d일 E요일
10-19 13:16:00.085 D/DateView( 3756): regionalDateFormat = 3333. 11. 22. isRTLlanguage = false returnDateFormat = MMMM d일 E요일
10-19 13:16:00.085 D/KeyguardEffectViewController( 3756): onReceive action : android.intent.action.TIME_TICK
10-19 13:16:00.085 I/KeyguardEffectViewController( 3756): *** don't update sliding image ***
10-19 13:16:00.755 D/libgps  ( 3583): OnGpsExtensionMessage: message_id(1), data(0x9ca0c838), size(2432)
10-19 13:16:00.755 D/libgps  ( 3583): proxy__gps_sv_status_cb : called
10-19 13:16:00.755 D/GpsLocationProvider_ex( 3583): SV Count : 2 / TOP5 : 18 13 0 0 0 
10-19 13:16:00.755 I/PassiveLocTracker( 3583): GPS Satllite Status
10-19 13:16:01.165 V/AlarmManager( 3583): waitForAlarm result :8
10-19 13:16:01.355 I/art     ( 4290): Explicit concurrent mark sweep GC freed 65788(2MB) AllocSpace objects, 3(300KB) LOS objects, 32% free, 33MB/49MB, paused 1.545ms total 76.600ms
10-19 13:16:01.755 D/libgps  ( 3583): OnGpsExtensionMessage: message_id(1), data(0x9ca0c838), size(2432)
10-19 13:16:01.755 D/libgps  ( 3583): proxy__gps_sv_status_cb : called
10-19 13:16:01.760 D/GpsLocationProvider_ex( 3583): SV Count : 2 / TOP5 : 18 12 0 0 0 
10-19 13:16:01.760 I/PassiveLocTracker( 3583): GPS Satllite Status
10-19 13:16:02.750 D/libgps  ( 3583): OnGpsExtensionMessage: message_id(1), data(0x9ca0c838), size(2432)
10-19 13:16:02.750 D/libgps  ( 3583): proxy__gps_sv_status_cb : called
10-19 13:16:02.750 D/GpsLocationProvider_ex( 3583): SV Count : 2 / TOP5 : 18 12 0 0 0 
10-19 13:16:02.750 I/PassiveLocTracker( 3583): GPS Satllite Status
10-19 13:16:03.745 D/libgps  ( 3583): OnGpsExtensionMessage: message_id(1), data(0x9ca0c838), size(2432)
10-19 13:16:03.745 D/libgps  ( 3583): proxy__gps_sv_status_cb : called
10-19 13:16:03.750 D/GpsLocationProvider_ex( 3583): SV Count : 2 / TOP5 : 18 12 0 0 0 
10-19 13:16:03.750 I/PassiveLocTracker( 3583): GPS Satllite Status
10-19 13:16:04.280 E/Watchdog( 3583): !@Sync 14035
10-19 13:16:04.750 D/libgps  ( 3583): OnGpsExtensionMessage: message_id(1), data(0x9ca0c838), size(2432)
10-19 13:16:04.750 D/libgps  ( 3583): proxy__gps_sv_status_cb : called
10-19 13:16:04.750 D/GpsLocationProvider_ex( 3583): SV Count : 2 / TOP5 : 18 12 0 0 0 
10-19 13:16:04.750 I/PassiveLocTracker( 3583): GPS Satllite Status
10-19 13:16:04.815 D/SSRM:n  ( 3583): SIOP:: AP = 320, PST = 316, CUR = -164
10-19 13:16:05.745 D/libgps  ( 3583): OnGpsExtensionMessage: message_id(1), data(0x9ca0c838), size(2432)
10-19 13:16:05.745 D/libgps  ( 3583): proxy__gps_sv_status_cb : called
10-19 13:16:05.750 D/GpsLocationProvider_ex( 3583): SV Count : 2 / TOP5 : 18 12 0 0 0 
10-19 13:16:05.750 I/PassiveLocTracker( 3583): GPS Satllite Status
10-19 13:16:06.745 D/libgps  ( 3583): OnGpsExtensionMessage: message_id(1), data(0x9ca0c838), size(2432)
10-19 13:16:06.745 D/libgps  ( 3583): proxy__gps_sv_status_cb : called
10-19 13:16:06.745 D/GpsLocationProvider_ex( 3583): SV Count : 2 / TOP5 : 18 12 0 0 0 
10-19 13:16:06.745 I/PassiveLocTracker( 3583): GPS Satllite Status
10-19 13:16:07.755 D/libgps  ( 3583): OnGpsExtensionMessage: message_id(1), data(0x9ca0c838), size(2432)
10-19 13:16:07.755 D/libgps  ( 3583): proxy__gps_sv_status_cb : called
10-19 13:16:07.760 D/GpsLocationProvider_ex( 3583): SV Count : 2 / TOP5 : 18 12 0 0 0 
10-19 13:16:07.760 I/PassiveLocTracker( 3583): GPS Satllite Status
10-19 13:16:08.740 D/libgps  ( 3583): OnGpsExtensionMessage: message_id(1), data(0x9ca0c838), size(2432)
10-19 13:16:08.740 D/libgps  ( 3583): proxy__gps_sv_status_cb : called
10-19 13:16:08.745 D/GpsLocationProvider_ex( 3583): SV Count : 2 / TOP5 : 18 13 0 0 0 
10-19 13:16:08.745 I/PassiveLocTracker( 3583): GPS Satllite Status
10-19 13:16:09.740 D/libgps  ( 3583): OnGpsExtensionMessage: message_id(1), data(0x9ca0c838), size(2432)
10-19 13:16:09.740 D/libgps  ( 3583): proxy__gps_sv_status_cb : called
10-19 13:16:09.745 D/GpsLocationProvider_ex( 3583): SV Count : 2 / TOP5 : 19 13 0 0 0 
10-19 13:16:09.745 I/PassiveLocTracker( 3583): GPS Satllite Status
10-19 13:16:09.940 D/BatteryService( 3583): !@BatteryListener : batteryPropertiesChanged!
10-19 13:16:09.940 D/BatteryService( 3583): level:43, scale:100, status:2, health:2, present:true, voltage: 3973, temperature: 315, technology: Li-ion, AC powered:false, USB powered:true, Wireless powered:false, icon:17303721, invalid charger:0
10-19 13:16:09.940 D/BatteryService( 3583): online:4, current avg:-167, charge type:1, power sharing:false, high voltage charger:false, capacity:322000, current_now:-200
10-19 13:16:09.940 D/BatteryService( 3583): Sending ACTION_BATTERY_CHANGED.
10-19 13:16:09.940 I/MotionRecognitionService( 3583): Plugged
10-19 13:16:09.940 I/MotionRecognitionService( 3583): setPowerConnected  = true
10-19 13:16:09.945 D/KeyguardUpdateMonitor( 3756): received broadcast android.intent.action.BATTERY_CHANGED
10-19 13:16:09.945 D/KeyguardUpdateMonitor( 3756): handleBatteryUpdate
10-19 13:16:09.950 D/KeyguardFestivalEffect( 3756): onReceive: android.intent.action.BATTERY_CHANGED
10-19 13:16:09.950 D/STATUSBAR-PhoneStatusBar( 3756):  mBrightnessEnablebySettings = true mBrightnessEnablebyBattery = true mBrightnessEnablebyDisableFlag = true mPmsBrightnessEnablebySettings = true
10-19 13:16:09.955 I/BusinessExecutor( 4098): registered Task#33765 : PowerInfoEventSource$1
10-19 13:16:09.955 I/BusinessExecutor( 4098): Task#33765 : #run() called
10-19 13:16:09.955 I/BusinessExecutor( 4098): Task#33765 : #run() ended
10-19 13:16:09.955 D/BatteryMeterView( 3756): ACTION_BATTERY_CHANGED : level:43 status:2 health:2
10-19 13:16:09.955 D/BatteryMeterView( 3756): ACTION_BATTERY_CHANGED : level:43 status:2 health:2
10-19 13:16:09.960 D/ClientService( 4999): Battery State Change,  status: 2
10-19 13:16:09.960 D/ClientService( 4999): Battery State Change,  Plugged: 2
10-19 13:16:09.960 D/ClientService( 4999): Battery State Change,  level: 43
10-19 13:16:09.960 D/ClientService( 4999): Battery State Change,  scale: 100
10-19 13:16:09.960 D/BatteryMeterView( 3756): ACTION_BATTERY_CHANGED : level:43 status:2 health:2
10-19 13:16:10.745 D/libgps  ( 3583): OnGpsExtensionMessage: message_id(1), data(0x9ca0c838), size(2432)
10-19 13:16:10.745 D/libgps  ( 3583): proxy__gps_sv_status_cb : called
10-19 13:16:10.745 D/GpsLocationProvider_ex( 3583): SV Count : 2 / TOP5 : 18 13 0 0 0 
10-19 13:16:10.745 I/PassiveLocTracker( 3583): GPS Satllite Status
10-19 13:16:11.745 D/libgps  ( 3583): OnGpsExtensionMessage: message_id(1), data(0x9ca0c838), size(2432)
10-19 13:16:11.745 D/libgps  ( 3583): proxy__gps_sv_status_cb : called
10-19 13:16:11.745 D/GpsLocationProvider_ex( 3583): SV Count : 2 / TOP5 : 18 13 0 0 0 
10-19 13:16:11.750 I/PassiveLocTracker( 3583): GPS Satllite Status
10-19 13:16:12.745 D/libgps  ( 3583): OnGpsExtensionMessage: message_id(1), data(0x9ca0c838), size(2432)
10-19 13:16:12.745 D/libgps  ( 3583): proxy__gps_sv_status_cb : called
10-19 13:16:12.745 D/GpsLocationProvider_ex( 3583): SV Count : 2 / TOP5 : 18 13 0 0 0 
10-19 13:16:12.745 I/PassiveLocTracker( 3583): GPS Satllite Status
10-19 13:16:13.745 D/libgps  ( 3583): OnGpsExtensionMessage: message_id(1), data(0x9ca0c838), size(2432)
10-19 13:16:13.745 D/libgps  ( 3583): proxy__gps_sv_status_cb : called
10-19 13:16:13.745 D/GpsLocationProvider_ex( 3583): SV Count : 2 / TOP5 : 17 13 0 0 0 
10-19 13:16:13.750 I/PassiveLocTracker( 3583): GPS Satllite Status
10-19 13:16:14.750 D/libgps  ( 3583): OnGpsExtensionMessage: message_id(1), data(0x9ca0c838), size(2432)
10-19 13:16:14.750 D/libgps  ( 3583): proxy__gps_sv_status_cb : called
10-19 13:16:14.750 D/GpsLocationProvider_ex( 3583): SV Count : 2 / TOP5 : 17 13 0 0 0 
10-19 13:16:14.750 I/PassiveLocTracker( 3583): GPS Satllite Status
10-19 13:16:14.830 D/SSRM:n  ( 3583): SIOP:: AP = 320, PST = 316, CUR = -167
10-19 13:16:15.750 D/libgps  ( 3583): OnGpsExtensionMessage: message_id(1), data(0x9ca0c838), size(2432)
10-19 13:16:15.750 D/libgps  ( 3583): proxy__gps_sv_status_cb : called
10-19 13:16:15.750 D/GpsLocationProvider_ex( 3583): SV Count : 2 / TOP5 : 16 13 0 0 0 
10-19 13:16:15.750 I/PassiveLocTracker( 3583): GPS Satllite Status
10-19 13:16:16.750 D/libgps  ( 3583): OnGpsExtensionMessage: message_id(1), data(0x9ca0c838), size(2432)
10-19 13:16:16.750 D/libgps  ( 3583): proxy__gps_sv_status_cb : called
10-19 13:16:16.750 D/GpsLocationProvider_ex( 3583): SV Count : 2 / TOP5 : 16 13 0 0 0 
10-19 13:16:16.750 I/PassiveLocTracker( 3583): GPS Satllite Status
10-19 13:16:17.750 D/libgps  ( 3583): OnGpsExtensionMessage: message_id(1), data(0x9ca0c838), size(2432)
10-19 13:16:17.750 D/libgps  ( 3583): proxy__gps_sv_status_cb : called
10-19 13:16:17.750 D/GpsLocationProvider_ex( 3583): SV Count : 2 / TOP5 : 15 14 0 0 0 
10-19 13:16:17.750 I/PassiveLocTracker( 3583): GPS Satllite Status
10-19 13:16:18.755 D/libgps  ( 3583): OnGpsExtensionMessage: message_id(1), data(0x9ca0c838), size(2432)
10-19 13:16:18.755 D/libgps  ( 3583): proxy__gps_sv_status_cb : called
10-19 13:16:18.760 D/GpsLocationProvider_ex( 3583): SV Count : 2 / TOP5 : 15 14 0 0 0 
10-19 13:16:18.760 I/PassiveLocTracker( 3583): GPS Satllite Status
10-19 13:16:19.755 D/libgps  ( 3583): OnGpsExtensionMessage: message_id(1), data(0x9ca0c838), size(2432)
10-19 13:16:19.755 D/libgps  ( 3583): proxy__gps_sv_status_cb : called
10-19 13:16:19.755 D/GpsLocationProvider_ex( 3583): SV Count : 2 / TOP5 : 15 14 0 0 0 
10-19 13:16:19.755 I/PassiveLocTracker( 3583): GPS Satllite Status
10-19 13:16:20.040 D/BatteryService( 3583): !@BatteryListener : batteryPropertiesChanged!
10-19 13:16:20.040 D/BatteryService( 3583): level:43, scale:100, status:2, health:2, present:true, voltage: 3972, temperature: 315, technology: Li-ion, AC powered:false, USB powered:true, Wireless powered:false, icon:17303721, invalid charger:0
10-19 13:16:20.040 D/BatteryService( 3583): online:4, current avg:-164, charge type:1, power sharing:false, high voltage charger:false, capacity:322000, current_now:-184
10-19 13:16:20.040 D/BatteryService( 3583): Sending ACTION_BATTERY_CHANGED.
10-19 13:16:20.045 I/MotionRecognitionService( 3583): Plugged
10-19 13:16:20.045 I/MotionRecognitionService( 3583): setPowerConnected  = true
10-19 13:16:20.050 D/KeyguardUpdateMonitor( 3756): received broadcast android.intent.action.BATTERY_CHANGED
10-19 13:16:20.050 D/KeyguardUpdateMonitor( 3756): handleBatteryUpdate
10-19 13:16:20.050 D/KeyguardFestivalEffect( 3756): onReceive: android.intent.action.BATTERY_CHANGED
10-19 13:16:20.055 D/STATUSBAR-PhoneStatusBar( 3756):  mBrightnessEnablebySettings = true mBrightnessEnablebyBattery = true mBrightnessEnablebyDisableFlag = true mPmsBrightnessEnablebySettings = true
10-19 13:16:20.055 D/BatteryMeterView( 3756): ACTION_BATTERY_CHANGED : level:43 status:2 health:2
10-19 13:16:20.060 I/BusinessExecutor( 4098): registered Task#33766 : PowerInfoEventSource$1
10-19 13:16:20.060 I/BusinessExecutor( 4098): Task#33766 : #run() called
10-19 13:16:20.060 I/BusinessExecutor( 4098): Task#33766 : #run() ended
10-19 13:16:20.060 D/BatteryMeterView( 3756): ACTION_BATTERY_CHANGED : level:43 status:2 health:2
10-19 13:16:20.060 D/BatteryMeterView( 3756): ACTION_BATTERY_CHANGED : level:43 status:2 health:2
10-19 13:16:20.065 D/ClientService( 4999): Battery State Change,  status: 2
10-19 13:16:20.065 D/ClientService( 4999): Battery State Change,  Plugged: 2
10-19 13:16:20.065 D/ClientService( 4999): Battery State Change,  level: 43
10-19 13:16:20.065 D/ClientService( 4999): Battery State Change,  scale: 100
10-19 13:16:20.320 D/StatusBar.NetworkController( 3756): onSignalStrengthsChanged signalStrength=SignalStrength: 99 99 -120 -160 -120 -1 -1 63 -66 -5 230 15 2147483647 0x4 gsm|lte level=4
10-19 13:16:20.320 D/StatusBar.NetworkController( 3756): updateTelephonySignalStrength: hasService=true ss=SignalStrength: 99 99 -120 -160 -120 -1 -1 63 -66 -5 230 15 2147483647 0x4 gsm|lte
10-19 13:16:20.320 D/StatusBar.NetworkController( 3756): updateTelephonySignalStrength -mTransitionState : false
10-19 13:16:20.320 D/StatusBar.NetworkController( 3756): refreshViews connected={ data } level=4 combinedSignalIconId=0x7f0205fe/com.android.systemui:drawable/stat_sys_signal_4_auto_rotate mobileLabel=SKTelecom wifiLabel= emergencyOnly=false combinedLabel=SKTelecom mAirplaneMode=false mDataActivity=0 mPhoneSignalIconId=0x7f0205fe/com.android.systemui:drawable/stat_sys_signal_4_auto_rotate mQSPhoneSignalIconId=0x7f0201ac/com.android.systemui:drawable/ic_qs_signal_no_signal mDataDirectionIconId=0x7f020484/com.android.systemui:drawable/stat_sys_data_fully_connected_lte mDataSignalIconId=0x7f0205fe/com.android.systemui:drawable/stat_sys_signal_4_auto_rotate mDataTypeIconId=0x7f02046a/com.android.systemui:drawable/stat_sys_data_connected_lte mQSDataTypeIconId=0x7f0201ab/com.android.systemui:drawable/ic_qs_signal_lte mNoSimIconId=0x0/(null) mWifiIconId=0x0/(null) mQSWifiIconId=0x0/(null) mWifiActivityIconId=0x0/(null) mBluetoothTetherIconId=0x10808ee/android:drawable/stat_sys_tether_bluetooth
10-19 13:16:20.320 D/STATUSBAR-WifiQuickSettingButton( 3756): onWifiSignalChanged enabled=false enabledDesc:null
10-19 13:16:20.320 D/StatusBar.NetworkController( 3756): UPDATE_STRENGTH -mPreSvcSate: 2, mCurSvcSate: 2
10-19 13:16:20.320 D/StatusBar.NetworkController( 3756): mKeepFakeState =false
10-19 13:16:20.325 D/StatusBar.NetworkController( 3756): UPDATE_STRENGTH - 4, 4
10-19 13:16:20.325 D/StatusBar.NetworkController( 3756): UPDATE_STRENGTH(IN_SVC) -no diff 4, 4
10-19 13:16:20.760 D/libgps  ( 3583): OnGpsExtensionMessage: message_id(1), data(0x9ca0c838), size(2432)
10-19 13:16:20.760 D/libgps  ( 3583): proxy__gps_sv_status_cb : called
10-19 13:16:20.760 D/GpsLocationProvider_ex( 3583): SV Count : 2 / TOP5 : 15 14 0 0 0 
10-19 13:16:20.760 I/PassiveLocTracker( 3583): GPS Satllite Status
10-19 13:16:21.760 D/libgps  ( 3583): OnGpsExtensionMessage: message_id(1), data(0x9ca0c838), size(2432)
10-19 13:16:21.760 D/libgps  ( 3583): proxy__gps_sv_status_cb : called
10-19 13:16:21.760 D/GpsLocationProvider_ex( 3583): SV Count : 2 / TOP5 : 15 14 0 0 0 
10-19 13:16:21.760 I/PassiveLocTracker( 3583): GPS Satllite Status
10-19 13:16:22.765 D/libgps  ( 3583): OnGpsExtensionMessage: message_id(1), data(0x9ca0c838), size(2432)
10-19 13:16:22.765 D/libgps  ( 3583): proxy__gps_sv_status_cb : called
10-19 13:16:22.765 D/GpsLocationProvider_ex( 3583): SV Count : 2 / TOP5 : 15 14 0 0 0 
10-19 13:16:22.770 I/PassiveLocTracker( 3583): GPS Satllite Status
10-19 13:16:23.760 D/libgps  ( 3583): OnGpsExtensionMessage: message_id(1), data(0x9ca0c838), size(2432)
10-19 13:16:23.760 D/libgps  ( 3583): proxy__gps_sv_status_cb : called
10-19 13:16:23.765 D/GpsLocationProvider_ex( 3583): SV Count : 2 / TOP5 : 14 14 0 0 0 
10-19 13:16:23.765 I/PassiveLocTracker( 3583): GPS Satllite Status
10-19 13:16:24.770 D/libgps  ( 3583): OnGpsExtensionMessage: message_id(1), data(0x9ca0c838), size(2432)
10-19 13:16:24.770 D/libgps  ( 3583): proxy__gps_sv_status_cb : called
10-19 13:16:24.770 D/GpsLocationProvider_ex( 3583): SV Count : 2 / TOP5 : 14 14 0 0 0 
10-19 13:16:24.770 I/PassiveLocTracker( 3583): GPS Satllite Status
10-19 13:16:24.840 D/SSRM:n  ( 3583): SIOP:: AP = 320, PST = 316, CUR = -164
10-19 13:16:25.765 D/libgps  ( 3583): OnGpsExtensionMessage: message_id(1), data(0x9ca0c838), size(2432)
10-19 13:16:25.765 D/libgps  ( 3583): proxy__gps_sv_status_cb : called
10-19 13:16:25.770 D/GpsLocationProvider_ex( 3583): SV Count : 2 / TOP5 : 14 14 0 0 0 
10-19 13:16:25.770 I/PassiveLocTracker( 3583): GPS Satllite Status
10-19 13:16:26.760 D/libgps  ( 3583): OnGpsExtensionMessage: message_id(1), data(0x9ca0c838), size(2432)
10-19 13:16:26.760 D/libgps  ( 3583): proxy__gps_sv_status_cb : called
10-19 13:16:26.760 D/GpsLocationProvider_ex( 3583): SV Count : 2 / TOP5 : 14 13 0 0 0 
10-19 13:16:26.760 I/PassiveLocTracker( 3583): GPS Satllite Status
10-19 13:16:27.745 D/libgps  ( 3583): OnGpsExtensionMessage: message_id(1), data(0x9ca0c838), size(2432)
10-19 13:16:27.745 D/libgps  ( 3583): proxy__gps_sv_status_cb : called
10-19 13:16:27.750 D/GpsLocationProvider_ex( 3583): SV Count : 2 / TOP5 : 14 13 0 0 0 
10-19 13:16:27.750 I/PassiveLocTracker( 3583): GPS Satllite Status
10-19 13:16:28.755 D/libgps  ( 3583): OnGpsExtensionMessage: message_id(1), data(0x9ca0c838), size(2432)
10-19 13:16:28.755 D/libgps  ( 3583): proxy__gps_sv_status_cb : called
10-19 13:16:28.755 I/PassiveLocTracker( 3583): GPS Satllite Status
10-19 13:16:28.760 D/GpsLocationProvider_ex( 3583): SV Count : 2 / TOP5 : 14 13 0 0 0 
10-19 13:16:29.760 D/libgps  ( 3583): OnGpsExtensionMessage: message_id(1), data(0x9ca0c838), size(2432)
10-19 13:16:29.760 D/libgps  ( 3583): proxy__gps_sv_status_cb : called
10-19 13:16:29.765 D/GpsLocationProvider_ex( 3583): SV Count : 2 / TOP5 : 14 13 0 0 0 
10-19 13:16:29.765 I/PassiveLocTracker( 3583): GPS Satllite Status
10-19 13:16:30.140 D/BatteryService( 3583): !@BatteryListener : batteryPropertiesChanged!
10-19 13:16:30.140 D/BatteryService( 3583): level:43, scale:100, status:2, health:2, present:true, voltage: 3973, temperature: 315, technology: Li-ion, AC powered:false, USB powered:true, Wireless powered:false, icon:17303721, invalid charger:0
10-19 13:16:30.140 D/BatteryService( 3583): online:4, current avg:-163, charge type:1, power sharing:false, high voltage charger:false, capacity:322000, current_now:-190
10-19 13:16:30.140 D/BatteryService( 3583): Sending ACTION_BATTERY_CHANGED.
10-19 13:16:30.145 I/MotionRecognitionService( 3583): Plugged
10-19 13:16:30.145 I/MotionRecognitionService( 3583): setPowerConnected  = true
10-19 13:16:30.150 D/KeyguardUpdateMonitor( 3756): received broadcast android.intent.action.BATTERY_CHANGED
10-19 13:16:30.150 D/KeyguardUpdateMonitor( 3756): handleBatteryUpdate
10-19 13:16:30.150 D/KeyguardFestivalEffect( 3756): onReceive: android.intent.action.BATTERY_CHANGED
10-19 13:16:30.155 D/STATUSBAR-PhoneStatusBar( 3756):  mBrightnessEnablebySettings = true mBrightnessEnablebyBattery = true mBrightnessEnablebyDisableFlag = true mPmsBrightnessEnablebySettings = true
10-19 13:16:30.155 D/BatteryMeterView( 3756): ACTION_BATTERY_CHANGED : level:43 status:2 health:2
10-19 13:16:30.160 I/BusinessExecutor( 4098): registered Task#33767 : PowerInfoEventSource$1
10-19 13:16:30.160 I/BusinessExecutor( 4098): Task#33767 : #run() called
10-19 13:16:30.160 I/BusinessExecutor( 4098): Task#33767 : #run() ended
10-19 13:16:30.160 D/BatteryMeterView( 3756): ACTION_BATTERY_CHANGED : level:43 status:2 health:2
10-19 13:16:30.160 D/BatteryMeterView( 3756): ACTION_BATTERY_CHANGED : level:43 status:2 health:2
10-19 13:16:30.165 D/ClientService( 4999): Battery State Change,  status: 2
10-19 13:16:30.165 D/ClientService( 4999): Battery State Change,  Plugged: 2
10-19 13:16:30.165 D/ClientService( 4999): Battery State Change,  level: 43
10-19 13:16:30.165 D/ClientService( 4999): Battery State Change,  scale: 100
10-19 13:16:30.765 D/libgps  ( 3583): OnGpsExtensionMessage: message_id(1), data(0x9ca0c838), size(2432)
10-19 13:16:30.765 D/libgps  ( 3583): proxy__gps_sv_status_cb : called
10-19 13:16:30.770 D/GpsLocationProvider_ex( 3583): SV Count : 2 / TOP5 : 14 13 0 0 0 
10-19 13:16:30.770 I/PassiveLocTracker( 3583): GPS Satllite Status
10-19 13:16:31.755 D/libgps  ( 3583): OnGpsExtensionMessage: message_id(1), data(0x9ca0c838), size(2432)
10-19 13:16:31.755 D/libgps  ( 3583): proxy__gps_sv_status_cb : called
10-19 13:16:31.755 D/GpsLocationProvider_ex( 3583): SV Count : 2 / TOP5 : 14 13 0 0 0 
10-19 13:16:31.755 I/PassiveLocTracker( 3583): GPS Satllite Status
10-19 13:16:32.760 D/libgps  ( 3583): OnGpsExtensionMessage: message_id(1), data(0x9ca0c838), size(2432)
10-19 13:16:32.760 D/libgps  ( 3583): proxy__gps_sv_status_cb : called
10-19 13:16:32.760 D/GpsLocationProvider_ex( 3583): SV Count : 2 / TOP5 : 14 14 0 0 0 
10-19 13:16:32.760 I/PassiveLocTracker( 3583): GPS Satllite Status
10-19 13:16:33.755 D/libgps  ( 3583): OnGpsExtensionMessage: message_id(1), data(0x9ca0c838), size(2432)
10-19 13:16:33.755 D/libgps  ( 3583): proxy__gps_sv_status_cb : called
10-19 13:16:33.755 D/GpsLocationProvider_ex( 3583): SV Count : 2 / TOP5 : 14 14 0 0 0 
10-19 13:16:33.755 I/PassiveLocTracker( 3583): GPS Satllite Status
10-19 13:16:34.285 E/Watchdog( 3583): !@Sync 14036
10-19 13:16:34.755 D/libgps  ( 3583): OnGpsExtensionMessage: message_id(1), data(0x9ca0c838), size(2432)
10-19 13:16:34.755 D/libgps  ( 3583): proxy__gps_sv_status_cb : called
10-19 13:16:34.755 D/GpsLocationProvider_ex( 3583): SV Count : 2 / TOP5 : 14 14 0 0 0 
10-19 13:16:34.755 I/PassiveLocTracker( 3583): GPS Satllite Status
10-19 13:16:34.850 D/SSRM:n  ( 3583): SIOP:: AP = 310, PST = 315, CUR = -163
10-19 13:16:35.755 D/libgps  ( 3583): OnGpsExtensionMessage: message_id(1), data(0x9ca0c838), size(2432)
10-19 13:16:35.755 D/libgps  ( 3583): proxy__gps_sv_status_cb : called
10-19 13:16:35.755 I/PassiveLocTracker( 3583): GPS Satllite Status
10-19 13:16:35.760 D/GpsLocationProvider_ex( 3583): SV Count : 2 / TOP5 : 14 14 0 0 0 
10-19 13:16:36.755 D/libgps  ( 3583): OnGpsExtensionMessage: message_id(1), data(0x9ca0c838), size(2432)
10-19 13:16:36.755 D/libgps  ( 3583): proxy__gps_sv_status_cb : called
10-19 13:16:36.755 D/GpsLocationProvider_ex( 3583): SV Count : 2 / TOP5 : 14 14 0 0 0 
10-19 13:16:36.755 I/PassiveLocTracker( 3583): GPS Satllite Status
10-19 13:16:37.760 D/libgps  ( 3583): OnGpsExtensionMessage: message_id(1), data(0x9ca0c838), size(2432)
10-19 13:16:37.760 D/libgps  ( 3583): proxy__gps_sv_status_cb : called
10-19 13:16:37.760 D/GpsLocationProvider_ex( 3583): SV Count : 2 / TOP5 : 13 13 0 0 0 
10-19 13:16:37.760 I/PassiveLocTracker( 3583): GPS Satllite Status
10-19 13:16:38.765 D/libgps  ( 3583): OnGpsExtensionMessage: message_id(1), data(0x9ca0c838), size(2432)
10-19 13:16:38.765 D/libgps  ( 3583): proxy__gps_sv_status_cb : called
10-19 13:16:38.765 D/GpsLocationProvider_ex( 3583): SV Count : 2 / TOP5 : 13 13 0 0 0 
10-19 13:16:38.765 I/PassiveLocTracker( 3583): GPS Satllite Status
10-19 13:16:39.755 D/libgps  ( 3583): OnGpsExtensionMessage: message_id(1), data(0x9ca0c838), size(2432)
10-19 13:16:39.755 D/libgps  ( 3583): proxy__gps_sv_status_cb : called
10-19 13:16:39.755 D/GpsLocationProvider_ex( 3583): SV Count : 2 / TOP5 : 13 13 0 0 0 
10-19 13:16:39.755 I/PassiveLocTracker( 3583): GPS Satllite Status
10-19 13:16:40.235 D/BatteryService( 3583): !@BatteryListener : batteryPropertiesChanged!
10-19 13:16:40.235 D/BatteryService( 3583): level:43, scale:100, status:2, health:2, present:true, voltage: 3978, temperature: 316, technology: Li-ion, AC powered:false, USB powered:true, Wireless powered:false, icon:17303721, invalid charger:0
10-19 13:16:40.235 D/BatteryService( 3583): online:4, current avg:-163, charge type:1, power sharing:false, high voltage charger:false, capacity:322000, current_now:-137
10-19 13:16:40.235 D/BatteryService( 3583): Sending ACTION_BATTERY_CHANGED.
10-19 13:16:40.240 I/MotionRecognitionService( 3583): Plugged
10-19 13:16:40.240 I/MotionRecognitionService( 3583): setPowerConnected  = true
10-19 13:16:40.245 D/KeyguardUpdateMonitor( 3756): received broadcast android.intent.action.BATTERY_CHANGED
10-19 13:16:40.245 D/KeyguardUpdateMonitor( 3756): handleBatteryUpdate
10-19 13:16:40.245 D/KeyguardFestivalEffect( 3756): onReceive: android.intent.action.BATTERY_CHANGED
10-19 13:16:40.250 D/STATUSBAR-PhoneStatusBar( 3756):  mBrightnessEnablebySettings = true mBrightnessEnablebyBattery = true mBrightnessEnablebyDisableFlag = true mPmsBrightnessEnablebySettings = true
10-19 13:16:40.255 I/BusinessExecutor( 4098): registered Task#33768 : PowerInfoEventSource$1
10-19 13:16:40.255 I/BusinessExecutor( 4098): Task#33768 : #run() called
10-19 13:16:40.255 I/BusinessExecutor( 4098): Task#33768 : #run() ended
10-19 13:16:40.255 D/BatteryMeterView( 3756): ACTION_BATTERY_CHANGED : level:43 status:2 health:2
10-19 13:16:40.255 D/BatteryMeterView( 3756): ACTION_BATTERY_CHANGED : level:43 status:2 health:2
10-19 13:16:40.255 D/BatteryMeterView( 3756): ACTION_BATTERY_CHANGED : level:43 status:2 health:2
10-19 13:16:40.260 D/ClientService( 4999): Battery State Change,  status: 2
10-19 13:16:40.260 D/ClientService( 4999): Battery State Change,  Plugged: 2
10-19 13:16:40.260 D/ClientService( 4999): Battery State Change,  level: 43
10-19 13:16:40.260 D/ClientService( 4999): Battery State Change,  scale: 100
10-19 13:16:40.750 D/libgps  ( 3583): OnGpsExtensionMessage: message_id(1), data(0x9ca0c838), size(2432)
10-19 13:16:40.750 D/libgps  ( 3583): proxy__gps_sv_status_cb : called
10-19 13:16:40.750 D/GpsLocationProvider_ex( 3583): SV Count : 2 / TOP5 : 13 13 0 0 0 
10-19 13:16:40.750 I/PassiveLocTracker( 3583): GPS Satllite Status
10-19 13:16:41.770 D/libgps  ( 3583): OnGpsExtensionMessage: message_id(1), data(0x9ca0c838), size(2432)
10-19 13:16:41.770 D/libgps  ( 3583): proxy__gps_sv_status_cb : called
10-19 13:16:41.770 D/GpsLocationProvider_ex( 3583): SV Count : 2 / TOP5 : 13 13 0 0 0 
10-19 13:16:41.770 I/PassiveLocTracker( 3583): GPS Satllite Status
10-19 13:16:42.760 D/libgps  ( 3583): OnGpsExtensionMessage: message_id(1), data(0x9ca0c838), size(2432)
10-19 13:16:42.760 D/libgps  ( 3583): proxy__gps_sv_status_cb : called
10-19 13:16:42.760 D/GpsLocationProvider_ex( 3583): SV Count : 2 / TOP5 : 13 12 0 0 0 
10-19 13:16:42.765 I/PassiveLocTracker( 3583): GPS Satllite Status
10-19 13:16:43.765 D/libgps  ( 3583): OnGpsExtensionMessage: message_id(1), data(0x9ca0c838), size(2432)
10-19 13:16:43.765 D/libgps  ( 3583): proxy__gps_sv_status_cb : called
10-19 13:16:43.770 D/GpsLocationProvider_ex( 3583): SV Count : 2 / TOP5 : 13 12 0 0 0 
10-19 13:16:43.770 I/PassiveLocTracker( 3583): GPS Satllite Status
10-19 13:16:44.755 D/libgps  ( 3583): OnGpsExtensionMessage: message_id(1), data(0x9ca0c838), size(2432)
10-19 13:16:44.755 D/libgps  ( 3583): proxy__gps_sv_status_cb : called
10-19 13:16:44.760 D/GpsLocationProvider_ex( 3583): SV Count : 2 / TOP5 : 12 12 0 0 0 
10-19 13:16:44.760 I/PassiveLocTracker( 3583): GPS Satllite Status
10-19 13:16:44.860 D/SSRM:n  ( 3583): SIOP:: AP = 310, PST = 315, CUR = -163
10-19 13:16:45.765 D/libgps  ( 3583): OnGpsExtensionMessage: message_id(1), data(0x9ca0c838), size(2432)
10-19 13:16:45.765 D/libgps  ( 3583): proxy__gps_sv_status_cb : called
10-19 13:16:45.765 D/GpsLocationProvider_ex( 3583): SV Count : 2 / TOP5 : 13 12 0 0 0 
10-19 13:16:45.765 I/PassiveLocTracker( 3583): GPS Satllite Status
10-19 13:16:45.920 D/StatusBar.NetworkController( 3756): onSignalStrengthsChanged signalStrength=SignalStrength: 99 99 -120 -160 -120 -1 -1 63 -64 -9 140 15 2147483647 0x4 gsm|lte level=4
10-19 13:16:45.920 D/StatusBar.NetworkController( 3756): updateTelephonySignalStrength: hasService=true ss=SignalStrength: 99 99 -120 -160 -120 -1 -1 63 -64 -9 140 15 2147483647 0x4 gsm|lte
10-19 13:16:45.920 D/StatusBar.NetworkController( 3756): updateTelephonySignalStrength -mTransitionState : false
