10-19 13:24:44.860 D/BatteryService( 3583): level:43, scale:100, status:2, health:2, present:true, voltage: 3977, temperature: 315, technology: Li-ion, AC powered:false, USB powered:true, Wireless powered:false, icon:17303721, invalid charger:0
10-19 13:24:44.860 D/BatteryService( 3583): online:4, current avg:-164, charge type:1, power sharing:false, high voltage charger:false, capacity:322000, current_now:-146
10-19 13:24:44.860 D/BatteryService( 3583): Sending ACTION_BATTERY_CHANGED.
10-19 13:24:44.865 I/MotionRecognitionService( 3583): Plugged
10-19 13:24:44.865 I/MotionRecognitionService( 3583): setPowerConnected  = true
10-19 13:24:44.870 D/KeyguardUpdateMonitor( 3756): received broadcast android.intent.action.BATTERY_CHANGED
10-19 13:24:44.870 D/KeyguardUpdateMonitor( 3756): handleBatteryUpdate
10-19 13:24:44.870 D/KeyguardFestivalEffect( 3756): onReceive: android.intent.action.BATTERY_CHANGED
10-19 13:24:44.875 I/BusinessExecutor( 4098): registered Task#33816 : PowerInfoEventSource$1
10-19 13:24:44.875 I/BusinessExecutor( 4098): Task#33816 : #run() called
10-19 13:24:44.875 I/BusinessExecutor( 4098): Task#33816 : #run() ended
10-19 13:24:44.875 D/STATUSBAR-PhoneStatusBar( 3756):  mBrightnessEnablebySettings = true mBrightnessEnablebyBattery = true mBrightnessEnablebyDisableFlag = true mPmsBrightnessEnablebySettings = true
10-19 13:24:44.875 D/BatteryMeterView( 3756): ACTION_BATTERY_CHANGED : level:43 status:2 health:2
10-19 13:24:44.875 D/BatteryMeterView( 3756): ACTION_BATTERY_CHANGED : level:43 status:2 health:2
10-19 13:24:44.880 D/ClientService( 4999): Battery State Change,  status: 2
10-19 13:24:44.880 D/ClientService( 4999): Battery State Change,  Plugged: 2
10-19 13:24:44.880 D/ClientService( 4999): Battery State Change,  level: 43
10-19 13:24:44.880 D/ClientService( 4999): Battery State Change,  scale: 100
10-19 13:24:44.880 D/BatteryMeterView( 3756): ACTION_BATTERY_CHANGED : level:43 status:2 health:2
10-19 13:24:45.605 D/SSRM:n  ( 3583): SIOP:: AP = 310, PST = 310, CUR = -164
10-19 13:24:45.750 D/libgps  ( 3583): OnGpsExtensionMessage: message_id(1), data(0x9ca0c838), size(2432)
10-19 13:24:45.750 D/libgps  ( 3583): proxy__gps_sv_status_cb : called
10-19 13:24:45.750 I/PassiveLocTracker( 3583): GPS Satllite Status
10-19 13:24:46.740 D/libgps  ( 3583): OnGpsExtensionMessage: message_id(1), data(0x9ca0c838), size(2432)
10-19 13:24:46.740 D/libgps  ( 3583): proxy__gps_sv_status_cb : called
10-19 13:24:46.745 I/PassiveLocTracker( 3583): GPS Satllite Status
10-19 13:24:47.740 D/libgps  ( 3583): OnGpsExtensionMessage: message_id(1), data(0x9ca0c838), size(2432)
10-19 13:24:47.740 D/libgps  ( 3583): proxy__gps_sv_status_cb : called
10-19 13:24:47.740 I/PassiveLocTracker( 3583): GPS Satllite Status
10-19 13:24:48.745 D/libgps  ( 3583): OnGpsExtensionMessage: message_id(1), data(0x9ca0c838), size(2432)
10-19 13:24:48.745 D/libgps  ( 3583): proxy__gps_sv_status_cb : called
10-19 13:24:48.745 I/PassiveLocTracker( 3583): GPS Satllite Status
10-19 13:24:49.750 D/libgps  ( 3583): OnGpsExtensionMessage: message_id(1), data(0x9ca0c838), size(2432)
10-19 13:24:49.750 D/libgps  ( 3583): proxy__gps_sv_status_cb : called
10-19 13:24:49.750 I/PassiveLocTracker( 3583): GPS Satllite Status
10-19 13:24:50.740 D/libgps  ( 3583): OnGpsExtensionMessage: message_id(1), data(0x9ca0c838), size(2432)
10-19 13:24:50.740 D/libgps  ( 3583): proxy__gps_sv_status_cb : called
10-19 13:24:50.740 I/PassiveLocTracker( 3583): GPS Satllite Status
10-19 13:24:51.045 D/StatusBar.NetworkController( 3756): onSignalStrengthsChanged signalStrength=SignalStrength: 99 99 -120 -160 -120 -1 -1 63 -61 -12 140 15 2147483647 0x4 gsm|lte level=4
10-19 13:24:51.045 D/StatusBar.NetworkController( 3756): updateTelephonySignalStrength: hasService=true ss=SignalStrength: 99 99 -120 -160 -120 -1 -1 63 -61 -12 140 15 2147483647 0x4 gsm|lte
10-19 13:24:51.045 D/StatusBar.NetworkController( 3756): updateTelephonySignalStrength -mTransitionState : false
10-19 13:24:51.045 D/StatusBar.NetworkController( 3756): refreshViews connected={ data } level=4 combinedSignalIconId=0x7f0205fe/com.android.systemui:drawable/stat_sys_signal_4_auto_rotate mobileLabel=SKTelecom wifiLabel= emergencyOnly=false combinedLabel=SKTelecom mAirplaneMode=false mDataActivity=0 mPhoneSignalIconId=0x7f0205fe/com.android.systemui:drawable/stat_sys_signal_4_auto_rotate mQSPhoneSignalIconId=0x7f0201ac/com.android.systemui:drawable/ic_qs_signal_no_signal mDataDirectionIconId=0x7f020484/com.android.systemui:drawable/stat_sys_data_fully_connected_lte mDataSignalIconId=0x7f0205fe/com.android.systemui:drawable/stat_sys_signal_4_auto_rotate mDataTypeIconId=0x7f02046a/com.android.systemui:drawable/stat_sys_data_connected_lte mQSDataTypeIconId=0x7f0201ab/com.android.systemui:drawable/ic_qs_signal_lte mNoSimIconId=0x0/(null) mWifiIconId=0x0/(null) mQSWifiIconId=0x0/(null) mWifiActivityIconId=0x0/(null) mBluetoothTetherIconId=0x10808ee/android:drawable/stat_sys_tether_bluetooth
10-19 13:24:51.045 D/STATUSBAR-WifiQuickSettingButton( 3756): onWifiSignalChanged enabled=false enabledDesc:null
10-19 13:24:51.050 D/StatusBar.NetworkController( 3756): UPDATE_STRENGTH -mPreSvcSate: 2, mCurSvcSate: 2
10-19 13:24:51.050 D/StatusBar.NetworkController( 3756): mKeepFakeState =false
10-19 13:24:51.050 D/StatusBar.NetworkController( 3756): UPDATE_STRENGTH - 4, 4
10-19 13:24:51.050 D/StatusBar.NetworkController( 3756): UPDATE_STRENGTH(IN_SVC) -no diff 4, 4
10-19 13:24:51.745 D/libgps  ( 3583): OnGpsExtensionMessage: message_id(1), data(0x9ca0c838), size(2432)
10-19 13:24:51.745 D/libgps  ( 3583): proxy__gps_sv_status_cb : called
10-19 13:24:51.745 I/PassiveLocTracker( 3583): GPS Satllite Status
10-19 13:24:52.745 D/libgps  ( 3583): OnGpsExtensionMessage: message_id(1), data(0x9ca0c838), size(2432)
10-19 13:24:52.745 D/libgps  ( 3583): proxy__gps_sv_status_cb : called
10-19 13:24:52.745 I/PassiveLocTracker( 3583): GPS Satllite Status
10-19 13:24:53.740 D/libgps  ( 3583): OnGpsExtensionMessage: message_id(1), data(0x9ca0c838), size(2432)
10-19 13:24:53.740 D/libgps  ( 3583): proxy__gps_sv_status_cb : called
10-19 13:24:53.740 I/PassiveLocTracker( 3583): GPS Satllite Status
10-19 13:24:54.740 D/libgps  ( 3583): OnGpsExtensionMessage: message_id(1), data(0x9ca0c838), size(2432)
10-19 13:24:54.740 D/libgps  ( 3583): proxy__gps_sv_status_cb : called
10-19 13:24:54.740 I/PassiveLocTracker( 3583): GPS Satllite Status
10-19 13:24:54.870 I/System.out( 4036): Broadcasting: Intent { act=android.intent.action.CELL_INFO_RES (has extras) }
10-19 13:24:54.875 I/CpLocTracker( 3583): Received Intent : android.intent.action.CELL_INFO_RES
10-19 13:24:54.880 I/CLocInfoService( 3583): Rat Type : 1, AttachedGPS : 0
10-19 13:24:54.880 I/CLocInfoService( 3583): CellInfo : 0094226D6363223A3435302C226D6E63223A352C22746163223A323035332C22676C6F62616C43656C6C4964223A363837343933392C22706879736963616C43656C6C4964223A38332C2265617266636E444C223A313335302C2272737369223A2D33332C2272737271223A2D31322C22736E72223A31352C2272737270223A2D36312C2274696D696E67416476616E6365223A2D3100
10-19 13:24:54.880 I/CLocInfoCtrl( 3583): getPolicyGpsAccuracy 1
10-19 13:24:54.880 I/CLocInfoCtrl( 3583): Accuracy String : 20
10-19 13:24:54.880 I/CLocInfoCtrl( 3583): Accuracy value : 20
10-19 13:24:54.880 I/CLocInfoService( 3583): Policy Accuracy : 20
10-19 13:24:54.880 I/CLocInfoCtrl( 3583): Default Server URL Home country, mcc = 450
10-19 13:24:54.880 I/CpLocTracker( 3583): Received Data
10-19 13:24:54.880 I/CpLocTracker( 3583): 01009400226D6363223A3435302C226D6E63223A352C22746163223A323035332C22676C6F62616C43656C6C4964223A363837343933392C22706879736963616C43656C6C4964223A38332C2265617266636E444C223A313335302C2272737369223A2D33332C2272737271223A2D31322C22736E72223A31352C2272737270223A2D36312C2274696D696E67416476616E6365223A2D3100
10-19 13:24:54.880 I/CpLocTracker( 3583): rat : 1
10-19 13:24:54.880 I/CpLocTracker( 3583): gps : 0
10-19 13:24:54.880 I/CpLocTracker( 3583): cellinfo : 0094226D6363223A3435302C226D6E63223A352C22746163223A323035332C22676C6F62616C43656C6C4964223A363837343933392C22706879736963616C43656C6C4964223A38332C2265617266636E444C223A313335302C2272737369223A2D33332C2272737271223A2D31322C22736E72223A31352C2272737270223A2D36312C2274696D696E67416476616E6365223A2D3100
10-19 13:24:54.955 D/BatteryService( 3583): !@BatteryListener : batteryPropertiesChanged!
10-19 13:24:54.955 D/BatteryService( 3583): level:43, scale:100, status:2, health:2, present:true, voltage: 3977, temperature: 315, technology: Li-ion, AC powered:false, USB powered:true, Wireless powered:false, icon:17303721, invalid charger:0
10-19 13:24:54.955 D/BatteryService( 3583): online:4, current avg:-166, charge type:1, power sharing:false, high voltage charger:false, capacity:322000, current_now:-193
10-19 13:24:54.955 D/BatteryService( 3583): Sending ACTION_BATTERY_CHANGED.
10-19 13:24:54.955 I/MotionRecognitionService( 3583): Plugged
10-19 13:24:54.955 I/MotionRecognitionService( 3583): setPowerConnected  = true
10-19 13:24:54.960 D/KeyguardUpdateMonitor( 3756): received broadcast android.intent.action.BATTERY_CHANGED
10-19 13:24:54.960 D/KeyguardUpdateMonitor( 3756): handleBatteryUpdate
10-19 13:24:54.960 D/KeyguardFestivalEffect( 3756): onReceive: android.intent.action.BATTERY_CHANGED
10-19 13:24:54.965 D/STATUSBAR-PhoneStatusBar( 3756):  mBrightnessEnablebySettings = true mBrightnessEnablebyBattery = true mBrightnessEnablebyDisableFlag = true mPmsBrightnessEnablebySettings = true
10-19 13:24:54.965 D/BatteryMeterView( 3756): ACTION_BATTERY_CHANGED : level:43 status:2 health:2
10-19 13:24:54.970 I/BusinessExecutor( 4098): registered Task#33817 : PowerInfoEventSource$1
10-19 13:24:54.970 I/BusinessExecutor( 4098): Task#33817 : #run() called
10-19 13:24:54.970 I/BusinessExecutor( 4098): Task#33817 : #run() ended
10-19 13:24:54.970 D/ClientService( 4999): Battery State Change,  status: 2
10-19 13:24:54.970 D/ClientService( 4999): Battery State Change,  Plugged: 2
10-19 13:24:54.970 D/ClientService( 4999): Battery State Change,  level: 43
10-19 13:24:54.970 D/ClientService( 4999): Battery State Change,  scale: 100
10-19 13:24:54.970 D/BatteryMeterView( 3756): ACTION_BATTERY_CHANGED : level:43 status:2 health:2
10-19 13:24:54.970 D/BatteryMeterView( 3756): ACTION_BATTERY_CHANGED : level:43 status:2 health:2
10-19 13:24:55.625 D/SSRM:n  ( 3583): SIOP:: AP = 310, PST = 310, CUR = -166
10-19 13:24:55.730 D/libgps  ( 3583): OnGpsExtensionMessage: message_id(1), data(0x9ca0c838), size(2432)
10-19 13:24:55.730 D/libgps  ( 3583): proxy__gps_sv_status_cb : called
10-19 13:24:55.735 I/PassiveLocTracker( 3583): GPS Satllite Status
10-19 13:24:56.730 D/libgps  ( 3583): OnGpsExtensionMessage: message_id(1), data(0x9ca0c838), size(2432)
10-19 13:24:56.730 D/libgps  ( 3583): proxy__gps_sv_status_cb : called
10-19 13:24:56.730 I/PassiveLocTracker( 3583): GPS Satllite Status
10-19 13:24:57.730 D/libgps  ( 3583): OnGpsExtensionMessage: message_id(1), data(0x9ca0c838), size(2432)
10-19 13:24:57.730 D/libgps  ( 3583): proxy__gps_sv_status_cb : called
10-19 13:24:57.735 I/PassiveLocTracker( 3583): GPS Satllite Status
10-19 13:24:58.735 D/libgps  ( 3583): OnGpsExtensionMessage: message_id(1), data(0x9ca0c838), size(2432)
10-19 13:24:58.735 D/libgps  ( 3583): proxy__gps_sv_status_cb : called
10-19 13:24:58.735 I/PassiveLocTracker( 3583): GPS Satllite Status
10-19 13:24:59.735 D/libgps  ( 3583): OnGpsExtensionMessage: message_id(1), data(0x9ca0c838), size(2432)
10-19 13:24:59.735 D/libgps  ( 3583): proxy__gps_sv_status_cb : called
10-19 13:24:59.735 I/PassiveLocTracker( 3583): GPS Satllite Status
10-19 13:24:59.995 V/AlarmManager( 3583): waitForAlarm result :8
10-19 13:25:00.015 D/KeyguardUpdateMonitor( 3756): received broadcast android.intent.action.TIME_TICK
10-19 13:25:00.015 D/KeyguardUpdateMonitor( 3756): handleTimeUpdate
10-19 13:25:00.060 D/DateView( 3756): regionalDateFormat = 3333. 11. 22. isRTLlanguage = false returnDateFormat = MMMM d일 E요일
10-19 13:25:00.065 D/DateView( 3756): regionalDateFormat = 3333. 11. 22. isRTLlanguage = false returnDateFormat = MMMM d일 E요일
10-19 13:25:00.070 D/KeyguardEffectViewController( 3756): onReceive action : android.intent.action.TIME_TICK
10-19 13:25:00.070 I/KeyguardEffectViewController( 3756): *** don't update sliding image ***
10-19 13:25:00.730 D/libgps  ( 3583): OnGpsExtensionMessage: message_id(1), data(0x9ca0c838), size(2432)
10-19 13:25:00.730 D/libgps  ( 3583): proxy__gps_sv_status_cb : called
10-19 13:25:00.735 I/PassiveLocTracker( 3583): GPS Satllite Status
10-19 13:25:01.700 V/AlarmManager( 3583): waitForAlarm result :8
10-19 13:25:01.735 D/libgps  ( 3583): OnGpsExtensionMessage: message_id(1), data(0x9ca0c838), size(2432)
10-19 13:25:01.735 D/libgps  ( 3583): proxy__gps_sv_status_cb : called
10-19 13:25:01.735 I/PassiveLocTracker( 3583): GPS Satllite Status
10-19 13:25:02.735 D/libgps  ( 3583): OnGpsExtensionMessage: message_id(1), data(0x9ca0c838), size(2432)
10-19 13:25:02.735 D/libgps  ( 3583): proxy__gps_sv_status_cb : called
10-19 13:25:02.735 I/PassiveLocTracker( 3583): GPS Satllite Status
10-19 13:25:03.740 D/libgps  ( 3583): OnGpsExtensionMessage: message_id(1), data(0x9ca0c838), size(2432)
10-19 13:25:03.740 D/libgps  ( 3583): proxy__gps_sv_status_cb : called
10-19 13:25:03.745 I/PassiveLocTracker( 3583): GPS Satllite Status
10-19 13:25:04.305 E/Watchdog( 3583): !@Sync 14053
10-19 13:25:04.730 D/libgps  ( 3583): OnGpsExtensionMessage: message_id(1), data(0x9ca0c838), size(2432)
10-19 13:25:04.730 D/libgps  ( 3583): proxy__gps_sv_status_cb : called
10-19 13:25:04.730 I/PassiveLocTracker( 3583): GPS Satllite Status
10-19 13:25:05.050 D/BatteryService( 3583): !@BatteryListener : batteryPropertiesChanged!
10-19 13:25:05.050 D/BatteryService( 3583): level:43, scale:100, status:2, health:2, present:true, voltage: 3978, temperature: 314, technology: Li-ion, AC powered:false, USB powered:true, Wireless powered:false, icon:17303721, invalid charger:0
10-19 13:25:05.050 D/BatteryService( 3583): online:4, current avg:-165, charge type:1, power sharing:false, high voltage charger:false, capacity:322000, current_now:-130
10-19 13:25:05.050 D/BatteryService( 3583): Sending ACTION_BATTERY_CHANGED.
10-19 13:25:05.055 D/KeyguardUpdateMonitor( 3756): received broadcast android.intent.action.BATTERY_CHANGED
10-19 13:25:05.055 D/KeyguardUpdateMonitor( 3756): handleBatteryUpdate
10-19 13:25:05.055 D/KeyguardFestivalEffect( 3756): onReceive: android.intent.action.BATTERY_CHANGED
10-19 13:25:05.055 I/MotionRecognitionService( 3583): Plugged
10-19 13:25:05.055 I/MotionRecognitionService( 3583): setPowerConnected  = true
10-19 13:25:05.060 I/BusinessExecutor( 4098): registered Task#33818 : PowerInfoEventSource$1
10-19 13:25:05.060 I/BusinessExecutor( 4098): Task#33818 : #run() called
10-19 13:25:05.060 I/BusinessExecutor( 4098): Task#33818 : #run() ended
10-19 13:25:05.060 D/ClientService( 4999): Battery State Change,  status: 2
10-19 13:25:05.060 D/ClientService( 4999): Battery State Change,  Plugged: 2
10-19 13:25:05.060 D/ClientService( 4999): Battery State Change,  level: 43
10-19 13:25:05.060 D/ClientService( 4999): Battery State Change,  scale: 100
10-19 13:25:05.060 D/STATUSBAR-PhoneStatusBar( 3756):  mBrightnessEnablebySettings = true mBrightnessEnablebyBattery = true mBrightnessEnablebyDisableFlag = true mPmsBrightnessEnablebySettings = true
10-19 13:25:05.060 D/BatteryMeterView( 3756): ACTION_BATTERY_CHANGED : level:43 status:2 health:2
10-19 13:25:05.060 D/BatteryMeterView( 3756): ACTION_BATTERY_CHANGED : level:43 status:2 health:2
10-19 13:25:05.060 D/BatteryMeterView( 3756): ACTION_BATTERY_CHANGED : level:43 status:2 health:2
10-19 13:25:05.640 D/SSRM:n  ( 3583): SIOP:: AP = 310, PST = 310, CUR = -165
10-19 13:25:05.735 D/libgps  ( 3583): OnGpsExtensionMessage: message_id(1), data(0x9ca0c838), size(2432)
10-19 13:25:05.735 D/libgps  ( 3583): proxy__gps_sv_status_cb : called
10-19 13:25:05.735 I/PassiveLocTracker( 3583): GPS Satllite Status
10-19 13:25:06.735 D/libgps  ( 3583): OnGpsExtensionMessage: message_id(1), data(0x9ca0c838), size(2432)
10-19 13:25:06.735 D/libgps  ( 3583): proxy__gps_sv_status_cb : called
10-19 13:25:06.740 I/PassiveLocTracker( 3583): GPS Satllite Status
10-19 13:25:07.735 D/libgps  ( 3583): OnGpsExtensionMessage: message_id(1), data(0x9ca0c838), size(2432)
10-19 13:25:07.735 D/libgps  ( 3583): proxy__gps_sv_status_cb : called
10-19 13:25:07.735 I/PassiveLocTracker( 3583): GPS Satllite Status
10-19 13:25:08.740 D/libgps  ( 3583): OnGpsExtensionMessage: message_id(1), data(0x9ca0c838), size(2432)
10-19 13:25:08.740 D/libgps  ( 3583): proxy__gps_sv_status_cb : called
10-19 13:25:08.745 I/PassiveLocTracker( 3583): GPS Satllite Status
10-19 13:25:09.740 D/libgps  ( 3583): OnGpsExtensionMessage: message_id(1), data(0x9ca0c838), size(2432)
10-19 13:25:09.740 D/libgps  ( 3583): proxy__gps_sv_status_cb : called
10-19 13:25:09.745 I/PassiveLocTracker( 3583): GPS Satllite Status
10-19 13:25:10.740 D/libgps  ( 3583): OnGpsExtensionMessage: message_id(1), data(0x9ca0c838), size(2432)
10-19 13:25:10.740 D/libgps  ( 3583): proxy__gps_sv_status_cb : called
10-19 13:25:10.745 I/PassiveLocTracker( 3583): GPS Satllite Status
10-19 13:25:11.745 D/libgps  ( 3583): OnGpsExtensionMessage: message_id(1), data(0x9ca0c838), size(2432)
10-19 13:25:11.745 D/libgps  ( 3583): proxy__gps_sv_status_cb : called
10-19 13:25:11.745 I/PassiveLocTracker( 3583): GPS Satllite Status
10-19 13:25:12.745 D/libgps  ( 3583): OnGpsExtensionMessage: message_id(1), data(0x9ca0c838), size(2432)
10-19 13:25:12.745 D/libgps  ( 3583): proxy__gps_sv_status_cb : called
10-19 13:25:12.745 I/PassiveLocTracker( 3583): GPS Satllite Status
10-19 13:25:13.735 D/libgps  ( 3583): OnGpsExtensionMessage: message_id(1), data(0x9ca0c838), size(2432)
10-19 13:25:13.735 D/libgps  ( 3583): proxy__gps_sv_status_cb : called
10-19 13:25:13.740 I/PassiveLocTracker( 3583): GPS Satllite Status
10-19 13:25:14.740 D/libgps  ( 3583): OnGpsExtensionMessage: message_id(1), data(0x9ca0c838), size(2432)
10-19 13:25:14.740 D/libgps  ( 3583): proxy__gps_sv_status_cb : called
10-19 13:25:14.740 I/PassiveLocTracker( 3583): GPS Satllite Status
10-19 13:25:15.155 D/BatteryService( 3583): !@BatteryListener : batteryPropertiesChanged!
10-19 13:25:15.155 D/BatteryService( 3583): level:43, scale:100, status:2, health:2, present:true, voltage: 3979, temperature: 314, technology: Li-ion, AC powered:false, USB powered:true, Wireless powered:false, icon:17303721, invalid charger:0
10-19 13:25:15.155 D/BatteryService( 3583): online:4, current avg:-163, charge type:1, power sharing:false, high voltage charger:false, capacity:322000, current_now:-137
10-19 13:25:15.155 D/BatteryService( 3583): Sending ACTION_BATTERY_CHANGED.
10-19 13:25:15.155 I/MotionRecognitionService( 3583): Plugged
10-19 13:25:15.155 I/MotionRecognitionService( 3583): setPowerConnected  = true
10-19 13:25:15.160 D/KeyguardUpdateMonitor( 3756): received broadcast android.intent.action.BATTERY_CHANGED
10-19 13:25:15.160 D/KeyguardUpdateMonitor( 3756): handleBatteryUpdate
10-19 13:25:15.160 D/KeyguardFestivalEffect( 3756): onReceive: android.intent.action.BATTERY_CHANGED
10-19 13:25:15.165 D/STATUSBAR-PhoneStatusBar( 3756):  mBrightnessEnablebySettings = true mBrightnessEnablebyBattery = true mBrightnessEnablebyDisableFlag = true mPmsBrightnessEnablebySettings = true
10-19 13:25:15.165 D/BatteryMeterView( 3756): ACTION_BATTERY_CHANGED : level:43 status:2 health:2
10-19 13:25:15.170 I/BusinessExecutor( 4098): registered Task#33819 : PowerInfoEventSource$1
10-19 13:25:15.170 I/BusinessExecutor( 4098): Task#33819 : #run() called
10-19 13:25:15.170 I/BusinessExecutor( 4098): Task#33819 : #run() ended
10-19 13:25:15.170 D/BatteryMeterView( 3756): ACTION_BATTERY_CHANGED : level:43 status:2 health:2
10-19 13:25:15.170 D/BatteryMeterView( 3756): ACTION_BATTERY_CHANGED : level:43 status:2 health:2
10-19 13:25:15.175 D/ClientService( 4999): Battery State Change,  status: 2
10-19 13:25:15.175 D/ClientService( 4999): Battery State Change,  Plugged: 2
10-19 13:25:15.175 D/ClientService( 4999): Battery State Change,  level: 43
10-19 13:25:15.175 D/ClientService( 4999): Battery State Change,  scale: 100
10-19 13:25:15.650 D/SSRM:n  ( 3583): SIOP:: AP = 310, PST = 310, CUR = -163
10-19 13:25:15.735 D/libgps  ( 3583): OnGpsExtensionMessage: message_id(1), data(0x9ca0c838), size(2432)
10-19 13:25:15.735 D/libgps  ( 3583): proxy__gps_sv_status_cb : called
10-19 13:25:15.740 I/PassiveLocTracker( 3583): GPS Satllite Status
10-19 13:25:16.745 D/libgps  ( 3583): OnGpsExtensionMessage: message_id(1), data(0x9ca0c838), size(2432)
10-19 13:25:16.745 D/libgps  ( 3583): proxy__gps_sv_status_cb : called
10-19 13:25:16.745 I/PassiveLocTracker( 3583): GPS Satllite Status
10-19 13:25:17.740 D/libgps  ( 3583): OnGpsExtensionMessage: message_id(1), data(0x9ca0c838), size(2432)
10-19 13:25:17.740 D/libgps  ( 3583): proxy__gps_sv_status_cb : called
10-19 13:25:17.745 I/PassiveLocTracker( 3583): GPS Satllite Status
10-19 13:25:18.740 D/libgps  ( 3583): OnGpsExtensionMessage: message_id(1), data(0x9ca0c838), size(2432)
10-19 13:25:18.740 D/libgps  ( 3583): proxy__gps_sv_status_cb : called
10-19 13:25:18.740 I/PassiveLocTracker( 3583): GPS Satllite Status
10-19 13:25:19.745 D/libgps  ( 3583): OnGpsExtensionMessage: message_id(1), data(0x9ca0c838), size(2432)
10-19 13:25:19.745 D/libgps  ( 3583): proxy__gps_sv_status_cb : called
10-19 13:25:19.750 I/PassiveLocTracker( 3583): GPS Satllite Status
10-19 13:25:20.745 D/libgps  ( 3583): OnGpsExtensionMessage: message_id(1), data(0x9ca0c838), size(2432)
10-19 13:25:20.745 D/libgps  ( 3583): proxy__gps_sv_status_cb : called
10-19 13:25:20.745 I/PassiveLocTracker( 3583): GPS Satllite Status
10-19 13:25:21.740 D/libgps  ( 3583): OnGpsExtensionMessage: message_id(1), data(0x9ca0c838), size(2432)
10-19 13:25:21.740 D/libgps  ( 3583): proxy__gps_sv_status_cb : called
10-19 13:25:21.740 I/PassiveLocTracker( 3583): GPS Satllite Status
10-19 13:25:22.740 D/libgps  ( 3583): OnGpsExtensionMessage: message_id(1), data(0x9ca0c838), size(2432)
10-19 13:25:22.740 D/libgps  ( 3583): proxy__gps_sv_status_cb : called
10-19 13:25:22.745 I/PassiveLocTracker( 3583): GPS Satllite Status
10-19 13:25:23.745 D/libgps  ( 3583): OnGpsExtensionMessage: message_id(1), data(0x9ca0c838), size(2432)
10-19 13:25:23.745 D/libgps  ( 3583): proxy__gps_sv_status_cb : called
10-19 13:25:23.750 I/PassiveLocTracker( 3583): GPS Satllite Status
10-19 13:25:24.740 D/libgps  ( 3583): OnGpsExtensionMessage: message_id(1), data(0x9ca0c838), size(2432)
10-19 13:25:24.740 D/libgps  ( 3583): proxy__gps_sv_status_cb : called
10-19 13:25:24.740 I/PassiveLocTracker( 3583): GPS Satllite Status
10-19 13:25:25.260 D/BatteryService( 3583): !@BatteryListener : batteryPropertiesChanged!
10-19 13:25:25.260 D/BatteryService( 3583): level:43, scale:100, status:2, health:2, present:true, voltage: 3976, temperature: 314, technology: Li-ion, AC powered:false, USB powered:true, Wireless powered:false, icon:17303721, invalid charger:0
10-19 13:25:25.260 D/BatteryService( 3583): online:4, current avg:-164, charge type:1, power sharing:false, high voltage charger:false, capacity:322000, current_now:-166
10-19 13:25:25.260 D/BatteryService( 3583): Sending ACTION_BATTERY_CHANGED.
10-19 13:25:25.265 I/MotionRecognitionService( 3583): Plugged
10-19 13:25:25.265 I/MotionRecognitionService( 3583): setPowerConnected  = true
10-19 13:25:25.270 D/KeyguardUpdateMonitor( 3756): received broadcast android.intent.action.BATTERY_CHANGED
10-19 13:25:25.270 D/KeyguardUpdateMonitor( 3756): handleBatteryUpdate
10-19 13:25:25.270 D/KeyguardFestivalEffect( 3756): onReceive: android.intent.action.BATTERY_CHANGED
10-19 13:25:25.275 D/STATUSBAR-PhoneStatusBar( 3756):  mBrightnessEnablebySettings = true mBrightnessEnablebyBattery = true mBrightnessEnablebyDisableFlag = true mPmsBrightnessEnablebySettings = true
10-19 13:25:25.275 D/BatteryMeterView( 3756): ACTION_BATTERY_CHANGED : level:43 status:2 health:2
10-19 13:25:25.280 I/BusinessExecutor( 4098): registered Task#33820 : PowerInfoEventSource$1
10-19 13:25:25.280 I/BusinessExecutor( 4098): Task#33820 : #run() called
10-19 13:25:25.280 I/BusinessExecutor( 4098): Task#33820 : #run() ended
10-19 13:25:25.280 D/BatteryMeterView( 3756): ACTION_BATTERY_CHANGED : level:43 status:2 health:2
10-19 13:25:25.280 D/BatteryMeterView( 3756): ACTION_BATTERY_CHANGED : level:43 status:2 health:2
10-19 13:25:25.285 D/ClientService( 4999): Battery State Change,  status: 2
10-19 13:25:25.285 D/ClientService( 4999): Battery State Change,  Plugged: 2
10-19 13:25:25.285 D/ClientService( 4999): Battery State Change,  level: 43
10-19 13:25:25.285 D/ClientService( 4999): Battery State Change,  scale: 100
10-19 13:25:25.665 D/SSRM:n  ( 3583): SIOP:: AP = 310, PST = 310, CUR = -164
10-19 13:25:25.725 D/libgps  ( 3583): OnGpsExtensionMessage: message_id(1), data(0x9ca0c838), size(2432)
10-19 13:25:25.725 D/libgps  ( 3583): proxy__gps_sv_status_cb : called
10-19 13:25:25.730 I/PassiveLocTracker( 3583): GPS Satllite Status
10-19 13:25:26.740 D/libgps  ( 3583): OnGpsExtensionMessage: message_id(1), data(0x9ca0c838), size(2432)
10-19 13:25:26.740 D/libgps  ( 3583): proxy__gps_sv_status_cb : called
10-19 13:25:26.740 I/PassiveLocTracker( 3583): GPS Satllite Status
10-19 13:25:27.745 D/libgps  ( 3583): OnGpsExtensionMessage: message_id(1), data(0x9ca0c838), size(2432)
10-19 13:25:27.745 D/libgps  ( 3583): proxy__gps_sv_status_cb : called
10-19 13:25:27.745 I/PassiveLocTracker( 3583): GPS Satllite Status
10-19 13:25:28.745 D/libgps  ( 3583): OnGpsExtensionMessage: message_id(1), data(0x9ca0c838), size(2432)
10-19 13:25:28.745 D/libgps  ( 3583): proxy__gps_sv_status_cb : called
10-19 13:25:28.750 I/PassiveLocTracker( 3583): GPS Satllite Status
10-19 13:25:29.745 D/libgps  ( 3583): OnGpsExtensionMessage: message_id(1), data(0x9ca0c838), size(2432)
10-19 13:25:29.745 D/libgps  ( 3583): proxy__gps_sv_status_cb : called
10-19 13:25:29.745 I/PassiveLocTracker( 3583): GPS Satllite Status
10-19 13:25:30.750 D/libgps  ( 3583): OnGpsExtensionMessage: message_id(1), data(0x9ca0c838), size(2432)
10-19 13:25:30.750 D/libgps  ( 3583): proxy__gps_sv_status_cb : called
10-19 13:25:30.750 I/PassiveLocTracker( 3583): GPS Satllite Status
10-19 13:25:31.745 D/libgps  ( 3583): OnGpsExtensionMessage: message_id(1), data(0x9ca0c838), size(2432)
10-19 13:25:31.745 D/libgps  ( 3583): proxy__gps_sv_status_cb : called
10-19 13:25:31.750 I/PassiveLocTracker( 3583): GPS Satllite Status
10-19 13:25:32.745 D/libgps  ( 3583): OnGpsExtensionMessage: message_id(1), data(0x9ca0c838), size(2432)
10-19 13:25:32.745 D/libgps  ( 3583): proxy__gps_sv_status_cb : called
10-19 13:25:32.745 I/PassiveLocTracker( 3583): GPS Satllite Status
10-19 13:25:33.740 D/libgps  ( 3583): OnGpsExtensionMessage: message_id(1), data(0x9ca0c838), size(2432)
10-19 13:25:33.740 D/libgps  ( 3583): proxy__gps_sv_status_cb : called
10-19 13:25:33.740 I/PassiveLocTracker( 3583): GPS Satllite Status
10-19 13:25:34.305 E/Watchdog( 3583): !@Sync 14054
10-19 13:25:34.740 D/libgps  ( 3583): OnGpsExtensionMessage: message_id(1), data(0x9ca0c838), size(2432)
10-19 13:25:34.740 D/libgps  ( 3583): proxy__gps_sv_status_cb : called
10-19 13:25:34.740 I/PassiveLocTracker( 3583): GPS Satllite Status
10-19 13:25:35.360 D/BatteryService( 3583): !@BatteryListener : batteryPropertiesChanged!
10-19 13:25:35.360 D/BatteryService( 3583): level:43, scale:100, status:2, health:2, present:true, voltage: 3977, temperature: 315, technology: Li-ion, AC powered:false, USB powered:true, Wireless powered:false, icon:17303721, invalid charger:0
10-19 13:25:35.360 D/BatteryService( 3583): online:4, current avg:-161, charge type:1, power sharing:false, high voltage charger:false, capacity:322000, current_now:-147
10-19 13:25:35.360 D/BatteryService( 3583): Sending ACTION_BATTERY_CHANGED.
10-19 13:25:35.365 I/MotionRecognitionService( 3583): Plugged
10-19 13:25:35.365 I/MotionRecognitionService( 3583): setPowerConnected  = true
10-19 13:25:35.370 D/KeyguardUpdateMonitor( 3756): received broadcast android.intent.action.BATTERY_CHANGED
10-19 13:25:35.370 D/KeyguardUpdateMonitor( 3756): handleBatteryUpdate
10-19 13:25:35.370 D/KeyguardFestivalEffect( 3756): onReceive: android.intent.action.BATTERY_CHANGED
10-19 13:25:35.375 D/STATUSBAR-PhoneStatusBar( 3756):  mBrightnessEnablebySettings = true mBrightnessEnablebyBattery = true mBrightnessEnablebyDisableFlag = true mPmsBrightnessEnablebySettings = true
10-19 13:25:35.375 D/BatteryMeterView( 3756): ACTION_BATTERY_CHANGED : level:43 status:2 health:2
10-19 13:25:35.380 I/BusinessExecutor( 4098): registered Task#33821 : PowerInfoEventSource$1
10-19 13:25:35.380 I/BusinessExecutor( 4098): Task#33821 : #run() called
10-19 13:25:35.380 I/BusinessExecutor( 4098): Task#33821 : #run() ended
10-19 13:25:35.380 D/ClientService( 4999): Battery State Change,  status: 2
10-19 13:25:35.380 D/ClientService( 4999): Battery State Change,  Plugged: 2
10-19 13:25:35.380 D/ClientService( 4999): Battery State Change,  level: 43
10-19 13:25:35.380 D/ClientService( 4999): Battery State Change,  scale: 100
10-19 13:25:35.380 D/BatteryMeterView( 3756): ACTION_BATTERY_CHANGED : level:43 status:2 health:2
10-19 13:25:35.380 D/BatteryMeterView( 3756): ACTION_BATTERY_CHANGED : level:43 status:2 health:2
10-19 13:25:35.680 D/SSRM:n  ( 3583): SIOP:: AP = 310, PST = 310, CUR = -161
10-19 13:25:35.740 D/libgps  ( 3583): OnGpsExtensionMessage: message_id(1), data(0x9ca0c838), size(2432)
10-19 13:25:35.740 D/libgps  ( 3583): proxy__gps_sv_status_cb : called
10-19 13:25:35.745 I/PassiveLocTracker( 3583): GPS Satllite Status
10-19 13:25:36.740 D/libgps  ( 3583): OnGpsExtensionMessage: message_id(1), data(0x9ca0c838), size(2432)
10-19 13:25:36.740 D/libgps  ( 3583): proxy__gps_sv_status_cb : called
10-19 13:25:36.745 I/PassiveLocTracker( 3583): GPS Satllite Status
10-19 13:25:37.745 D/libgps  ( 3583): OnGpsExtensionMessage: message_id(1), data(0x9ca0c838), size(2432)
10-19 13:25:37.745 D/libgps  ( 3583): proxy__gps_sv_status_cb : called
10-19 13:25:37.745 I/PassiveLocTracker( 3583): GPS Satllite Status
10-19 13:25:38.745 D/libgps  ( 3583): OnGpsExtensionMessage: message_id(1), data(0x9ca0c838), size(2432)
10-19 13:25:38.745 D/libgps  ( 3583): proxy__gps_sv_status_cb : called
10-19 13:25:38.745 I/PassiveLocTracker( 3583): GPS Satllite Status
10-19 13:25:39.745 D/libgps  ( 3583): OnGpsExtensionMessage: message_id(1), data(0x9ca0c838), size(2432)
10-19 13:25:39.745 D/libgps  ( 3583): proxy__gps_sv_status_cb : called
10-19 13:25:39.745 I/PassiveLocTracker( 3583): GPS Satllite Status
10-19 13:25:40.750 D/libgps  ( 3583): OnGpsExtensionMessage: message_id(1), data(0x9ca0c838), size(2432)
10-19 13:25:40.750 D/libgps  ( 3583): proxy__gps_sv_status_cb : called
10-19 13:25:40.750 I/PassiveLocTracker( 3583): GPS Satllite Status
10-19 13:25:41.745 D/libgps  ( 3583): OnGpsExtensionMessage: message_id(1), data(0x9ca0c838), size(2432)
10-19 13:25:41.745 D/libgps  ( 3583): proxy__gps_sv_status_cb : called
10-19 13:25:41.750 I/PassiveLocTracker( 3583): GPS Satllite Status
10-19 13:25:42.745 D/libgps  ( 3583): OnGpsExtensionMessage: message_id(1), data(0x9ca0c838), size(2432)
10-19 13:25:42.745 D/libgps  ( 3583): proxy__gps_sv_status_cb : called
10-19 13:25:42.750 I/PassiveLocTracker( 3583): GPS Satllite Status
10-19 13:25:43.745 D/libgps  ( 3583): OnGpsExtensionMessage: message_id(1), data(0x9ca0c838), size(2432)
10-19 13:25:43.745 D/libgps  ( 3583): proxy__gps_sv_status_cb : called
10-19 13:25:43.745 I/PassiveLocTracker( 3583): GPS Satllite Status
10-19 13:25:44.745 D/libgps  ( 3583): OnGpsExtensionMessage: message_id(1), data(0x9ca0c838), size(2432)
10-19 13:25:44.745 D/libgps  ( 3583): proxy__gps_sv_status_cb : called
10-19 13:25:44.745 I/PassiveLocTracker( 3583): GPS Satllite Status
10-19 13:25:45.460 D/BatteryService( 3583): !@BatteryListener : batteryPropertiesChanged!
10-19 13:25:45.460 D/BatteryService( 3583): level:43, scale:100, status:2, health:2, present:true, voltage: 3977, temperature: 314, technology: Li-ion, AC powered:false, USB powered:true, Wireless powered:false, icon:17303721, invalid charger:0
10-19 13:25:45.460 D/BatteryService( 3583): online:4, current avg:-160, charge type:1, power sharing:false, high voltage charger:false, capacity:322000, current_now:-147
10-19 13:25:45.460 D/BatteryService( 3583): Sending ACTION_BATTERY_CHANGED.
10-19 13:25:45.465 I/MotionRecognitionService( 3583): Plugged
10-19 13:25:45.465 I/MotionRecognitionService( 3583): setPowerConnected  = true
10-19 13:25:45.470 D/KeyguardUpdateMonitor( 3756): received broadcast android.intent.action.BATTERY_CHANGED
10-19 13:25:45.470 D/KeyguardUpdateMonitor( 3756): handleBatteryUpdate
10-19 13:25:45.470 D/KeyguardFestivalEffect( 3756): onReceive: android.intent.action.BATTERY_CHANGED
10-19 13:25:45.475 D/STATUSBAR-PhoneStatusBar( 3756):  mBrightnessEnablebySettings = true mBrightnessEnablebyBattery = true mBrightnessEnablebyDisableFlag = true mPmsBrightnessEnablebySettings = true
10-19 13:25:45.480 I/BusinessExecutor( 4098): registered Task#33822 : PowerInfoEventSource$1
10-19 13:25:45.480 I/BusinessExecutor( 4098): Task#33822 : #run() called
10-19 13:25:45.480 I/BusinessExecutor( 4098): Task#33822 : #run() ended
10-19 13:25:45.480 D/BatteryMeterView( 3756): ACTION_BATTERY_CHANGED : level:43 status:2 health:2
10-19 13:25:45.480 D/BatteryMeterView( 3756): ACTION_BATTERY_CHANGED : level:43 status:2 health:2
10-19 13:25:45.480 D/BatteryMeterView( 3756): ACTION_BATTERY_CHANGED : level:43 status:2 health:2
10-19 13:25:45.485 D/ClientService( 4999): Battery State Change,  status: 2
10-19 13:25:45.485 D/ClientService( 4999): Battery State Change,  Plugged: 2
10-19 13:25:45.485 D/ClientService( 4999): Battery State Change,  level: 43
10-19 13:25:45.485 D/ClientService( 4999): Battery State Change,  scale: 100
10-19 13:25:45.695 D/SSRM:n  ( 3583): SIOP:: AP = 310, PST = 310, CUR = -160
10-19 13:25:45.745 D/libgps  ( 3583): OnGpsExtensionMessage: message_id(1), data(0x9ca0c838), size(2432)
10-19 13:25:45.745 D/libgps  ( 3583): proxy__gps_sv_status_cb : called
10-19 13:25:45.745 I/PassiveLocTracker( 3583): GPS Satllite Status
10-19 13:25:46.740 D/libgps  ( 3583): OnGpsExtensionMessage: message_id(1), data(0x9ca0c838), size(2432)
10-19 13:25:46.740 D/libgps  ( 3583): proxy__gps_sv_status_cb : called
10-19 13:25:46.745 I/PassiveLocTracker( 3583): GPS Satllite Status
10-19 13:25:47.740 D/libgps  ( 3583): OnGpsExtensionMessage: message_id(1), data(0x9ca0c838), size(2432)
10-19 13:25:47.740 D/libgps  ( 3583): proxy__gps_sv_status_cb : called
10-19 13:25:47.740 I/PassiveLocTracker( 3583): GPS Satllite Status
10-19 13:25:48.745 D/libgps  ( 3583): OnGpsExtensionMessage: message_id(1), data(0x9ca0c838), size(2432)
10-19 13:25:48.745 D/libgps  ( 3583): proxy__gps_sv_status_cb : called
10-19 13:25:48.750 I/PassiveLocTracker( 3583): GPS Satllite Status
10-19 13:25:49.740 D/libgps  ( 3583): OnGpsExtensionMessage: message_id(1), data(0x9ca0c838), size(2432)
10-19 13:25:49.740 D/libgps  ( 3583): proxy__gps_sv_status_cb : called
10-19 13:25:49.740 I/PassiveLocTracker( 3583): GPS Satllite Status
10-19 13:25:50.740 D/libgps  ( 3583): OnGpsExtensionMessage: message_id(1), data(0x9ca0c838), size(2432)
10-19 13:25:50.740 D/libgps  ( 3583): proxy__gps_sv_status_cb : called
10-19 13:25:50.740 I/PassiveLocTracker( 3583): GPS Satllite Status
10-19 13:25:51.740 D/libgps  ( 3583): OnGpsExtensionMessage: message_id(1), data(0x9ca0c838), size(2432)
10-19 13:25:51.740 D/libgps  ( 3583): proxy__gps_sv_status_cb : called
10-19 13:25:51.740 I/PassiveLocTracker( 3583): GPS Satllite Status
10-19 13:25:52.735 D/libgps  ( 3583): OnGpsExtensionMessage: message_id(1), data(0x9ca0c838), size(2432)
10-19 13:25:52.735 D/libgps  ( 3583): proxy__gps_sv_status_cb : called
10-19 13:25:52.740 I/PassiveLocTracker( 3583): GPS Satllite Status
10-19 13:25:53.740 D/libgps  ( 3583): OnGpsExtensionMessage: message_id(1), data(0x9ca0c838), size(2432)
10-19 13:25:53.740 D/libgps  ( 3583): proxy__gps_sv_status_cb : called
10-19 13:25:53.745 I/PassiveLocTracker( 3583): GPS Satllite Status
10-19 13:25:54.750 D/libgps  ( 3583): OnGpsExtensionMessage: message_id(1), data(0x9ca0c838), size(2432)
10-19 13:25:54.750 D/libgps  ( 3583): proxy__gps_sv_status_cb : called
10-19 13:25:54.750 I/PassiveLocTracker( 3583): GPS Satllite Status
10-19 13:25:55.030 I/System.out( 4036): Broadcasting: Intent { act=android.intent.action.CELL_INFO_RES (has extras) }
10-19 13:25:55.030 I/CpLocTracker( 3583): Received Intent : android.intent.action.CELL_INFO_RES
10-19 13:25:55.030 I/CpLocTracker( 3583): Received Data
10-19 13:25:55.030 I/CpLocTracker( 3583): 01009300226D6363223A3435302C226D6E63223A352C22746163223A323035332C22676C6F62616C43656C6C4964223A363837343933392C22706879736963616C43656C6C4964223A38332C2265617266636E444C223A313335302C2272737369223A2D33392C2272737271223A2D382C22736E72223A31322C2272737270223A2D36332C2274696D696E67416476616E6365223A2D3100
10-19 13:25:55.030 I/CpLocTracker( 3583): rat : 1
10-19 13:25:55.030 I/CpLocTracker( 3583): gps : 0
10-19 13:25:55.030 I/CpLocTracker( 3583): cellinfo : 0093226D6363223A3435302C226D6E63223A352C22746163223A323035332C22676C6F62616C43656C6C4964223A363837343933392C22706879736963616C43656C6C4964223A38332C2265617266636E444C223A313335302C2272737369223A2D33392C2272737271223A2D382C22736E72223A31322C2272737270223A2D36332C2274696D696E67416476616E6365223A2D3100
10-19 13:25:55.030 I/CLocInfoService( 3583): Rat Type : 1, AttachedGPS : 0
10-19 13:25:55.030 I/CLocInfoService( 3583): CellInfo : 0093226D6363223A3435302C226D6E63223A352C22746163223A323035332C22676C6F62616C43656C6C4964223A363837343933392C22706879736963616C43656C6C4964223A38332C2265617266636E444C223A313335302C2272737369223A2D33392C2272737271223A2D382C22736E72223A31322C2272737270223A2D36332C2274696D696E67416476616E6365223A2D3100
10-19 13:25:55.030 I/CLocInfoCtrl( 3583): getPolicyGpsAccuracy 1
10-19 13:25:55.030 I/CLocInfoCtrl( 3583): Accuracy String : 20
10-19 13:25:55.030 I/CLocInfoCtrl( 3583): Accuracy value : 20
10-19 13:25:55.030 I/CLocInfoService( 3583): Policy Accuracy : 20
10-19 13:25:55.030 I/CLocInfoCtrl( 3583): Default Server URL Home country, mcc = 450
10-19 13:25:55.545 D/BatteryService( 3583): !@BatteryListener : batteryPropertiesChanged!
10-19 13:25:55.545 D/BatteryService( 3583): level:43, scale:100, status:2, health:2, present:true, voltage: 3972, temperature: 314, technology: Li-ion, AC powered:false, USB powered:true, Wireless powered:false, icon:17303721, invalid charger:0
10-19 13:25:55.545 D/BatteryService( 3583): online:4, current avg:-162, charge type:1, power sharing:false, high voltage charger:false, capacity:322000, current_now:-187
10-19 13:25:55.545 D/BatteryService( 3583): Sending ACTION_BATTERY_CHANGED.
10-19 13:25:55.550 D/KeyguardUpdateMonitor( 3756): received broadcast android.intent.action.BATTERY_CHANGED
10-19 13:25:55.550 I/MotionRecognitionService( 3583): Plugged
10-19 13:25:55.550 I/MotionRecognitionService( 3583): setPowerConnected  = true
10-19 13:25:55.555 D/KeyguardUpdateMonitor( 3756): handleBatteryUpdate
10-19 13:25:55.555 D/KeyguardFestivalEffect( 3756): onReceive: android.intent.action.BATTERY_CHANGED
10-19 13:25:55.555 D/STATUSBAR-PhoneStatusBar( 3756):  mBrightnessEnablebySettings = true mBrightnessEnablebyBattery = true mBrightnessEnablebyDisableFlag = true mPmsBrightnessEnablebySettings = true
10-19 13:25:55.560 I/BusinessExecutor( 4098): registered Task#33823 : PowerInfoEventSource$1
10-19 13:25:55.560 I/BusinessExecutor( 4098): Task#33823 : #run() called
10-19 13:25:55.560 I/BusinessExecutor( 4098): Task#33823 : #run() ended
10-19 13:25:55.560 D/BatteryMeterView( 3756): ACTION_BATTERY_CHANGED : level:43 status:2 health:2
10-19 13:25:55.560 D/BatteryMeterView( 3756): ACTION_BATTERY_CHANGED : level:43 status:2 health:2
10-19 13:25:55.565 D/ClientService( 4999): Battery State Change,  status: 2
10-19 13:25:55.565 D/ClientService( 4999): Battery State Change,  Plugged: 2
10-19 13:25:55.565 D/ClientService( 4999): Battery State Change,  level: 43
10-19 13:25:55.565 D/ClientService( 4999): Battery State Change,  scale: 100
10-19 13:25:55.565 D/BatteryMeterView( 3756): ACTION_BATTERY_CHANGED : level:43 status:2 health:2
10-19 13:25:55.715 D/SSRM:n  ( 3583): SIOP:: AP = 310, PST = 310, CUR = -162
10-19 13:25:55.740 D/libgps  ( 3583): OnGpsExtensionMessage: message_id(1), data(0x9ca0c838), size(2432)
10-19 13:25:55.740 D/libgps  ( 3583): proxy__gps_sv_status_cb : called
10-19 13:25:55.745 I/PassiveLocTracker( 3583): GPS Satllite Status
10-19 13:25:56.745 D/libgps  ( 3583): OnGpsExtensionMessage: message_id(1), data(0x9ca0c838), size(2432)
10-19 13:25:56.745 D/libgps  ( 3583): proxy__gps_sv_status_cb : called
10-19 13:25:56.750 I/PassiveLocTracker( 3583): GPS Satllite Status
10-19 13:25:57.740 D/libgps  ( 3583): OnGpsExtensionMessage: message_id(1), data(0x9ca0c838), size(2432)
10-19 13:25:57.740 D/libgps  ( 3583): proxy__gps_sv_status_cb : called
10-19 13:25:57.740 I/PassiveLocTracker( 3583): GPS Satllite Status
10-19 13:25:58.740 D/libgps  ( 3583): OnGpsExtensionMessage: message_id(1), data(0x9ca0c838), size(2432)
10-19 13:25:58.740 D/libgps  ( 3583): proxy__gps_sv_status_cb : called
10-19 13:25:58.740 I/PassiveLocTracker( 3583): GPS Satllite Status
10-19 13:25:59.740 D/libgps  ( 3583): OnGpsExtensionMessage: message_id(1), data(0x9ca0c838), size(2432)
10-19 13:25:59.740 D/libgps  ( 3583): proxy__gps_sv_status_cb : called
10-19 13:25:59.740 I/PassiveLocTracker( 3583): GPS Satllite Status
10-19 13:25:59.995 V/AlarmManager( 3583): waitForAlarm result :8
10-19 13:26:00.005 D/KeyguardUpdateMonitor( 3756): received broadcast android.intent.action.TIME_TICK
10-19 13:26:00.005 D/KeyguardUpdateMonitor( 3756): handleTimeUpdate
10-19 13:26:00.070 D/DateView( 3756): regionalDateFormat = 3333. 11. 22. isRTLlanguage = false returnDateFormat = MMMM d일 E요일
10-19 13:26:00.075 D/DateView( 3756): regionalDateFormat = 3333. 11. 22. isRTLlanguage = false returnDateFormat = MMMM d일 E요일
10-19 13:26:00.080 D/KeyguardEffectViewController( 3756): onReceive action : android.intent.action.TIME_TICK
10-19 13:26:00.080 I/KeyguardEffectViewController( 3756): *** don't update sliding image ***
10-19 13:26:00.740 D/libgps  ( 3583): OnGpsExtensionMessage: message_id(1), data(0x9ca0c838), size(2432)
10-19 13:26:00.740 D/libgps  ( 3583): proxy__gps_sv_status_cb : called
10-19 13:26:00.740 I/PassiveLocTracker( 3583): GPS Satllite Status
10-19 13:26:01.745 D/libgps  ( 3583): OnGpsExtensionMessage: message_id(1), data(0x9ca0c838), size(2432)
10-19 13:26:01.745 D/libgps  ( 3583): proxy__gps_sv_status_cb : called
10-19 13:26:01.745 I/PassiveLocTracker( 3583): GPS Satllite Status
10-19 13:26:01.800 V/AlarmManager( 3583): waitForAlarm result :8
10-19 13:26:01.820 I/ProcessStatsService( 3583): Prepared write state in 17ms
10-19 13:26:02.745 D/libgps  ( 3583): OnGpsExtensionMessage: message_id(1), data(0x9ca0c838), size(2432)
10-19 13:26:02.745 D/libgps  ( 3583): proxy__gps_sv_status_cb : called
10-19 13:26:02.750 I/PassiveLocTracker( 3583): GPS Satllite Status
10-19 13:26:03.745 D/libgps  ( 3583): OnGpsExtensionMessage: message_id(1), data(0x9ca0c838), size(2432)
10-19 13:26:03.745 D/libgps  ( 3583): proxy__gps_sv_status_cb : called
10-19 13:26:03.750 I/PassiveLocTracker( 3583): GPS Satllite Status
10-19 13:26:04.310 E/Watchdog( 3583): !@Sync 14055
10-19 13:26:04.740 D/libgps  ( 3583): OnGpsExtensionMessage: message_id(1), data(0x9ca0c838), size(2432)
10-19 13:26:04.740 D/libgps  ( 3583): proxy__gps_sv_status_cb : called
10-19 13:26:04.740 I/PassiveLocTracker( 3583): GPS Satllite Status
10-19 13:26:05.645 D/BatteryService( 3583): !@BatteryListener : batteryPropertiesChanged!
10-19 13:26:05.645 D/BatteryService( 3583): level:43, scale:100, status:2, health:2, present:true, voltage: 3972, temperature: 314, technology: Li-ion, AC powered:false, USB powered:true, Wireless powered:false, icon:17303721, invalid charger:0
10-19 13:26:05.645 D/BatteryService( 3583): online:4, current avg:-166, charge type:1, power sharing:false, high voltage charger:false, capacity:322000, current_now:-170
10-19 13:26:05.645 D/BatteryService( 3583): Sending ACTION_BATTERY_CHANGED.
10-19 13:26:05.650 I/MotionRecognitionService( 3583): Plugged
10-19 13:26:05.650 I/MotionRecognitionService( 3583): setPowerConnected  = true
10-19 13:26:05.655 D/KeyguardUpdateMonitor( 3756): received broadcast android.intent.action.BATTERY_CHANGED
10-19 13:26:05.655 D/KeyguardUpdateMonitor( 3756): handleBatteryUpdate
10-19 13:26:05.655 D/KeyguardFestivalEffect( 3756): onReceive: android.intent.action.BATTERY_CHANGED
10-19 13:26:05.660 D/STATUSBAR-PhoneStatusBar( 3756):  mBrightnessEnablebySettings = true mBrightnessEnablebyBattery = true mBrightnessEnablebyDisableFlag = true mPmsBrightnessEnablebySettings = true
10-19 13:26:05.665 I/BusinessExecutor( 4098): registered Task#33824 : PowerInfoEventSource$1
10-19 13:26:05.665 I/BusinessExecutor( 4098): Task#33824 : #run() called
10-19 13:26:05.665 I/BusinessExecutor( 4098): Task#33824 : #run() ended
10-19 13:26:05.665 D/BatteryMeterView( 3756): ACTION_BATTERY_CHANGED : level:43 status:2 health:2
10-19 13:26:05.665 D/BatteryMeterView( 3756): ACTION_BATTERY_CHANGED : level:43 status:2 health:2
10-19 13:26:05.665 D/BatteryMeterView( 3756): ACTION_BATTERY_CHANGED : level:43 status:2 health:2
10-19 13:26:05.670 D/ClientService( 4999): Battery State Change,  status: 2
10-19 13:26:05.670 D/ClientService( 4999): Battery State Change,  Plugged: 2
10-19 13:26:05.670 D/ClientService( 4999): Battery State Change,  level: 43
10-19 13:26:05.670 D/ClientService( 4999): Battery State Change,  scale: 100
10-19 13:26:05.730 D/SSRM:n  ( 3583): SIOP:: AP = 310, PST = 310, CUR = -166
10-19 13:26:05.750 D/libgps  ( 3583): OnGpsExtensionMessage: message_id(1), data(0x9ca0c838), size(2432)
10-19 13:26:05.750 D/libgps  ( 3583): proxy__gps_sv_status_cb : called
10-19 13:26:05.755 I/PassiveLocTracker( 3583): GPS Satllite Status
10-19 13:26:06.740 D/libgps  ( 3583): OnGpsExtensionMessage: message_id(1), data(0x9ca0c838), size(2432)
10-19 13:26:06.740 D/libgps  ( 3583): proxy__gps_sv_status_cb : called
10-19 13:26:06.745 I/PassiveLocTracker( 3583): GPS Satllite Status
10-19 13:26:07.745 D/libgps  ( 3583): OnGpsExtensionMessage: message_id(1), data(0x9ca0c838), size(2432)
10-19 13:26:07.745 D/libgps  ( 3583): proxy__gps_sv_status_cb : called
10-19 13:26:07.745 I/PassiveLocTracker( 3583): GPS Satllite Status
10-19 13:26:08.750 D/libgps  ( 3583): OnGpsExtensionMessage: message_id(1), data(0x9ca0c838), size(2432)
10-19 13:26:08.750 D/libgps  ( 3583): proxy__gps_sv_status_cb : called
10-19 13:26:08.750 I/PassiveLocTracker( 3583): GPS Satllite Status
10-19 13:26:09.745 D/libgps  ( 3583): OnGpsExtensionMessage: message_id(1), data(0x9ca0c838), size(2432)
10-19 13:26:09.745 D/libgps  ( 3583): proxy__gps_sv_status_cb : called
10-19 13:26:09.745 I/PassiveLocTracker( 3583): GPS Satllite Status
10-19 13:26:10.740 D/libgps  ( 3583): OnGpsExtensionMessage: message_id(1), data(0x9ca0c838), size(2432)
10-19 13:26:10.740 D/libgps  ( 3583): proxy__gps_sv_status_cb : called
10-19 13:26:10.740 I/PassiveLocTracker( 3583): GPS Satllite Status
10-19 13:26:11.745 D/libgps  ( 3583): OnGpsExtensionMessage: message_id(1), data(0x9ca0c838), size(2432)
10-19 13:26:11.745 D/libgps  ( 3583): proxy__gps_sv_status_cb : called
10-19 13:26:11.745 I/PassiveLocTracker( 3583): GPS Satllite Status
10-19 13:26:12.740 D/libgps  ( 3583): OnGpsExtensionMessage: message_id(1), data(0x9ca0c838), size(2432)
10-19 13:26:12.740 D/libgps  ( 3583): proxy__gps_sv_status_cb : called
10-19 13:26:12.740 I/PassiveLocTracker( 3583): GPS Satllite Status
10-19 13:26:13.750 D/libgps  ( 3583): OnGpsExtensionMessage: message_id(1), data(0x9ca0c838), size(2432)
10-19 13:26:13.750 D/libgps  ( 3583): proxy__gps_sv_status_cb : called
10-19 13:26:13.750 I/PassiveLocTracker( 3583): GPS Satllite Status
10-19 13:26:14.745 D/libgps  ( 3583): OnGpsExtensionMessage: message_id(1), data(0x9ca0c838), size(2432)
10-19 13:26:14.745 D/libgps  ( 3583): proxy__gps_sv_status_cb : called
10-19 13:26:14.750 I/PassiveLocTracker( 3583): GPS Satllite Status
10-19 13:26:15.730 D/libgps  ( 3583): OnGpsExtensionMessage: message_id(1), data(0x9ca0c838), size(2432)
10-19 13:26:15.730 D/libgps  ( 3583): proxy__gps_sv_status_cb : called
10-19 13:26:15.730 I/PassiveLocTracker( 3583): GPS Satllite Status
10-19 13:26:15.740 D/SSRM:n  ( 3583): SIOP:: AP = 310, PST = 310, CUR = -167
10-19 13:26:15.750 D/BatteryService( 3583): !@BatteryListener : batteryPropertiesChanged!
10-19 13:26:15.750 D/BatteryService( 3583): level:43, scale:100, status:2, health:2, present:true, voltage: 3963, temperature: 314, technology: Li-ion, AC powered:false, USB powered:true, Wireless powered:false, icon:17303721, invalid charger:0
10-19 13:26:15.750 D/BatteryService( 3583): online:4, current avg:-167, charge type:1, power sharing:false, high voltage charger:false, capacity:322000, current_now:-287
10-19 13:26:15.750 D/BatteryService( 3583): Sending ACTION_BATTERY_CHANGED.
10-19 13:26:15.750 I/MotionRecognitionService( 3583): Plugged
10-19 13:26:15.750 I/MotionRecognitionService( 3583): setPowerConnected  = true
10-19 13:26:15.755 D/KeyguardUpdateMonitor( 3756): received broadcast android.intent.action.BATTERY_CHANGED
10-19 13:26:15.755 D/KeyguardUpdateMonitor( 3756): handleBatteryUpdate
