--------- beginning of system
10-19 13:15:23.800 D/PowerService( 3898): isACConnected: false, isFastChargerType: false, isCharging: true, isFastChargerConnected: false
10-19 13:15:23.810 D/LEDHandler( 3898): ACTION_BATTERY_CHANGED : plugged type=2
10-19 13:15:23.810 D/LEDHandler( 3898): Battery Level Remaining: 96%
10-19 13:15:23.810 D/LEDHandler( 3898): Battery Temp: 312, mChargingStatus=2, mChargingStop=false
10-19 13:15:23.810 D/WifiController( 1145): battery changed pluggedType: 2
10-19 13:15:26.780 D/PowerService( 3898): isACConnected: false, isFastChargerType: false, isCharging: true, isFastChargerConnected: false
10-19 13:15:59.990 D/PowerManagerServiceEx( 1145): acquireWakeLockInternal: lock=145193235, flags=0x40000001, tag="*alarm*", ws=WorkSource{1000}, historyTag=*alarm*:android.intent.action.TIME_TICK, uid=1000, pid=1145
10-19 13:16:00.010 D/PowerManagerServiceEx( 1145): releaseWakeLockInternal: lock=145193235 [*alarm*], flags=0x0
10-19 13:16:26.790 D/PowerService( 3898): isACConnected: false, isFastChargerType: false, isCharging: true, isFastChargerConnected: false
10-19 13:16:40.330 D/WifiServiceImplEx( 1145): acquireWifiLock pid=5864, uid=10008, packageName=com.google.uid.shared:10008, tag=NlpWifiLock
10-19 13:16:40.330 D/WifiServiceImplEx( 1145): startScan pid=5864, uid=10008, packageName=com.google.uid.shared:10008
10-19 13:16:43.720 D/WifiServiceImplEx( 1145): releaseWifiLock pid=5864, uid=10008, packageName=com.google.uid.shared:10008
10-19 13:16:47.320 D/PowerService( 3898): isACConnected: false, isFastChargerType: false, isCharging: true, isFastChargerConnected: false
10-19 13:16:47.330 D/WifiController( 1145): battery changed pluggedType: 2
10-19 13:16:47.330 D/LEDHandler( 3898): ACTION_BATTERY_CHANGED : plugged type=2
10-19 13:16:47.330 D/LEDHandler( 3898): Battery Level Remaining: 97%
10-19 13:16:47.330 V/LEDService( 3898): stopInternal(), pkg=batteryinfo, id=0
10-19 13:16:47.330 D/LEDHandler( 3898): Battery Temp: 312, mChargingStatus=2, mChargingStop=false
10-19 13:16:59.990 D/PowerManagerServiceEx( 1145): acquireWakeLockInternal: lock=145193235, flags=0x40000001, tag="*alarm*", ws=WorkSource{1000}, historyTag=*alarm*:android.intent.action.TIME_TICK, uid=1000, pid=1145
10-19 13:17:00.010 D/PowerManagerServiceEx( 1145): releaseWakeLockInternal: lock=145193235 [*alarm*], flags=0x0
10-19 13:17:18.970 V/AlarmManager( 1145): ELAPSED_WAKEUP set : Alarm{3fdbbc8a type 2 when 425435628 com.google.android.gms} when 425435628
10-19 13:17:18.970 D/WifiServiceImplEx( 1145): acquireWifiLock pid=5864, uid=10008, packageName=com.google.uid.shared:10008, tag=NlpWifiLock
10-19 13:17:18.970 D/WifiServiceImplEx( 1145): startScan pid=5864, uid=10008, packageName=com.google.uid.shared:10008
10-19 13:17:19.300 W/ActivityManager( 1145): getRecentTasks: caller 10147 does not hold GET_TASKS; limiting output
10-19 13:17:19.310 D/PowerService( 3898): isACConnected: false, isFastChargerType: false, isCharging: true, isFastChargerConnected: false
10-19 13:17:20.620 D/PowerService( 3898): isACConnected: false, isFastChargerType: false, isCharging: true, isFastChargerConnected: false
10-19 13:17:22.300 D/WifiServiceImplEx( 1145): releaseWifiLock pid=5864, uid=10008, packageName=com.google.uid.shared:10008
10-19 13:17:25.060 D/PowerService( 3898): isACConnected: false, isFastChargerType: false, isCharging: true, isFastChargerConnected: false
10-19 13:17:26.790 D/PowerService( 3898): isACConnected: false, isFastChargerType: false, isCharging: true, isFastChargerConnected: false
10-19 13:18:00.000 D/PowerManagerServiceEx( 1145): acquireWakeLockInternal: lock=145193235, flags=0x40000001, tag="*alarm*", ws=WorkSource{1000}, historyTag=*alarm*:android.intent.action.TIME_TICK, uid=1000, pid=1145
10-19 13:18:00.010 D/PowerManagerServiceEx( 1145): releaseWakeLockInternal: lock=145193235 [*alarm*], flags=0x0
10-19 13:18:19.760 D/PowerService( 3898): isACConnected: false, isFastChargerType: false, isCharging: true, isFastChargerConnected: false
10-19 13:18:21.240 D/PowerService( 3898): isACConnected: false, isFastChargerType: false, isCharging: true, isFastChargerConnected: false
10-19 13:18:26.780 D/PowerService( 3898): isACConnected: false, isFastChargerType: false, isCharging: true, isFastChargerConnected: false
10-19 13:18:31.590 D/PowerService( 3898): isACConnected: false, isFastChargerType: false, isCharging: true, isFastChargerConnected: false
10-19 13:18:31.610 D/LEDHandler( 3898): ACTION_BATTERY_CHANGED : plugged type=2
10-19 13:18:31.610 D/LEDHandler( 3898): Battery Level Remaining: 97%
10-19 13:18:31.610 D/LEDHandler( 3898): Battery Temp: 312, mChargingStatus=2, mChargingStop=false
10-19 13:18:31.620 D/WifiController( 1145): battery changed pluggedType: 2
10-19 13:18:59.360 D/PowerService( 3898): isACConnected: false, isFastChargerType: false, isCharging: true, isFastChargerConnected: false
10-19 13:18:59.370 D/LEDHandler( 3898): ACTION_BATTERY_CHANGED : plugged type=2
10-19 13:18:59.370 D/LEDHandler( 3898): Battery Level Remaining: 98%
10-19 13:18:59.370 V/LEDService( 3898): stopInternal(), pkg=batteryinfo, id=0
10-19 13:18:59.370 D/LEDHandler( 3898): Battery Temp: 312, mChargingStatus=2, mChargingStop=false
10-19 13:18:59.380 D/WifiController( 1145): battery changed pluggedType: 2
10-19 13:18:59.990 D/PowerManagerServiceEx( 1145): acquireWakeLockInternal: lock=145193235, flags=0x40000001, tag="*alarm*", ws=WorkSource{1000}, historyTag=*alarm*:android.intent.action.TIME_TICK, uid=1000, pid=1145
10-19 13:19:00.010 D/PowerManagerServiceEx( 1145): releaseWakeLockInternal: lock=145193235 [*alarm*], flags=0x0
10-19 13:19:26.790 D/PowerService( 3898): isACConnected: false, isFastChargerType: false, isCharging: true, isFastChargerConnected: false
10-19 13:19:26.800 D/WifiController( 1145): battery changed pluggedType: 2
10-19 13:19:26.800 D/LEDHandler( 3898): ACTION_BATTERY_CHANGED : plugged type=2
10-19 13:19:26.800 D/LEDHandler( 3898): Battery Level Remaining: 98%
10-19 13:19:26.800 D/LEDHandler( 3898): Battery Temp: 312, mChargingStatus=2, mChargingStop=false
10-19 13:19:59.990 D/PowerManagerServiceEx( 1145): acquireWakeLockInternal: lock=145193235, flags=0x40000001, tag="*alarm*", ws=WorkSource{1000}, historyTag=*alarm*:android.intent.action.TIME_TICK, uid=1000, pid=1145
10-19 13:20:00.010 D/PowerManagerServiceEx( 1145): releaseWakeLockInternal: lock=145193235 [*alarm*], flags=0x0
10-19 13:20:26.790 D/PowerService( 3898): isACConnected: false, isFastChargerType: false, isCharging: true, isFastChargerConnected: false
10-19 13:20:26.800 D/LEDHandler( 3898): ACTION_BATTERY_CHANGED : plugged type=2
10-19 13:20:26.800 D/LEDHandler( 3898): Battery Level Remaining: 98%
10-19 13:20:26.800 D/LEDHandler( 3898): Battery Temp: 312, mChargingStatus=2, mChargingStop=false
10-19 13:20:26.800 D/WifiController( 1145): battery changed pluggedType: 2
10-19 13:21:00.000 D/PowerManagerServiceEx( 1145): acquireWakeLockInternal: lock=145193235, flags=0x40000001, tag="*alarm*", ws=WorkSource{1000}, historyTag=*alarm*:android.intent.action.TIME_TICK, uid=1000, pid=1145
10-19 13:21:00.000 I/ActivityManager( 1145): Killing 9646:com.google.android.googlequicksearchbox:search/u0a66 (adj 15): empty for 1809s
10-19 13:21:00.110 I/ActivityManager( 1145): Killing 9729:com.lge.appbox.client/u0a22 (adj 15): empty for 1810s
10-19 13:21:00.320 I/ActivityManager( 1145): Killing 9695:com.google.android.talk/u0a142 (adj 15): empty for 1810s
10-19 13:21:00.540 I/ActivityManager( 1145): Killing 9669:com.google.android.partnersetup/u0a6 (adj 15): empty for 1810s
10-19 13:21:00.750 I/ActivityManager( 1145): Killing 9504:com.android.defcontainer/u0a2 (adj 15): empty for 1810s
10-19 13:21:00.960 I/ActivityManager( 1145): Killing 9561:com.lge.sync/1000 (adj 15): empty for 1820s
10-19 13:21:01.070 I/ActivityManager( 1145): Killing 9221:com.wsandroid.suite.lge/1000 (adj 15): empty for 1820s
10-19 13:21:01.180 I/ActivityManager( 1145): Killing 9610:com.lge.mirrorlink/1000 (adj 15): empty for 1820s
10-19 13:21:01.400 I/ActivityManager( 1145): Killing 9584:com.android.settings/1000 (adj 15): empty for 1820s
10-19 13:21:01.610 I/ActivityManager( 1145): Killing 9474:com.skt.skaf.A000Z00040/u0a60 (adj 15): empty for 1821s
10-19 13:21:01.780 D/PowerManagerServiceEx( 1145): releaseWakeLockInternal: lock=145193235 [*alarm*], flags=0x0
10-19 13:21:26.790 D/PowerService( 3898): isACConnected: false, isFastChargerType: false, isCharging: true, isFastChargerConnected: false
10-19 13:21:26.790 D/LEDHandler( 3898): ACTION_BATTERY_CHANGED : plugged type=2
10-19 13:21:26.790 D/LEDHandler( 3898): Battery Level Remaining: 98%
10-19 13:21:26.790 D/LEDHandler( 3898): Battery Temp: 312, mChargingStatus=2, mChargingStop=false
10-19 13:21:26.800 D/WifiController( 1145): battery changed pluggedType: 2
10-19 13:21:43.740 V/AlarmManager( 1145): RTC_WAKEUP set : Alarm{2f8dc08c type 0 when 1445228439004 com.google.android.gms} when 1445228439004
10-19 13:21:43.750 V/AlarmManager( 1145): ELAPSED_WAKEUP set : Alarm{284dd3d5 type 2 when 425719020 com.google.android.gms} when 425719020
10-19 13:21:43.760 I/ProcessStatsService( 1145): Prepared write state in 10ms
10-19 13:21:43.780 D/WifiServiceImplEx( 1145): acquireWifiLock pid=5864, uid=10008, packageName=com.google.uid.shared:10008, tag=NlpWifiLock
10-19 13:21:43.860 D/WifiServiceImplEx( 1145): releaseWifiLock pid=5864, uid=10008, packageName=com.google.uid.shared:10008
10-19 13:21:44.190 D/NetworkManagementService( 1145): onDataConnectionRealTimeInfoChanged: mTime=425719488184682 mDcPowerState=3
10-19 13:21:46.310 I/ActivityManager( 1145): Start proc 10679:com.google.android.googlequicksearchbox:search/u0a66 for broadcast com.google.android.googlequicksearchbox/com.google.android.search.core.UdcSettingBroadcastReceiver
10-19 13:21:46.500 I/ActivityManager( 1145): Start proc 10702:com.google.android.partnersetup/u0a6 for content provider com.google.android.partnersetup/.RlzAppProvider
10-19 13:21:46.550 I/ActivityManager( 1145): Killing 9754:com.android.gallery3d/u0a29 (adj 15): empty for 1856s
10-19 13:21:46.800 D/PowerService( 3898): isACConnected: false, isFastChargerType: false, isCharging: true, isFastChargerConnected: false
10-19 13:21:48.280 D/PowerService( 3898): isACConnected: false, isFastChargerType: false, isCharging: true, isFastChargerConnected: false
10-19 13:21:48.850 I/ActivityManager( 1145): Killing 9776:com.lge.lockscreensettings/1000 (adj 15): empty for 1858s
10-19 13:21:55.680 D/PowerService( 3898): isACConnected: false, isFastChargerType: false, isCharging: true, isFastChargerConnected: false
10-19 13:21:59.760 D/NetworkManagementService( 1145): onDataConnectionRealTimeInfoChanged: mTime=425735051405874 mDcPowerState=1
10-19 13:21:59.990 D/PowerManagerServiceEx( 1145): acquireWakeLockInternal: lock=145193235, flags=0x40000001, tag="*alarm*", ws=WorkSource{1000}, historyTag=*alarm*:android.intent.action.TIME_TICK, uid=1000, pid=1145
10-19 13:22:00.000 D/PowerManagerServiceEx( 1145): releaseWakeLockInternal: lock=145193235 [*alarm*], flags=0x0
10-19 13:22:26.790 D/PowerService( 3898): isACConnected: false, isFastChargerType: false, isCharging: true, isFastChargerConnected: false
10-19 13:22:26.800 D/LEDHandler( 3898): ACTION_BATTERY_CHANGED : plugged type=2
10-19 13:22:26.800 D/LEDHandler( 3898): Battery Level Remaining: 98%
10-19 13:22:26.800 D/LEDHandler( 3898): Battery Temp: 313, mChargingStatus=2, mChargingStop=false
10-19 13:22:26.800 D/WifiController( 1145): battery changed pluggedType: 2
10-19 13:22:40.360 D/PowerService( 3898): isACConnected: false, isFastChargerType: false, isCharging: true, isFastChargerConnected: false
10-19 13:22:40.370 D/WifiController( 1145): battery changed pluggedType: 2
10-19 13:22:40.370 D/LEDHandler( 3898): ACTION_BATTERY_CHANGED : plugged type=2
10-19 13:22:40.370 D/LEDHandler( 3898): Battery Level Remaining: 99%
10-19 13:22:40.370 V/LEDService( 3898): stopInternal(), pkg=batteryinfo, id=0
10-19 13:22:40.370 D/LEDHandler( 3898): Battery Temp: 313, mChargingStatus=2, mChargingStop=false
10-19 13:22:59.990 D/PowerManagerServiceEx( 1145): acquireWakeLockInternal: lock=145193235, flags=0x40000001, tag="*alarm*", ws=WorkSource{1000}, historyTag=*alarm*:android.intent.action.TIME_TICK, uid=1000, pid=1145
10-19 13:23:00.010 D/PowerManagerServiceEx( 1145): releaseWakeLockInternal: lock=145193235 [*alarm*], flags=0x0
10-19 13:23:26.790 D/PowerService( 3898): isACConnected: false, isFastChargerType: false, isCharging: true, isFastChargerConnected: false
10-19 13:23:59.990 D/PowerManagerServiceEx( 1145): acquireWakeLockInternal: lock=145193235, flags=0x40000001, tag="*alarm*", ws=WorkSource{1000}, historyTag=*alarm*:android.intent.action.TIME_TICK, uid=1000, pid=1145
10-19 13:24:00.010 D/PowerManagerServiceEx( 1145): releaseWakeLockInternal: lock=145193235 [*alarm*], flags=0x0
10-19 13:24:26.790 D/PowerService( 3898): isACConnected: false, isFastChargerType: false, isCharging: true, isFastChargerConnected: false
10-19 13:24:26.800 D/LEDHandler( 3898): ACTION_BATTERY_CHANGED : plugged type=2
10-19 13:24:26.800 D/LEDHandler( 3898): Battery Level Remaining: 99%
10-19 13:24:26.800 D/LEDHandler( 3898): Battery Temp: 313, mChargingStatus=2, mChargingStop=false
10-19 13:24:26.800 D/WifiController( 1145): battery changed pluggedType: 2
10-19 13:24:59.990 D/PowerManagerServiceEx( 1145): acquireWakeLockInternal: lock=145193235, flags=0x40000001, tag="*alarm*", ws=WorkSource{1000}, historyTag=*alarm*:android.intent.action.TIME_TICK, uid=1000, pid=1145
10-19 13:25:00.010 D/PowerManagerServiceEx( 1145): releaseWakeLockInternal: lock=145193235 [*alarm*], flags=0x0
10-19 13:25:26.780 D/PowerService( 3898): isACConnected: false, isFastChargerType: false, isCharging: true, isFastChargerConnected: false
10-19 13:25:26.800 D/WifiController( 1145): battery changed pluggedType: 2
10-19 13:25:26.800 D/LEDHandler( 3898): ACTION_BATTERY_CHANGED : plugged type=2
10-19 13:25:26.800 D/LEDHandler( 3898): Battery Level Remaining: 99%
10-19 13:25:26.800 D/LEDHandler( 3898): Battery Temp: 312, mChargingStatus=2, mChargingStop=false
10-19 13:25:47.650 D/NetworkManagementService( 1145): onDataConnectionRealTimeInfoChanged: mTime=425962947691516 mDcPowerState=3
10-19 13:25:47.860 D/PowerService( 3898): isACConnected: false, isFastChargerType: false, isCharging: true, isFastChargerConnected: false
10-19 13:25:47.870 D/LEDHandler( 3898): ACTION_BATTERY_CHANGED : plugged type=2
10-19 13:25:47.870 D/LEDHandler( 3898): Battery Level Remaining: 99%
10-19 13:25:47.870 D/LEDHandler( 3898): Battery Temp: 312, mChargingStatus=2, mChargingStop=false
10-19 13:25:47.870 D/WifiController( 1145): battery changed pluggedType: 2
10-19 13:25:49.330 D/PowerService( 3898): isACConnected: false, isFastChargerType: false, isCharging: true, isFastChargerConnected: false
10-19 13:25:59.980 D/NetworkManagementService( 1145): onDataConnectionRealTimeInfoChanged: mTime=425975278484845 mDcPowerState=1
10-19 13:26:00.000 D/PowerManagerServiceEx( 1145): acquireWakeLockInternal: lock=145193235, flags=0x40000001, tag="*alarm*", ws=WorkSource{1000}, historyTag=*alarm*:android.intent.action.TIME_TICK, uid=1000, pid=1145
10-19 13:26:00.010 D/PowerManagerServiceEx( 1145): releaseWakeLockInternal: lock=145193235 [*alarm*], flags=0x0
10-19 13:26:26.790 D/PowerService( 3898): isACConnected: false, isFastChargerType: false, isCharging: true, isFastChargerConnected: false
10-19 13:26:26.800 D/LEDHandler( 3898): ACTION_BATTERY_CHANGED : plugged type=2
10-19 13:26:26.800 D/LEDHandler( 3898): Battery Level Remaining: 99%
10-19 13:26:26.800 D/LEDHandler( 3898): Battery Temp: 312, mChargingStatus=2, mChargingStop=false
10-19 13:26:26.800 D/WifiController( 1145): battery changed pluggedType: 2
10-19 13:26:44.150 V/AlarmManager( 1145): RTC_WAKEUP set : Alarm{18d4577 type 0 when 1445228704791 com.google.android.gms} when 1445228704791
10-19 13:26:44.150 V/AlarmManager( 1145): ELAPSED_WAKEUP set : Alarm{255b05e4 type 2 when 426019080 com.google.android.gms} when 426019080
10-19 13:26:44.180 D/WifiServiceImplEx( 1145): acquireWifiLock pid=5864, uid=10008, packageName=com.google.uid.shared:10008, tag=NlpWifiLock
10-19 13:26:44.270 D/WifiServiceImplEx( 1145): releaseWifiLock pid=5864, uid=10008, packageName=com.google.uid.shared:10008
10-19 13:26:48.480 D/NetworkManagementService( 1145): onDataConnectionRealTimeInfoChanged: mTime=426023771152327 mDcPowerState=3
10-19 13:26:59.990 D/PowerManagerServiceEx( 1145): acquireWakeLockInternal: lock=145193235, flags=0x40000001, tag="*alarm*", ws=WorkSource{1000}, historyTag=*alarm*:android.intent.action.TIME_TICK, uid=1000, pid=1145
10-19 13:27:00.010 D/PowerManagerServiceEx( 1145): releaseWakeLockInternal: lock=145193235 [*alarm*], flags=0x0
10-19 13:27:00.420 D/NetworkManagementService( 1145): onDataConnectionRealTimeInfoChanged: mTime=426035716484197 mDcPowerState=1
10-19 13:27:26.790 D/PowerService( 3898): isACConnected: false, isFastChargerType: false, isCharging: true, isFastChargerConnected: false
10-19 13:28:00.000 D/PowerManagerServiceEx( 1145): acquireWakeLockInternal: lock=145193235, flags=0x40000001, tag="*alarm*", ws=WorkSource{1000}, historyTag=*alarm*:android.intent.action.TIME_TICK, uid=1000, pid=1145
10-19 13:28:00.010 D/PowerManagerServiceEx( 1145): releaseWakeLockInternal: lock=145193235 [*alarm*], flags=0x0
10-19 13:28:10.880 V/AlarmManager( 1145): ELAPSED_WAKEUP set : Alarm{6fa5605 type 2 when 426106165 com.skmc.okcashbag.home_google} when 426106165
10-19 13:28:10.970 W/ActivityManager( 1145): getRecentTasks: caller 10147 does not hold GET_TASKS; limiting output
10-19 13:28:26.790 D/PowerService( 3898): isACConnected: false, isFastChargerType: false, isCharging: true, isFastChargerConnected: false
10-19 13:28:26.800 D/LEDHandler( 3898): ACTION_BATTERY_CHANGED : plugged type=2
10-19 13:28:26.800 D/LEDHandler( 3898): Battery Level Remaining: 99%
10-19 13:28:26.800 D/LEDHandler( 3898): Battery Temp: 309, mChargingStatus=2, mChargingStop=false
10-19 13:28:26.800 D/WifiController( 1145): battery changed pluggedType: 2
--------- beginning of main
10-19 13:28:35.300 D/GpsLocationProvider( 1145): sv: 5 snr: 1.4300001 elev: 16.0 azimuth: 230.0   AU
10-19 13:28:35.300 D/GpsLocationProvider( 1145): sv: 12 snr: 1.72 elev: 23.0 azimuth: 296.0   AU
10-19 13:28:35.300 D/GpsLocationProvider( 1145): sv: 3 snr: 0.0 elev: 5.0 azimuth: 47.0   A
10-19 13:28:35.300 D/GpsLocationProvider( 1145): sv: 6 snr: 0.0 elev: 64.0 azimuth: 344.0   A
10-19 13:28:35.300 D/GpsLocationProvider( 1145): sv: 9 snr: 0.0 elev: 41.0 azimuth: 105.0   A
10-19 13:28:35.300 D/GpsLocationProvider( 1145): sv: 11 snr: 0.0 elev: 0.0 azimuth: 0.0   A
10-19 13:28:35.300 D/GpsLocationProvider( 1145): sv: 17 snr: 0.0 elev: 54.0 azimuth: 143.0   A
10-19 13:28:35.300 D/GpsLocationProvider( 1145): sv: 84 snr: 1.5699999 elev: 35.0 azimuth: 327.0    
10-19 13:28:35.300 D/GpsLocationProvider( 1145): sv: 74 snr: 0.0 elev: 0.0 azimuth: 0.0    
10-19 13:28:35.300 D/GpsLocationProvider( 1145): sv: 82 snr: 0.0 elev: 22.0 azimuth: 120.0    
10-19 13:28:35.300 D/GpsLocationProvider( 1145): sv: 75 snr: 0.0 elev: 2.0 azimuth: 326.0   A
10-19 13:28:35.300 D/GpsLocationProvider( 1145): sv: 69 snr: 0.0 elev: 52.0 azimuth: 203.0   AU
10-19 13:28:35.300 D/GpsLocationProvider( 1145): sv: 83 snr: 0.0 elev: 68.0 azimuth: 60.0    
10-19 13:28:35.300 D/GpsLocationProvider( 1145): sv: 67 snr: 0.0 elev: 14.0 azimuth: 30.0   A
10-19 13:28:35.300 D/GpsLocationProvider( 1145): sv: 68 snr: 0.0 elev: 68.0 azimuth: 40.0    
10-19 13:28:35.300 D/GpsLocationProvider( 1145): sv: 202 snr: 0.0 elev: 24.0 azimuth: 240.0    
10-19 13:28:35.300 D/GpsLocationProvider( 1145): sv: 203 snr: 0.0 elev: 42.0 azimuth: 205.0   A
10-19 13:28:35.300 D/GpsLocationProvider( 1145): sv: 204 snr: 0.0 elev: 33.0 azimuth: 132.0   AU
10-19 13:28:35.300 D/GpsLocationProvider( 1145): sv: 205 snr: 0.0 elev: 8.0 azimuth: 257.0    
10-19 13:28:35.300 D/GpsLocationProvider( 1145): sv: 206 snr: 0.0 elev: 53.0 azimuth: 208.0    
10-19 13:28:35.300 D/GpsLocationProvider( 1145): sv: 208 snr: 0.0 elev: 79.0 azimuth: 95.0    
10-19 13:28:35.300 D/GpsLocationProvider( 1145): sv: 209 snr: 0.0 elev: 26.0 azimuth: 212.0   A
10-19 13:28:36.070 D/[SystemUI]1( 3333): onSignalStrengthsChanged signalStrength=SignalStrength: 99 0 -120 -160 -120 -1 -1 31 -67 -10 256 2147483647 2147483647 2147483647 2147483647 gsm|lte 14 0 level=4
10-19 13:28:36.070 D/[SystemUI]NetworkController( 3333): updateTelephonySignalStrength: hasService=true ss=SignalStrength: 99 0 -120 -160 -120 -1 -1 31 -67 -10 256 2147483647 2147483647 2147483647 2147483647 gsm|lte 14 0
10-19 13:28:36.070 D/PhoneInterfaceManager( 4151): [PhoneIntfMgr] mSigLevel = 4
10-19 13:28:36.080 I/[SystemUI]NetworkController( 3333): onReceive: intent=Intent { act=android.intent.action.SIG_STR flg=0x20000010 (has extras) }
10-19 13:28:36.080 D/LGSubScriptionUtilsWrapper_MR1( 4151): getSubIdUsingSlotId() slotId:0 -> subId:1
10-19 13:28:36.300 D/GpsLocationProvider( 1145): SV count: 23 ephemerisMask: 0 almanacMask: 10d36
10-19 13:28:36.300 D/GpsLocationProvider( 1145): sv: 2 snr: 1.95 elev: 36.0 azimuth: 295.0   AU
10-19 13:28:36.300 D/GpsLocationProvider( 1145): sv: 5 snr: 1.4300001 elev: 16.0 azimuth: 230.0   AU
10-19 13:28:36.300 D/GpsLocationProvider( 1145): sv: 12 snr: 1.8399999 elev: 23.0 azimuth: 296.0   AU
10-19 13:28:36.300 D/GpsLocationProvider( 1145): sv: 3 snr: 0.0 elev: 5.0 azimuth: 47.0   A
10-19 13:28:36.300 D/GpsLocationProvider( 1145): sv: 6 snr: 0.0 elev: 64.0 azimuth: 344.0   A
10-19 13:28:36.300 D/GpsLocationProvider( 1145): sv: 9 snr: 0.0 elev: 41.0 azimuth: 105.0   A
10-19 13:28:36.300 D/GpsLocationProvider( 1145): sv: 11 snr: 0.0 elev: 0.0 azimuth: 0.0   A
10-19 13:28:36.300 D/GpsLocationProvider( 1145): sv: 17 snr: 0.0 elev: 54.0 azimuth: 143.0   A
10-19 13:28:36.300 D/GpsLocationProvider( 1145): sv: 84 snr: 1.5699999 elev: 35.0 azimuth: 327.0    
10-19 13:28:36.300 D/GpsLocationProvider( 1145): sv: 74 snr: 0.0 elev: 0.0 azimuth: 0.0    
10-19 13:28:36.300 D/GpsLocationProvider( 1145): sv: 82 snr: 0.0 elev: 22.0 azimuth: 120.0    
10-19 13:28:36.300 D/GpsLocationProvider( 1145): sv: 75 snr: 0.0 elev: 2.0 azimuth: 326.0   A
10-19 13:28:36.300 D/GpsLocationProvider( 1145): sv: 69 snr: 0.0 elev: 52.0 azimuth: 203.0   AU
10-19 13:28:36.300 D/GpsLocationProvider( 1145): sv: 83 snr: 0.0 elev: 68.0 azimuth: 60.0    
10-19 13:28:36.300 D/GpsLocationProvider( 1145): sv: 67 snr: 0.0 elev: 14.0 azimuth: 30.0   A
10-19 13:28:36.300 D/GpsLocationProvider( 1145): sv: 68 snr: 0.0 elev: 68.0 azimuth: 40.0    
10-19 13:28:36.300 D/GpsLocationProvider( 1145): sv: 202 snr: 0.0 elev: 24.0 azimuth: 240.0    
10-19 13:28:36.300 D/GpsLocationProvider( 1145): sv: 203 snr: 0.0 elev: 42.0 azimuth: 205.0   A
10-19 13:28:36.300 D/GpsLocationProvider( 1145): sv: 204 snr: 0.0 elev: 33.0 azimuth: 132.0   AU
10-19 13:28:36.300 D/GpsLocationProvider( 1145): sv: 205 snr: 0.0 elev: 8.0 azimuth: 257.0    
10-19 13:28:36.300 D/GpsLocationProvider( 1145): sv: 206 snr: 0.0 elev: 53.0 azimuth: 208.0    
10-19 13:28:36.300 D/GpsLocationProvider( 1145): sv: 208 snr: 0.0 elev: 79.0 azimuth: 95.0    
10-19 13:28:36.300 D/GpsLocationProvider( 1145): sv: 209 snr: 0.0 elev: 26.0 azimuth: 212.0   A
10-19 13:28:37.300 D/GpsLocationProvider( 1145): SV count: 23 ephemerisMask: 0 almanacMask: 10d36
10-19 13:28:37.300 D/GpsLocationProvider( 1145): sv: 2 snr: 2.1200001 elev: 36.0 azimuth: 295.0   AU
10-19 13:28:37.300 D/GpsLocationProvider( 1145): sv: 5 snr: 1.4300001 elev: 16.0 azimuth: 230.0   AU
10-19 13:28:37.300 D/GpsLocationProvider( 1145): sv: 12 snr: 1.97 elev: 23.0 azimuth: 296.0   AU
10-19 13:28:37.300 D/GpsLocationProvider( 1145): sv: 3 snr: 0.0 elev: 5.0 azimuth: 47.0   A
10-19 13:28:37.300 D/GpsLocationProvider( 1145): sv: 6 snr: 0.0 elev: 64.0 azimuth: 344.0   A
10-19 13:28:37.300 D/GpsLocationProvider( 1145): sv: 9 snr: 0.0 elev: 41.0 azimuth: 105.0   A
10-19 13:28:37.300 D/GpsLocationProvider( 1145): sv: 11 snr: 0.0 elev: 0.0 azimuth: 0.0   A
10-19 13:28:37.300 D/GpsLocationProvider( 1145): sv: 17 snr: 0.0 elev: 54.0 azimuth: 143.0   A
10-19 13:28:37.300 D/GpsLocationProvider( 1145): sv: 84 snr: 1.61 elev: 35.0 azimuth: 327.0    
10-19 13:28:37.300 D/GpsLocationProvider( 1145): sv: 74 snr: 0.0 elev: 0.0 azimuth: 0.0    
10-19 13:28:37.300 D/GpsLocationProvider( 1145): sv: 82 snr: 0.0 elev: 22.0 azimuth: 120.0    
10-19 13:28:37.300 D/GpsLocationProvider( 1145): sv: 75 snr: 0.0 elev: 2.0 azimuth: 326.0   A
10-19 13:28:37.300 D/GpsLocationProvider( 1145): sv: 69 snr: 0.0 elev: 52.0 azimuth: 203.0   AU
10-19 13:28:37.300 D/GpsLocationProvider( 1145): sv: 83 snr: 0.0 elev: 68.0 azimuth: 60.0    
10-19 13:28:37.300 D/GpsLocationProvider( 1145): sv: 67 snr: 0.0 elev: 14.0 azimuth: 30.0   A
10-19 13:28:37.300 D/GpsLocationProvider( 1145): sv: 68 snr: 0.0 elev: 68.0 azimuth: 40.0    
10-19 13:28:37.300 D/GpsLocationProvider( 1145): sv: 202 snr: 0.0 elev: 24.0 azimuth: 240.0    
10-19 13:28:37.300 D/GpsLocationProvider( 1145): sv: 203 snr: 0.0 elev: 42.0 azimuth: 205.0   A
10-19 13:28:37.300 D/GpsLocationProvider( 1145): sv: 204 snr: 0.0 elev: 33.0 azimuth: 132.0   AU
10-19 13:28:37.300 D/GpsLocationProvider( 1145): sv: 205 snr: 0.0 elev: 8.0 azimuth: 257.0    
10-19 13:28:37.300 D/GpsLocationProvider( 1145): sv: 206 snr: 0.0 elev: 53.0 azimuth: 208.0    
10-19 13:28:37.300 D/GpsLocationProvider( 1145): sv: 208 snr: 0.0 elev: 79.0 azimuth: 95.0    
10-19 13:28:37.300 D/GpsLocationProvider( 1145): sv: 209 snr: 0.0 elev: 26.0 azimuth: 212.0   A
10-19 13:28:38.300 D/GpsLocationProvider( 1145): SV count: 23 ephemerisMask: 0 almanacMask: 10d36
10-19 13:28:38.300 D/GpsLocationProvider( 1145): sv: 2 snr: 2.1200001 elev: 36.0 azimuth: 295.0   AU
10-19 13:28:38.300 D/GpsLocationProvider( 1145): sv: 5 snr: 1.6 elev: 16.0 azimuth: 230.0   AU
10-19 13:28:38.300 D/GpsLocationProvider( 1145): sv: 12 snr: 1.8799999 elev: 23.0 azimuth: 296.0   AU
10-19 13:28:38.300 D/GpsLocationProvider( 1145): sv: 3 snr: 0.0 elev: 5.0 azimuth: 47.0   A
10-19 13:28:38.300 D/GpsLocationProvider( 1145): sv: 6 snr: 0.0 elev: 64.0 azimuth: 344.0   A
10-19 13:28:38.300 D/GpsLocationProvider( 1145): sv: 9 snr: 0.0 elev: 41.0 azimuth: 105.0   A
10-19 13:28:38.300 D/GpsLocationProvider( 1145): sv: 11 snr: 0.0 elev: 0.0 azimuth: 0.0   A
10-19 13:28:38.300 D/GpsLocationProvider( 1145): sv: 17 snr: 0.0 elev: 54.0 azimuth: 143.0   A
10-19 13:28:38.300 D/GpsLocationProvider( 1145): sv: 84 snr: 1.61 elev: 35.0 azimuth: 327.0    
10-19 13:28:38.300 D/GpsLocationProvider( 1145): sv: 74 snr: 0.0 elev: 0.0 azimuth: 0.0    
10-19 13:28:38.300 D/GpsLocationProvider( 1145): sv: 82 snr: 0.0 elev: 22.0 azimuth: 120.0    
10-19 13:28:38.300 D/GpsLocationProvider( 1145): sv: 75 snr: 0.0 elev: 2.0 azimuth: 326.0   A
10-19 13:28:38.300 D/GpsLocationProvider( 1145): sv: 69 snr: 0.0 elev: 52.0 azimuth: 203.0   AU
10-19 13:28:38.300 D/GpsLocationProvider( 1145): sv: 83 snr: 0.0 elev: 68.0 azimuth: 60.0    
10-19 13:28:38.300 D/GpsLocationProvider( 1145): sv: 67 snr: 0.0 elev: 14.0 azimuth: 30.0   A
10-19 13:28:38.300 D/GpsLocationProvider( 1145): sv: 68 snr: 0.0 elev: 68.0 azimuth: 40.0    
10-19 13:28:38.300 D/GpsLocationProvider( 1145): sv: 202 snr: 0.0 elev: 24.0 azimuth: 240.0    
10-19 13:28:38.300 D/GpsLocationProvider( 1145): sv: 203 snr: 0.0 elev: 42.0 azimuth: 205.0   A
10-19 13:28:38.300 D/GpsLocationProvider( 1145): sv: 204 snr: 0.0 elev: 33.0 azimuth: 132.0   AU
10-19 13:28:38.300 D/GpsLocationProvider( 1145): sv: 205 snr: 0.0 elev: 8.0 azimuth: 257.0    
10-19 13:28:38.300 D/GpsLocationProvider( 1145): sv: 206 snr: 0.0 elev: 53.0 azimuth: 208.0    
10-19 13:28:38.300 D/GpsLocationProvider( 1145): sv: 208 snr: 0.0 elev: 79.0 azimuth: 95.0    
10-19 13:28:38.300 D/GpsLocationProvider( 1145): sv: 209 snr: 0.0 elev: 26.0 azimuth: 212.0   A
10-19 13:28:39.300 D/GpsLocationProvider( 1145): SV count: 23 ephemerisMask: 0 almanacMask: 10d36
10-19 13:28:39.300 D/GpsLocationProvider( 1145): sv: 2 snr: 2.16 elev: 36.0 azimuth: 295.0   AU
10-19 13:28:39.300 D/GpsLocationProvider( 1145): sv: 5 snr: 1.6 elev: 16.0 azimuth: 230.0   AU
10-19 13:28:39.300 D/GpsLocationProvider( 1145): sv: 12 snr: 2.1200001 elev: 23.0 azimuth: 296.0   AU
10-19 13:28:39.300 D/GpsLocationProvider( 1145): sv: 3 snr: 0.0 elev: 5.0 azimuth: 47.0   A
10-19 13:28:39.300 D/GpsLocationProvider( 1145): sv: 6 snr: 0.0 elev: 64.0 azimuth: 344.0   A
10-19 13:28:39.300 D/GpsLocationProvider( 1145): sv: 9 snr: 0.0 elev: 41.0 azimuth: 105.0   A
10-19 13:28:39.300 D/GpsLocationProvider( 1145): sv: 11 snr: 0.0 elev: 0.0 azimuth: 0.0   A
10-19 13:28:39.300 D/GpsLocationProvider( 1145): sv: 17 snr: 0.0 elev: 54.0 azimuth: 143.0   A
10-19 13:28:39.300 D/GpsLocationProvider( 1145): sv: 84 snr: 1.6600001 elev: 35.0 azimuth: 327.0    
10-19 13:28:39.300 D/GpsLocationProvider( 1145): sv: 74 snr: 0.0 elev: 0.0 azimuth: 0.0    
10-19 13:28:39.300 D/GpsLocationProvider( 1145): sv: 82 snr: 0.0 elev: 22.0 azimuth: 120.0    
10-19 13:28:39.300 D/GpsLocationProvider( 1145): sv: 75 snr: 0.0 elev: 2.0 azimuth: 326.0   A
10-19 13:28:39.300 D/GpsLocationProvider( 1145): sv: 69 snr: 0.0 elev: 52.0 azimuth: 203.0   AU
10-19 13:28:39.300 D/GpsLocationProvider( 1145): sv: 83 snr: 0.0 elev: 68.0 azimuth: 60.0    
10-19 13:28:39.300 D/GpsLocationProvider( 1145): sv: 67 snr: 0.0 elev: 14.0 azimuth: 30.0   A
10-19 13:28:39.300 D/GpsLocationProvider( 1145): sv: 68 snr: 0.0 elev: 68.0 azimuth: 40.0    
10-19 13:28:39.300 D/GpsLocationProvider( 1145): sv: 202 snr: 0.0 elev: 24.0 azimuth: 240.0    
10-19 13:28:39.300 D/GpsLocationProvider( 1145): sv: 203 snr: 0.0 elev: 42.0 azimuth: 205.0   A
10-19 13:28:39.300 D/GpsLocationProvider( 1145): sv: 204 snr: 0.0 elev: 33.0 azimuth: 132.0   AU
10-19 13:28:39.300 D/GpsLocationProvider( 1145): sv: 205 snr: 0.0 elev: 8.0 azimuth: 257.0    
10-19 13:28:39.300 D/GpsLocationProvider( 1145): sv: 206 snr: 0.0 elev: 53.0 azimuth: 208.0    
10-19 13:28:39.300 D/GpsLocationProvider( 1145): sv: 208 snr: 0.0 elev: 79.0 azimuth: 95.0    
10-19 13:28:39.300 D/GpsLocationProvider( 1145): sv: 209 snr: 0.0 elev: 26.0 azimuth: 212.0   A
10-19 13:28:40.300 D/GpsLocationProvider( 1145): SV count: 23 ephemerisMask: 0 almanacMask: 10d36
10-19 13:28:40.300 D/GpsLocationProvider( 1145): sv: 2 snr: 2.16 elev: 36.0 azimuth: 295.0   AU
10-19 13:28:40.300 D/GpsLocationProvider( 1145): sv: 5 snr: 1.6 elev: 16.0 azimuth: 230.0   AU
10-19 13:28:40.300 D/GpsLocationProvider( 1145): sv: 12 snr: 1.86 elev: 23.0 azimuth: 296.0   AU
10-19 13:28:40.300 D/GpsLocationProvider( 1145): sv: 3 snr: 0.0 elev: 5.0 azimuth: 47.0   A
10-19 13:28:40.300 D/GpsLocationProvider( 1145): sv: 6 snr: 0.0 elev: 64.0 azimuth: 344.0   A
10-19 13:28:40.300 D/GpsLocationProvider( 1145): sv: 9 snr: 0.0 elev: 41.0 azimuth: 105.0   A
10-19 13:28:40.300 D/GpsLocationProvider( 1145): sv: 11 snr: 0.0 elev: 0.0 azimuth: 0.0   A
10-19 13:28:40.300 D/GpsLocationProvider( 1145): sv: 17 snr: 0.0 elev: 54.0 azimuth: 143.0   A
10-19 13:28:40.300 D/GpsLocationProvider( 1145): sv: 84 snr: 1.6600001 elev: 35.0 azimuth: 327.0    
10-19 13:28:40.300 D/GpsLocationProvider( 1145): sv: 74 snr: 0.0 elev: 0.0 azimuth: 0.0    
10-19 13:28:40.300 D/GpsLocationProvider( 1145): sv: 82 snr: 0.0 elev: 22.0 azimuth: 120.0    
10-19 13:28:40.300 D/GpsLocationProvider( 1145): sv: 75 snr: 0.0 elev: 2.0 azimuth: 326.0   A
10-19 13:28:40.300 D/GpsLocationProvider( 1145): sv: 69 snr: 0.0 elev: 52.0 azimuth: 203.0   AU
10-19 13:28:40.300 D/GpsLocationProvider( 1145): sv: 83 snr: 0.0 elev: 68.0 azimuth: 60.0    
10-19 13:28:40.300 D/GpsLocationProvider( 1145): sv: 67 snr: 0.0 elev: 14.0 azimuth: 30.0   A
10-19 13:28:40.300 D/GpsLocationProvider( 1145): sv: 68 snr: 0.0 elev: 68.0 azimuth: 40.0    
10-19 13:28:40.300 D/GpsLocationProvider( 1145): sv: 202 snr: 0.0 elev: 24.0 azimuth: 240.0    
10-19 13:28:40.300 D/GpsLocationProvider( 1145): sv: 203 snr: 0.0 elev: 42.0 azimuth: 205.0   A
10-19 13:28:40.300 D/GpsLocationProvider( 1145): sv: 204 snr: 0.0 elev: 33.0 azimuth: 132.0   AU
10-19 13:28:40.300 D/GpsLocationProvider( 1145): sv: 205 snr: 0.0 elev: 8.0 azimuth: 257.0    
10-19 13:28:40.300 D/GpsLocationProvider( 1145): sv: 206 snr: 0.0 elev: 53.0 azimuth: 208.0    
10-19 13:28:40.300 D/GpsLocationProvider( 1145): sv: 208 snr: 0.0 elev: 79.0 azimuth: 95.0    
10-19 13:28:40.300 D/GpsLocationProvider( 1145): sv: 209 snr: 0.0 elev: 26.0 azimuth: 212.0   A
10-19 13:28:41.300 D/GpsLocationProvider( 1145): SV count: 23 ephemerisMask: 0 almanacMask: 10d36
10-19 13:28:41.300 D/GpsLocationProvider( 1145): sv: 2 snr: 2.22 elev: 36.0 azimuth: 295.0   AU
10-19 13:28:41.300 D/GpsLocationProvider( 1145): sv: 5 snr: 1.6299999 elev: 16.0 azimuth: 230.0   AU
10-19 13:28:41.300 D/GpsLocationProvider( 1145): sv: 12 snr: 1.89 elev: 23.0 azimuth: 296.0   AU
10-19 13:28:41.300 D/GpsLocationProvider( 1145): sv: 3 snr: 0.0 elev: 5.0 azimuth: 47.0   A
10-19 13:28:41.300 D/GpsLocationProvider( 1145): sv: 6 snr: 0.0 elev: 64.0 azimuth: 344.0   A
10-19 13:28:41.300 D/GpsLocationProvider( 1145): sv: 9 snr: 0.0 elev: 41.0 azimuth: 105.0   A
10-19 13:28:41.300 D/GpsLocationProvider( 1145): sv: 11 snr: 0.0 elev: 0.0 azimuth: 0.0   A
10-19 13:28:41.300 D/GpsLocationProvider( 1145): sv: 17 snr: 0.0 elev: 54.0 azimuth: 143.0   A
10-19 13:28:41.300 D/GpsLocationProvider( 1145): sv: 84 snr: 1.6600001 elev: 35.0 azimuth: 327.0    
10-19 13:28:41.300 D/GpsLocationProvider( 1145): sv: 74 snr: 0.0 elev: 0.0 azimuth: 0.0    
10-19 13:28:41.300 D/GpsLocationProvider( 1145): sv: 82 snr: 0.0 elev: 22.0 azimuth: 120.0    
10-19 13:28:41.300 D/GpsLocationProvider( 1145): sv: 75 snr: 0.0 elev: 2.0 azimuth: 326.0   A
10-19 13:28:41.300 D/GpsLocationProvider( 1145): sv: 69 snr: 0.0 elev: 52.0 azimuth: 203.0   AU
10-19 13:28:41.300 D/GpsLocationProvider( 1145): sv: 83 snr: 0.0 elev: 68.0 azimuth: 60.0    
10-19 13:28:41.300 D/GpsLocationProvider( 1145): sv: 67 snr: 0.0 elev: 14.0 azimuth: 30.0   A
10-19 13:28:41.300 D/GpsLocationProvider( 1145): sv: 68 snr: 0.0 elev: 68.0 azimuth: 40.0    
10-19 13:28:41.300 D/GpsLocationProvider( 1145): sv: 202 snr: 0.0 elev: 24.0 azimuth: 240.0    
10-19 13:28:41.300 D/GpsLocationProvider( 1145): sv: 203 snr: 0.0 elev: 42.0 azimuth: 205.0   A
10-19 13:28:41.300 D/GpsLocationProvider( 1145): sv: 204 snr: 0.0 elev: 33.0 azimuth: 132.0   AU
10-19 13:28:41.300 D/GpsLocationProvider( 1145): sv: 205 snr: 0.0 elev: 8.0 azimuth: 257.0    
10-19 13:28:41.300 D/GpsLocationProvider( 1145): sv: 206 snr: 0.0 elev: 53.0 azimuth: 208.0    
10-19 13:28:41.300 D/GpsLocationProvider( 1145): sv: 208 snr: 0.0 elev: 79.0 azimuth: 95.0    
10-19 13:28:41.300 D/GpsLocationProvider( 1145): sv: 209 snr: 0.0 elev: 26.0 azimuth: 212.0   A
10-19 13:28:41.380 I/MSM-irqbalance(  701): Decided to move IRQ216 from CPU1 to CPU2
10-19 13:28:42.290 D/GpsLocationProvider( 1145): SV count: 23 ephemerisMask: 0 almanacMask: 10d36
10-19 13:28:42.290 D/GpsLocationProvider( 1145): sv: 2 snr: 2.21 elev: 36.0 azimuth: 295.0   AU
10-19 13:28:42.290 D/GpsLocationProvider( 1145): sv: 5 snr: 1.6299999 elev: 16.0 azimuth: 230.0   AU
10-19 13:28:42.290 D/GpsLocationProvider( 1145): sv: 12 snr: 1.89 elev: 23.0 azimuth: 296.0   AU
10-19 13:28:42.290 D/GpsLocationProvider( 1145): sv: 3 snr: 0.0 elev: 5.0 azimuth: 47.0   A
10-19 13:28:42.290 D/GpsLocationProvider( 1145): sv: 6 snr: 0.0 elev: 64.0 azimuth: 344.0   A
10-19 13:28:42.290 D/GpsLocationProvider( 1145): sv: 9 snr: 0.0 elev: 41.0 azimuth: 105.0   A
10-19 13:28:42.290 D/GpsLocationProvider( 1145): sv: 11 snr: 0.0 elev: 0.0 azimuth: 0.0   A
10-19 13:28:42.290 D/GpsLocationProvider( 1145): sv: 17 snr: 0.0 elev: 54.0 azimuth: 143.0   A
10-19 13:28:42.290 D/GpsLocationProvider( 1145): sv: 84 snr: 1.51 elev: 35.0 azimuth: 327.0    
10-19 13:28:42.290 D/GpsLocationProvider( 1145): sv: 74 snr: 0.0 elev: 0.0 azimuth: 0.0    
10-19 13:28:42.290 D/GpsLocationProvider( 1145): sv: 82 snr: 0.0 elev: 22.0 azimuth: 120.0    
10-19 13:28:42.290 D/GpsLocationProvider( 1145): sv: 75 snr: 0.0 elev: 2.0 azimuth: 326.0   A
10-19 13:28:42.290 D/GpsLocationProvider( 1145): sv: 69 snr: 0.0 elev: 52.0 azimuth: 203.0   AU
10-19 13:28:42.290 D/GpsLocationProvider( 1145): sv: 83 snr: 0.0 elev: 68.0 azimuth: 60.0    
10-19 13:28:42.290 D/GpsLocationProvider( 1145): sv: 67 snr: 0.0 elev: 14.0 azimuth: 30.0   A
10-19 13:28:42.290 D/GpsLocationProvider( 1145): sv: 68 snr: 0.0 elev: 68.0 azimuth: 40.0    
10-19 13:28:42.290 D/GpsLocationProvider( 1145): sv: 202 snr: 0.0 elev: 24.0 azimuth: 240.0    
10-19 13:28:42.290 D/GpsLocationProvider( 1145): sv: 203 snr: 0.0 elev: 42.0 azimuth: 205.0   A
10-19 13:28:42.290 D/GpsLocationProvider( 1145): sv: 204 snr: 0.0 elev: 33.0 azimuth: 132.0   AU
10-19 13:28:42.290 D/GpsLocationProvider( 1145): sv: 205 snr: 0.0 elev: 8.0 azimuth: 257.0    
10-19 13:28:42.290 D/GpsLocationProvider( 1145): sv: 206 snr: 0.0 elev: 53.0 azimuth: 208.0    
10-19 13:28:42.290 D/GpsLocationProvider( 1145): sv: 208 snr: 0.0 elev: 79.0 azimuth: 95.0    
10-19 13:28:42.290 D/GpsLocationProvider( 1145): sv: 209 snr: 0.0 elev: 26.0 azimuth: 212.0   A
10-19 13:28:43.300 D/GpsLocationProvider( 1145): SV count: 23 ephemerisMask: 0 almanacMask: 10d36
10-19 13:28:43.300 D/GpsLocationProvider( 1145): sv: 2 snr: 2.15 elev: 36.0 azimuth: 295.0   AU
10-19 13:28:43.300 D/GpsLocationProvider( 1145): sv: 5 snr: 1.65 elev: 16.0 azimuth: 230.0   AU
10-19 13:28:43.300 D/GpsLocationProvider( 1145): sv: 12 snr: 1.6700001 elev: 23.0 azimuth: 296.0   AU
10-19 13:28:43.300 D/GpsLocationProvider( 1145): sv: 3 snr: 0.0 elev: 5.0 azimuth: 47.0   A
10-19 13:28:43.300 D/GpsLocationProvider( 1145): sv: 6 snr: 0.0 elev: 64.0 azimuth: 344.0   A
10-19 13:28:43.300 D/GpsLocationProvider( 1145): sv: 9 snr: 0.0 elev: 41.0 azimuth: 105.0   A
10-19 13:28:43.300 D/GpsLocationProvider( 1145): sv: 11 snr: 0.0 elev: 0.0 azimuth: 0.0   A
10-19 13:28:43.300 D/GpsLocationProvider( 1145): sv: 17 snr: 0.0 elev: 54.0 azimuth: 143.0   A
10-19 13:28:43.300 D/GpsLocationProvider( 1145): sv: 84 snr: 1.51 elev: 35.0 azimuth: 327.0    
10-19 13:28:43.300 D/GpsLocationProvider( 1145): sv: 74 snr: 0.0 elev: 0.0 azimuth: 0.0    
10-19 13:28:43.300 D/GpsLocationProvider( 1145): sv: 82 snr: 0.0 elev: 22.0 azimuth: 120.0    
10-19 13:28:43.300 D/GpsLocationProvider( 1145): sv: 75 snr: 0.0 elev: 2.0 azimuth: 326.0   A
10-19 13:28:43.300 D/GpsLocationProvider( 1145): sv: 69 snr: 0.0 elev: 52.0 azimuth: 203.0   AU
10-19 13:28:43.300 D/GpsLocationProvider( 1145): sv: 83 snr: 0.0 elev: 68.0 azimuth: 60.0    
10-19 13:28:43.300 D/GpsLocationProvider( 1145): sv: 67 snr: 0.0 elev: 14.0 azimuth: 30.0   A
10-19 13:28:43.300 D/GpsLocationProvider( 1145): sv: 68 snr: 0.0 elev: 68.0 azimuth: 40.0    
10-19 13:28:43.300 D/GpsLocationProvider( 1145): sv: 202 snr: 0.0 elev: 24.0 azimuth: 240.0    
10-19 13:28:43.300 D/GpsLocationProvider( 1145): sv: 203 snr: 0.0 elev: 42.0 azimuth: 205.0   A
10-19 13:28:43.300 D/GpsLocationProvider( 1145): sv: 204 snr: 0.0 elev: 33.0 azimuth: 132.0   AU
10-19 13:28:43.300 D/GpsLocationProvider( 1145): sv: 205 snr: 0.0 elev: 8.0 azimuth: 257.0    
10-19 13:28:43.300 D/GpsLocationProvider( 1145): sv: 206 snr: 0.0 elev: 53.0 azimuth: 208.0    
10-19 13:28:43.300 D/GpsLocationProvider( 1145): sv: 208 snr: 0.0 elev: 79.0 azimuth: 95.0    
10-19 13:28:43.300 D/GpsLocationProvider( 1145): sv: 209 snr: 0.0 elev: 26.0 azimuth: 212.0   A
10-19 13:28:44.180 D/sensors_hal_Time( 1145): time_service_sensor1_cb: msg_type 2
10-19 13:28:44.180 D/sensors_hal_Time( 1145): time_service_sensor1_cb: Sn 24, msg Id 3, txn Id 0
10-19 13:28:44.180 D/sensors_hal_Time( 1145): tsOffsetIs: Apps: 426139474040772; DSPS: 1078980547; Offset : 393211600902944
10-19 13:28:44.300 D/GpsLocationProvider( 1145): SV count: 23 ephemerisMask: 0 almanacMask: 10d36
10-19 13:28:44.300 D/GpsLocationProvider( 1145): sv: 2 snr: 2.24 elev: 36.0 azimuth: 295.0   AU
10-19 13:28:44.300 D/GpsLocationProvider( 1145): sv: 5 snr: 1.65 elev: 16.0 azimuth: 230.0   AU
10-19 13:28:44.300 D/GpsLocationProvider( 1145): sv: 12 snr: 1.85 elev: 23.0 azimuth: 296.0   AU
10-19 13:28:44.300 D/GpsLocationProvider( 1145): sv: 3 snr: 0.0 elev: 5.0 azimuth: 47.0   A
10-19 13:28:44.300 D/GpsLocationProvider( 1145): sv: 6 snr: 0.0 elev: 64.0 azimuth: 344.0   A
10-19 13:28:44.300 D/GpsLocationProvider( 1145): sv: 9 snr: 0.0 elev: 41.0 azimuth: 105.0   A
10-19 13:28:44.300 D/GpsLocationProvider( 1145): sv: 11 snr: 0.0 elev: 0.0 azimuth: 0.0   A
10-19 13:28:44.300 D/GpsLocationProvider( 1145): sv: 17 snr: 0.0 elev: 54.0 azimuth: 143.0   A
10-19 13:28:44.300 D/GpsLocationProvider( 1145): sv: 84 snr: 1.51 elev: 35.0 azimuth: 327.0    
10-19 13:28:44.300 D/GpsLocationProvider( 1145): sv: 74 snr: 0.0 elev: 0.0 azimuth: 0.0    
10-19 13:28:44.300 D/GpsLocationProvider( 1145): sv: 82 snr: 0.0 elev: 22.0 azimuth: 120.0    
10-19 13:28:44.300 D/GpsLocationProvider( 1145): sv: 75 snr: 0.0 elev: 2.0 azimuth: 326.0   A
10-19 13:28:44.300 D/GpsLocationProvider( 1145): sv: 69 snr: 0.0 elev: 52.0 azimuth: 203.0   AU
10-19 13:28:44.300 D/GpsLocationProvider( 1145): sv: 83 snr: 0.0 elev: 68.0 azimuth: 60.0    
10-19 13:28:44.300 D/GpsLocationProvider( 1145): sv: 67 snr: 0.0 elev: 14.0 azimuth: 30.0   A
10-19 13:28:44.300 D/GpsLocationProvider( 1145): sv: 68 snr: 0.0 elev: 68.0 azimuth: 40.0    
10-19 13:28:44.300 D/GpsLocationProvider( 1145): sv: 202 snr: 0.0 elev: 24.0 azimuth: 240.0    
10-19 13:28:44.300 D/GpsLocationProvider( 1145): sv: 203 snr: 0.0 elev: 42.0 azimuth: 205.0   A
10-19 13:28:44.300 D/GpsLocationProvider( 1145): sv: 204 snr: 0.0 elev: 33.0 azimuth: 132.0   AU
10-19 13:28:44.300 D/GpsLocationProvider( 1145): sv: 205 snr: 0.0 elev: 8.0 azimuth: 257.0    
10-19 13:28:44.300 D/GpsLocationProvider( 1145): sv: 206 snr: 0.0 elev: 53.0 azimuth: 208.0    
10-19 13:28:44.300 D/GpsLocationProvider( 1145): sv: 208 snr: 0.0 elev: 79.0 azimuth: 95.0    
10-19 13:28:44.300 D/GpsLocationProvider( 1145): sv: 209 snr: 0.0 elev: 26.0 azimuth: 212.0   A
10-19 13:28:45.300 D/GpsLocationProvider( 1145): SV count: 23 ephemerisMask: 0 almanacMask: 10d36
10-19 13:28:45.300 D/GpsLocationProvider( 1145): sv: 2 snr: 2.21 elev: 36.0 azimuth: 295.0   AU
10-19 13:28:45.300 D/GpsLocationProvider( 1145): sv: 5 snr: 1.65 elev: 16.0 azimuth: 230.0   AU
10-19 13:28:45.300 D/GpsLocationProvider( 1145): sv: 12 snr: 1.7700001 elev: 23.0 azimuth: 296.0   AU
10-19 13:28:45.300 D/GpsLocationProvider( 1145): sv: 3 snr: 0.0 elev: 5.0 azimuth: 47.0   A
10-19 13:28:45.300 D/GpsLocationProvider( 1145): sv: 6 snr: 0.0 elev: 64.0 azimuth: 344.0   A
10-19 13:28:45.300 D/GpsLocationProvider( 1145): sv: 9 snr: 0.0 elev: 41.0 azimuth: 105.0   A
10-19 13:28:45.300 D/GpsLocationProvider( 1145): sv: 11 snr: 0.0 elev: 0.0 azimuth: 0.0   A
10-19 13:28:45.300 D/GpsLocationProvider( 1145): sv: 17 snr: 0.0 elev: 54.0 azimuth: 143.0   A
10-19 13:28:45.300 D/GpsLocationProvider( 1145): sv: 84 snr: 1.49 elev: 35.0 azimuth: 327.0    
10-19 13:28:45.300 D/GpsLocationProvider( 1145): sv: 74 snr: 0.0 elev: 0.0 azimuth: 0.0    
10-19 13:28:45.300 D/GpsLocationProvider( 1145): sv: 82 snr: 0.0 elev: 22.0 azimuth: 120.0    
10-19 13:28:45.300 D/GpsLocationProvider( 1145): sv: 75 snr: 0.0 elev: 2.0 azimuth: 326.0   A
10-19 13:28:45.300 D/GpsLocationProvider( 1145): sv: 69 snr: 0.0 elev: 52.0 azimuth: 203.0   AU
10-19 13:28:45.300 D/GpsLocationProvider( 1145): sv: 83 snr: 0.0 elev: 68.0 azimuth: 60.0    
10-19 13:28:45.300 D/GpsLocationProvider( 1145): sv: 67 snr: 0.0 elev: 14.0 azimuth: 30.0   A
10-19 13:28:45.300 D/GpsLocationProvider( 1145): sv: 68 snr: 0.0 elev: 68.0 azimuth: 40.0    
10-19 13:28:45.300 D/GpsLocationProvider( 1145): sv: 202 snr: 0.0 elev: 24.0 azimuth: 240.0    
10-19 13:28:45.300 D/GpsLocationProvider( 1145): sv: 203 snr: 0.0 elev: 42.0 azimuth: 205.0   A
10-19 13:28:45.300 D/GpsLocationProvider( 1145): sv: 204 snr: 0.0 elev: 33.0 azimuth: 132.0   AU
10-19 13:28:45.300 D/GpsLocationProvider( 1145): sv: 205 snr: 0.0 elev: 8.0 azimuth: 257.0    
10-19 13:28:45.300 D/GpsLocationProvider( 1145): sv: 206 snr: 0.0 elev: 53.0 azimuth: 208.0    
10-19 13:28:45.300 D/GpsLocationProvider( 1145): sv: 208 snr: 0.0 elev: 79.0 azimuth: 95.0    
10-19 13:28:45.300 D/GpsLocationProvider( 1145): sv: 209 snr: 0.0 elev: 26.0 azimuth: 212.0   A
10-19 13:28:46.300 D/GpsLocationProvider( 1145): SV count: 23 ephemerisMask: 0 almanacMask: 10d36
10-19 13:28:46.300 D/GpsLocationProvider( 1145): sv: 2 snr: 2.23 elev: 36.0 azimuth: 295.0   AU
10-19 13:28:46.300 D/GpsLocationProvider( 1145): sv: 5 snr: 1.65 elev: 16.0 azimuth: 230.0   AU
10-19 13:28:46.300 D/GpsLocationProvider( 1145): sv: 12 snr: 1.79 elev: 23.0 azimuth: 296.0   AU
10-19 13:28:46.300 D/GpsLocationProvider( 1145): sv: 3 snr: 0.0 elev: 5.0 azimuth: 47.0   A
10-19 13:28:46.300 D/GpsLocationProvider( 1145): sv: 6 snr: 0.0 elev: 64.0 azimuth: 344.0   A
10-19 13:28:46.300 D/GpsLocationProvider( 1145): sv: 9 snr: 0.0 elev: 41.0 azimuth: 105.0   A
10-19 13:28:46.300 D/GpsLocationProvider( 1145): sv: 11 snr: 0.0 elev: 0.0 azimuth: 0.0   A
10-19 13:28:46.300 D/GpsLocationProvider( 1145): sv: 17 snr: 0.0 elev: 54.0 azimuth: 143.0   A
10-19 13:28:46.300 D/GpsLocationProvider( 1145): sv: 84 snr: 1.49 elev: 35.0 azimuth: 327.0    
10-19 13:28:46.300 D/GpsLocationProvider( 1145): sv: 74 snr: 0.0 elev: 0.0 azimuth: 0.0    
10-19 13:28:46.300 D/GpsLocationProvider( 1145): sv: 82 snr: 0.0 elev: 22.0 azimuth: 120.0    
10-19 13:28:46.300 D/GpsLocationProvider( 1145): sv: 75 snr: 0.0 elev: 2.0 azimuth: 326.0   A
10-19 13:28:46.300 D/GpsLocationProvider( 1145): sv: 69 snr: 0.0 elev: 52.0 azimuth: 203.0   AU
10-19 13:28:46.300 D/GpsLocationProvider( 1145): sv: 83 snr: 0.0 elev: 68.0 azimuth: 60.0    
10-19 13:28:46.300 D/GpsLocationProvider( 1145): sv: 67 snr: 0.0 elev: 14.0 azimuth: 30.0   A
10-19 13:28:46.300 D/GpsLocationProvider( 1145): sv: 68 snr: 0.0 elev: 68.0 azimuth: 40.0    
10-19 13:28:46.300 D/GpsLocationProvider( 1145): sv: 202 snr: 0.0 elev: 24.0 azimuth: 240.0    
10-19 13:28:46.300 D/GpsLocationProvider( 1145): sv: 203 snr: 0.0 elev: 42.0 azimuth: 205.0   A
10-19 13:28:46.300 D/GpsLocationProvider( 1145): sv: 204 snr: 0.0 elev: 33.0 azimuth: 132.0   AU
10-19 13:28:46.300 D/GpsLocationProvider( 1145): sv: 205 snr: 0.0 elev: 8.0 azimuth: 257.0    
10-19 13:28:46.300 D/GpsLocationProvider( 1145): sv: 206 snr: 0.0 elev: 53.0 azimuth: 208.0    
10-19 13:28:46.300 D/GpsLocationProvider( 1145): sv: 208 snr: 0.0 elev: 79.0 azimuth: 95.0    
10-19 13:28:46.300 D/GpsLocationProvider( 1145): sv: 209 snr: 0.0 elev: 26.0 azimuth: 212.0   A
10-19 13:28:47.300 D/GpsLocationProvider( 1145): SV count: 23 ephemerisMask: 0 almanacMask: 10d36
10-19 13:28:47.300 D/GpsLocationProvider( 1145): sv: 2 snr: 2.03 elev: 36.0 azimuth: 295.0   AU
10-19 13:28:47.300 D/GpsLocationProvider( 1145): sv: 5 snr: 1.48 elev: 16.0 azimuth: 230.0   AU
10-19 13:28:47.300 D/GpsLocationProvider( 1145): sv: 12 snr: 1.78 elev: 23.0 azimuth: 296.0   AU
10-19 13:28:47.300 D/GpsLocationProvider( 1145): sv: 3 snr: 0.0 elev: 5.0 azimuth: 47.0   A
10-19 13:28:47.300 D/GpsLocationProvider( 1145): sv: 6 snr: 0.0 elev: 64.0 azimuth: 344.0   A
10-19 13:28:47.300 D/GpsLocationProvider( 1145): sv: 9 snr: 0.0 elev: 41.0 azimuth: 105.0   A
10-19 13:28:47.300 D/GpsLocationProvider( 1145): sv: 11 snr: 0.0 elev: 0.0 azimuth: 0.0   A
10-19 13:28:47.300 D/GpsLocationProvider( 1145): sv: 17 snr: 0.0 elev: 54.0 azimuth: 143.0   A
10-19 13:28:47.300 D/GpsLocationProvider( 1145): sv: 84 snr: 1.49 elev: 35.0 azimuth: 327.0    
10-19 13:28:47.300 D/GpsLocationProvider( 1145): sv: 74 snr: 0.0 elev: 0.0 azimuth: 0.0    
10-19 13:28:47.300 D/GpsLocationProvider( 1145): sv: 82 snr: 0.0 elev: 22.0 azimuth: 120.0    
10-19 13:28:47.300 D/GpsLocationProvider( 1145): sv: 75 snr: 0.0 elev: 2.0 azimuth: 326.0   A
10-19 13:28:47.300 D/GpsLocationProvider( 1145): sv: 69 snr: 0.0 elev: 52.0 azimuth: 203.0   AU
10-19 13:28:47.300 D/GpsLocationProvider( 1145): sv: 83 snr: 0.0 elev: 68.0 azimuth: 60.0    
10-19 13:28:47.300 D/GpsLocationProvider( 1145): sv: 67 snr: 0.0 elev: 14.0 azimuth: 30.0   A
10-19 13:28:47.300 D/GpsLocationProvider( 1145): sv: 68 snr: 0.0 elev: 68.0 azimuth: 40.0    
10-19 13:28:47.300 D/GpsLocationProvider( 1145): sv: 202 snr: 0.0 elev: 24.0 azimuth: 240.0    
10-19 13:28:47.300 D/GpsLocationProvider( 1145): sv: 203 snr: 0.0 elev: 42.0 azimuth: 205.0   A
10-19 13:28:47.300 D/GpsLocationProvider( 1145): sv: 204 snr: 0.0 elev: 33.0 azimuth: 132.0   AU
10-19 13:28:47.300 D/GpsLocationProvider( 1145): sv: 205 snr: 0.0 elev: 8.0 azimuth: 257.0    
10-19 13:28:47.300 D/GpsLocationProvider( 1145): sv: 206 snr: 0.0 elev: 53.0 azimuth: 208.0    
10-19 13:28:47.300 D/GpsLocationProvider( 1145): sv: 208 snr: 0.0 elev: 79.0 azimuth: 95.0    
10-19 13:28:47.300 D/GpsLocationProvider( 1145): sv: 209 snr: 0.0 elev: 26.0 azimuth: 212.0   A
10-19 13:28:48.300 D/GpsLocationProvider( 1145): SV count: 23 ephemerisMask: 0 almanacMask: 10d36
10-19 13:28:48.300 D/GpsLocationProvider( 1145): sv: 2 snr: 2.08 elev: 36.0 azimuth: 295.0   AU
10-19 13:28:48.300 D/GpsLocationProvider( 1145): sv: 5 snr: 1.48 elev: 16.0 azimuth: 230.0   AU
10-19 13:28:48.300 D/GpsLocationProvider( 1145): sv: 12 snr: 1.8700001 elev: 23.0 azimuth: 296.0   AU
10-19 13:28:48.300 D/GpsLocationProvider( 1145): sv: 3 snr: 0.0 elev: 5.0 azimuth: 47.0   A
10-19 13:28:48.300 D/GpsLocationProvider( 1145): sv: 6 snr: 0.0 elev: 64.0 azimuth: 344.0   A
10-19 13:28:48.300 D/GpsLocationProvider( 1145): sv: 9 snr: 0.0 elev: 41.0 azimuth: 105.0   A
10-19 13:28:48.300 D/GpsLocationProvider( 1145): sv: 11 snr: 0.0 elev: 0.0 azimuth: 0.0   A
