10-19 13:30:11.290 D/GpsLocationProvider( 1145): sv: 204 snr: 0.0 elev: 33.0 azimuth: 132.0   AU
10-19 13:30:11.290 D/GpsLocationProvider( 1145): sv: 205 snr: 0.0 elev: 8.0 azimuth: 257.0    
10-19 13:30:11.290 D/GpsLocationProvider( 1145): sv: 206 snr: 0.0 elev: 53.0 azimuth: 209.0    
10-19 13:30:11.290 D/GpsLocationProvider( 1145): sv: 208 snr: 0.0 elev: 79.0 azimuth: 97.0    
10-19 13:30:11.290 D/GpsLocationProvider( 1145): sv: 209 snr: 0.0 elev: 27.0 azimuth: 212.0   A
10-19 13:30:12.300 D/GpsLocationProvider( 1145): SV count: 23 ephemerisMask: 0 almanacMask: 10d36
10-19 13:30:12.300 D/GpsLocationProvider( 1145): sv: 2 snr: 1.85 elev: 37.0 azimuth: 296.0   AU
10-19 13:30:12.300 D/GpsLocationProvider( 1145): sv: 12 snr: 1.0600001 elev: 24.0 azimuth: 296.0   AU
10-19 13:30:12.300 D/GpsLocationProvider( 1145): sv: 3 snr: 0.0 elev: 5.0 azimuth: 47.0   A
10-19 13:30:12.300 D/GpsLocationProvider( 1145): sv: 5 snr: 0.0 elev: 16.0 azimuth: 230.0   A
10-19 13:30:12.300 D/GpsLocationProvider( 1145): sv: 6 snr: 0.0 elev: 64.0 azimuth: 345.0   A
10-19 13:30:12.300 D/GpsLocationProvider( 1145): sv: 9 snr: 0.0 elev: 41.0 azimuth: 105.0   A
10-19 13:30:12.300 D/GpsLocationProvider( 1145): sv: 11 snr: 0.0 elev: 0.0 azimuth: 0.0   A
10-19 13:30:12.300 D/GpsLocationProvider( 1145): sv: 17 snr: 0.0 elev: 54.0 azimuth: 144.0   A
10-19 13:30:12.300 D/GpsLocationProvider( 1145): sv: 84 snr: 1.4 elev: 36.0 azimuth: 327.0    
10-19 13:30:12.300 D/GpsLocationProvider( 1145): sv: 74 snr: 0.0 elev: 0.0 azimuth: 0.0    
10-19 13:30:12.300 D/GpsLocationProvider( 1145): sv: 82 snr: 0.0 elev: 21.0 azimuth: 122.0    
10-19 13:30:12.300 D/GpsLocationProvider( 1145): sv: 75 snr: 0.0 elev: 1.0 azimuth: 324.0   A
10-19 13:30:12.300 D/GpsLocationProvider( 1145): sv: 69 snr: 0.0 elev: 52.0 azimuth: 205.0   A
10-19 13:30:12.300 D/GpsLocationProvider( 1145): sv: 83 snr: 0.0 elev: 68.0 azimuth: 63.0    
10-19 13:30:12.300 D/GpsLocationProvider( 1145): sv: 67 snr: 0.0 elev: 14.0 azimuth: 30.0   A
10-19 13:30:12.300 D/GpsLocationProvider( 1145): sv: 68 snr: 0.0 elev: 68.0 azimuth: 39.0    
10-19 13:30:12.300 D/GpsLocationProvider( 1145): sv: 202 snr: 0.0 elev: 24.0 azimuth: 240.0    
10-19 13:30:12.300 D/GpsLocationProvider( 1145): sv: 203 snr: 0.0 elev: 42.0 azimuth: 205.0   A
10-19 13:30:12.300 D/GpsLocationProvider( 1145): sv: 204 snr: 0.0 elev: 33.0 azimuth: 132.0   AU
10-19 13:30:12.300 D/GpsLocationProvider( 1145): sv: 205 snr: 0.0 elev: 8.0 azimuth: 257.0    
10-19 13:30:12.300 D/GpsLocationProvider( 1145): sv: 206 snr: 0.0 elev: 53.0 azimuth: 209.0    
10-19 13:30:12.300 D/GpsLocationProvider( 1145): sv: 208 snr: 0.0 elev: 79.0 azimuth: 97.0    
10-19 13:30:12.300 D/GpsLocationProvider( 1145): sv: 209 snr: 0.0 elev: 27.0 azimuth: 212.0   A
10-19 13:30:13.300 D/GpsLocationProvider( 1145): SV count: 24 ephemerisMask: 0 almanacMask: 10d36
10-19 13:30:13.300 D/GpsLocationProvider( 1145): sv: 2 snr: 1.8 elev: 37.0 azimuth: 296.0   AU
10-19 13:30:13.300 D/GpsLocationProvider( 1145): sv: 12 snr: 1.0600001 elev: 24.0 azimuth: 296.0   AU
10-19 13:30:13.300 D/GpsLocationProvider( 1145): sv: 3 snr: 0.0 elev: 5.0 azimuth: 47.0   A
10-19 13:30:13.300 D/GpsLocationProvider( 1145): sv: 5 snr: 0.0 elev: 16.0 azimuth: 230.0   A
10-19 13:30:13.300 D/GpsLocationProvider( 1145): sv: 6 snr: 0.0 elev: 64.0 azimuth: 345.0   A
10-19 13:30:13.300 D/GpsLocationProvider( 1145): sv: 9 snr: 0.0 elev: 41.0 azimuth: 105.0   A
10-19 13:30:13.300 D/GpsLocationProvider( 1145): sv: 11 snr: 0.0 elev: 0.0 azimuth: 0.0   A
10-19 13:30:13.300 D/GpsLocationProvider( 1145): sv: 17 snr: 0.0 elev: 54.0 azimuth: 144.0   A
10-19 13:30:13.300 D/GpsLocationProvider( 1145): sv: 84 snr: 1.4 elev: 36.0 azimuth: 327.0    
10-19 13:30:13.300 D/GpsLocationProvider( 1145): sv: 74 snr: 0.0 elev: 0.0 azimuth: 0.0    
10-19 13:30:13.300 D/GpsLocationProvider( 1145): sv: 70 snr: 0.0 elev: 0.0 azimuth: 0.0   A
10-19 13:30:13.300 D/GpsLocationProvider( 1145): sv: 82 snr: 0.0 elev: 21.0 azimuth: 122.0    
10-19 13:30:13.300 D/GpsLocationProvider( 1145): sv: 75 snr: 0.0 elev: 1.0 azimuth: 324.0   A
10-19 13:30:13.300 D/GpsLocationProvider( 1145): sv: 69 snr: 0.0 elev: 52.0 azimuth: 205.0   A
10-19 13:30:13.300 D/GpsLocationProvider( 1145): sv: 83 snr: 0.0 elev: 68.0 azimuth: 63.0    
10-19 13:30:13.300 D/GpsLocationProvider( 1145): sv: 67 snr: 0.0 elev: 14.0 azimuth: 30.0   A
10-19 13:30:13.300 D/GpsLocationProvider( 1145): sv: 68 snr: 0.0 elev: 68.0 azimuth: 39.0    
10-19 13:30:13.300 D/GpsLocationProvider( 1145): sv: 202 snr: 0.0 elev: 24.0 azimuth: 240.0    
10-19 13:30:13.300 D/GpsLocationProvider( 1145): sv: 203 snr: 0.0 elev: 42.0 azimuth: 205.0   A
10-19 13:30:13.300 D/GpsLocationProvider( 1145): sv: 204 snr: 0.0 elev: 33.0 azimuth: 132.0   AU
10-19 13:30:13.300 D/GpsLocationProvider( 1145): sv: 205 snr: 0.0 elev: 8.0 azimuth: 257.0    
10-19 13:30:13.300 D/GpsLocationProvider( 1145): sv: 206 snr: 0.0 elev: 53.0 azimuth: 209.0    
10-19 13:30:13.300 D/GpsLocationProvider( 1145): sv: 208 snr: 0.0 elev: 79.0 azimuth: 97.0    
10-19 13:30:13.300 D/GpsLocationProvider( 1145): sv: 209 snr: 0.0 elev: 27.0 azimuth: 212.0   A
10-19 13:30:14.300 D/GpsLocationProvider( 1145): SV count: 24 ephemerisMask: 0 almanacMask: 10d36
10-19 13:30:14.300 D/GpsLocationProvider( 1145): sv: 2 snr: 1.8700001 elev: 37.0 azimuth: 296.0   AU
10-19 13:30:14.300 D/GpsLocationProvider( 1145): sv: 12 snr: 1.0600001 elev: 24.0 azimuth: 296.0   AU
10-19 13:30:14.300 D/GpsLocationProvider( 1145): sv: 3 snr: 0.0 elev: 5.0 azimuth: 47.0   A
10-19 13:30:14.300 D/GpsLocationProvider( 1145): sv: 5 snr: 0.0 elev: 16.0 azimuth: 230.0   A
10-19 13:30:14.300 D/GpsLocationProvider( 1145): sv: 6 snr: 0.0 elev: 64.0 azimuth: 345.0   A
10-19 13:30:14.300 D/GpsLocationProvider( 1145): sv: 9 snr: 0.0 elev: 41.0 azimuth: 105.0   A
10-19 13:30:14.300 D/GpsLocationProvider( 1145): sv: 11 snr: 0.0 elev: 0.0 azimuth: 0.0   A
10-19 13:30:14.300 D/GpsLocationProvider( 1145): sv: 17 snr: 0.0 elev: 54.0 azimuth: 144.0   A
10-19 13:30:14.300 D/GpsLocationProvider( 1145): sv: 84 snr: 1.4 elev: 36.0 azimuth: 327.0    
10-19 13:30:14.300 D/GpsLocationProvider( 1145): sv: 74 snr: 0.0 elev: 0.0 azimuth: 0.0    
10-19 13:30:14.300 D/GpsLocationProvider( 1145): sv: 70 snr: 0.0 elev: 0.0 azimuth: 0.0   A
10-19 13:30:14.300 D/GpsLocationProvider( 1145): sv: 82 snr: 0.0 elev: 21.0 azimuth: 122.0    
10-19 13:30:14.300 D/GpsLocationProvider( 1145): sv: 75 snr: 0.0 elev: 1.0 azimuth: 324.0   A
10-19 13:30:14.300 D/GpsLocationProvider( 1145): sv: 69 snr: 0.0 elev: 52.0 azimuth: 205.0   A
10-19 13:30:14.300 D/GpsLocationProvider( 1145): sv: 83 snr: 0.0 elev: 68.0 azimuth: 63.0    
10-19 13:30:14.300 D/GpsLocationProvider( 1145): sv: 67 snr: 0.0 elev: 14.0 azimuth: 30.0   A
10-19 13:30:14.300 D/GpsLocationProvider( 1145): sv: 68 snr: 0.0 elev: 68.0 azimuth: 39.0    
10-19 13:30:14.300 D/GpsLocationProvider( 1145): sv: 202 snr: 0.0 elev: 24.0 azimuth: 240.0    
10-19 13:30:14.300 D/GpsLocationProvider( 1145): sv: 203 snr: 0.0 elev: 42.0 azimuth: 205.0   A
10-19 13:30:14.300 D/GpsLocationProvider( 1145): sv: 204 snr: 0.0 elev: 33.0 azimuth: 132.0   AU
10-19 13:30:14.300 D/GpsLocationProvider( 1145): sv: 205 snr: 0.0 elev: 8.0 azimuth: 257.0    
10-19 13:30:14.300 D/GpsLocationProvider( 1145): sv: 206 snr: 0.0 elev: 53.0 azimuth: 209.0    
10-19 13:30:14.300 D/GpsLocationProvider( 1145): sv: 208 snr: 0.0 elev: 79.0 azimuth: 97.0    
10-19 13:30:14.300 D/GpsLocationProvider( 1145): sv: 209 snr: 0.0 elev: 27.0 azimuth: 212.0   A
10-19 13:30:15.300 D/GpsLocationProvider( 1145): SV count: 24 ephemerisMask: 0 almanacMask: 10d36
10-19 13:30:15.300 D/GpsLocationProvider( 1145): sv: 2 snr: 1.64 elev: 37.0 azimuth: 296.0   AU
10-19 13:30:15.300 D/GpsLocationProvider( 1145): sv: 12 snr: 1.0600001 elev: 24.0 azimuth: 296.0   AU
10-19 13:30:15.300 D/GpsLocationProvider( 1145): sv: 3 snr: 0.0 elev: 5.0 azimuth: 47.0   A
10-19 13:30:15.300 D/GpsLocationProvider( 1145): sv: 5 snr: 0.0 elev: 16.0 azimuth: 230.0   A
10-19 13:30:15.300 D/GpsLocationProvider( 1145): sv: 6 snr: 0.0 elev: 64.0 azimuth: 345.0   A
10-19 13:30:15.300 D/GpsLocationProvider( 1145): sv: 9 snr: 0.0 elev: 41.0 azimuth: 105.0   A
10-19 13:30:15.300 D/GpsLocationProvider( 1145): sv: 11 snr: 0.0 elev: 0.0 azimuth: 0.0   A
10-19 13:30:15.300 D/GpsLocationProvider( 1145): sv: 17 snr: 0.0 elev: 54.0 azimuth: 144.0   A
10-19 13:30:15.300 D/GpsLocationProvider( 1145): sv: 84 snr: 1.4 elev: 36.0 azimuth: 327.0    
10-19 13:30:15.300 D/GpsLocationProvider( 1145): sv: 74 snr: 0.0 elev: 0.0 azimuth: 0.0    
10-19 13:30:15.300 D/GpsLocationProvider( 1145): sv: 70 snr: 0.0 elev: 0.0 azimuth: 0.0   A
10-19 13:30:15.300 D/GpsLocationProvider( 1145): sv: 82 snr: 0.0 elev: 21.0 azimuth: 122.0    
10-19 13:30:15.300 D/GpsLocationProvider( 1145): sv: 75 snr: 0.0 elev: 1.0 azimuth: 324.0   A
10-19 13:30:15.300 D/GpsLocationProvider( 1145): sv: 69 snr: 0.0 elev: 52.0 azimuth: 205.0   A
10-19 13:30:15.300 D/GpsLocationProvider( 1145): sv: 83 snr: 0.0 elev: 68.0 azimuth: 63.0    
10-19 13:30:15.300 D/GpsLocationProvider( 1145): sv: 67 snr: 0.0 elev: 14.0 azimuth: 30.0   A
10-19 13:30:15.300 D/GpsLocationProvider( 1145): sv: 68 snr: 0.0 elev: 68.0 azimuth: 39.0    
10-19 13:30:15.300 D/GpsLocationProvider( 1145): sv: 202 snr: 0.0 elev: 24.0 azimuth: 240.0    
10-19 13:30:15.300 D/GpsLocationProvider( 1145): sv: 203 snr: 0.0 elev: 42.0 azimuth: 205.0   A
10-19 13:30:15.300 D/GpsLocationProvider( 1145): sv: 204 snr: 0.0 elev: 33.0 azimuth: 132.0   AU
10-19 13:30:15.300 D/GpsLocationProvider( 1145): sv: 205 snr: 0.0 elev: 8.0 azimuth: 257.0    
10-19 13:30:15.300 D/GpsLocationProvider( 1145): sv: 206 snr: 0.0 elev: 53.0 azimuth: 209.0    
10-19 13:30:15.300 D/GpsLocationProvider( 1145): sv: 208 snr: 0.0 elev: 79.0 azimuth: 97.0    
10-19 13:30:15.300 D/GpsLocationProvider( 1145): sv: 209 snr: 0.0 elev: 27.0 azimuth: 212.0   A
10-19 13:30:16.180 D/[SystemUI]1( 3333): onSignalStrengthsChanged signalStrength=SignalStrength: 99 0 -120 -160 -120 -1 -1 31 -66 -7 292 2147483647 2147483647 2147483647 2147483647 gsm|lte 14 0 level=4
10-19 13:30:16.180 D/[SystemUI]NetworkController( 3333): updateTelephonySignalStrength: hasService=true ss=SignalStrength: 99 0 -120 -160 -120 -1 -1 31 -66 -7 292 2147483647 2147483647 2147483647 2147483647 gsm|lte 14 0
10-19 13:30:16.190 D/PhoneInterfaceManager( 4151): [PhoneIntfMgr] mSigLevel = 4
10-19 13:30:16.190 I/[SystemUI]NetworkController( 3333): onReceive: intent=Intent { act=android.intent.action.SIG_STR flg=0x20000010 (has extras) }
10-19 13:30:16.190 D/LGSubScriptionUtilsWrapper_MR1( 4151): getSubIdUsingSlotId() slotId:0 -> subId:1
10-19 13:30:16.300 D/GpsLocationProvider( 1145): SV count: 23 ephemerisMask: 0 almanacMask: 10d36
10-19 13:30:16.300 D/GpsLocationProvider( 1145): sv: 2 snr: 1.86 elev: 37.0 azimuth: 296.0   AU
10-19 13:30:16.300 D/GpsLocationProvider( 1145): sv: 12 snr: 1.0600001 elev: 24.0 azimuth: 296.0   AU
10-19 13:30:16.300 D/GpsLocationProvider( 1145): sv: 3 snr: 0.0 elev: 5.0 azimuth: 47.0   A
10-19 13:30:16.300 D/GpsLocationProvider( 1145): sv: 5 snr: 0.0 elev: 16.0 azimuth: 230.0   A
10-19 13:30:16.300 D/GpsLocationProvider( 1145): sv: 6 snr: 0.0 elev: 64.0 azimuth: 345.0   A
10-19 13:30:16.300 D/GpsLocationProvider( 1145): sv: 9 snr: 0.0 elev: 41.0 azimuth: 105.0   A
10-19 13:30:16.300 D/GpsLocationProvider( 1145): sv: 11 snr: 0.0 elev: 0.0 azimuth: 0.0   A
10-19 13:30:16.300 D/GpsLocationProvider( 1145): sv: 17 snr: 0.0 elev: 54.0 azimuth: 144.0   A
10-19 13:30:16.300 D/GpsLocationProvider( 1145): sv: 74 snr: 0.0 elev: 0.0 azimuth: 0.0    
10-19 13:30:16.300 D/GpsLocationProvider( 1145): sv: 70 snr: 0.0 elev: 0.0 azimuth: 0.0   A
10-19 13:30:16.300 D/GpsLocationProvider( 1145): sv: 82 snr: 0.0 elev: 21.0 azimuth: 122.0    
10-19 13:30:16.300 D/GpsLocationProvider( 1145): sv: 75 snr: 0.0 elev: 1.0 azimuth: 324.0   A
10-19 13:30:16.300 D/GpsLocationProvider( 1145): sv: 69 snr: 0.0 elev: 52.0 azimuth: 205.0   A
10-19 13:30:16.300 D/GpsLocationProvider( 1145): sv: 83 snr: 0.0 elev: 68.0 azimuth: 63.0    
10-19 13:30:16.300 D/GpsLocationProvider( 1145): sv: 67 snr: 0.0 elev: 14.0 azimuth: 30.0   A
10-19 13:30:16.300 D/GpsLocationProvider( 1145): sv: 68 snr: 0.0 elev: 68.0 azimuth: 39.0    
10-19 13:30:16.300 D/GpsLocationProvider( 1145): sv: 202 snr: 0.0 elev: 24.0 azimuth: 240.0    
10-19 13:30:16.300 D/GpsLocationProvider( 1145): sv: 203 snr: 0.0 elev: 42.0 azimuth: 205.0   A
10-19 13:30:16.300 D/GpsLocationProvider( 1145): sv: 204 snr: 0.0 elev: 33.0 azimuth: 132.0   AU
10-19 13:30:16.300 D/GpsLocationProvider( 1145): sv: 205 snr: 0.0 elev: 8.0 azimuth: 257.0    
10-19 13:30:16.300 D/GpsLocationProvider( 1145): sv: 206 snr: 0.0 elev: 53.0 azimuth: 209.0    
10-19 13:30:16.300 D/GpsLocationProvider( 1145): sv: 208 snr: 0.0 elev: 79.0 azimuth: 97.0    
10-19 13:30:16.300 D/GpsLocationProvider( 1145): sv: 209 snr: 0.0 elev: 27.0 azimuth: 212.0   A
10-19 13:30:17.300 D/GpsLocationProvider( 1145): SV count: 24 ephemerisMask: 0 almanacMask: 10d36
10-19 13:30:17.300 D/GpsLocationProvider( 1145): sv: 2 snr: 1.8399999 elev: 37.0 azimuth: 296.0   AU
10-19 13:30:17.300 D/GpsLocationProvider( 1145): sv: 12 snr: 1.0600001 elev: 24.0 azimuth: 296.0   AU
10-19 13:30:17.300 D/GpsLocationProvider( 1145): sv: 3 snr: 0.0 elev: 5.0 azimuth: 47.0   A
10-19 13:30:17.300 D/GpsLocationProvider( 1145): sv: 5 snr: 0.0 elev: 16.0 azimuth: 230.0   A
10-19 13:30:17.300 D/GpsLocationProvider( 1145): sv: 6 snr: 0.0 elev: 64.0 azimuth: 345.0   A
10-19 13:30:17.300 D/GpsLocationProvider( 1145): sv: 9 snr: 0.0 elev: 41.0 azimuth: 105.0   A
10-19 13:30:17.300 D/GpsLocationProvider( 1145): sv: 11 snr: 0.0 elev: 0.0 azimuth: 0.0   A
10-19 13:30:17.300 D/GpsLocationProvider( 1145): sv: 17 snr: 0.0 elev: 54.0 azimuth: 144.0   A
10-19 13:30:17.300 D/GpsLocationProvider( 1145): sv: 74 snr: 0.0 elev: 0.0 azimuth: 0.0    
10-19 13:30:17.300 D/GpsLocationProvider( 1145): sv: 70 snr: 0.0 elev: 0.0 azimuth: 0.0   A
10-19 13:30:17.300 D/GpsLocationProvider( 1145): sv: 82 snr: 0.0 elev: 21.0 azimuth: 122.0    
10-19 13:30:17.300 D/GpsLocationProvider( 1145): sv: 75 snr: 0.0 elev: 1.0 azimuth: 324.0   A
10-19 13:30:17.300 D/GpsLocationProvider( 1145): sv: 69 snr: 0.0 elev: 52.0 azimuth: 205.0   A
10-19 13:30:17.300 D/GpsLocationProvider( 1145): sv: 84 snr: 0.0 elev: 36.0 azimuth: 327.0    
10-19 13:30:17.300 D/GpsLocationProvider( 1145): sv: 83 snr: 0.0 elev: 68.0 azimuth: 63.0    
10-19 13:30:17.300 D/GpsLocationProvider( 1145): sv: 67 snr: 0.0 elev: 14.0 azimuth: 30.0   A
10-19 13:30:17.300 D/GpsLocationProvider( 1145): sv: 68 snr: 0.0 elev: 68.0 azimuth: 39.0    
10-19 13:30:17.300 D/GpsLocationProvider( 1145): sv: 202 snr: 0.0 elev: 24.0 azimuth: 240.0    
10-19 13:30:17.300 D/GpsLocationProvider( 1145): sv: 203 snr: 0.0 elev: 42.0 azimuth: 205.0   A
10-19 13:30:17.300 D/GpsLocationProvider( 1145): sv: 204 snr: 0.0 elev: 33.0 azimuth: 132.0   AU
10-19 13:30:17.300 D/GpsLocationProvider( 1145): sv: 205 snr: 0.0 elev: 8.0 azimuth: 257.0    
10-19 13:30:17.300 D/GpsLocationProvider( 1145): sv: 206 snr: 0.0 elev: 53.0 azimuth: 209.0    
10-19 13:30:17.300 D/GpsLocationProvider( 1145): sv: 208 snr: 0.0 elev: 79.0 azimuth: 97.0    
10-19 13:30:17.300 D/GpsLocationProvider( 1145): sv: 209 snr: 0.0 elev: 27.0 azimuth: 212.0   A
10-19 13:30:18.300 D/GpsLocationProvider( 1145): SV count: 24 ephemerisMask: 0 almanacMask: 10d36
10-19 13:30:18.300 D/GpsLocationProvider( 1145): sv: 2 snr: 1.79 elev: 37.0 azimuth: 296.0   AU
10-19 13:30:18.300 D/GpsLocationProvider( 1145): sv: 12 snr: 1.0600001 elev: 24.0 azimuth: 296.0   AU
10-19 13:30:18.300 D/GpsLocationProvider( 1145): sv: 3 snr: 0.0 elev: 5.0 azimuth: 47.0   A
10-19 13:30:18.300 D/GpsLocationProvider( 1145): sv: 5 snr: 0.0 elev: 16.0 azimuth: 230.0   A
10-19 13:30:18.300 D/GpsLocationProvider( 1145): sv: 6 snr: 0.0 elev: 64.0 azimuth: 345.0   A
10-19 13:30:18.300 D/GpsLocationProvider( 1145): sv: 9 snr: 0.0 elev: 41.0 azimuth: 105.0   A
10-19 13:30:18.300 D/GpsLocationProvider( 1145): sv: 11 snr: 0.0 elev: 0.0 azimuth: 0.0   A
10-19 13:30:18.300 D/GpsLocationProvider( 1145): sv: 17 snr: 0.0 elev: 54.0 azimuth: 144.0   A
10-19 13:30:18.300 D/GpsLocationProvider( 1145): sv: 74 snr: 0.0 elev: 0.0 azimuth: 0.0    
10-19 13:30:18.300 D/GpsLocationProvider( 1145): sv: 70 snr: 0.0 elev: 0.0 azimuth: 0.0   A
10-19 13:30:18.300 D/GpsLocationProvider( 1145): sv: 82 snr: 0.0 elev: 21.0 azimuth: 122.0    
10-19 13:30:18.300 D/GpsLocationProvider( 1145): sv: 75 snr: 0.0 elev: 1.0 azimuth: 324.0   A
10-19 13:30:18.300 D/GpsLocationProvider( 1145): sv: 69 snr: 0.0 elev: 52.0 azimuth: 205.0   A
10-19 13:30:18.300 D/GpsLocationProvider( 1145): sv: 84 snr: 0.0 elev: 36.0 azimuth: 327.0    
10-19 13:30:18.300 D/GpsLocationProvider( 1145): sv: 83 snr: 0.0 elev: 68.0 azimuth: 63.0    
10-19 13:30:18.300 D/GpsLocationProvider( 1145): sv: 67 snr: 0.0 elev: 14.0 azimuth: 30.0   A
10-19 13:30:18.300 D/GpsLocationProvider( 1145): sv: 68 snr: 0.0 elev: 68.0 azimuth: 39.0    
10-19 13:30:18.300 D/GpsLocationProvider( 1145): sv: 202 snr: 0.0 elev: 24.0 azimuth: 240.0    
10-19 13:30:18.300 D/GpsLocationProvider( 1145): sv: 203 snr: 0.0 elev: 42.0 azimuth: 205.0   A
10-19 13:30:18.300 D/GpsLocationProvider( 1145): sv: 204 snr: 0.0 elev: 33.0 azimuth: 132.0   AU
10-19 13:30:18.300 D/GpsLocationProvider( 1145): sv: 205 snr: 0.0 elev: 8.0 azimuth: 257.0    
10-19 13:30:18.300 D/GpsLocationProvider( 1145): sv: 206 snr: 0.0 elev: 53.0 azimuth: 209.0    
10-19 13:30:18.300 D/GpsLocationProvider( 1145): sv: 208 snr: 0.0 elev: 79.0 azimuth: 97.0    
10-19 13:30:18.300 D/GpsLocationProvider( 1145): sv: 209 snr: 0.0 elev: 27.0 azimuth: 212.0   A
10-19 13:30:19.300 D/GpsLocationProvider( 1145): SV count: 23 ephemerisMask: 0 almanacMask: 10d36
10-19 13:30:19.300 D/GpsLocationProvider( 1145): sv: 2 snr: 1.89 elev: 37.0 azimuth: 296.0   AU
10-19 13:30:19.300 D/GpsLocationProvider( 1145): sv: 12 snr: 1.0600001 elev: 24.0 azimuth: 296.0   AU
10-19 13:30:19.300 D/GpsLocationProvider( 1145): sv: 3 snr: 0.0 elev: 5.0 azimuth: 47.0   A
10-19 13:30:19.300 D/GpsLocationProvider( 1145): sv: 5 snr: 0.0 elev: 16.0 azimuth: 230.0   A
10-19 13:30:19.300 D/GpsLocationProvider( 1145): sv: 6 snr: 0.0 elev: 64.0 azimuth: 345.0   A
10-19 13:30:19.300 D/GpsLocationProvider( 1145): sv: 9 snr: 0.0 elev: 41.0 azimuth: 105.0   A
10-19 13:30:19.300 D/GpsLocationProvider( 1145): sv: 11 snr: 0.0 elev: 0.0 azimuth: 0.0   A
10-19 13:30:19.300 D/GpsLocationProvider( 1145): sv: 17 snr: 0.0 elev: 54.0 azimuth: 144.0   A
10-19 13:30:19.300 D/GpsLocationProvider( 1145): sv: 74 snr: 0.0 elev: 0.0 azimuth: 0.0    
10-19 13:30:19.300 D/GpsLocationProvider( 1145): sv: 70 snr: 0.0 elev: 0.0 azimuth: 0.0   A
10-19 13:30:19.300 D/GpsLocationProvider( 1145): sv: 82 snr: 0.0 elev: 21.0 azimuth: 122.0    
10-19 13:30:19.300 D/GpsLocationProvider( 1145): sv: 75 snr: 0.0 elev: 1.0 azimuth: 324.0   A
10-19 13:30:19.300 D/GpsLocationProvider( 1145): sv: 69 snr: 0.0 elev: 52.0 azimuth: 205.0   A
10-19 13:30:19.300 D/GpsLocationProvider( 1145): sv: 84 snr: 0.0 elev: 36.0 azimuth: 327.0    
10-19 13:30:19.300 D/GpsLocationProvider( 1145): sv: 83 snr: 0.0 elev: 68.0 azimuth: 63.0    
10-19 13:30:19.300 D/GpsLocationProvider( 1145): sv: 67 snr: 0.0 elev: 14.0 azimuth: 30.0   A
10-19 13:30:19.300 D/GpsLocationProvider( 1145): sv: 68 snr: 0.0 elev: 68.0 azimuth: 39.0    
10-19 13:30:19.300 D/GpsLocationProvider( 1145): sv: 202 snr: 0.0 elev: 24.0 azimuth: 240.0    
10-19 13:30:19.300 D/GpsLocationProvider( 1145): sv: 203 snr: 0.0 elev: 42.0 azimuth: 205.0   A
10-19 13:30:19.300 D/GpsLocationProvider( 1145): sv: 204 snr: 0.0 elev: 33.0 azimuth: 132.0   AU
10-19 13:30:19.300 D/GpsLocationProvider( 1145): sv: 205 snr: 0.0 elev: 8.0 azimuth: 257.0    
10-19 13:30:19.300 D/GpsLocationProvider( 1145): sv: 206 snr: 0.0 elev: 53.0 azimuth: 209.0    
10-19 13:30:19.300 D/GpsLocationProvider( 1145): sv: 208 snr: 0.0 elev: 79.0 azimuth: 97.0    
10-19 13:30:20.300 D/GpsLocationProvider( 1145): SV count: 24 ephemerisMask: 0 almanacMask: 10d36
10-19 13:30:20.300 D/GpsLocationProvider( 1145): sv: 2 snr: 1.82 elev: 37.0 azimuth: 296.0   AU
10-19 13:30:20.300 D/GpsLocationProvider( 1145): sv: 12 snr: 1.0600001 elev: 24.0 azimuth: 296.0   AU
10-19 13:30:20.300 D/GpsLocationProvider( 1145): sv: 3 snr: 0.0 elev: 5.0 azimuth: 47.0   A
10-19 13:30:20.300 D/GpsLocationProvider( 1145): sv: 5 snr: 0.0 elev: 16.0 azimuth: 230.0   A
10-19 13:30:20.300 D/GpsLocationProvider( 1145): sv: 6 snr: 0.0 elev: 64.0 azimuth: 345.0   A
10-19 13:30:20.300 D/GpsLocationProvider( 1145): sv: 9 snr: 0.0 elev: 41.0 azimuth: 105.0   A
10-19 13:30:20.300 D/GpsLocationProvider( 1145): sv: 11 snr: 0.0 elev: 0.0 azimuth: 0.0   A
10-19 13:30:20.300 D/GpsLocationProvider( 1145): sv: 17 snr: 0.0 elev: 54.0 azimuth: 144.0   A
10-19 13:30:20.300 D/GpsLocationProvider( 1145): sv: 74 snr: 0.0 elev: 0.0 azimuth: 0.0    
10-19 13:30:20.300 D/GpsLocationProvider( 1145): sv: 70 snr: 0.0 elev: 0.0 azimuth: 0.0   A
10-19 13:30:20.300 D/GpsLocationProvider( 1145): sv: 82 snr: 0.0 elev: 21.0 azimuth: 122.0    
10-19 13:30:20.300 D/GpsLocationProvider( 1145): sv: 75 snr: 0.0 elev: 1.0 azimuth: 324.0   A
10-19 13:30:20.300 D/GpsLocationProvider( 1145): sv: 69 snr: 0.0 elev: 52.0 azimuth: 205.0   A
10-19 13:30:20.300 D/GpsLocationProvider( 1145): sv: 84 snr: 0.0 elev: 36.0 azimuth: 327.0    
10-19 13:30:20.300 D/GpsLocationProvider( 1145): sv: 83 snr: 0.0 elev: 68.0 azimuth: 63.0    
10-19 13:30:20.300 D/GpsLocationProvider( 1145): sv: 67 snr: 0.0 elev: 14.0 azimuth: 30.0   A
10-19 13:30:20.300 D/GpsLocationProvider( 1145): sv: 68 snr: 0.0 elev: 68.0 azimuth: 39.0    
10-19 13:30:20.300 D/GpsLocationProvider( 1145): sv: 202 snr: 0.0 elev: 24.0 azimuth: 240.0    
10-19 13:30:20.300 D/GpsLocationProvider( 1145): sv: 203 snr: 0.0 elev: 42.0 azimuth: 205.0   A
10-19 13:30:20.300 D/GpsLocationProvider( 1145): sv: 204 snr: 0.0 elev: 33.0 azimuth: 132.0   AU
10-19 13:30:20.300 D/GpsLocationProvider( 1145): sv: 205 snr: 0.0 elev: 8.0 azimuth: 257.0    
10-19 13:30:20.300 D/GpsLocationProvider( 1145): sv: 206 snr: 0.0 elev: 53.0 azimuth: 209.0    
10-19 13:30:20.300 D/GpsLocationProvider( 1145): sv: 208 snr: 0.0 elev: 79.0 azimuth: 97.0    
10-19 13:30:20.300 D/GpsLocationProvider( 1145): sv: 209 snr: 0.0 elev: 27.0 azimuth: 212.0   A
10-19 13:30:21.300 D/GpsLocationProvider( 1145): SV count: 24 ephemerisMask: 0 almanacMask: 10d36
10-19 13:30:21.300 D/GpsLocationProvider( 1145): sv: 2 snr: 1.89 elev: 37.0 azimuth: 296.0   AU
10-19 13:30:21.300 D/GpsLocationProvider( 1145): sv: 12 snr: 1.0600001 elev: 24.0 azimuth: 296.0   AU
10-19 13:30:21.300 D/GpsLocationProvider( 1145): sv: 3 snr: 0.0 elev: 5.0 azimuth: 47.0   A
10-19 13:30:21.300 D/GpsLocationProvider( 1145): sv: 5 snr: 0.0 elev: 16.0 azimuth: 230.0   A
10-19 13:30:21.300 D/GpsLocationProvider( 1145): sv: 6 snr: 0.0 elev: 64.0 azimuth: 345.0   A
10-19 13:30:21.300 D/GpsLocationProvider( 1145): sv: 9 snr: 0.0 elev: 41.0 azimuth: 105.0   A
10-19 13:30:21.300 D/GpsLocationProvider( 1145): sv: 11 snr: 0.0 elev: 0.0 azimuth: 0.0   A
10-19 13:30:21.300 D/GpsLocationProvider( 1145): sv: 17 snr: 0.0 elev: 54.0 azimuth: 144.0   A
10-19 13:30:21.300 D/GpsLocationProvider( 1145): sv: 74 snr: 0.0 elev: 0.0 azimuth: 0.0    
10-19 13:30:21.300 D/GpsLocationProvider( 1145): sv: 70 snr: 0.0 elev: 0.0 azimuth: 0.0   A
10-19 13:30:21.300 D/GpsLocationProvider( 1145): sv: 82 snr: 0.0 elev: 21.0 azimuth: 122.0    
10-19 13:30:21.300 D/GpsLocationProvider( 1145): sv: 75 snr: 0.0 elev: 1.0 azimuth: 324.0   A
10-19 13:30:21.300 D/GpsLocationProvider( 1145): sv: 69 snr: 0.0 elev: 52.0 azimuth: 205.0   A
10-19 13:30:21.300 D/GpsLocationProvider( 1145): sv: 84 snr: 0.0 elev: 36.0 azimuth: 327.0    
10-19 13:30:21.300 D/GpsLocationProvider( 1145): sv: 83 snr: 0.0 elev: 68.0 azimuth: 63.0    
10-19 13:30:21.300 D/GpsLocationProvider( 1145): sv: 67 snr: 0.0 elev: 14.0 azimuth: 30.0   A
10-19 13:30:21.300 D/GpsLocationProvider( 1145): sv: 68 snr: 0.0 elev: 68.0 azimuth: 39.0    
10-19 13:30:21.300 D/GpsLocationProvider( 1145): sv: 202 snr: 0.0 elev: 24.0 azimuth: 240.0    
10-19 13:30:21.300 D/GpsLocationProvider( 1145): sv: 203 snr: 0.0 elev: 42.0 azimuth: 205.0   A
10-19 13:30:21.300 D/GpsLocationProvider( 1145): sv: 204 snr: 0.0 elev: 33.0 azimuth: 132.0   AU
10-19 13:30:21.300 D/GpsLocationProvider( 1145): sv: 205 snr: 0.0 elev: 8.0 azimuth: 257.0    
10-19 13:30:21.300 D/GpsLocationProvider( 1145): sv: 206 snr: 0.0 elev: 53.0 azimuth: 209.0    
10-19 13:30:21.300 D/GpsLocationProvider( 1145): sv: 208 snr: 0.0 elev: 79.0 azimuth: 97.0    
10-19 13:30:21.300 D/GpsLocationProvider( 1145): sv: 209 snr: 0.0 elev: 27.0 azimuth: 212.0   A
10-19 13:30:22.300 D/GpsLocationProvider( 1145): SV count: 24 ephemerisMask: 0 almanacMask: 10d36
10-19 13:30:22.300 D/GpsLocationProvider( 1145): sv: 2 snr: 1.9 elev: 37.0 azimuth: 296.0   AU
10-19 13:30:22.300 D/GpsLocationProvider( 1145): sv: 12 snr: 1.0600001 elev: 24.0 azimuth: 296.0   AU
10-19 13:30:22.300 D/GpsLocationProvider( 1145): sv: 3 snr: 0.0 elev: 5.0 azimuth: 47.0   A
10-19 13:30:22.300 D/GpsLocationProvider( 1145): sv: 5 snr: 0.0 elev: 16.0 azimuth: 230.0   A
10-19 13:30:22.300 D/GpsLocationProvider( 1145): sv: 6 snr: 0.0 elev: 64.0 azimuth: 345.0   A
10-19 13:30:22.300 D/GpsLocationProvider( 1145): sv: 9 snr: 0.0 elev: 41.0 azimuth: 105.0   A
10-19 13:30:22.300 D/GpsLocationProvider( 1145): sv: 11 snr: 0.0 elev: 0.0 azimuth: 0.0   A
10-19 13:30:22.300 D/GpsLocationProvider( 1145): sv: 17 snr: 0.0 elev: 54.0 azimuth: 144.0   A
10-19 13:30:22.300 D/GpsLocationProvider( 1145): sv: 74 snr: 0.0 elev: 0.0 azimuth: 0.0    
10-19 13:30:22.300 D/GpsLocationProvider( 1145): sv: 70 snr: 0.0 elev: 0.0 azimuth: 0.0   A
10-19 13:30:22.300 D/GpsLocationProvider( 1145): sv: 82 snr: 0.0 elev: 21.0 azimuth: 122.0    
10-19 13:30:22.300 D/GpsLocationProvider( 1145): sv: 75 snr: 0.0 elev: 1.0 azimuth: 324.0   A
10-19 13:30:22.300 D/GpsLocationProvider( 1145): sv: 69 snr: 0.0 elev: 52.0 azimuth: 205.0   A
10-19 13:30:22.300 D/GpsLocationProvider( 1145): sv: 84 snr: 0.0 elev: 36.0 azimuth: 327.0    
10-19 13:30:22.300 D/GpsLocationProvider( 1145): sv: 83 snr: 0.0 elev: 68.0 azimuth: 63.0    
10-19 13:30:22.300 D/GpsLocationProvider( 1145): sv: 67 snr: 0.0 elev: 14.0 azimuth: 30.0   A
10-19 13:30:22.300 D/GpsLocationProvider( 1145): sv: 68 snr: 0.0 elev: 68.0 azimuth: 39.0    
10-19 13:30:22.300 D/GpsLocationProvider( 1145): sv: 202 snr: 0.0 elev: 24.0 azimuth: 240.0    
10-19 13:30:22.300 D/GpsLocationProvider( 1145): sv: 203 snr: 0.0 elev: 42.0 azimuth: 205.0   A
10-19 13:30:22.300 D/GpsLocationProvider( 1145): sv: 204 snr: 0.0 elev: 33.0 azimuth: 132.0   AU
10-19 13:30:22.300 D/GpsLocationProvider( 1145): sv: 205 snr: 0.0 elev: 8.0 azimuth: 257.0    
10-19 13:30:22.300 D/GpsLocationProvider( 1145): sv: 206 snr: 0.0 elev: 53.0 azimuth: 209.0    
10-19 13:30:22.300 D/GpsLocationProvider( 1145): sv: 208 snr: 0.0 elev: 79.0 azimuth: 97.0    
10-19 13:30:22.300 D/GpsLocationProvider( 1145): sv: 209 snr: 0.0 elev: 27.0 azimuth: 212.0   A
10-19 13:30:23.300 D/GpsLocationProvider( 1145): SV count: 24 ephemerisMask: 0 almanacMask: 10d36
10-19 13:30:23.300 D/GpsLocationProvider( 1145): sv: 2 snr: 1.72 elev: 37.0 azimuth: 296.0   AU
10-19 13:30:23.300 D/GpsLocationProvider( 1145): sv: 12 snr: 1.0600001 elev: 24.0 azimuth: 296.0   AU
10-19 13:30:23.300 D/GpsLocationProvider( 1145): sv: 3 snr: 0.0 elev: 5.0 azimuth: 47.0   A
10-19 13:30:23.300 D/GpsLocationProvider( 1145): sv: 5 snr: 0.0 elev: 16.0 azimuth: 230.0   A
10-19 13:30:23.300 D/GpsLocationProvider( 1145): sv: 6 snr: 0.0 elev: 64.0 azimuth: 345.0   A
10-19 13:30:23.300 D/GpsLocationProvider( 1145): sv: 9 snr: 0.0 elev: 41.0 azimuth: 105.0   A
10-19 13:30:23.300 D/GpsLocationProvider( 1145): sv: 11 snr: 0.0 elev: 0.0 azimuth: 0.0   A
10-19 13:30:23.300 D/GpsLocationProvider( 1145): sv: 17 snr: 0.0 elev: 54.0 azimuth: 144.0   A
10-19 13:30:23.300 D/GpsLocationProvider( 1145): sv: 74 snr: 0.0 elev: 0.0 azimuth: 0.0    
10-19 13:30:23.300 D/GpsLocationProvider( 1145): sv: 70 snr: 0.0 elev: 0.0 azimuth: 0.0   A
10-19 13:30:23.300 D/GpsLocationProvider( 1145): sv: 82 snr: 0.0 elev: 21.0 azimuth: 122.0    
10-19 13:30:23.300 D/GpsLocationProvider( 1145): sv: 75 snr: 0.0 elev: 1.0 azimuth: 324.0   A
10-19 13:30:23.300 D/GpsLocationProvider( 1145): sv: 69 snr: 0.0 elev: 52.0 azimuth: 205.0   A
10-19 13:30:23.300 D/GpsLocationProvider( 1145): sv: 84 snr: 0.0 elev: 36.0 azimuth: 327.0    
10-19 13:30:23.300 D/GpsLocationProvider( 1145): sv: 83 snr: 0.0 elev: 68.0 azimuth: 63.0    
10-19 13:30:23.300 D/GpsLocationProvider( 1145): sv: 67 snr: 0.0 elev: 14.0 azimuth: 30.0   A
10-19 13:30:23.300 D/GpsLocationProvider( 1145): sv: 68 snr: 0.0 elev: 68.0 azimuth: 39.0    
10-19 13:30:23.300 D/GpsLocationProvider( 1145): sv: 202 snr: 0.0 elev: 24.0 azimuth: 240.0    
10-19 13:30:23.300 D/GpsLocationProvider( 1145): sv: 203 snr: 0.0 elev: 42.0 azimuth: 205.0   A
10-19 13:30:23.300 D/GpsLocationProvider( 1145): sv: 204 snr: 0.0 elev: 33.0 azimuth: 132.0   AU
10-19 13:30:23.300 D/GpsLocationProvider( 1145): sv: 205 snr: 0.0 elev: 8.0 azimuth: 257.0    
10-19 13:30:23.300 D/GpsLocationProvider( 1145): sv: 206 snr: 0.0 elev: 53.0 azimuth: 209.0    
10-19 13:30:23.300 D/GpsLocationProvider( 1145): sv: 208 snr: 0.0 elev: 79.0 azimuth: 97.0    
10-19 13:30:23.300 D/GpsLocationProvider( 1145): sv: 209 snr: 0.0 elev: 27.0 azimuth: 212.0   A
10-19 13:30:23.600 D/[SystemUI]1( 3333): onSignalStrengthsChanged signalStrength=SignalStrength: 99 0 -120 -160 -120 -1 -1 31 -67 -11 236 2147483647 2147483647 2147483647 2147483647 gsm|lte 14 0 level=4
10-19 13:30:23.600 D/[SystemUI]NetworkController( 3333): updateTelephonySignalStrength: hasService=true ss=SignalStrength: 99 0 -120 -160 -120 -1 -1 31 -67 -11 236 2147483647 2147483647 2147483647 2147483647 gsm|lte 14 0
10-19 13:30:23.600 D/LGSubScriptionUtilsWrapper_MR1( 4151): getSubIdUsingSlotId() slotId:0 -> subId:1
10-19 13:30:23.600 D/PhoneInterfaceManager( 4151): [PhoneIntfMgr] mSigLevel = 4
10-19 13:30:23.600 I/[SystemUI]NetworkController( 3333): onReceive: intent=Intent { act=android.intent.action.SIG_STR flg=0x20000010 (has extras) }
10-19 13:30:24.200 D/sensors_hal_Time( 1145): time_service_sensor1_cb: msg_type 2
10-19 13:30:24.200 D/sensors_hal_Time( 1145): time_service_sensor1_cb: Sn 24, msg Id 3, txn Id 0
10-19 13:30:24.200 D/sensors_hal_Time( 1145): tsOffsetIs: Apps: 426239492189223; DSPS: 1082257942; Offset : 393211600893488
10-19 13:30:24.300 D/GpsLocationProvider( 1145): SV count: 24 ephemerisMask: 0 almanacMask: 10d36
10-19 13:30:24.300 D/GpsLocationProvider( 1145): sv: 2 snr: 1.72 elev: 37.0 azimuth: 296.0   AU
10-19 13:30:24.300 D/GpsLocationProvider( 1145): sv: 12 snr: 1.0600001 elev: 24.0 azimuth: 296.0   AU
10-19 13:30:24.300 D/GpsLocationProvider( 1145): sv: 3 snr: 0.0 elev: 5.0 azimuth: 47.0   A
10-19 13:30:24.300 D/GpsLocationProvider( 1145): sv: 5 snr: 0.0 elev: 16.0 azimuth: 230.0   A
10-19 13:30:24.300 D/GpsLocationProvider( 1145): sv: 6 snr: 0.0 elev: 64.0 azimuth: 345.0   A
10-19 13:30:24.300 D/GpsLocationProvider( 1145): sv: 9 snr: 0.0 elev: 41.0 azimuth: 105.0   A
10-19 13:30:24.300 D/GpsLocationProvider( 1145): sv: 11 snr: 0.0 elev: 0.0 azimuth: 0.0   A
10-19 13:30:24.300 D/GpsLocationProvider( 1145): sv: 17 snr: 0.0 elev: 54.0 azimuth: 144.0   A
10-19 13:30:24.300 D/GpsLocationProvider( 1145): sv: 74 snr: 0.0 elev: 0.0 azimuth: 0.0    
10-19 13:30:24.300 D/GpsLocationProvider( 1145): sv: 70 snr: 0.0 elev: 0.0 azimuth: 0.0   A
10-19 13:30:24.300 D/GpsLocationProvider( 1145): sv: 82 snr: 0.0 elev: 21.0 azimuth: 122.0    
10-19 13:30:24.300 D/GpsLocationProvider( 1145): sv: 75 snr: 0.0 elev: 1.0 azimuth: 324.0   A
10-19 13:30:24.300 D/GpsLocationProvider( 1145): sv: 69 snr: 0.0 elev: 52.0 azimuth: 205.0   A
10-19 13:30:24.300 D/GpsLocationProvider( 1145): sv: 84 snr: 0.0 elev: 36.0 azimuth: 327.0    
10-19 13:30:24.300 D/GpsLocationProvider( 1145): sv: 83 snr: 0.0 elev: 68.0 azimuth: 63.0    
10-19 13:30:24.300 D/GpsLocationProvider( 1145): sv: 67 snr: 0.0 elev: 14.0 azimuth: 30.0   A
10-19 13:30:24.300 D/GpsLocationProvider( 1145): sv: 68 snr: 0.0 elev: 68.0 azimuth: 39.0    
10-19 13:30:24.300 D/GpsLocationProvider( 1145): sv: 202 snr: 0.0 elev: 24.0 azimuth: 240.0    
10-19 13:30:24.300 D/GpsLocationProvider( 1145): sv: 203 snr: 0.0 elev: 42.0 azimuth: 205.0   A
10-19 13:30:24.300 D/GpsLocationProvider( 1145): sv: 204 snr: 0.0 elev: 33.0 azimuth: 132.0   AU
10-19 13:30:24.300 D/GpsLocationProvider( 1145): sv: 205 snr: 0.0 elev: 8.0 azimuth: 257.0    
10-19 13:30:24.300 D/GpsLocationProvider( 1145): sv: 206 snr: 0.0 elev: 53.0 azimuth: 209.0    
10-19 13:30:24.300 D/GpsLocationProvider( 1145): sv: 208 snr: 0.0 elev: 79.0 azimuth: 97.0    
10-19 13:30:24.300 D/GpsLocationProvider( 1145): sv: 209 snr: 0.0 elev: 27.0 azimuth: 212.0   A
10-19 13:30:25.300 D/GpsLocationProvider( 1145): SV count: 24 ephemerisMask: 0 almanacMask: 10d36
10-19 13:30:25.300 D/GpsLocationProvider( 1145): sv: 2 snr: 1.8700001 elev: 37.0 azimuth: 296.0   AU
10-19 13:30:25.300 D/GpsLocationProvider( 1145): sv: 12 snr: 1.0600001 elev: 24.0 azimuth: 296.0   AU
10-19 13:30:25.300 D/GpsLocationProvider( 1145): sv: 3 snr: 0.0 elev: 5.0 azimuth: 47.0   A
10-19 13:30:25.300 D/GpsLocationProvider( 1145): sv: 5 snr: 0.0 elev: 16.0 azimuth: 230.0   A
10-19 13:30:25.300 D/GpsLocationProvider( 1145): sv: 6 snr: 0.0 elev: 64.0 azimuth: 345.0   A
10-19 13:30:25.300 D/GpsLocationProvider( 1145): sv: 9 snr: 0.0 elev: 41.0 azimuth: 105.0   A
10-19 13:30:25.300 D/GpsLocationProvider( 1145): sv: 11 snr: 0.0 elev: 0.0 azimuth: 0.0   A
10-19 13:30:25.300 D/GpsLocationProvider( 1145): sv: 17 snr: 0.0 elev: 54.0 azimuth: 144.0   A
10-19 13:30:25.300 D/GpsLocationProvider( 1145): sv: 74 snr: 0.0 elev: 0.0 azimuth: 0.0    
10-19 13:30:25.300 D/GpsLocationProvider( 1145): sv: 70 snr: 0.0 elev: 0.0 azimuth: 0.0   A
10-19 13:30:25.300 D/GpsLocationProvider( 1145): sv: 82 snr: 0.0 elev: 21.0 azimuth: 122.0    
10-19 13:30:25.300 D/GpsLocationProvider( 1145): sv: 75 snr: 0.0 elev: 1.0 azimuth: 324.0   A
10-19 13:30:25.300 D/GpsLocationProvider( 1145): sv: 69 snr: 0.0 elev: 52.0 azimuth: 205.0   A
10-19 13:30:25.300 D/GpsLocationProvider( 1145): sv: 84 snr: 0.0 elev: 36.0 azimuth: 327.0    
10-19 13:30:25.300 D/GpsLocationProvider( 1145): sv: 83 snr: 0.0 elev: 68.0 azimuth: 63.0    
10-19 13:30:25.300 D/GpsLocationProvider( 1145): sv: 67 snr: 0.0 elev: 14.0 azimuth: 30.0   A
10-19 13:30:25.300 D/GpsLocationProvider( 1145): sv: 68 snr: 0.0 elev: 68.0 azimuth: 39.0    
10-19 13:30:25.300 D/GpsLocationProvider( 1145): sv: 202 snr: 0.0 elev: 24.0 azimuth: 240.0    
10-19 13:30:25.300 D/GpsLocationProvider( 1145): sv: 203 snr: 0.0 elev: 42.0 azimuth: 205.0   A
10-19 13:30:25.300 D/GpsLocationProvider( 1145): sv: 204 snr: 0.0 elev: 33.0 azimuth: 132.0   AU
10-19 13:30:25.300 D/GpsLocationProvider( 1145): sv: 205 snr: 0.0 elev: 8.0 azimuth: 257.0    
10-19 13:30:25.300 D/GpsLocationProvider( 1145): sv: 206 snr: 0.0 elev: 53.0 azimuth: 209.0    
10-19 13:30:25.300 D/GpsLocationProvider( 1145): sv: 208 snr: 0.0 elev: 79.0 azimuth: 97.0    
10-19 13:30:25.300 D/GpsLocationProvider( 1145): sv: 209 snr: 0.0 elev: 27.0 azimuth: 212.0   A
10-19 13:30:26.300 D/GpsLocationProvider( 1145): SV count: 24 ephemerisMask: 0 almanacMask: 10d36
10-19 13:30:26.300 D/GpsLocationProvider( 1145): sv: 2 snr: 2.08 elev: 37.0 azimuth: 296.0   AU
10-19 13:30:26.300 D/GpsLocationProvider( 1145): sv: 12 snr: 1.0600001 elev: 24.0 azimuth: 296.0   AU
10-19 13:30:26.300 D/GpsLocationProvider( 1145): sv: 3 snr: 0.0 elev: 5.0 azimuth: 47.0   A
10-19 13:30:26.300 D/GpsLocationProvider( 1145): sv: 5 snr: 0.0 elev: 16.0 azimuth: 230.0   A
10-19 13:30:26.300 D/GpsLocationProvider( 1145): sv: 6 snr: 0.0 elev: 64.0 azimuth: 345.0   A
10-19 13:30:26.300 D/GpsLocationProvider( 1145): sv: 9 snr: 0.0 elev: 41.0 azimuth: 105.0   A
10-19 13:30:26.300 D/GpsLocationProvider( 1145): sv: 11 snr: 0.0 elev: 0.0 azimuth: 0.0   A
10-19 13:30:26.300 D/GpsLocationProvider( 1145): sv: 17 snr: 0.0 elev: 54.0 azimuth: 144.0   A
10-19 13:30:26.300 D/GpsLocationProvider( 1145): sv: 74 snr: 0.0 elev: 0.0 azimuth: 0.0    
10-19 13:30:26.300 D/GpsLocationProvider( 1145): sv: 70 snr: 0.0 elev: 0.0 azimuth: 0.0   A
10-19 13:30:26.300 D/GpsLocationProvider( 1145): sv: 82 snr: 0.0 elev: 21.0 azimuth: 122.0    
10-19 13:30:26.300 D/GpsLocationProvider( 1145): sv: 75 snr: 0.0 elev: 1.0 azimuth: 324.0   A
10-19 13:30:26.300 D/GpsLocationProvider( 1145): sv: 69 snr: 0.0 elev: 52.0 azimuth: 205.0   A
10-19 13:30:26.300 D/GpsLocationProvider( 1145): sv: 84 snr: 0.0 elev: 36.0 azimuth: 327.0    
10-19 13:30:26.300 D/GpsLocationProvider( 1145): sv: 83 snr: 0.0 elev: 68.0 azimuth: 63.0    
10-19 13:30:26.300 D/GpsLocationProvider( 1145): sv: 67 snr: 0.0 elev: 14.0 azimuth: 30.0   A
10-19 13:30:26.300 D/GpsLocationProvider( 1145): sv: 68 snr: 0.0 elev: 68.0 azimuth: 39.0    
10-19 13:30:26.300 D/GpsLocationProvider( 1145): sv: 202 snr: 0.0 elev: 24.0 azimuth: 240.0    
10-19 13:30:26.300 D/GpsLocationProvider( 1145): sv: 203 snr: 0.0 elev: 42.0 azimuth: 205.0   A
10-19 13:30:26.300 D/GpsLocationProvider( 1145): sv: 204 snr: 0.0 elev: 33.0 azimuth: 132.0   AU
10-19 13:30:26.300 D/GpsLocationProvider( 1145): sv: 205 snr: 0.0 elev: 8.0 azimuth: 257.0    
10-19 13:30:26.300 D/GpsLocationProvider( 1145): sv: 206 snr: 0.0 elev: 53.0 azimuth: 209.0    
10-19 13:30:26.300 D/GpsLocationProvider( 1145): sv: 208 snr: 0.0 elev: 79.0 azimuth: 97.0    
10-19 13:30:26.300 D/GpsLocationProvider( 1145): sv: 209 snr: 0.0 elev: 27.0 azimuth: 212.0   A
10-19 13:30:26.790 D/KeyguardUpdateMonitor( 3333): Intent.ACTION_BATTERYEX_CHANGED EXTRA_CHARGING_CURRENT : 0 / EXTRA_HVDCP_TYPE : false
10-19 13:30:26.790 I/[SystemUI]LGPowerUI( 3333): onReceive = com.lge.android.intent.action.BATTERYEX
10-19 13:30:26.790 I/[SystemUI]LGPowerUI( 3333): levelEx = 99, plugTypeEx = 2, WirelessAlignment = 0, chargingCurrent = 0, orientation = PORTRAIT
10-19 13:30:26.790 I/[SystemUI]LGPowerUI( 3333): On Skip Timer : true
10-19 13:30:26.790 D/PowerService( 3898): isACConnected: false, isFastChargerType: false, isCharging: true, isFastChargerConnected: false
10-19 13:30:26.800 D/ClientService( 3669): Battery State Change,  status: 2
10-19 13:30:26.800 D/ClientService( 3669): Battery State Change,  Plugged: 2
10-19 13:30:26.800 D/ClientService( 3669): Battery State Change,  level: 99
10-19 13:30:26.800 D/ClientService( 3669): Battery State Change,  scale: 100
10-19 13:30:26.800 D/IPL     ( 3669): Battery level = 99
10-19 13:30:26.800 I/IPL     ( 3669): iplNeedSendGetLocationRequest, batteryLevel = 99
10-19 13:30:26.810 W/LTECommonReceiver( 6243): VoIPCallReceiver.onReceived() :android.intent.action.BATTERY_CHANGED
10-19 13:30:26.810 D/LTECommonReceiver( 6243): mReceiver: ACTION_BATTERY_CHANGED - level = 99, plugType = 2
10-19 13:30:26.810 D/KeyguardUpdateMonitor( 3333): Intent.ACTION_BATTERY_CHANGED status : 2 ,plugged : 2 ,level : 99 ,temperature : 309
10-19 13:30:26.810 I/[SystemUI]LGPowerUI( 3333): onReceive = android.intent.action.BATTERY_CHANGED
10-19 13:30:26.810 I/[SystemUI]LGPowerUI( 3333): level = 99, plugType = 2, plugged = true, mCharging = true, temperature = 318
10-19 13:30:26.810 D/[SystemUI]LGBatteryMeterView( 3333): updateBatteryIcon: typeChanged=false, type=CHARGE, level=99
10-19 13:30:26.810 D/[SystemUI]LGBatteryMeterView( 3333): updateBatteryIcon: typeChanged=false, type=CHARGE, level=99
10-19 13:30:26.810 D/[SystemUI]LGBatteryMeterView( 3333): updateBatteryIcon: typeChanged=false, type=CHARGE, level=99
10-19 13:30:26.810 I/[SystemUI]BatterySaverHandler( 3333): onReceive = android.intent.action.BATTERY_CHANGED
10-19 13:30:26.810 D/WifiController( 1145): battery changed pluggedType: 2
10-19 13:30:26.810 D/LEDHandler( 3898): ACTION_BATTERY_CHANGED : plugged type=2
10-19 13:30:26.810 D/LEDHandler( 3898): Battery Level Remaining: 99%
10-19 13:30:26.810 D/LEDHandler( 3898): Battery Temp: 309, mChargingStatus=2, mChargingStop=false
10-19 13:30:27.300 D/GpsLocationProvider( 1145): SV count: 24 ephemerisMask: 0 almanacMask: 10d36
10-19 13:30:27.300 D/GpsLocationProvider( 1145): sv: 2 snr: 1.9100001 elev: 37.0 azimuth: 296.0   AU
10-19 13:30:27.300 D/GpsLocationProvider( 1145): sv: 12 snr: 1.0600001 elev: 24.0 azimuth: 296.0   AU
10-19 13:30:27.300 D/GpsLocationProvider( 1145): sv: 3 snr: 0.0 elev: 5.0 azimuth: 47.0   A
10-19 13:30:27.300 D/GpsLocationProvider( 1145): sv: 5 snr: 0.0 elev: 16.0 azimuth: 230.0   A
10-19 13:30:27.300 D/GpsLocationProvider( 1145): sv: 6 snr: 0.0 elev: 64.0 azimuth: 345.0   A
10-19 13:30:27.300 D/GpsLocationProvider( 1145): sv: 9 snr: 0.0 elev: 41.0 azimuth: 105.0   A
10-19 13:30:27.300 D/GpsLocationProvider( 1145): sv: 11 snr: 0.0 elev: 0.0 azimuth: 0.0   A
10-19 13:30:27.300 D/GpsLocationProvider( 1145): sv: 17 snr: 0.0 elev: 54.0 azimuth: 144.0   A
10-19 13:30:27.300 D/GpsLocationProvider( 1145): sv: 74 snr: 0.0 elev: 0.0 azimuth: 0.0    
10-19 13:30:27.300 D/GpsLocationProvider( 1145): sv: 70 snr: 0.0 elev: 0.0 azimuth: 0.0   A
10-19 13:30:27.300 D/GpsLocationProvider( 1145): sv: 82 snr: 0.0 elev: 21.0 azimuth: 122.0    
10-19 13:30:27.300 D/GpsLocationProvider( 1145): sv: 75 snr: 0.0 elev: 1.0 azimuth: 324.0   A
10-19 13:30:27.300 D/GpsLocationProvider( 1145): sv: 69 snr: 0.0 elev: 52.0 azimuth: 205.0   A
10-19 13:30:27.300 D/GpsLocationProvider( 1145): sv: 84 snr: 0.0 elev: 36.0 azimuth: 327.0    
10-19 13:30:27.300 D/GpsLocationProvider( 1145): sv: 83 snr: 0.0 elev: 68.0 azimuth: 63.0    
10-19 13:30:27.300 D/GpsLocationProvider( 1145): sv: 67 snr: 0.0 elev: 14.0 azimuth: 30.0   A
10-19 13:30:27.300 D/GpsLocationProvider( 1145): sv: 68 snr: 0.0 elev: 68.0 azimuth: 39.0    
10-19 13:30:27.300 D/GpsLocationProvider( 1145): sv: 202 snr: 0.0 elev: 24.0 azimuth: 240.0    
10-19 13:30:27.300 D/GpsLocationProvider( 1145): sv: 203 snr: 0.0 elev: 42.0 azimuth: 205.0   A
10-19 13:30:27.300 D/GpsLocationProvider( 1145): sv: 204 snr: 0.0 elev: 33.0 azimuth: 132.0   AU
10-19 13:30:27.300 D/GpsLocationProvider( 1145): sv: 205 snr: 0.0 elev: 8.0 azimuth: 257.0    
10-19 13:30:27.300 D/GpsLocationProvider( 1145): sv: 206 snr: 0.0 elev: 53.0 azimuth: 209.0    
10-19 13:30:27.300 D/GpsLocationProvider( 1145): sv: 208 snr: 0.0 elev: 79.0 azimuth: 97.0    
10-19 13:30:27.300 D/GpsLocationProvider( 1145): sv: 209 snr: 0.0 elev: 27.0 azimuth: 212.0   A
10-19 13:30:28.070 D/[SystemUI]1( 3333): onSignalStrengthsChanged signalStrength=SignalStrength: 99 0 -120 -160 -120 -1 -1 31 -68 -16 260 2147483647 2147483647 2147483647 2147483647 gsm|lte 14 0 level=4
10-19 13:30:28.070 D/[SystemUI]NetworkController( 3333): updateTelephonySignalStrength: hasService=true ss=SignalStrength: 99 0 -120 -160 -120 -1 -1 31 -68 -16 260 2147483647 2147483647 2147483647 2147483647 gsm|lte 14 0
10-19 13:30:28.070 D/PhoneInterfaceManager( 4151): [PhoneIntfMgr] mSigLevel = 4
10-19 13:30:28.080 I/[SystemUI]NetworkController( 3333): onReceive: intent=Intent { act=android.intent.action.SIG_STR flg=0x20000010 (has extras) }
10-19 13:30:28.080 D/LGSubScriptionUtilsWrapper_MR1( 4151): getSubIdUsingSlotId() slotId:0 -> subId:1
10-19 13:30:28.300 D/GpsLocationProvider( 1145): SV count: 24 ephemerisMask: 0 almanacMask: 10d36
10-19 13:30:28.300 D/GpsLocationProvider( 1145): sv: 2 snr: 1.79 elev: 37.0 azimuth: 296.0   AU
10-19 13:30:28.300 D/GpsLocationProvider( 1145): sv: 12 snr: 1.0600001 elev: 24.0 azimuth: 296.0   AU
10-19 13:30:28.300 D/GpsLocationProvider( 1145): sv: 3 snr: 0.0 elev: 5.0 azimuth: 47.0   A
10-19 13:30:28.300 D/GpsLocationProvider( 1145): sv: 5 snr: 0.0 elev: 16.0 azimuth: 230.0   A
10-19 13:30:28.300 D/GpsLocationProvider( 1145): sv: 6 snr: 0.0 elev: 64.0 azimuth: 345.0   A
10-19 13:30:28.300 D/GpsLocationProvider( 1145): sv: 9 snr: 0.0 elev: 41.0 azimuth: 105.0   A
10-19 13:30:28.300 D/GpsLocationProvider( 1145): sv: 11 snr: 0.0 elev: 0.0 azimuth: 0.0   A
10-19 13:30:28.300 D/GpsLocationProvider( 1145): sv: 17 snr: 0.0 elev: 54.0 azimuth: 144.0   A
10-19 13:30:28.300 D/GpsLocationProvider( 1145): sv: 74 snr: 0.0 elev: 0.0 azimuth: 0.0    
10-19 13:30:28.300 D/GpsLocationProvider( 1145): sv: 70 snr: 0.0 elev: 0.0 azimuth: 0.0   A
10-19 13:30:28.300 D/GpsLocationProvider( 1145): sv: 82 snr: 0.0 elev: 21.0 azimuth: 122.0    
10-19 13:30:28.300 D/GpsLocationProvider( 1145): sv: 75 snr: 0.0 elev: 1.0 azimuth: 324.0   A
10-19 13:30:28.300 D/GpsLocationProvider( 1145): sv: 69 snr: 0.0 elev: 52.0 azimuth: 205.0   A
10-19 13:30:28.300 D/GpsLocationProvider( 1145): sv: 84 snr: 0.0 elev: 36.0 azimuth: 327.0    
10-19 13:30:28.300 D/GpsLocationProvider( 1145): sv: 83 snr: 0.0 elev: 68.0 azimuth: 63.0    
10-19 13:30:28.300 D/GpsLocationProvider( 1145): sv: 67 snr: 0.0 elev: 14.0 azimuth: 30.0   A
10-19 13:30:28.300 D/GpsLocationProvider( 1145): sv: 68 snr: 0.0 elev: 68.0 azimuth: 39.0    
10-19 13:30:28.300 D/GpsLocationProvider( 1145): sv: 202 snr: 0.0 elev: 24.0 azimuth: 240.0    
10-19 13:30:28.300 D/GpsLocationProvider( 1145): sv: 203 snr: 0.0 elev: 42.0 azimuth: 205.0   A
10-19 13:30:28.300 D/GpsLocationProvider( 1145): sv: 204 snr: 0.0 elev: 33.0 azimuth: 132.0   AU
10-19 13:30:28.300 D/GpsLocationProvider( 1145): sv: 205 snr: 0.0 elev: 8.0 azimuth: 257.0    
10-19 13:30:28.300 D/GpsLocationProvider( 1145): sv: 206 snr: 0.0 elev: 53.0 azimuth: 209.0    
10-19 13:30:28.300 D/GpsLocationProvider( 1145): sv: 208 snr: 0.0 elev: 79.0 azimuth: 97.0    
10-19 13:30:28.300 D/GpsLocationProvider( 1145): sv: 209 snr: 0.0 elev: 27.0 azimuth: 212.0   A
10-19 13:30:29.300 D/GpsLocationProvider( 1145): SV count: 24 ephemerisMask: 0 almanacMask: 10d36
10-19 13:30:29.300 D/GpsLocationProvider( 1145): sv: 2 snr: 2.0 elev: 37.0 azimuth: 296.0   AU
10-19 13:30:29.300 D/GpsLocationProvider( 1145): sv: 12 snr: 1.0600001 elev: 24.0 azimuth: 296.0   AU
10-19 13:30:29.300 D/GpsLocationProvider( 1145): sv: 3 snr: 0.0 elev: 5.0 azimuth: 47.0   A
10-19 13:30:29.300 D/GpsLocationProvider( 1145): sv: 5 snr: 0.0 elev: 16.0 azimuth: 230.0   A
10-19 13:30:29.300 D/GpsLocationProvider( 1145): sv: 6 snr: 0.0 elev: 64.0 azimuth: 345.0   A
10-19 13:30:29.300 D/GpsLocationProvider( 1145): sv: 9 snr: 0.0 elev: 41.0 azimuth: 105.0   A
10-19 13:30:29.300 D/GpsLocationProvider( 1145): sv: 11 snr: 0.0 elev: 0.0 azimuth: 0.0   A
10-19 13:30:29.300 D/GpsLocationProvider( 1145): sv: 17 snr: 0.0 elev: 54.0 azimuth: 144.0   A
10-19 13:30:29.300 D/GpsLocationProvider( 1145): sv: 74 snr: 0.0 elev: 0.0 azimuth: 0.0    
10-19 13:30:29.300 D/GpsLocationProvider( 1145): sv: 70 snr: 0.0 elev: 0.0 azimuth: 0.0   A
10-19 13:30:29.300 D/GpsLocationProvider( 1145): sv: 82 snr: 0.0 elev: 21.0 azimuth: 122.0    
10-19 13:30:29.300 D/GpsLocationProvider( 1145): sv: 75 snr: 0.0 elev: 1.0 azimuth: 324.0   A
10-19 13:30:29.300 D/GpsLocationProvider( 1145): sv: 69 snr: 0.0 elev: 52.0 azimuth: 205.0   A
10-19 13:30:29.300 D/GpsLocationProvider( 1145): sv: 84 snr: 0.0 elev: 36.0 azimuth: 327.0    
10-19 13:30:29.300 D/GpsLocationProvider( 1145): sv: 83 snr: 0.0 elev: 68.0 azimuth: 63.0    
10-19 13:30:29.300 D/GpsLocationProvider( 1145): sv: 67 snr: 0.0 elev: 14.0 azimuth: 30.0   A
10-19 13:30:29.300 D/GpsLocationProvider( 1145): sv: 68 snr: 0.0 elev: 68.0 azimuth: 39.0    
10-19 13:30:29.300 D/GpsLocationProvider( 1145): sv: 202 snr: 0.0 elev: 24.0 azimuth: 240.0    
10-19 13:30:29.300 D/GpsLocationProvider( 1145): sv: 203 snr: 0.0 elev: 42.0 azimuth: 205.0   A
10-19 13:30:29.300 D/GpsLocationProvider( 1145): sv: 204 snr: 0.0 elev: 33.0 azimuth: 132.0   AU
10-19 13:30:29.300 D/GpsLocationProvider( 1145): sv: 205 snr: 0.0 elev: 8.0 azimuth: 257.0    
10-19 13:30:29.300 D/GpsLocationProvider( 1145): sv: 206 snr: 0.0 elev: 53.0 azimuth: 209.0    
10-19 13:30:29.300 D/GpsLocationProvider( 1145): sv: 208 snr: 0.0 elev: 79.0 azimuth: 97.0    
10-19 13:30:29.300 D/GpsLocationProvider( 1145): sv: 209 snr: 0.0 elev: 27.0 azimuth: 212.0   A
